[31m[1mWARNING: This is a development server. Do not use it in a production deployment. Use a production WSGI server instead.[0m
 * Running on http://localhost:5000
[33mPress CTRL+C to quit[0m
 * Restarting with watchdog (windowsapi)
 * Debugger is active!
 * Debugger PIN: 973-937-000
127.0.0.1 - - [20/Nov/2023 20:56:06] "GET /listaSensori HTTP/1.1" 200 -
127.0.0.1 - - [20/Nov/2023 20:56:07] "GET /static/vendors/css/vendor.bundle.base.css HTTP/1.1" 200 -
127.0.0.1 - - [20/Nov/2023 20:56:07] "GET /static/vendors/typicons.font/font/typicons.css HTTP/1.1" 200 -
127.0.0.1 - - [20/Nov/2023 20:56:07] "GET /static/css/vertical-layout-light/style.css HTTP/1.1" 200 -
127.0.0.1 - - [20/Nov/2023 20:56:07] "GET /static/vendors/js/vendor.bundle.base.js HTTP/1.1" 200 -
127.0.0.1 - - [20/Nov/2023 20:56:07] "[33mGET /static/fonts/Roboto/Roboto-Bold.woff2 HTTP/1.1[0m" 404 -
127.0.0.1 - - [20/Nov/2023 20:56:07] "GET /static/vendors/typicons.font/font/typicons.woff HTTP/1.1" 200 -
127.0.0.1 - - [20/Nov/2023 20:56:07] "[33mGET /static/fonts/Roboto/Roboto-Light.woff2 HTTP/1.1[0m" 404 -
127.0.0.1 - - [20/Nov/2023 20:56:07] "[33mGET /static/fonts/Roboto/Roboto-Regular.woff2 HTTP/1.1[0m" 404 -
127.0.0.1 - - [20/Nov/2023 20:56:07] "[33mGET /static/fonts/Roboto/Roboto-Bold.woff HTTP/1.1[0m" 404 -
127.0.0.1 - - [20/Nov/2023 20:56:07] "[33mGET /static/fonts/Roboto/Roboto-Light.woff HTTP/1.1[0m" 404 -
127.0.0.1 - - [20/Nov/2023 20:56:07] "[33mGET /static/fonts/Roboto/Roboto-Regular.woff HTTP/1.1[0m" 404 -
127.0.0.1 - - [20/Nov/2023 20:56:07] "[33mGET /static/fonts/Roboto/Roboto-Bold.ttf HTTP/1.1[0m" 404 -
127.0.0.1 - - [20/Nov/2023 20:56:07] "[33mGET /static/fonts/Roboto/Roboto-Light.ttf HTTP/1.1[0m" 404 -
127.0.0.1 - - [20/Nov/2023 20:56:07] "[33mGET /static/fonts/Roboto/Roboto-Regular.ttf HTTP/1.1[0m" 404 -
127.0.0.1 - - [20/Nov/2023 20:56:07] "GET /static/images/enia.png HTTP/1.1" 200 -
127.0.0.1 - - [20/Nov/2023 20:56:07] "GET /static/js/off-canvas.js HTTP/1.1" 200 -
127.0.0.1 - - [20/Nov/2023 20:56:08] "GET /static/js/hoverable-collapse.js HTTP/1.1" 200 -
127.0.0.1 - - [20/Nov/2023 20:56:08] "GET /static/js/template.js HTTP/1.1" 200 -
127.0.0.1 - - [20/Nov/2023 20:56:08] "GET /static/js/settings.js HTTP/1.1" 200 -
127.0.0.1 - - [20/Nov/2023 20:56:08] "GET /static/js/todolist.js HTTP/1.1" 200 -
127.0.0.1 - - [20/Nov/2023 20:56:08] "GET /static/vendors/progressbar.js/progressbar.min.js HTTP/1.1" 200 -
127.0.0.1 - - [20/Nov/2023 20:56:08] "GET /static/vendors/chart.js/Chart.min.js HTTP/1.1" 200 -
[31m[1mWARNING: This is a development server. Do not use it in a production deployment. Use a production WSGI server instead.[0m
 * Running on http://localhost:5000
[33mPress CTRL+C to quit[0m
 * Restarting with watchdog (windowsapi)
 * Debugger is active!
 * Debugger PIN: 973-937-000
127.0.0.1 - - [21/Nov/2023 11:32:33] "[35m[1mGET / HTTP/1.1[0m" 500 -
127.0.0.1 - - [21/Nov/2023 11:32:38] "[35m[1mGET / HTTP/1.1[0m" 500 -
127.0.0.1 - - [21/Nov/2023 11:32:39] "GET /?__debugger__=yes&cmd=resource&f=style.css HTTP/1.1" 200 -
127.0.0.1 - - [21/Nov/2023 11:32:39] "GET /?__debugger__=yes&cmd=resource&f=debugger.js HTTP/1.1" 200 -
127.0.0.1 - - [21/Nov/2023 11:32:39] "GET /?__debugger__=yes&cmd=resource&f=console.png HTTP/1.1" 200 -
127.0.0.1 - - [21/Nov/2023 11:32:39] "[36mGET /?__debugger__=yes&cmd=resource&f=console.png HTTP/1.1[0m" 304 -
 * Detected change in 'c:\\Users\\Gerardo\\Tirocinio\\Tirocinio\\src\\main_route.py', reloading
 * Detected change in 'c:\\Users\\Gerardo\\Tirocinio\\Tirocinio\\src\\main_route.py', reloading
 * Detected change in 'c:\\Users\\Gerardo\\Tirocinio\\Tirocinio\\src\\main_route.py', reloading
 * Detected change in 'c:\\Users\\Gerardo\\Tirocinio\\Tirocinio\\src\\main_route.py', reloading
 * Restarting with watchdog (windowsapi)
 * Debugger is active!
 * Debugger PIN: 973-937-000
 * Detected change in 'c:\\Users\\Gerardo\\Tirocinio\\Tirocinio\\src\\main_route.py', reloading
 * Detected change in 'c:\\Users\\Gerardo\\Tirocinio\\Tirocinio\\src\\main_route.py', reloading
 * Detected change in 'c:\\Users\\Gerardo\\Tirocinio\\Tirocinio\\src\\main_route.py', reloading
 * Restarting with watchdog (windowsapi)
 * Debugger is active!
 * Debugger PIN: 973-937-000
 * Detected change in 'c:\\Users\\Gerardo\\Tirocinio\\Tirocinio\\src\\main_route.py', reloading
 * Detected change in 'c:\\Users\\Gerardo\\Tirocinio\\Tirocinio\\src\\main_route.py', reloading
 * Detected change in 'c:\\Users\\Gerardo\\Tirocinio\\Tirocinio\\src\\main_route.py', reloading
 * Restarting with watchdog (windowsapi)
 * Debugger is active!
 * Debugger PIN: 973-937-000
127.0.0.1 - - [21/Nov/2023 11:37:48] "GET / HTTP/1.1" 200 -
127.0.0.1 - - [21/Nov/2023 11:37:48] "[33mGET /static/css/home.css HTTP/1.1[0m" 404 -
127.0.0.1 - - [21/Nov/2023 11:37:50] "[33mGET /static/images/top.ico HTTP/1.1[0m" 404 -
127.0.0.1 - - [21/Nov/2023 11:38:42] "GET / HTTP/1.1" 200 -
127.0.0.1 - - [21/Nov/2023 11:38:42] "[33mGET /static/css/home.css HTTP/1.1[0m" 404 -
[31m[1mWARNING: This is a development server. Do not use it in a production deployment. Use a production WSGI server instead.[0m
 * Running on http://localhost:5000
[33mPress CTRL+C to quit[0m
 * Restarting with watchdog (windowsapi)
 * Debugger is active!
 * Debugger PIN: 973-937-000
127.0.0.1 - - [21/Nov/2023 11:39:06] "GET / HTTP/1.1" 200 -
127.0.0.1 - - [21/Nov/2023 11:39:06] "[33mGET /static/css/home.css HTTP/1.1[0m" 404 -
127.0.0.1 - - [21/Nov/2023 11:39:10] "[33mGET /static/css/home.css HTTP/1.1[0m" 404 -
127.0.0.1 - - [21/Nov/2023 11:39:50] "GET / HTTP/1.1" 200 -
127.0.0.1 - - [21/Nov/2023 11:39:50] "GET /static/css/home.css HTTP/1.1" 200 -
127.0.0.1 - - [21/Nov/2023 11:40:02] "GET /login?next=%2FvisualizzaTerreni HTTP/1.1" 200 -
127.0.0.1 - - [21/Nov/2023 11:40:03] "GET /static/css/auth.css HTTP/1.1" 200 -
127.0.0.1 - - [21/Nov/2023 11:40:03] "GET /static/javascript/auth.js HTTP/1.1" 200 -
127.0.0.1 - - [21/Nov/2023 11:40:21] "[32mPOST /login?next=%2FvisualizzaTerreni HTTP/1.1[0m" 302 -
127.0.0.1 - - [21/Nov/2023 11:40:21] "[33mGET /visualizzaTerreni HTTP/1.1[0m" 404 -
127.0.0.1 - - [21/Nov/2023 11:40:22] "[33mGET /favicon.ico HTTP/1.1[0m" 404 -
 * Detected change in 'c:\\Users\\Gerardo\\Tirocinio\\Tirocinio\\src\\main_route.py', reloading
 * Detected change in 'c:\\Users\\Gerardo\\Tirocinio\\Tirocinio\\src\\main_route.py', reloading
 * Detected change in 'c:\\Users\\Gerardo\\Tirocinio\\Tirocinio\\src\\main_route.py', reloading
 * Detected change in 'c:\\Users\\Gerardo\\Tirocinio\\Tirocinio\\src\\main_route.py', reloading
 * Restarting with watchdog (windowsapi)
 * Debugger is active!
 * Debugger PIN: 973-937-000
127.0.0.1 - - [21/Nov/2023 11:41:14] "[33mGET /visualizzaTerreni HTTP/1.1[0m" 404 -
127.0.0.1 - - [21/Nov/2023 11:41:18] "GET / HTTP/1.1" 200 -
127.0.0.1 - - [21/Nov/2023 11:41:18] "[36mGET /static/css/home.css HTTP/1.1[0m" 304 -
127.0.0.1 - - [21/Nov/2023 11:41:21] "GET /login HTTP/1.1" 200 -
127.0.0.1 - - [21/Nov/2023 11:41:21] "[36mGET /static/css/auth.css HTTP/1.1[0m" 304 -
127.0.0.1 - - [21/Nov/2023 11:41:21] "[36mGET /static/javascript/auth.js HTTP/1.1[0m" 304 -
127.0.0.1 - - [21/Nov/2023 11:41:29] "[32mPOST /login HTTP/1.1[0m" 302 -
127.0.0.1 - - [21/Nov/2023 11:41:29] "GET /listaSensori HTTP/1.1" 200 -
127.0.0.1 - - [21/Nov/2023 11:41:29] "[36mGET /static/vendors/typicons.font/font/typicons.css HTTP/1.1[0m" 304 -
127.0.0.1 - - [21/Nov/2023 11:41:29] "[36mGET /static/vendors/css/vendor.bundle.base.css HTTP/1.1[0m" 304 -
127.0.0.1 - - [21/Nov/2023 11:41:29] "[36mGET /static/css/vertical-layout-light/style.css HTTP/1.1[0m" 304 -
127.0.0.1 - - [21/Nov/2023 11:41:29] "[36mGET /static/images/enia.png HTTP/1.1[0m" 304 -
127.0.0.1 - - [21/Nov/2023 11:41:29] "[36mGET /static/vendors/js/vendor.bundle.base.js HTTP/1.1[0m" 304 -
127.0.0.1 - - [21/Nov/2023 11:41:29] "[33mGET /static/fonts/Roboto/Roboto-Bold.woff2 HTTP/1.1[0m" 404 -
127.0.0.1 - - [21/Nov/2023 11:41:29] "[36mGET /static/js/off-canvas.js HTTP/1.1[0m" 304 -
127.0.0.1 - - [21/Nov/2023 11:41:29] "[33mGET /static/fonts/Roboto/Roboto-Light.woff2 HTTP/1.1[0m" 404 -
127.0.0.1 - - [21/Nov/2023 11:41:29] "[33mGET /static/fonts/Roboto/Roboto-Regular.woff2 HTTP/1.1[0m" 404 -
127.0.0.1 - - [21/Nov/2023 11:41:29] "[36mGET /static/vendors/typicons.font/font/typicons.woff HTTP/1.1[0m" 304 -
127.0.0.1 - - [21/Nov/2023 11:41:29] "[33mGET /static/fonts/Roboto/Roboto-Bold.woff HTTP/1.1[0m" 404 -
127.0.0.1 - - [21/Nov/2023 11:41:29] "[36mGET /static/js/template.js HTTP/1.1[0m" 304 -
127.0.0.1 - - [21/Nov/2023 11:41:29] "[36mGET /static/js/hoverable-collapse.js HTTP/1.1[0m" 304 -
127.0.0.1 - - [21/Nov/2023 11:41:30] "[33mGET /static/fonts/Roboto/Roboto-Light.woff HTTP/1.1[0m" 404 -
127.0.0.1 - - [21/Nov/2023 11:41:30] "[33mGET /static/fonts/Roboto/Roboto-Regular.woff HTTP/1.1[0m" 404 -
127.0.0.1 - - [21/Nov/2023 11:41:30] "[33mGET /static/fonts/Roboto/Roboto-Bold.ttf HTTP/1.1[0m" 404 -
127.0.0.1 - - [21/Nov/2023 11:41:30] "[36mGET /static/js/settings.js HTTP/1.1[0m" 304 -
127.0.0.1 - - [21/Nov/2023 11:41:30] "[36mGET /static/js/todolist.js HTTP/1.1[0m" 304 -
127.0.0.1 - - [21/Nov/2023 11:41:30] "[36mGET /static/vendors/progressbar.js/progressbar.min.js HTTP/1.1[0m" 304 -
127.0.0.1 - - [21/Nov/2023 11:41:30] "[33mGET /static/fonts/Roboto/Roboto-Light.ttf HTTP/1.1[0m" 404 -
127.0.0.1 - - [21/Nov/2023 11:41:30] "[33mGET /static/fonts/Roboto/Roboto-Regular.ttf HTTP/1.1[0m" 404 -
127.0.0.1 - - [21/Nov/2023 11:41:30] "[36mGET /static/vendors/chart.js/Chart.min.js HTTP/1.1[0m" 304 -
127.0.0.1 - - [21/Nov/2023 11:41:31] "[36mGET /static/images/enia.png HTTP/1.1[0m" 304 -
 * Detected change in 'c:\\Users\\Gerardo\\Tirocinio\\Tirocinio\\src\\main_route.py', reloading
 * Detected change in 'c:\\Users\\Gerardo\\Tirocinio\\Tirocinio\\src\\main_route.py', reloading
 * Detected change in 'c:\\Users\\Gerardo\\Tirocinio\\Tirocinio\\src\\main_route.py', reloading
 * Restarting with watchdog (windowsapi)
 * Debugger is active!
 * Debugger PIN: 973-937-000
127.0.0.1 - - [21/Nov/2023 11:44:31] "GET /listaSensori HTTP/1.1" 200 -
127.0.0.1 - - [21/Nov/2023 11:44:31] "[36mGET /static/vendors/typicons.font/font/typicons.css HTTP/1.1[0m" 304 -
127.0.0.1 - - [21/Nov/2023 11:44:31] "[36mGET /static/vendors/css/vendor.bundle.base.css HTTP/1.1[0m" 304 -
127.0.0.1 - - [21/Nov/2023 11:44:31] "[36mGET /static/css/vertical-layout-light/style.css HTTP/1.1[0m" 304 -
127.0.0.1 - - [21/Nov/2023 11:44:31] "[36mGET /static/images/enia.png HTTP/1.1[0m" 304 -
127.0.0.1 - - [21/Nov/2023 11:44:31] "[36mGET /static/vendors/js/vendor.bundle.base.js HTTP/1.1[0m" 304 -
127.0.0.1 - - [21/Nov/2023 11:44:31] "[33mGET /static/fonts/Roboto/Roboto-Bold.woff2 HTTP/1.1[0m" 404 -
127.0.0.1 - - [21/Nov/2023 11:44:31] "[33mGET /static/fonts/Roboto/Roboto-Light.woff2 HTTP/1.1[0m" 404 -
127.0.0.1 - - [21/Nov/2023 11:44:31] "[33mGET /static/fonts/Roboto/Roboto-Regular.woff2 HTTP/1.1[0m" 404 -
127.0.0.1 - - [21/Nov/2023 11:44:32] "[36mGET /static/vendors/typicons.font/font/typicons.woff HTTP/1.1[0m" 304 -
127.0.0.1 - - [21/Nov/2023 11:44:32] "[33mGET /static/fonts/Roboto/Roboto-Bold.woff HTTP/1.1[0m" 404 -
127.0.0.1 - - [21/Nov/2023 11:44:32] "[33mGET /static/fonts/Roboto/Roboto-Light.woff HTTP/1.1[0m" 404 -
127.0.0.1 - - [21/Nov/2023 11:44:32] "[33mGET /static/fonts/Roboto/Roboto-Regular.woff HTTP/1.1[0m" 404 -
127.0.0.1 - - [21/Nov/2023 11:44:32] "[33mGET /static/fonts/Roboto/Roboto-Bold.ttf HTTP/1.1[0m" 404 -
127.0.0.1 - - [21/Nov/2023 11:44:32] "[33mGET /static/fonts/Roboto/Roboto-Light.ttf HTTP/1.1[0m" 404 -
127.0.0.1 - - [21/Nov/2023 11:44:32] "[33mGET /static/fonts/Roboto/Roboto-Regular.ttf HTTP/1.1[0m" 404 -
127.0.0.1 - - [21/Nov/2023 11:44:32] "[36mGET /static/js/off-canvas.js HTTP/1.1[0m" 304 -
127.0.0.1 - - [21/Nov/2023 11:44:32] "[36mGET /static/js/hoverable-collapse.js HTTP/1.1[0m" 304 -
127.0.0.1 - - [21/Nov/2023 11:44:32] "[36mGET /static/js/template.js HTTP/1.1[0m" 304 -
127.0.0.1 - - [21/Nov/2023 11:44:32] "[36mGET /static/js/settings.js HTTP/1.1[0m" 304 -
127.0.0.1 - - [21/Nov/2023 11:44:32] "[36mGET /static/js/todolist.js HTTP/1.1[0m" 304 -
127.0.0.1 - - [21/Nov/2023 11:44:32] "[36mGET /static/vendors/progressbar.js/progressbar.min.js HTTP/1.1[0m" 304 -
127.0.0.1 - - [21/Nov/2023 11:44:32] "[36mGET /static/vendors/chart.js/Chart.min.js HTTP/1.1[0m" 304 -
127.0.0.1 - - [21/Nov/2023 11:44:33] "[36mGET /static/images/enia.png HTTP/1.1[0m" 304 -
127.0.0.1 - - [21/Nov/2023 11:45:04] "GET /listaSensori HTTP/1.1" 200 -
127.0.0.1 - - [21/Nov/2023 11:45:05] "[36mGET /static/vendors/typicons.font/font/typicons.css HTTP/1.1[0m" 304 -
127.0.0.1 - - [21/Nov/2023 11:45:05] "[36mGET /static/css/vertical-layout-light/style.css HTTP/1.1[0m" 304 -
127.0.0.1 - - [21/Nov/2023 11:45:05] "[36mGET /static/vendors/js/vendor.bundle.base.js HTTP/1.1[0m" 304 -
127.0.0.1 - - [21/Nov/2023 11:45:05] "[36mGET /static/vendors/css/vendor.bundle.base.css HTTP/1.1[0m" 304 -
127.0.0.1 - - [21/Nov/2023 11:45:05] "[36mGET /static/images/enia.png HTTP/1.1[0m" 304 -
127.0.0.1 - - [21/Nov/2023 11:45:05] "[36mGET /static/js/off-canvas.js HTTP/1.1[0m" 304 -
127.0.0.1 - - [21/Nov/2023 11:45:05] "[36mGET /static/vendors/typicons.font/font/typicons.woff HTTP/1.1[0m" 304 -
127.0.0.1 - - [21/Nov/2023 11:45:05] "[33mGET /static/fonts/Roboto/Roboto-Bold.woff2 HTTP/1.1[0m" 404 -
127.0.0.1 - - [21/Nov/2023 11:45:05] "[33mGET /static/fonts/Roboto/Roboto-Light.woff2 HTTP/1.1[0m" 404 -
127.0.0.1 - - [21/Nov/2023 11:45:05] "[33mGET /static/fonts/Roboto/Roboto-Regular.woff2 HTTP/1.1[0m" 404 -
127.0.0.1 - - [21/Nov/2023 11:45:05] "[36mGET /static/js/hoverable-collapse.js HTTP/1.1[0m" 304 -
127.0.0.1 - - [21/Nov/2023 11:45:05] "[36mGET /static/js/template.js HTTP/1.1[0m" 304 -
127.0.0.1 - - [21/Nov/2023 11:45:05] "[33mGET /static/fonts/Roboto/Roboto-Bold.woff HTTP/1.1[0m" 404 -
127.0.0.1 - - [21/Nov/2023 11:45:05] "[33mGET /static/fonts/Roboto/Roboto-Light.woff HTTP/1.1[0m" 404 -
127.0.0.1 - - [21/Nov/2023 11:45:06] "[33mGET /static/fonts/Roboto/Roboto-Regular.woff HTTP/1.1[0m" 404 -
127.0.0.1 - - [21/Nov/2023 11:45:06] "[33mGET /static/fonts/Roboto/Roboto-Bold.ttf HTTP/1.1[0m" 404 -
127.0.0.1 - - [21/Nov/2023 11:45:06] "[33mGET /static/fonts/Roboto/Roboto-Light.ttf HTTP/1.1[0m" 404 -
127.0.0.1 - - [21/Nov/2023 11:45:06] "[33mGET /static/fonts/Roboto/Roboto-Regular.ttf HTTP/1.1[0m" 404 -
127.0.0.1 - - [21/Nov/2023 11:45:06] "[36mGET /static/js/settings.js HTTP/1.1[0m" 304 -
127.0.0.1 - - [21/Nov/2023 11:45:06] "[36mGET /static/js/todolist.js HTTP/1.1[0m" 304 -
127.0.0.1 - - [21/Nov/2023 11:45:06] "[36mGET /static/vendors/progressbar.js/progressbar.min.js HTTP/1.1[0m" 304 -
127.0.0.1 - - [21/Nov/2023 11:45:06] "[36mGET /static/vendors/chart.js/Chart.min.js HTTP/1.1[0m" 304 -
127.0.0.1 - - [21/Nov/2023 11:45:06] "[36mGET /static/images/enia.png HTTP/1.1[0m" 304 -
127.0.0.1 - - [21/Nov/2023 11:45:13] "[32mGET /logout HTTP/1.1[0m" 302 -
127.0.0.1 - - [21/Nov/2023 11:45:14] "GET /login HTTP/1.1" 200 -
127.0.0.1 - - [21/Nov/2023 11:45:14] "[36mGET /static/css/auth.css HTTP/1.1[0m" 304 -
127.0.0.1 - - [21/Nov/2023 11:45:14] "[36mGET /static/javascript/auth.js HTTP/1.1[0m" 304 -
 * Detected change in 'c:\\Users\\Gerardo\\Tirocinio\\Tirocinio\\src\\main_route.py', reloading
 * Detected change in 'c:\\Users\\Gerardo\\Tirocinio\\Tirocinio\\src\\main_route.py', reloading
 * Detected change in 'c:\\Users\\Gerardo\\Tirocinio\\Tirocinio\\src\\main_route.py', reloading
 * Detected change in 'c:\\Users\\Gerardo\\Tirocinio\\Tirocinio\\src\\main_route.py', reloading
 * Restarting with watchdog (windowsapi)
 * Debugger is active!
 * Debugger PIN: 973-937-000
127.0.0.1 - - [21/Nov/2023 11:45:30] "GET /login HTTP/1.1" 200 -
127.0.0.1 - - [21/Nov/2023 11:45:30] "[36mGET /static/css/auth.css HTTP/1.1[0m" 304 -
127.0.0.1 - - [21/Nov/2023 11:45:30] "[36mGET /static/javascript/auth.js HTTP/1.1[0m" 304 -
127.0.0.1 - - [21/Nov/2023 11:45:35] "[32mPOST /login HTTP/1.1[0m" 302 -
127.0.0.1 - - [21/Nov/2023 11:45:35] "GET /listaSensori HTTP/1.1" 200 -
127.0.0.1 - - [21/Nov/2023 11:45:35] "[36mGET /static/vendors/typicons.font/font/typicons.css HTTP/1.1[0m" 304 -
127.0.0.1 - - [21/Nov/2023 11:45:36] "[36mGET /static/vendors/css/vendor.bundle.base.css HTTP/1.1[0m" 304 -
127.0.0.1 - - [21/Nov/2023 11:45:36] "[36mGET /static/css/vertical-layout-light/style.css HTTP/1.1[0m" 304 -
127.0.0.1 - - [21/Nov/2023 11:45:36] "[36mGET /static/vendors/typicons.font/font/typicons.woff HTTP/1.1[0m" 304 -
127.0.0.1 - - [21/Nov/2023 11:45:36] "[36mGET /static/images/enia.png HTTP/1.1[0m" 304 -
127.0.0.1 - - [21/Nov/2023 11:45:36] "[36mGET /static/vendors/js/vendor.bundle.base.js HTTP/1.1[0m" 304 -
127.0.0.1 - - [21/Nov/2023 11:45:36] "[36mGET /static/js/off-canvas.js HTTP/1.1[0m" 304 -
127.0.0.1 - - [21/Nov/2023 11:45:36] "[33mGET /static/fonts/Roboto/Roboto-Regular.woff2 HTTP/1.1[0m" 404 -
127.0.0.1 - - [21/Nov/2023 11:45:36] "[33mGET /static/fonts/Roboto/Roboto-Bold.woff2 HTTP/1.1[0m" 404 -
127.0.0.1 - - [21/Nov/2023 11:45:36] "[33mGET /static/fonts/Roboto/Roboto-Light.woff2 HTTP/1.1[0m" 404 -
127.0.0.1 - - [21/Nov/2023 11:45:36] "[33mGET /static/fonts/Roboto/Roboto-Regular.woff HTTP/1.1[0m" 404 -
127.0.0.1 - - [21/Nov/2023 11:45:36] "[33mGET /static/fonts/Roboto/Roboto-Bold.woff HTTP/1.1[0m" 404 -
127.0.0.1 - - [21/Nov/2023 11:45:36] "[33mGET /static/fonts/Roboto/Roboto-Light.woff HTTP/1.1[0m" 404 -
127.0.0.1 - - [21/Nov/2023 11:45:36] "[33mGET /static/fonts/Roboto/Roboto-Regular.ttf HTTP/1.1[0m" 404 -
127.0.0.1 - - [21/Nov/2023 11:45:36] "[33mGET /static/fonts/Roboto/Roboto-Bold.ttf HTTP/1.1[0m" 404 -
127.0.0.1 - - [21/Nov/2023 11:45:36] "[33mGET /static/fonts/Roboto/Roboto-Light.ttf HTTP/1.1[0m" 404 -
127.0.0.1 - - [21/Nov/2023 11:45:36] "[36mGET /static/js/hoverable-collapse.js HTTP/1.1[0m" 304 -
127.0.0.1 - - [21/Nov/2023 11:45:36] "[36mGET /static/js/template.js HTTP/1.1[0m" 304 -
127.0.0.1 - - [21/Nov/2023 11:45:36] "[36mGET /static/js/settings.js HTTP/1.1[0m" 304 -
127.0.0.1 - - [21/Nov/2023 11:45:37] "[36mGET /static/js/todolist.js HTTP/1.1[0m" 304 -
127.0.0.1 - - [21/Nov/2023 11:45:37] "[36mGET /static/vendors/chart.js/Chart.min.js HTTP/1.1[0m" 304 -
127.0.0.1 - - [21/Nov/2023 11:45:37] "[36mGET /static/vendors/progressbar.js/progressbar.min.js HTTP/1.1[0m" 304 -
 * Detected change in 'C:\\Python311\\Lib\\site-packages\\werkzeug\\routing\\map.py', reloading
127.0.0.1 - - [21/Nov/2023 11:45:42] "[35m[1mGET /logout HTTP/1.1[0m" 500 -
127.0.0.1 - - [21/Nov/2023 11:45:42] "GET /logout?__debugger__=yes&cmd=resource&f=style.css HTTP/1.1" 200 -
127.0.0.1 - - [21/Nov/2023 11:45:42] "GET /logout?__debugger__=yes&cmd=resource&f=debugger.js HTTP/1.1" 200 -
127.0.0.1 - - [21/Nov/2023 11:45:43] "GET /logout?__debugger__=yes&cmd=resource&f=console.png HTTP/1.1" 200 -
127.0.0.1 - - [21/Nov/2023 11:45:43] "[36mGET /logout?__debugger__=yes&cmd=resource&f=console.png HTTP/1.1[0m" 304 -
 * Restarting with watchdog (windowsapi)
 * Debugger is active!
 * Debugger PIN: 973-937-000
 * Detected change in 'c:\\Users\\Gerardo\\Tirocinio\\Tirocinio\\src\\main_route.py', reloading
 * Detected change in 'c:\\Users\\Gerardo\\Tirocinio\\Tirocinio\\src\\main_route.py', reloading
 * Detected change in 'c:\\Users\\Gerardo\\Tirocinio\\Tirocinio\\src\\main_route.py', reloading
 * Restarting with watchdog (windowsapi)
 * Debugger is active!
 * Debugger PIN: 973-937-000
127.0.0.1 - - [21/Nov/2023 11:45:59] "[35m[1mGET /logout HTTP/1.1[0m" 500 -
127.0.0.1 - - [21/Nov/2023 11:45:59] "[36mGET /logout?__debugger__=yes&cmd=resource&f=debugger.js HTTP/1.1[0m" 304 -
127.0.0.1 - - [21/Nov/2023 11:45:59] "[36mGET /logout?__debugger__=yes&cmd=resource&f=style.css HTTP/1.1[0m" 304 -
127.0.0.1 - - [21/Nov/2023 11:46:00] "[36mGET /logout?__debugger__=yes&cmd=resource&f=console.png HTTP/1.1[0m" 304 -
127.0.0.1 - - [21/Nov/2023 11:46:00] "[36mGET /logout?__debugger__=yes&cmd=resource&f=console.png HTTP/1.1[0m" 304 -
 * Detected change in 'c:\\Users\\Gerardo\\Tirocinio\\Tirocinio\\src\\main_route.py', reloading
 * Detected change in 'c:\\Users\\Gerardo\\Tirocinio\\Tirocinio\\src\\main_route.py', reloading
 * Detected change in 'c:\\Users\\Gerardo\\Tirocinio\\Tirocinio\\src\\main_route.py', reloading
 * Restarting with watchdog (windowsapi)
 * Debugger is active!
 * Debugger PIN: 973-937-000
127.0.0.1 - - [21/Nov/2023 11:46:13] "[32mGET /logout HTTP/1.1[0m" 302 -
127.0.0.1 - - [21/Nov/2023 11:46:13] "GET / HTTP/1.1" 200 -
127.0.0.1 - - [21/Nov/2023 11:46:13] "[36mGET /static/css/home.css HTTP/1.1[0m" 304 -
 * Detected change in 'c:\\Users\\Gerardo\\Tirocinio\\Tirocinio\\src\\main_route.py', reloading
 * Restarting with watchdog (windowsapi)
 * Debugger is active!
 * Debugger PIN: 973-937-000
127.0.0.1 - - [21/Nov/2023 11:46:29] "GET /login HTTP/1.1" 200 -
127.0.0.1 - - [21/Nov/2023 11:46:29] "[36mGET /static/css/auth.css HTTP/1.1[0m" 304 -
127.0.0.1 - - [21/Nov/2023 11:46:29] "[36mGET /static/javascript/auth.js HTTP/1.1[0m" 304 -
127.0.0.1 - - [21/Nov/2023 11:46:34] "[32mPOST /login HTTP/1.1[0m" 302 -
127.0.0.1 - - [21/Nov/2023 11:46:35] "GET /listaSensori HTTP/1.1" 200 -
127.0.0.1 - - [21/Nov/2023 11:46:35] "[36mGET /static/vendors/typicons.font/font/typicons.css HTTP/1.1[0m" 304 -
127.0.0.1 - - [21/Nov/2023 11:46:35] "[36mGET /static/css/vertical-layout-light/style.css HTTP/1.1[0m" 304 -
127.0.0.1 - - [21/Nov/2023 11:46:35] "[36mGET /static/images/enia.png HTTP/1.1[0m" 304 -
127.0.0.1 - - [21/Nov/2023 11:46:35] "[36mGET /static/vendors/css/vendor.bundle.base.css HTTP/1.1[0m" 304 -
127.0.0.1 - - [21/Nov/2023 11:46:35] "[36mGET /static/vendors/js/vendor.bundle.base.js HTTP/1.1[0m" 304 -
127.0.0.1 - - [21/Nov/2023 11:46:35] "[33mGET /static/fonts/Roboto/Roboto-Light.woff2 HTTP/1.1[0m" 404 -
127.0.0.1 - - [21/Nov/2023 11:46:35] "[36mGET /static/vendors/typicons.font/font/typicons.woff HTTP/1.1[0m" 304 -
127.0.0.1 - - [21/Nov/2023 11:46:35] "[33mGET /static/fonts/Roboto/Roboto-Bold.woff2 HTTP/1.1[0m" 404 -
127.0.0.1 - - [21/Nov/2023 11:46:35] "[33mGET /static/fonts/Roboto/Roboto-Regular.woff2 HTTP/1.1[0m" 404 -
127.0.0.1 - - [21/Nov/2023 11:46:35] "[33mGET /static/fonts/Roboto/Roboto-Light.woff HTTP/1.1[0m" 404 -
127.0.0.1 - - [21/Nov/2023 11:46:35] "[36mGET /static/js/off-canvas.js HTTP/1.1[0m" 304 -
127.0.0.1 - - [21/Nov/2023 11:46:35] "[33mGET /static/fonts/Roboto/Roboto-Bold.woff HTTP/1.1[0m" 404 -
127.0.0.1 - - [21/Nov/2023 11:46:35] "[33mGET /static/fonts/Roboto/Roboto-Regular.woff HTTP/1.1[0m" 404 -
127.0.0.1 - - [21/Nov/2023 11:46:36] "[33mGET /static/fonts/Roboto/Roboto-Light.ttf HTTP/1.1[0m" 404 -
127.0.0.1 - - [21/Nov/2023 11:46:36] "[33mGET /static/fonts/Roboto/Roboto-Bold.ttf HTTP/1.1[0m" 404 -
127.0.0.1 - - [21/Nov/2023 11:46:36] "[33mGET /static/fonts/Roboto/Roboto-Regular.ttf HTTP/1.1[0m" 404 -
127.0.0.1 - - [21/Nov/2023 11:46:36] "[36mGET /static/js/hoverable-collapse.js HTTP/1.1[0m" 304 -
127.0.0.1 - - [21/Nov/2023 11:46:36] "[36mGET /static/js/template.js HTTP/1.1[0m" 304 -
127.0.0.1 - - [21/Nov/2023 11:46:36] "[36mGET /static/js/settings.js HTTP/1.1[0m" 304 -
127.0.0.1 - - [21/Nov/2023 11:46:36] "[36mGET /static/js/todolist.js HTTP/1.1[0m" 304 -
127.0.0.1 - - [21/Nov/2023 11:46:36] "[36mGET /static/vendors/progressbar.js/progressbar.min.js HTTP/1.1[0m" 304 -
127.0.0.1 - - [21/Nov/2023 11:46:36] "[36mGET /static/vendors/chart.js/Chart.min.js HTTP/1.1[0m" 304 -
127.0.0.1 - - [21/Nov/2023 12:08:54] "GET /listaSensori HTTP/1.1" 200 -
127.0.0.1 - - [21/Nov/2023 12:08:54] "[36mGET /static/vendors/typicons.font/font/typicons.css HTTP/1.1[0m" 304 -
127.0.0.1 - - [21/Nov/2023 12:08:54] "[36mGET /static/vendors/css/vendor.bundle.base.css HTTP/1.1[0m" 304 -
127.0.0.1 - - [21/Nov/2023 12:08:54] "[36mGET /static/images/enia.png HTTP/1.1[0m" 304 -
127.0.0.1 - - [21/Nov/2023 12:08:54] "[36mGET /static/css/vertical-layout-light/style.css HTTP/1.1[0m" 304 -
127.0.0.1 - - [21/Nov/2023 12:08:54] "[36mGET /static/vendors/js/vendor.bundle.base.js HTTP/1.1[0m" 304 -
127.0.0.1 - - [21/Nov/2023 12:08:54] "[36mGET /static/js/off-canvas.js HTTP/1.1[0m" 304 -
127.0.0.1 - - [21/Nov/2023 12:08:54] "[33mGET /static/fonts/Roboto/Roboto-Regular.woff2 HTTP/1.1[0m" 404 -
127.0.0.1 - - [21/Nov/2023 12:08:54] "[33mGET /static/fonts/Roboto/Roboto-Bold.woff2 HTTP/1.1[0m" 404 -
127.0.0.1 - - [21/Nov/2023 12:08:55] "[33mGET /static/fonts/Roboto/Roboto-Light.woff2 HTTP/1.1[0m" 404 -
127.0.0.1 - - [21/Nov/2023 12:08:55] "[36mGET /static/vendors/typicons.font/font/typicons.woff HTTP/1.1[0m" 304 -
127.0.0.1 - - [21/Nov/2023 12:08:55] "[33mGET /static/fonts/Roboto/Roboto-Regular.woff HTTP/1.1[0m" 404 -
127.0.0.1 - - [21/Nov/2023 12:08:55] "[33mGET /static/fonts/Roboto/Roboto-Bold.woff HTTP/1.1[0m" 404 -
127.0.0.1 - - [21/Nov/2023 12:08:55] "[33mGET /static/fonts/Roboto/Roboto-Light.woff HTTP/1.1[0m" 404 -
127.0.0.1 - - [21/Nov/2023 12:08:55] "[33mGET /static/fonts/Roboto/Roboto-Regular.ttf HTTP/1.1[0m" 404 -
127.0.0.1 - - [21/Nov/2023 12:08:55] "[33mGET /static/fonts/Roboto/Roboto-Bold.ttf HTTP/1.1[0m" 404 -
127.0.0.1 - - [21/Nov/2023 12:08:55] "[33mGET /static/fonts/Roboto/Roboto-Light.ttf HTTP/1.1[0m" 404 -
127.0.0.1 - - [21/Nov/2023 12:08:55] "[36mGET /static/js/hoverable-collapse.js HTTP/1.1[0m" 304 -
127.0.0.1 - - [21/Nov/2023 12:08:55] "[36mGET /static/js/template.js HTTP/1.1[0m" 304 -
127.0.0.1 - - [21/Nov/2023 12:08:55] "[36mGET /static/js/settings.js HTTP/1.1[0m" 304 -
127.0.0.1 - - [21/Nov/2023 12:08:55] "[36mGET /static/js/todolist.js HTTP/1.1[0m" 304 -
127.0.0.1 - - [21/Nov/2023 12:08:55] "[36mGET /static/vendors/progressbar.js/progressbar.min.js HTTP/1.1[0m" 304 -
127.0.0.1 - - [21/Nov/2023 12:08:55] "[36mGET /static/vendors/chart.js/Chart.min.js HTTP/1.1[0m" 304 -
127.0.0.1 - - [21/Nov/2023 12:08:56] "[36mGET /static/images/enia.png HTTP/1.1[0m" 304 -
127.0.0.1 - - [21/Nov/2023 12:09:08] "[36mGET /static/vendors/typicons.font/font/typicons.css HTTP/1.1[0m" 304 -
127.0.0.1 - - [21/Nov/2023 12:09:09] "[36mGET /static/vendors/css/vendor.bundle.base.css HTTP/1.1[0m" 304 -
127.0.0.1 - - [21/Nov/2023 12:09:09] "[36mGET /static/css/vertical-layout-light/style.css HTTP/1.1[0m" 304 -
127.0.0.1 - - [21/Nov/2023 12:09:09] "GET /static/css/maps/vertical-layout-light/style.css.map HTTP/1.1" 200 -
127.0.0.1 - - [21/Nov/2023 12:11:17] "GET /listaSensori HTTP/1.1" 200 -
127.0.0.1 - - [21/Nov/2023 12:11:17] "[36mGET /static/vendors/typicons.font/font/typicons.css HTTP/1.1[0m" 304 -
127.0.0.1 - - [21/Nov/2023 12:11:18] "[36mGET /static/vendors/css/vendor.bundle.base.css HTTP/1.1[0m" 304 -
127.0.0.1 - - [21/Nov/2023 12:11:18] "[36mGET /static/css/vertical-layout-light/style.css HTTP/1.1[0m" 304 -
127.0.0.1 - - [21/Nov/2023 12:11:18] "[36mGET /static/vendors/typicons.font/font/typicons.woff HTTP/1.1[0m" 304 -
127.0.0.1 - - [21/Nov/2023 12:11:18] "[36mGET /static/images/enia.png HTTP/1.1[0m" 304 -
127.0.0.1 - - [21/Nov/2023 12:11:18] "[36mGET /static/js/hoverable-collapse.js HTTP/1.1[0m" 304 -
127.0.0.1 - - [21/Nov/2023 12:11:18] "[36mGET /static/js/off-canvas.js HTTP/1.1[0m" 304 -
127.0.0.1 - - [21/Nov/2023 12:11:18] "[36mGET /static/vendors/js/vendor.bundle.base.js HTTP/1.1[0m" 304 -
127.0.0.1 - - [21/Nov/2023 12:11:18] "[33mGET /static/fonts/Roboto/Roboto-Bold.woff2 HTTP/1.1[0m" 404 -
127.0.0.1 - - [21/Nov/2023 12:11:18] "[33mGET /static/fonts/Roboto/Roboto-Regular.woff2 HTTP/1.1[0m" 404 -
127.0.0.1 - - [21/Nov/2023 12:11:18] "[33mGET /static/fonts/Roboto/Roboto-Light.woff2 HTTP/1.1[0m" 404 -
127.0.0.1 - - [21/Nov/2023 12:11:18] "[33mGET /static/fonts/Roboto/Roboto-Bold.woff HTTP/1.1[0m" 404 -
127.0.0.1 - - [21/Nov/2023 12:11:18] "[33mGET /static/fonts/Roboto/Roboto-Regular.woff HTTP/1.1[0m" 404 -
127.0.0.1 - - [21/Nov/2023 12:11:18] "[33mGET /static/fonts/Roboto/Roboto-Light.woff HTTP/1.1[0m" 404 -
127.0.0.1 - - [21/Nov/2023 12:11:18] "[33mGET /static/fonts/Roboto/Roboto-Bold.ttf HTTP/1.1[0m" 404 -
127.0.0.1 - - [21/Nov/2023 12:11:18] "[33mGET /static/fonts/Roboto/Roboto-Regular.ttf HTTP/1.1[0m" 404 -
127.0.0.1 - - [21/Nov/2023 12:11:19] "[33mGET /static/fonts/Roboto/Roboto-Light.ttf HTTP/1.1[0m" 404 -
127.0.0.1 - - [21/Nov/2023 12:11:19] "[36mGET /static/js/template.js HTTP/1.1[0m" 304 -
127.0.0.1 - - [21/Nov/2023 12:11:19] "[36mGET /static/js/settings.js HTTP/1.1[0m" 304 -
127.0.0.1 - - [21/Nov/2023 12:11:19] "[36mGET /static/js/todolist.js HTTP/1.1[0m" 304 -
127.0.0.1 - - [21/Nov/2023 12:11:19] "[36mGET /static/vendors/progressbar.js/progressbar.min.js HTTP/1.1[0m" 304 -
127.0.0.1 - - [21/Nov/2023 12:11:19] "[36mGET /static/vendors/chart.js/Chart.min.js HTTP/1.1[0m" 304 -
127.0.0.1 - - [21/Nov/2023 12:11:19] "[36mGET /static/css/maps/vertical-layout-light/style.css.map HTTP/1.1[0m" 304 -
127.0.0.1 - - [21/Nov/2023 12:11:19] "[36mGET /static/images/enia.png HTTP/1.1[0m" 304 -
127.0.0.1 - - [21/Nov/2023 12:20:03] "GET /listaSensori HTTP/1.1" 200 -
127.0.0.1 - - [21/Nov/2023 12:20:03] "[36mGET /static/vendors/typicons.font/font/typicons.css HTTP/1.1[0m" 304 -
127.0.0.1 - - [21/Nov/2023 12:20:03] "[36mGET /static/vendors/css/vendor.bundle.base.css HTTP/1.1[0m" 304 -
127.0.0.1 - - [21/Nov/2023 12:20:03] "[36mGET /static/images/enia.png HTTP/1.1[0m" 304 -
127.0.0.1 - - [21/Nov/2023 12:20:03] "[36mGET /static/css/vertical-layout-light/style.css HTTP/1.1[0m" 304 -
127.0.0.1 - - [21/Nov/2023 12:20:03] "[36mGET /static/vendors/typicons.font/font/typicons.woff HTTP/1.1[0m" 304 -
127.0.0.1 - - [21/Nov/2023 12:20:03] "[33mGET /static/fonts/Roboto/Roboto-Light.woff2 HTTP/1.1[0m" 404 -
127.0.0.1 - - [21/Nov/2023 12:20:03] "[33mGET /static/fonts/Roboto/Roboto-Regular.woff2 HTTP/1.1[0m" 404 -
127.0.0.1 - - [21/Nov/2023 12:20:03] "[33mGET /static/fonts/Roboto/Roboto-Bold.woff2 HTTP/1.1[0m" 404 -
127.0.0.1 - - [21/Nov/2023 12:20:03] "[33mGET /static/fonts/Roboto/Roboto-Regular.woff HTTP/1.1[0m" 404 -
127.0.0.1 - - [21/Nov/2023 12:20:03] "[33mGET /static/fonts/Roboto/Roboto-Bold.woff HTTP/1.1[0m" 404 -
127.0.0.1 - - [21/Nov/2023 12:20:03] "[33mGET /static/fonts/Roboto/Roboto-Light.woff HTTP/1.1[0m" 404 -
127.0.0.1 - - [21/Nov/2023 12:20:03] "[33mGET /static/fonts/Roboto/Roboto-Regular.ttf HTTP/1.1[0m" 404 -
127.0.0.1 - - [21/Nov/2023 12:20:03] "[33mGET /static/fonts/Roboto/Roboto-Bold.ttf HTTP/1.1[0m" 404 -
127.0.0.1 - - [21/Nov/2023 12:20:03] "[33mGET /static/fonts/Roboto/Roboto-Light.ttf HTTP/1.1[0m" 404 -
127.0.0.1 - - [21/Nov/2023 12:20:04] "[36mGET /static/vendors/js/vendor.bundle.base.js HTTP/1.1[0m" 304 -
127.0.0.1 - - [21/Nov/2023 12:20:04] "[36mGET /static/js/off-canvas.js HTTP/1.1[0m" 304 -
127.0.0.1 - - [21/Nov/2023 12:20:04] "[36mGET /static/js/hoverable-collapse.js HTTP/1.1[0m" 304 -
127.0.0.1 - - [21/Nov/2023 12:20:04] "[36mGET /static/js/template.js HTTP/1.1[0m" 304 -
127.0.0.1 - - [21/Nov/2023 12:20:04] "[36mGET /static/js/settings.js HTTP/1.1[0m" 304 -
127.0.0.1 - - [21/Nov/2023 12:20:04] "[36mGET /static/js/todolist.js HTTP/1.1[0m" 304 -
127.0.0.1 - - [21/Nov/2023 12:20:04] "[36mGET /static/vendors/progressbar.js/progressbar.min.js HTTP/1.1[0m" 304 -
127.0.0.1 - - [21/Nov/2023 12:20:04] "[36mGET /static/vendors/chart.js/Chart.min.js HTTP/1.1[0m" 304 -
127.0.0.1 - - [21/Nov/2023 12:20:04] "[36mGET /static/css/maps/vertical-layout-light/style.css.map HTTP/1.1[0m" 304 -
127.0.0.1 - - [21/Nov/2023 12:20:05] "[36mGET /static/images/enia.png HTTP/1.1[0m" 304 -
127.0.0.1 - - [21/Nov/2023 12:20:27] "[36mGET /static/vendors/typicons.font/font/typicons.css HTTP/1.1[0m" 304 -
127.0.0.1 - - [21/Nov/2023 12:20:28] "[36mGET /static/vendors/css/vendor.bundle.base.css HTTP/1.1[0m" 304 -
127.0.0.1 - - [21/Nov/2023 12:20:28] "[36mGET /static/css/vertical-layout-light/style.css HTTP/1.1[0m" 304 -
127.0.0.1 - - [21/Nov/2023 12:20:28] "[36mGET /static/css/maps/vertical-layout-light/style.css.map HTTP/1.1[0m" 304 -
 * Detected change in 'c:\\Users\\Gerardo\\Tirocinio\\Tirocinio\\src\\load_DB\\main_load.py', reloading
 * Detected change in 'c:\\Users\\Gerardo\\Tirocinio\\Tirocinio\\src\\load_DB\\main_load.py', reloading
 * Detected change in 'c:\\Users\\Gerardo\\Tirocinio\\Tirocinio\\src\\load_DB\\main_load.py', reloading
 * Restarting with watchdog (windowsapi)
 * Debugger is active!
 * Debugger PIN: 973-937-000
127.0.0.1 - - [21/Nov/2023 12:22:35] "GET /listaSensori HTTP/1.1" 200 -
127.0.0.1 - - [21/Nov/2023 12:22:35] "[36mGET /static/vendors/css/vendor.bundle.base.css HTTP/1.1[0m" 304 -
127.0.0.1 - - [21/Nov/2023 12:22:35] "[36mGET /static/vendors/typicons.font/font/typicons.css HTTP/1.1[0m" 304 -
127.0.0.1 - - [21/Nov/2023 12:22:35] "[36mGET /static/css/vertical-layout-light/style.css HTTP/1.1[0m" 304 -
127.0.0.1 - - [21/Nov/2023 12:22:35] "[36mGET /static/vendors/typicons.font/font/typicons.woff HTTP/1.1[0m" 304 -
127.0.0.1 - - [21/Nov/2023 12:22:35] "[36mGET /static/images/enia.png HTTP/1.1[0m" 304 -
127.0.0.1 - - [21/Nov/2023 12:22:35] "[36mGET /static/js/off-canvas.js HTTP/1.1[0m" 304 -
127.0.0.1 - - [21/Nov/2023 12:22:35] "[36mGET /static/vendors/js/vendor.bundle.base.js HTTP/1.1[0m" 304 -
127.0.0.1 - - [21/Nov/2023 12:22:35] "[36mGET /static/js/hoverable-collapse.js HTTP/1.1[0m" 304 -
127.0.0.1 - - [21/Nov/2023 12:22:35] "[33mGET /static/fonts/Roboto/Roboto-Bold.woff2 HTTP/1.1[0m" 404 -
127.0.0.1 - - [21/Nov/2023 12:22:35] "[33mGET /static/fonts/Roboto/Roboto-Regular.woff2 HTTP/1.1[0m" 404 -
127.0.0.1 - - [21/Nov/2023 12:22:35] "[33mGET /static/fonts/Roboto/Roboto-Light.woff2 HTTP/1.1[0m" 404 -
127.0.0.1 - - [21/Nov/2023 12:22:35] "[33mGET /static/fonts/Roboto/Roboto-Regular.woff HTTP/1.1[0m" 404 -
127.0.0.1 - - [21/Nov/2023 12:22:35] "[33mGET /static/fonts/Roboto/Roboto-Bold.woff HTTP/1.1[0m" 404 -
127.0.0.1 - - [21/Nov/2023 12:22:35] "[33mGET /static/fonts/Roboto/Roboto-Light.woff HTTP/1.1[0m" 404 -
127.0.0.1 - - [21/Nov/2023 12:22:36] "[33mGET /static/fonts/Roboto/Roboto-Bold.ttf HTTP/1.1[0m" 404 -
127.0.0.1 - - [21/Nov/2023 12:22:36] "[33mGET /static/fonts/Roboto/Roboto-Light.ttf HTTP/1.1[0m" 404 -
127.0.0.1 - - [21/Nov/2023 12:22:36] "[33mGET /static/fonts/Roboto/Roboto-Regular.ttf HTTP/1.1[0m" 404 -
127.0.0.1 - - [21/Nov/2023 12:22:36] "[36mGET /static/js/template.js HTTP/1.1[0m" 304 -
127.0.0.1 - - [21/Nov/2023 12:22:36] "[36mGET /static/js/settings.js HTTP/1.1[0m" 304 -
127.0.0.1 - - [21/Nov/2023 12:22:36] "[36mGET /static/js/todolist.js HTTP/1.1[0m" 304 -
127.0.0.1 - - [21/Nov/2023 12:22:36] "[36mGET /static/vendors/progressbar.js/progressbar.min.js HTTP/1.1[0m" 304 -
127.0.0.1 - - [21/Nov/2023 12:22:36] "[36mGET /static/vendors/chart.js/Chart.min.js HTTP/1.1[0m" 304 -
127.0.0.1 - - [21/Nov/2023 12:22:36] "[36mGET /static/css/maps/vertical-layout-light/style.css.map HTTP/1.1[0m" 304 -
127.0.0.1 - - [21/Nov/2023 12:22:37] "[36mGET /static/images/enia.png HTTP/1.1[0m" 304 -
 * Detected change in 'c:\\Users\\Gerardo\\Tirocinio\\Tirocinio\\src\\load_DB\\main_load.py', reloading
 * Restarting with watchdog (windowsapi)
 * Debugger is active!
 * Debugger PIN: 973-937-000
 * Detected change in 'C:\\Python311\\Lib\\site-packages\\flask_login\\__init__.py', reloading
 * Detected change in 'C:\\Python311\\Lib\\site-packages\\flask_login\\utils.py', reloading
 * Detected change in 'C:\\Python311\\Lib\\site-packages\\werkzeug\\local.py', reloading
 * Restarting with watchdog (windowsapi)
 * Debugger is active!
 * Debugger PIN: 973-937-000
 * Detected change in 'c:\\Users\\Gerardo\\Tirocinio\\Tirocinio\\src\\load_DB\\main_load.py', reloading
 * Restarting with watchdog (windowsapi)
 * Debugger is active!
 * Debugger PIN: 973-937-000
 * Detected change in 'c:\\Users\\Gerardo\\Tirocinio\\Tirocinio\\src\\load_DB\\main_load.py', reloading
 * Restarting with watchdog (windowsapi)
 * Debugger is active!
 * Debugger PIN: 973-937-000
127.0.0.1 - - [21/Nov/2023 15:52:41] "GET /listaSensori HTTP/1.1" 200 -
127.0.0.1 - - [21/Nov/2023 15:52:41] "[36mGET /static/vendors/css/vendor.bundle.base.css HTTP/1.1[0m" 304 -
127.0.0.1 - - [21/Nov/2023 15:52:41] "[36mGET /static/vendors/typicons.font/font/typicons.css HTTP/1.1[0m" 304 -
127.0.0.1 - - [21/Nov/2023 15:52:42] "[36mGET /static/css/vertical-layout-light/style.css HTTP/1.1[0m" 304 -
127.0.0.1 - - [21/Nov/2023 15:52:42] "[36mGET /static/vendors/js/vendor.bundle.base.js HTTP/1.1[0m" 304 -
127.0.0.1 - - [21/Nov/2023 15:52:42] "[33mGET /static/fonts/Roboto/Roboto-Bold.woff2 HTTP/1.1[0m" 404 -
127.0.0.1 - - [21/Nov/2023 15:52:42] "[33mGET /static/fonts/Roboto/Roboto-Light.woff2 HTTP/1.1[0m" 404 -
127.0.0.1 - - [21/Nov/2023 15:52:42] "[33mGET /static/fonts/Roboto/Roboto-Regular.woff2 HTTP/1.1[0m" 404 -
127.0.0.1 - - [21/Nov/2023 15:52:42] "[36mGET /static/vendors/typicons.font/font/typicons.woff HTTP/1.1[0m" 304 -
127.0.0.1 - - [21/Nov/2023 15:52:42] "[33mGET /static/fonts/Roboto/Roboto-Bold.woff HTTP/1.1[0m" 404 -
127.0.0.1 - - [21/Nov/2023 15:52:42] "[33mGET /static/fonts/Roboto/Roboto-Light.woff HTTP/1.1[0m" 404 -
127.0.0.1 - - [21/Nov/2023 15:52:42] "[33mGET /static/fonts/Roboto/Roboto-Regular.woff HTTP/1.1[0m" 404 -
127.0.0.1 - - [21/Nov/2023 15:52:42] "[33mGET /static/fonts/Roboto/Roboto-Bold.ttf HTTP/1.1[0m" 404 -
127.0.0.1 - - [21/Nov/2023 15:52:42] "[33mGET /static/fonts/Roboto/Roboto-Light.ttf HTTP/1.1[0m" 404 -
127.0.0.1 - - [21/Nov/2023 15:52:42] "[33mGET /static/fonts/Roboto/Roboto-Regular.ttf HTTP/1.1[0m" 404 -
127.0.0.1 - - [21/Nov/2023 15:52:42] "[36mGET /static/images/enia.png HTTP/1.1[0m" 304 -
127.0.0.1 - - [21/Nov/2023 15:52:42] "[36mGET /static/js/off-canvas.js HTTP/1.1[0m" 304 -
127.0.0.1 - - [21/Nov/2023 15:52:42] "[36mGET /static/js/hoverable-collapse.js HTTP/1.1[0m" 304 -
127.0.0.1 - - [21/Nov/2023 15:52:42] "[36mGET /static/js/template.js HTTP/1.1[0m" 304 -
127.0.0.1 - - [21/Nov/2023 15:52:42] "[36mGET /static/js/settings.js HTTP/1.1[0m" 304 -
127.0.0.1 - - [21/Nov/2023 15:52:42] "[36mGET /static/js/todolist.js HTTP/1.1[0m" 304 -
127.0.0.1 - - [21/Nov/2023 15:52:42] "[36mGET /static/vendors/progressbar.js/progressbar.min.js HTTP/1.1[0m" 304 -
127.0.0.1 - - [21/Nov/2023 15:52:42] "[36mGET /static/vendors/chart.js/Chart.min.js HTTP/1.1[0m" 304 -
127.0.0.1 - - [21/Nov/2023 15:52:43] "[36mGET /static/images/enia.png HTTP/1.1[0m" 304 -
127.0.0.1 - - [21/Nov/2023 15:52:44] "[33mGET /dettaglisensore?idsensore=655b5adfe73d643141c4602b HTTP/1.1[0m" 404 -
127.0.0.1 - - [21/Nov/2023 15:52:52] "[33mGET /dettaglisensore?idsensore=655b97834dd3a2f4de412441 HTTP/1.1[0m" 404 -
 * Detected change in 'C:\\Python311\\Lib\\site-packages\\werkzeug\\__init__.py', reloading
 * Detected change in 'C:\\Python311\\Lib\\site-packages\\flask\\blueprints.py', reloading
 * Detected change in 'C:\\Python311\\Lib\\site-packages\\jinja2\\loaders.py', reloading
 * Restarting with watchdog (windowsapi)
 * Debugger is active!
 * Debugger PIN: 973-937-000
 * Detected change in 'c:\\Users\\Gerardo\\Tirocinio\\Tirocinio\\src\\model\\sensore.py', reloading
 * Restarting with watchdog (windowsapi)
 * Debugger is active!
 * Debugger PIN: 973-937-000
 * Detected change in 'c:\\Users\\Gerardo\\Tirocinio\\Tirocinio\\src\\load_DB\\main_load.py', reloading
 * Detected change in 'c:\\Users\\Gerardo\\Tirocinio\\Tirocinio\\src\\load_DB\\main_load.py', reloading
 * Detected change in 'c:\\Users\\Gerardo\\Tirocinio\\Tirocinio\\src\\load_DB\\main_load.py', reloading
 * Restarting with watchdog (windowsapi)
 * Debugger is active!
 * Debugger PIN: 973-937-000
 * Detected change in 'c:\\Users\\Gerardo\\Tirocinio\\Tirocinio\\src\\main_route.py', reloading
 * Restarting with watchdog (windowsapi)
 * Debugger is active!
 * Debugger PIN: 973-937-000
127.0.0.1 - - [21/Nov/2023 15:57:43] "GET /listaSensori HTTP/1.1" 200 -
127.0.0.1 - - [21/Nov/2023 15:57:44] "[36mGET /static/vendors/css/vendor.bundle.base.css HTTP/1.1[0m" 304 -
127.0.0.1 - - [21/Nov/2023 15:57:44] "[36mGET /static/vendors/typicons.font/font/typicons.css HTTP/1.1[0m" 304 -
127.0.0.1 - - [21/Nov/2023 15:57:44] "[36mGET /static/images/enia.png HTTP/1.1[0m" 304 -
127.0.0.1 - - [21/Nov/2023 15:57:44] "[36mGET /static/css/vertical-layout-light/style.css HTTP/1.1[0m" 304 -
127.0.0.1 - - [21/Nov/2023 15:57:44] "[36mGET /static/vendors/js/vendor.bundle.base.js HTTP/1.1[0m" 304 -
127.0.0.1 - - [21/Nov/2023 15:57:44] "[33mGET /static/fonts/Roboto/Roboto-Bold.woff2 HTTP/1.1[0m" 404 -
127.0.0.1 - - [21/Nov/2023 15:57:44] "[36mGET /static/vendors/typicons.font/font/typicons.woff HTTP/1.1[0m" 304 -
127.0.0.1 - - [21/Nov/2023 15:57:44] "[33mGET /static/fonts/Roboto/Roboto-Light.woff2 HTTP/1.1[0m" 404 -
127.0.0.1 - - [21/Nov/2023 15:57:44] "[33mGET /static/fonts/Roboto/Roboto-Regular.woff2 HTTP/1.1[0m" 404 -
127.0.0.1 - - [21/Nov/2023 15:57:44] "[33mGET /static/fonts/Roboto/Roboto-Bold.woff HTTP/1.1[0m" 404 -
127.0.0.1 - - [21/Nov/2023 15:57:44] "[33mGET /static/fonts/Roboto/Roboto-Light.woff HTTP/1.1[0m" 404 -
127.0.0.1 - - [21/Nov/2023 15:57:44] "[33mGET /static/fonts/Roboto/Roboto-Bold.ttf HTTP/1.1[0m" 404 -
127.0.0.1 - - [21/Nov/2023 15:57:44] "[33mGET /static/fonts/Roboto/Roboto-Regular.woff HTTP/1.1[0m" 404 -
127.0.0.1 - - [21/Nov/2023 15:57:44] "[33mGET /static/fonts/Roboto/Roboto-Light.ttf HTTP/1.1[0m" 404 -
127.0.0.1 - - [21/Nov/2023 15:57:44] "[33mGET /static/fonts/Roboto/Roboto-Regular.ttf HTTP/1.1[0m" 404 -
127.0.0.1 - - [21/Nov/2023 15:57:44] "[36mGET /static/js/off-canvas.js HTTP/1.1[0m" 304 -
127.0.0.1 - - [21/Nov/2023 15:57:44] "[36mGET /static/js/hoverable-collapse.js HTTP/1.1[0m" 304 -
127.0.0.1 - - [21/Nov/2023 15:57:44] "[36mGET /static/js/template.js HTTP/1.1[0m" 304 -
127.0.0.1 - - [21/Nov/2023 15:57:44] "[36mGET /static/js/settings.js HTTP/1.1[0m" 304 -
127.0.0.1 - - [21/Nov/2023 15:57:45] "[36mGET /static/js/todolist.js HTTP/1.1[0m" 304 -
127.0.0.1 - - [21/Nov/2023 15:57:45] "[36mGET /static/vendors/progressbar.js/progressbar.min.js HTTP/1.1[0m" 304 -
127.0.0.1 - - [21/Nov/2023 15:57:45] "[36mGET /static/vendors/chart.js/Chart.min.js HTTP/1.1[0m" 304 -
127.0.0.1 - - [21/Nov/2023 15:57:45] "[36mGET /static/images/enia.png HTTP/1.1[0m" 304 -
127.0.0.1 - - [21/Nov/2023 15:57:46] "[33mGET /dettaglisensore?idsensore=655b5adfe73d643141c4602b HTTP/1.1[0m" 404 -
127.0.0.1 - - [21/Nov/2023 15:59:07] "[33mGET /dettaglisensore?idsensore=655b5adfe73d643141c4602b HTTP/1.1[0m" 404 -
127.0.0.1 - - [21/Nov/2023 15:59:09] "[33mGET /static/fonts/Roboto/Roboto-Bold.woff HTTP/1.1[0m" 404 -
127.0.0.1 - - [21/Nov/2023 15:59:10] "GET /listaSensori HTTP/1.1" 200 -
127.0.0.1 - - [21/Nov/2023 15:59:10] "[36mGET /static/vendors/typicons.font/font/typicons.css HTTP/1.1[0m" 304 -
127.0.0.1 - - [21/Nov/2023 15:59:10] "[36mGET /static/vendors/css/vendor.bundle.base.css HTTP/1.1[0m" 304 -
127.0.0.1 - - [21/Nov/2023 15:59:10] "[36mGET /static/css/vertical-layout-light/style.css HTTP/1.1[0m" 304 -
127.0.0.1 - - [21/Nov/2023 15:59:10] "[36mGET /static/images/enia.png HTTP/1.1[0m" 304 -
127.0.0.1 - - [21/Nov/2023 15:59:10] "[36mGET /static/vendors/js/vendor.bundle.base.js HTTP/1.1[0m" 304 -
127.0.0.1 - - [21/Nov/2023 15:59:10] "[36mGET /static/js/off-canvas.js HTTP/1.1[0m" 304 -
127.0.0.1 - - [21/Nov/2023 15:59:11] "[33mGET /static/fonts/Roboto/Roboto-Bold.woff2 HTTP/1.1[0m" 404 -
127.0.0.1 - - [21/Nov/2023 15:59:11] "[33mGET /static/fonts/Roboto/Roboto-Light.woff2 HTTP/1.1[0m" 404 -
127.0.0.1 - - [21/Nov/2023 15:59:11] "[33mGET /static/fonts/Roboto/Roboto-Regular.woff2 HTTP/1.1[0m" 404 -
127.0.0.1 - - [21/Nov/2023 15:59:11] "[33mGET /static/fonts/Roboto/Roboto-Bold.woff HTTP/1.1[0m" 404 -
127.0.0.1 - - [21/Nov/2023 15:59:11] "[36mGET /static/js/hoverable-collapse.js HTTP/1.1[0m" 304 -
127.0.0.1 - - [21/Nov/2023 15:59:11] "[33mGET /static/fonts/Roboto/Roboto-Light.woff HTTP/1.1[0m" 404 -
127.0.0.1 - - [21/Nov/2023 15:59:11] "[33mGET /static/fonts/Roboto/Roboto-Regular.woff HTTP/1.1[0m" 404 -
127.0.0.1 - - [21/Nov/2023 15:59:11] "[33mGET /static/fonts/Roboto/Roboto-Bold.ttf HTTP/1.1[0m" 404 -
127.0.0.1 - - [21/Nov/2023 15:59:11] "[33mGET /static/fonts/Roboto/Roboto-Light.ttf HTTP/1.1[0m" 404 -
127.0.0.1 - - [21/Nov/2023 15:59:11] "[33mGET /static/fonts/Roboto/Roboto-Regular.ttf HTTP/1.1[0m" 404 -
127.0.0.1 - - [21/Nov/2023 15:59:11] "[36mGET /static/js/template.js HTTP/1.1[0m" 304 -
127.0.0.1 - - [21/Nov/2023 15:59:11] "[36mGET /static/js/settings.js HTTP/1.1[0m" 304 -
127.0.0.1 - - [21/Nov/2023 15:59:11] "[36mGET /static/js/todolist.js HTTP/1.1[0m" 304 -
127.0.0.1 - - [21/Nov/2023 15:59:11] "[36mGET /static/vendors/progressbar.js/progressbar.min.js HTTP/1.1[0m" 304 -
127.0.0.1 - - [21/Nov/2023 15:59:11] "[36mGET /static/vendors/chart.js/Chart.min.js HTTP/1.1[0m" 304 -
127.0.0.1 - - [21/Nov/2023 15:59:12] "[36mGET /static/images/enia.png HTTP/1.1[0m" 304 -
127.0.0.1 - - [21/Nov/2023 15:59:13] "[33mGET /dettagliSensore?idsensore=655b5adfe73d643141c4602b HTTP/1.1[0m" 404 -
127.0.0.1 - - [21/Nov/2023 15:59:54] "[33mGET /dettagliSensore HTTP/1.1[0m" 404 -
127.0.0.1 - - [21/Nov/2023 16:00:15] "[33mGET /dettagliSensore HTTP/1.1[0m" 404 -
127.0.0.1 - - [21/Nov/2023 16:00:16] "[33mGET /dettagliSensore HTTP/1.1[0m" 404 -
 * Detected change in 'c:\\Users\\Gerardo\\Tirocinio\\Tirocinio\\src\\main_route.py', reloading
 * Detected change in 'c:\\Users\\Gerardo\\Tirocinio\\Tirocinio\\src\\main_route.py', reloading
 * Detected change in 'c:\\Users\\Gerardo\\Tirocinio\\Tirocinio\\src\\main_route.py', reloading
 * Restarting with watchdog (windowsapi)
 * Debugger is active!
 * Debugger PIN: 973-937-000
127.0.0.1 - - [21/Nov/2023 16:00:52] "[33mGET /dettagliSensore HTTP/1.1[0m" 404 -
 * Detected change in 'c:\\Users\\Gerardo\\Tirocinio\\Tirocinio\\src\\main_route.py', reloading
 * Detected change in 'c:\\Users\\Gerardo\\Tirocinio\\Tirocinio\\src\\main_route.py', reloading
 * Detected change in 'c:\\Users\\Gerardo\\Tirocinio\\Tirocinio\\src\\main_route.py', reloading
 * Restarting with watchdog (windowsapi)
 * Debugger is active!
 * Debugger PIN: 973-937-000
127.0.0.1 - - [21/Nov/2023 16:01:54] "[33mGET /dettagliSensore HTTP/1.1[0m" 404 -
127.0.0.1 - - [21/Nov/2023 16:01:56] "[33mGET /static/fonts/Roboto/Roboto-Regular.woff2 HTTP/1.1[0m" 404 -
127.0.0.1 - - [21/Nov/2023 16:01:56] "[33mGET /static/fonts/Roboto/Roboto-Light.woff2 HTTP/1.1[0m" 404 -
127.0.0.1 - - [21/Nov/2023 16:01:56] "[33mGET /static/fonts/Roboto/Roboto-Bold.woff HTTP/1.1[0m" 404 -
127.0.0.1 - - [21/Nov/2023 16:01:56] "[33mGET /static/fonts/Roboto/Roboto-Light.ttf HTTP/1.1[0m" 404 -
127.0.0.1 - - [21/Nov/2023 16:01:57] "[33mGET /static/fonts/Roboto/Roboto-Bold.ttf HTTP/1.1[0m" 404 -
127.0.0.1 - - [21/Nov/2023 16:02:00] "[33mGET /dettagliSensore?idsensore=655b97834dd3a2f4de412441 HTTP/1.1[0m" 404 -
 * Detected change in 'c:\\Users\\Gerardo\\Tirocinio\\Tirocinio\\src\\load_DB\\main_load.py', reloading
 * Detected change in 'c:\\Users\\Gerardo\\Tirocinio\\Tirocinio\\src\\load_DB\\main_load.py', reloading
 * Detected change in 'c:\\Users\\Gerardo\\Tirocinio\\Tirocinio\\src\\load_DB\\main_load.py', reloading
 * Restarting with watchdog (windowsapi)
 * Debugger is active!
 * Debugger PIN: 973-937-000
127.0.0.1 - - [21/Nov/2023 16:02:44] "GET /listaSensori HTTP/1.1" 200 -
127.0.0.1 - - [21/Nov/2023 16:02:44] "[36mGET /static/vendors/typicons.font/font/typicons.css HTTP/1.1[0m" 304 -
127.0.0.1 - - [21/Nov/2023 16:02:44] "[36mGET /static/vendors/css/vendor.bundle.base.css HTTP/1.1[0m" 304 -
127.0.0.1 - - [21/Nov/2023 16:02:44] "[36mGET /static/css/vertical-layout-light/style.css HTTP/1.1[0m" 304 -
127.0.0.1 - - [21/Nov/2023 16:02:44] "[36mGET /static/images/enia.png HTTP/1.1[0m" 304 -
127.0.0.1 - - [21/Nov/2023 16:02:44] "[36mGET /static/vendors/js/vendor.bundle.base.js HTTP/1.1[0m" 304 -
127.0.0.1 - - [21/Nov/2023 16:02:44] "[36mGET /static/js/off-canvas.js HTTP/1.1[0m" 304 -
127.0.0.1 - - [21/Nov/2023 16:02:44] "[36mGET /static/vendors/typicons.font/font/typicons.woff HTTP/1.1[0m" 304 -
127.0.0.1 - - [21/Nov/2023 16:02:44] "[33mGET /static/fonts/Roboto/Roboto-Bold.woff2 HTTP/1.1[0m" 404 -
127.0.0.1 - - [21/Nov/2023 16:02:44] "[33mGET /static/fonts/Roboto/Roboto-Light.woff2 HTTP/1.1[0m" 404 -
127.0.0.1 - - [21/Nov/2023 16:02:44] "[33mGET /static/fonts/Roboto/Roboto-Regular.woff2 HTTP/1.1[0m" 404 -
127.0.0.1 - - [21/Nov/2023 16:02:44] "[33mGET /static/fonts/Roboto/Roboto-Bold.woff HTTP/1.1[0m" 404 -
127.0.0.1 - - [21/Nov/2023 16:02:44] "[33mGET /static/fonts/Roboto/Roboto-Light.woff HTTP/1.1[0m" 404 -
127.0.0.1 - - [21/Nov/2023 16:02:44] "[33mGET /static/fonts/Roboto/Roboto-Regular.woff HTTP/1.1[0m" 404 -
127.0.0.1 - - [21/Nov/2023 16:02:44] "[33mGET /static/fonts/Roboto/Roboto-Bold.ttf HTTP/1.1[0m" 404 -
127.0.0.1 - - [21/Nov/2023 16:02:45] "[33mGET /static/fonts/Roboto/Roboto-Light.ttf HTTP/1.1[0m" 404 -
127.0.0.1 - - [21/Nov/2023 16:02:45] "[33mGET /static/fonts/Roboto/Roboto-Regular.ttf HTTP/1.1[0m" 404 -
127.0.0.1 - - [21/Nov/2023 16:02:45] "[36mGET /static/js/hoverable-collapse.js HTTP/1.1[0m" 304 -
127.0.0.1 - - [21/Nov/2023 16:02:45] "[36mGET /static/js/template.js HTTP/1.1[0m" 304 -
127.0.0.1 - - [21/Nov/2023 16:02:45] "[36mGET /static/js/settings.js HTTP/1.1[0m" 304 -
127.0.0.1 - - [21/Nov/2023 16:02:45] "[36mGET /static/js/todolist.js HTTP/1.1[0m" 304 -
127.0.0.1 - - [21/Nov/2023 16:02:45] "[36mGET /static/vendors/progressbar.js/progressbar.min.js HTTP/1.1[0m" 304 -
127.0.0.1 - - [21/Nov/2023 16:02:45] "[36mGET /static/vendors/chart.js/Chart.min.js HTTP/1.1[0m" 304 -
127.0.0.1 - - [21/Nov/2023 16:02:45] "[36mGET /static/images/enia.png HTTP/1.1[0m" 304 -
127.0.0.1 - - [21/Nov/2023 16:02:46] "[33mGET /dettagliSensore?idsensore=655b97834dd3a2f4de412441 HTTP/1.1[0m" 404 -
[31m[1mWARNING: This is a development server. Do not use it in a production deployment. Use a production WSGI server instead.[0m
 * Running on http://localhost:5000
[33mPress CTRL+C to quit[0m
 * Restarting with watchdog (windowsapi)
 * Debugger is active!
 * Debugger PIN: 973-937-000
127.0.0.1 - - [21/Nov/2023 16:03:11] "[33mGET /static/fonts/Roboto/Roboto-Regular.woff2 HTTP/1.1[0m" 404 -
127.0.0.1 - - [21/Nov/2023 16:03:11] "[33mGET /static/fonts/Roboto/Roboto-Regular.ttf HTTP/1.1[0m" 404 -
127.0.0.1 - - [21/Nov/2023 16:03:12] "GET /listaSensori HTTP/1.1" 200 -
127.0.0.1 - - [21/Nov/2023 16:03:12] "[36mGET /static/vendors/typicons.font/font/typicons.css HTTP/1.1[0m" 304 -
127.0.0.1 - - [21/Nov/2023 16:03:12] "[36mGET /static/css/vertical-layout-light/style.css HTTP/1.1[0m" 304 -
127.0.0.1 - - [21/Nov/2023 16:03:12] "[36mGET /static/vendors/css/vendor.bundle.base.css HTTP/1.1[0m" 304 -
127.0.0.1 - - [21/Nov/2023 16:03:12] "[36mGET /static/images/enia.png HTTP/1.1[0m" 304 -
127.0.0.1 - - [21/Nov/2023 16:03:12] "[36mGET /static/vendors/js/vendor.bundle.base.js HTTP/1.1[0m" 304 -
127.0.0.1 - - [21/Nov/2023 16:03:12] "[33mGET /static/fonts/Roboto/Roboto-Regular.woff2 HTTP/1.1[0m" 404 -
127.0.0.1 - - [21/Nov/2023 16:03:12] "[33mGET /static/fonts/Roboto/Roboto-Bold.woff2 HTTP/1.1[0m" 404 -
127.0.0.1 - - [21/Nov/2023 16:03:12] "[33mGET /static/fonts/Roboto/Roboto-Light.woff2 HTTP/1.1[0m" 404 -
127.0.0.1 - - [21/Nov/2023 16:03:12] "[33mGET /static/fonts/Roboto/Roboto-Regular.woff HTTP/1.1[0m" 404 -
127.0.0.1 - - [21/Nov/2023 16:03:12] "[33mGET /static/fonts/Roboto/Roboto-Bold.woff HTTP/1.1[0m" 404 -
127.0.0.1 - - [21/Nov/2023 16:03:13] "[36mGET /static/js/off-canvas.js HTTP/1.1[0m" 304 -
127.0.0.1 - - [21/Nov/2023 16:03:13] "[33mGET /static/fonts/Roboto/Roboto-Light.woff HTTP/1.1[0m" 404 -
127.0.0.1 - - [21/Nov/2023 16:03:13] "[33mGET /static/fonts/Roboto/Roboto-Regular.ttf HTTP/1.1[0m" 404 -
127.0.0.1 - - [21/Nov/2023 16:03:13] "[33mGET /static/fonts/Roboto/Roboto-Bold.ttf HTTP/1.1[0m" 404 -
127.0.0.1 - - [21/Nov/2023 16:03:13] "[33mGET /static/fonts/Roboto/Roboto-Light.ttf HTTP/1.1[0m" 404 -
127.0.0.1 - - [21/Nov/2023 16:03:13] "[36mGET /static/js/hoverable-collapse.js HTTP/1.1[0m" 304 -
127.0.0.1 - - [21/Nov/2023 16:03:13] "[36mGET /static/js/template.js HTTP/1.1[0m" 304 -
127.0.0.1 - - [21/Nov/2023 16:03:13] "[36mGET /static/js/settings.js HTTP/1.1[0m" 304 -
127.0.0.1 - - [21/Nov/2023 16:03:13] "[36mGET /static/js/todolist.js HTTP/1.1[0m" 304 -
127.0.0.1 - - [21/Nov/2023 16:03:13] "[36mGET /static/vendors/progressbar.js/progressbar.min.js HTTP/1.1[0m" 304 -
127.0.0.1 - - [21/Nov/2023 16:03:13] "[36mGET /static/vendors/chart.js/Chart.min.js HTTP/1.1[0m" 304 -
127.0.0.1 - - [21/Nov/2023 16:03:14] "[36mGET /static/images/enia.png HTTP/1.1[0m" 304 -
127.0.0.1 - - [21/Nov/2023 16:03:14] "[33mGET /dettagliSensore?idsensore=655b97834dd3a2f4de412441 HTTP/1.1[0m" 404 -
 * Detected change in 'c:\\Users\\Gerardo\\Tirocinio\\Tirocinio\\src\\routes.py', reloading
 * Restarting with watchdog (windowsapi)
 * Debugger is active!
 * Debugger PIN: 973-937-000
 * Detected change in 'c:\\Users\\Gerardo\\Tirocinio\\Tirocinio\\src\\main_route.py', reloading
 * Detected change in 'c:\\Users\\Gerardo\\Tirocinio\\Tirocinio\\src\\main_route.py', reloading
 * Detected change in 'C:\\Python311\\Lib\\site-packages\\flask\\helpers.py', reloading
 * Restarting with watchdog (windowsapi)
 * Debugger is active!
 * Debugger PIN: 973-937-000
 * Detected change in 'c:\\Users\\Gerardo\\Tirocinio\\Tirocinio\\src\\load_DB\\main_load.py', reloading
 * Detected change in 'c:\\Users\\Gerardo\\Tirocinio\\Tirocinio\\src\\load_DB\\main_load.py', reloading
 * Detected change in 'c:\\Users\\Gerardo\\Tirocinio\\Tirocinio\\src\\load_DB\\main_load.py', reloading
 * Restarting with watchdog (windowsapi)
 * Debugger is active!
 * Debugger PIN: 973-937-000
127.0.0.1 - - [21/Nov/2023 16:07:58] "[33mGET /dettagliSensore?idsensore=655b97834dd3a2f4de412441 HTTP/1.1[0m" 404 -
127.0.0.1 - - [21/Nov/2023 16:07:59] "[33mGET /static/fonts/Roboto/Roboto-Regular.woff HTTP/1.1[0m" 404 -
127.0.0.1 - - [21/Nov/2023 16:08:01] "[33mGET /dettagliSensore?idsensore=655b97834dd3a2f4de412441 HTTP/1.1[0m" 404 -
 * Detected change in 'C:\\Python311\\Lib\\typing.py', reloading
 * Restarting with watchdog (windowsapi)
 * Debugger is active!
 * Debugger PIN: 973-937-000
 * Detected change in 'c:\\Users\\Gerardo\\Tirocinio\\Tirocinio\\src\\load_DB\\main_load.py', reloading
 * Detected change in 'c:\\Users\\Gerardo\\Tirocinio\\Tirocinio\\src\\load_DB\\main_load.py', reloading
 * Detected change in 'c:\\Users\\Gerardo\\Tirocinio\\Tirocinio\\src\\load_DB\\main_load.py', reloading
 * Detected change in 'c:\\Users\\Gerardo\\Tirocinio\\Tirocinio\\src\\load_DB\\main_load.py', reloading
 * Restarting with watchdog (windowsapi)
 * Debugger is active!
 * Debugger PIN: 973-937-000
 * Detected change in 'c:\\Users\\Gerardo\\Tirocinio\\Tirocinio\\src\\main_route.py', reloading
 * Detected change in 'c:\\Users\\Gerardo\\Tirocinio\\Tirocinio\\src\\main_route.py', reloading
 * Detected change in 'c:\\Users\\Gerardo\\Tirocinio\\Tirocinio\\src\\main_route.py', reloading
 * Restarting with watchdog (windowsapi)
 * Debugger is active!
 * Debugger PIN: 973-937-000
127.0.0.1 - - [21/Nov/2023 16:09:24] "GET /listaSensori HTTP/1.1" 200 -
127.0.0.1 - - [21/Nov/2023 16:09:24] "[36mGET /static/vendors/typicons.font/font/typicons.css HTTP/1.1[0m" 304 -
127.0.0.1 - - [21/Nov/2023 16:09:24] "[36mGET /static/vendors/css/vendor.bundle.base.css HTTP/1.1[0m" 304 -
127.0.0.1 - - [21/Nov/2023 16:09:25] "[36mGET /static/css/vertical-layout-light/style.css HTTP/1.1[0m" 304 -
127.0.0.1 - - [21/Nov/2023 16:09:25] "[36mGET /static/images/enia.png HTTP/1.1[0m" 304 -
127.0.0.1 - - [21/Nov/2023 16:09:25] "[36mGET /static/vendors/js/vendor.bundle.base.js HTTP/1.1[0m" 304 -
127.0.0.1 - - [21/Nov/2023 16:09:25] "[36mGET /static/vendors/typicons.font/font/typicons.woff HTTP/1.1[0m" 304 -
127.0.0.1 - - [21/Nov/2023 16:09:25] "[33mGET /static/fonts/Roboto/Roboto-Bold.woff2 HTTP/1.1[0m" 404 -
127.0.0.1 - - [21/Nov/2023 16:09:25] "[33mGET /static/fonts/Roboto/Roboto-Light.woff2 HTTP/1.1[0m" 404 -
127.0.0.1 - - [21/Nov/2023 16:09:25] "[33mGET /static/fonts/Roboto/Roboto-Regular.woff2 HTTP/1.1[0m" 404 -
127.0.0.1 - - [21/Nov/2023 16:09:25] "[33mGET /static/fonts/Roboto/Roboto-Bold.woff HTTP/1.1[0m" 404 -
127.0.0.1 - - [21/Nov/2023 16:09:25] "[33mGET /static/fonts/Roboto/Roboto-Light.woff HTTP/1.1[0m" 404 -
127.0.0.1 - - [21/Nov/2023 16:09:25] "[33mGET /static/fonts/Roboto/Roboto-Regular.woff HTTP/1.1[0m" 404 -
127.0.0.1 - - [21/Nov/2023 16:09:25] "[33mGET /static/fonts/Roboto/Roboto-Bold.ttf HTTP/1.1[0m" 404 -
127.0.0.1 - - [21/Nov/2023 16:09:25] "[33mGET /static/fonts/Roboto/Roboto-Light.ttf HTTP/1.1[0m" 404 -
127.0.0.1 - - [21/Nov/2023 16:09:25] "[33mGET /static/fonts/Roboto/Roboto-Regular.ttf HTTP/1.1[0m" 404 -
127.0.0.1 - - [21/Nov/2023 16:09:25] "[36mGET /static/js/off-canvas.js HTTP/1.1[0m" 304 -
127.0.0.1 - - [21/Nov/2023 16:09:25] "[36mGET /static/js/hoverable-collapse.js HTTP/1.1[0m" 304 -
127.0.0.1 - - [21/Nov/2023 16:09:25] "[36mGET /static/js/template.js HTTP/1.1[0m" 304 -
127.0.0.1 - - [21/Nov/2023 16:09:25] "[36mGET /static/js/settings.js HTTP/1.1[0m" 304 -
127.0.0.1 - - [21/Nov/2023 16:09:25] "[36mGET /static/js/todolist.js HTTP/1.1[0m" 304 -
127.0.0.1 - - [21/Nov/2023 16:09:25] "[36mGET /static/vendors/progressbar.js/progressbar.min.js HTTP/1.1[0m" 304 -
127.0.0.1 - - [21/Nov/2023 16:09:25] "[36mGET /static/vendors/chart.js/Chart.min.js HTTP/1.1[0m" 304 -
 * Detected change in 'C:\\Python311\\Lib\\site-packages\\flask\\app.py', reloading
 * Detected change in 'C:\\Python311\\Lib\\site-packages\\flask\\templating.py', reloading
 * Detected change in 'C:\\Python311\\Lib\\site-packages\\jinja2\\environment.py', reloading
127.0.0.1 - - [21/Nov/2023 16:09:27] "[35m[1mGET /dettagliSensore?idsensore=655b97834dd3a2f4de412441 HTTP/1.1[0m" 500 -
127.0.0.1 - - [21/Nov/2023 16:09:27] "GET /dettagliSensore?__debugger__=yes&cmd=resource&f=style.css HTTP/1.1" 200 -
127.0.0.1 - - [21/Nov/2023 16:09:27] "GET /dettagliSensore?__debugger__=yes&cmd=resource&f=debugger.js HTTP/1.1" 200 -
127.0.0.1 - - [21/Nov/2023 16:09:28] "GET /dettagliSensore?__debugger__=yes&cmd=resource&f=console.png HTTP/1.1" 200 -
127.0.0.1 - - [21/Nov/2023 16:09:28] "[36mGET /dettagliSensore?__debugger__=yes&cmd=resource&f=console.png HTTP/1.1[0m" 304 -
 * Restarting with watchdog (windowsapi)
 * Debugger is active!
 * Debugger PIN: 973-937-000
 * Detected change in 'c:\\Users\\Gerardo\\Tirocinio\\Tirocinio\\src\\main_route.py', reloading
 * Detected change in 'c:\\Users\\Gerardo\\Tirocinio\\Tirocinio\\src\\main_route.py', reloading
 * Detected change in 'c:\\Users\\Gerardo\\Tirocinio\\Tirocinio\\src\\main_route.py', reloading
 * Restarting with watchdog (windowsapi)
 * Debugger is active!
 * Debugger PIN: 973-937-000
 * Detected change in 'c:\\Users\\Gerardo\\Tirocinio\\Tirocinio\\src\\main_route.py', reloading
 * Detected change in 'c:\\Users\\Gerardo\\Tirocinio\\Tirocinio\\src\\main_route.py', reloading
 * Detected change in 'c:\\Users\\Gerardo\\Tirocinio\\Tirocinio\\src\\main_route.py', reloading
 * Restarting with watchdog (windowsapi)
 * Debugger is active!
 * Debugger PIN: 973-937-000
127.0.0.1 - - [21/Nov/2023 16:11:08] "[35m[1mGET /dettagliSensore?idsensore=655b97834dd3a2f4de412441 HTTP/1.1[0m" 500 -
127.0.0.1 - - [21/Nov/2023 16:11:08] "[36mGET /dettagliSensore?__debugger__=yes&cmd=resource&f=style.css HTTP/1.1[0m" 304 -
127.0.0.1 - - [21/Nov/2023 16:11:08] "[36mGET /dettagliSensore?__debugger__=yes&cmd=resource&f=debugger.js HTTP/1.1[0m" 304 -
127.0.0.1 - - [21/Nov/2023 16:11:08] "[36mGET /dettagliSensore?__debugger__=yes&cmd=resource&f=console.png HTTP/1.1[0m" 304 -
127.0.0.1 - - [21/Nov/2023 16:11:08] "[36mGET /dettagliSensore?__debugger__=yes&cmd=resource&f=console.png HTTP/1.1[0m" 304 -
 * Detected change in 'c:\\Users\\Gerardo\\Tirocinio\\Tirocinio\\src\\main_route.py', reloading
 * Detected change in 'c:\\Users\\Gerardo\\Tirocinio\\Tirocinio\\src\\main_route.py', reloading
 * Detected change in 'c:\\Users\\Gerardo\\Tirocinio\\Tirocinio\\src\\main_route.py', reloading
 * Detected change in 'c:\\Users\\Gerardo\\Tirocinio\\Tirocinio\\src\\main_route.py', reloading
 * Restarting with watchdog (windowsapi)
 * Debugger is active!
 * Debugger PIN: 973-937-000
127.0.0.1 - - [21/Nov/2023 16:12:13] "[35m[1mGET /dettagliSensore?idsensore=655b97834dd3a2f4de412441 HTTP/1.1[0m" 500 -
127.0.0.1 - - [21/Nov/2023 16:12:13] "[36mGET /dettagliSensore?__debugger__=yes&cmd=resource&f=style.css HTTP/1.1[0m" 304 -
127.0.0.1 - - [21/Nov/2023 16:12:13] "[36mGET /dettagliSensore?__debugger__=yes&cmd=resource&f=debugger.js HTTP/1.1[0m" 304 -
127.0.0.1 - - [21/Nov/2023 16:12:13] "[36mGET /dettagliSensore?__debugger__=yes&cmd=resource&f=console.png HTTP/1.1[0m" 304 -
127.0.0.1 - - [21/Nov/2023 16:12:14] "[36mGET /dettagliSensore?__debugger__=yes&cmd=resource&f=console.png HTTP/1.1[0m" 304 -
 * Detected change in 'c:\\Users\\Gerardo\\Tirocinio\\Tirocinio\\src\\main_route.py', reloading
 * Detected change in 'c:\\Users\\Gerardo\\Tirocinio\\Tirocinio\\src\\main_route.py', reloading
 * Detected change in 'c:\\Users\\Gerardo\\Tirocinio\\Tirocinio\\src\\main_route.py', reloading
 * Restarting with watchdog (windowsapi)
 * Debugger is active!
 * Debugger PIN: 973-937-000
 * Detected change in 'C:\\Python311\\Lib\\site-packages\\jinja2\\filters.py', reloading
 * Detected change in 'C:\\Python311\\Lib\\site-packages\\jinja2\\utils.py', reloading
 * Detected change in 'C:\\Python311\\Lib\\site-packages\\flask\\json\\provider.py', reloading
 * Detected change in 'C:\\Python311\\Lib\\json\\__init__.py', reloading
 * Detected change in 'C:\\Python311\\Lib\\json\\encoder.py', reloading
127.0.0.1 - - [21/Nov/2023 16:12:34] "[35m[1mGET /dettagliSensore?idsensore=655b97834dd3a2f4de412441 HTTP/1.1[0m" 500 -
127.0.0.1 - - [21/Nov/2023 16:12:34] "[36mGET /dettagliSensore?__debugger__=yes&cmd=resource&f=debugger.js HTTP/1.1[0m" 304 -
127.0.0.1 - - [21/Nov/2023 16:12:34] "[36mGET /dettagliSensore?__debugger__=yes&cmd=resource&f=style.css HTTP/1.1[0m" 304 -
127.0.0.1 - - [21/Nov/2023 16:12:35] "[36mGET /dettagliSensore?__debugger__=yes&cmd=resource&f=console.png HTTP/1.1[0m" 304 -
127.0.0.1 - - [21/Nov/2023 16:12:35] "[36mGET /dettagliSensore?__debugger__=yes&cmd=resource&f=console.png HTTP/1.1[0m" 304 -
 * Restarting with watchdog (windowsapi)
 * Debugger is active!
 * Debugger PIN: 973-937-000
 * Detected change in 'c:\\Users\\Gerardo\\Tirocinio\\Tirocinio\\src\\main_route.py', reloading
 * Detected change in 'c:\\Users\\Gerardo\\Tirocinio\\Tirocinio\\src\\main_route.py', reloading
 * Detected change in 'c:\\Users\\Gerardo\\Tirocinio\\Tirocinio\\src\\main_route.py', reloading
 * Detected change in 'c:\\Users\\Gerardo\\Tirocinio\\Tirocinio\\src\\main_route.py', reloading
 * Restarting with watchdog (windowsapi)
 * Debugger is active!
 * Debugger PIN: 973-937-000
127.0.0.1 - - [21/Nov/2023 16:14:01] "GET /dettagliSensore?idsensore=655b97834dd3a2f4de412441 HTTP/1.1" 200 -
127.0.0.1 - - [21/Nov/2023 16:14:01] "[36mGET /static/vendors/css/vendor.bundle.base.css HTTP/1.1[0m" 304 -
127.0.0.1 - - [21/Nov/2023 16:14:01] "[36mGET /static/vendors/typicons.font/font/typicons.css HTTP/1.1[0m" 304 -
127.0.0.1 - - [21/Nov/2023 16:14:01] "[36mGET /static/css/vertical-layout-light/style.css HTTP/1.1[0m" 304 -
127.0.0.1 - - [21/Nov/2023 16:14:01] "[36mGET /static/vendors/js/vendor.bundle.base.js HTTP/1.1[0m" 304 -
127.0.0.1 - - [21/Nov/2023 16:14:01] "[33mGET /static/fonts/Roboto/Roboto-Light.woff2 HTTP/1.1[0m" 404 -
127.0.0.1 - - [21/Nov/2023 16:14:01] "[33mGET /static/fonts/Roboto/Roboto-Regular.woff2 HTTP/1.1[0m" 404 -
127.0.0.1 - - [21/Nov/2023 16:14:02] "[33mGET /static/fonts/Roboto/Roboto-Bold.woff2 HTTP/1.1[0m" 404 -
127.0.0.1 - - [21/Nov/2023 16:14:02] "[36mGET /static/vendors/typicons.font/font/typicons.woff HTTP/1.1[0m" 304 -
127.0.0.1 - - [21/Nov/2023 16:14:02] "[33mGET /static/fonts/Roboto/Roboto-Regular.woff HTTP/1.1[0m" 404 -
127.0.0.1 - - [21/Nov/2023 16:14:02] "[33mGET /static/fonts/Roboto/Roboto-Light.woff HTTP/1.1[0m" 404 -
127.0.0.1 - - [21/Nov/2023 16:14:02] "[33mGET /static/fonts/Roboto/Roboto-Bold.woff HTTP/1.1[0m" 404 -
127.0.0.1 - - [21/Nov/2023 16:14:02] "[33mGET /static/fonts/Roboto/Roboto-Regular.ttf HTTP/1.1[0m" 404 -
127.0.0.1 - - [21/Nov/2023 16:14:02] "[33mGET /static/fonts/Roboto/Roboto-Light.ttf HTTP/1.1[0m" 404 -
127.0.0.1 - - [21/Nov/2023 16:14:02] "[33mGET /static/fonts/Roboto/Roboto-Bold.ttf HTTP/1.1[0m" 404 -
127.0.0.1 - - [21/Nov/2023 16:14:02] "[36mGET /static/images/enia.png HTTP/1.1[0m" 304 -
127.0.0.1 - - [21/Nov/2023 16:14:02] "[36mGET /static/js/off-canvas.js HTTP/1.1[0m" 304 -
127.0.0.1 - - [21/Nov/2023 16:14:02] "[36mGET /static/js/hoverable-collapse.js HTTP/1.1[0m" 304 -
127.0.0.1 - - [21/Nov/2023 16:14:02] "[36mGET /static/js/template.js HTTP/1.1[0m" 304 -
127.0.0.1 - - [21/Nov/2023 16:14:02] "[36mGET /static/js/settings.js HTTP/1.1[0m" 304 -
127.0.0.1 - - [21/Nov/2023 16:14:02] "[36mGET /static/js/todolist.js HTTP/1.1[0m" 304 -
127.0.0.1 - - [21/Nov/2023 16:14:02] "[36mGET /static/vendors/progressbar.js/progressbar.min.js HTTP/1.1[0m" 304 -
127.0.0.1 - - [21/Nov/2023 16:14:02] "[36mGET /static/vendors/chart.js/Chart.min.js HTTP/1.1[0m" 304 -
127.0.0.1 - - [21/Nov/2023 16:14:03] "[36mGET /static/images/enia.png HTTP/1.1[0m" 304 -
127.0.0.1 - - [21/Nov/2023 16:14:46] "[36mGET /static/vendors/typicons.font/font/typicons.css HTTP/1.1[0m" 304 -
127.0.0.1 - - [21/Nov/2023 16:14:46] "[36mGET /static/vendors/css/vendor.bundle.base.css HTTP/1.1[0m" 304 -
127.0.0.1 - - [21/Nov/2023 16:14:46] "[36mGET /static/css/vertical-layout-light/style.css HTTP/1.1[0m" 304 -
127.0.0.1 - - [21/Nov/2023 16:14:46] "GET /static/css/maps/vertical-layout-light/style.css.map HTTP/1.1" 200 -
[31m[1mWARNING: This is a development server. Do not use it in a production deployment. Use a production WSGI server instead.[0m
 * Running on http://localhost:5000
[33mPress CTRL+C to quit[0m
 * Restarting with watchdog (windowsapi)
 * Debugger is active!
 * Debugger PIN: 973-937-000
127.0.0.1 - - [21/Nov/2023 17:45:04] "[33mGET /visualizzaTerreni HTTP/1.1[0m" 404 -
127.0.0.1 - - [21/Nov/2023 17:45:05] "GET /listaSensori HTTP/1.1" 200 -
127.0.0.1 - - [21/Nov/2023 17:45:06] "[36mGET /static/vendors/typicons.font/font/typicons.css HTTP/1.1[0m" 304 -
127.0.0.1 - - [21/Nov/2023 17:45:06] "[36mGET /static/images/enia.png HTTP/1.1[0m" 304 -
127.0.0.1 - - [21/Nov/2023 17:45:06] "[36mGET /static/vendors/css/vendor.bundle.base.css HTTP/1.1[0m" 304 -
127.0.0.1 - - [21/Nov/2023 17:45:06] "[36mGET /static/css/vertical-layout-light/style.css HTTP/1.1[0m" 304 -
127.0.0.1 - - [21/Nov/2023 17:45:06] "[36mGET /static/vendors/js/vendor.bundle.base.js HTTP/1.1[0m" 304 -
127.0.0.1 - - [21/Nov/2023 17:45:06] "[36mGET /static/js/off-canvas.js HTTP/1.1[0m" 304 -
127.0.0.1 - - [21/Nov/2023 17:45:06] "[33mGET /static/fonts/Roboto/Roboto-Bold.woff2 HTTP/1.1[0m" 404 -
127.0.0.1 - - [21/Nov/2023 17:45:06] "[33mGET /static/fonts/Roboto/Roboto-Light.woff2 HTTP/1.1[0m" 404 -
127.0.0.1 - - [21/Nov/2023 17:45:06] "[33mGET /static/fonts/Roboto/Roboto-Regular.woff2 HTTP/1.1[0m" 404 -
127.0.0.1 - - [21/Nov/2023 17:45:06] "[36mGET /static/vendors/typicons.font/font/typicons.woff HTTP/1.1[0m" 304 -
127.0.0.1 - - [21/Nov/2023 17:45:06] "[33mGET /static/fonts/Roboto/Roboto-Bold.woff HTTP/1.1[0m" 404 -
127.0.0.1 - - [21/Nov/2023 17:45:06] "[36mGET /static/js/hoverable-collapse.js HTTP/1.1[0m" 304 -
127.0.0.1 - - [21/Nov/2023 17:45:06] "[33mGET /static/fonts/Roboto/Roboto-Light.woff HTTP/1.1[0m" 404 -
127.0.0.1 - - [21/Nov/2023 17:45:06] "[33mGET /static/fonts/Roboto/Roboto-Regular.woff HTTP/1.1[0m" 404 -
127.0.0.1 - - [21/Nov/2023 17:45:06] "[33mGET /static/fonts/Roboto/Roboto-Bold.ttf HTTP/1.1[0m" 404 -
127.0.0.1 - - [21/Nov/2023 17:45:06] "[33mGET /static/fonts/Roboto/Roboto-Light.ttf HTTP/1.1[0m" 404 -
127.0.0.1 - - [21/Nov/2023 17:45:06] "[33mGET /static/fonts/Roboto/Roboto-Regular.ttf HTTP/1.1[0m" 404 -
127.0.0.1 - - [21/Nov/2023 17:45:06] "[36mGET /static/js/template.js HTTP/1.1[0m" 304 -
127.0.0.1 - - [21/Nov/2023 17:45:06] "[36mGET /static/js/settings.js HTTP/1.1[0m" 304 -
127.0.0.1 - - [21/Nov/2023 17:45:07] "[36mGET /static/js/todolist.js HTTP/1.1[0m" 304 -
127.0.0.1 - - [21/Nov/2023 17:45:07] "[36mGET /static/vendors/progressbar.js/progressbar.min.js HTTP/1.1[0m" 304 -
127.0.0.1 - - [21/Nov/2023 17:45:07] "[36mGET /static/vendors/chart.js/Chart.min.js HTTP/1.1[0m" 304 -
127.0.0.1 - - [21/Nov/2023 17:45:10] "[35m[1mGET /dettagliSensore?idsensore=655b97834dd3a2f4de412441 HTTP/1.1[0m" 500 -
127.0.0.1 - - [21/Nov/2023 17:45:11] "[36mGET /dettagliSensore?__debugger__=yes&cmd=resource&f=style.css HTTP/1.1[0m" 304 -
127.0.0.1 - - [21/Nov/2023 17:45:11] "[36mGET /dettagliSensore?__debugger__=yes&cmd=resource&f=debugger.js HTTP/1.1[0m" 304 -
127.0.0.1 - - [21/Nov/2023 17:45:11] "[36mGET /dettagliSensore?__debugger__=yes&cmd=resource&f=console.png HTTP/1.1[0m" 304 -
127.0.0.1 - - [21/Nov/2023 17:45:11] "[36mGET /dettagliSensore?__debugger__=yes&cmd=resource&f=console.png HTTP/1.1[0m" 304 -
127.0.0.1 - - [21/Nov/2023 17:46:57] "GET /dettagliSensore?idsensore=655b97834dd3a2f4de412441 HTTP/1.1" 200 -
127.0.0.1 - - [21/Nov/2023 17:46:58] "[36mGET /static/vendors/typicons.font/font/typicons.css HTTP/1.1[0m" 304 -
127.0.0.1 - - [21/Nov/2023 17:46:58] "[36mGET /static/vendors/css/vendor.bundle.base.css HTTP/1.1[0m" 304 -
127.0.0.1 - - [21/Nov/2023 17:46:58] "[36mGET /static/css/vertical-layout-light/style.css HTTP/1.1[0m" 304 -
127.0.0.1 - - [21/Nov/2023 17:46:58] "[36mGET /static/vendors/js/vendor.bundle.base.js HTTP/1.1[0m" 304 -
127.0.0.1 - - [21/Nov/2023 17:46:58] "[36mGET /static/images/enia.png HTTP/1.1[0m" 304 -
127.0.0.1 - - [21/Nov/2023 17:46:58] "[36mGET /static/js/off-canvas.js HTTP/1.1[0m" 304 -
127.0.0.1 - - [21/Nov/2023 17:46:58] "[36mGET /static/js/hoverable-collapse.js HTTP/1.1[0m" 304 -
127.0.0.1 - - [21/Nov/2023 17:46:58] "[36mGET /static/js/template.js HTTP/1.1[0m" 304 -
127.0.0.1 - - [21/Nov/2023 17:46:58] "[33mGET /static/fonts/Roboto/Roboto-Regular.woff2 HTTP/1.1[0m" 404 -
127.0.0.1 - - [21/Nov/2023 17:46:58] "[33mGET /static/fonts/Roboto/Roboto-Bold.woff2 HTTP/1.1[0m" 404 -
127.0.0.1 - - [21/Nov/2023 17:46:58] "[36mGET /static/vendors/typicons.font/font/typicons.woff HTTP/1.1[0m" 304 -
127.0.0.1 - - [21/Nov/2023 17:46:58] "[33mGET /static/fonts/Roboto/Roboto-Light.woff2 HTTP/1.1[0m" 404 -
127.0.0.1 - - [21/Nov/2023 17:46:58] "[33mGET /static/fonts/Roboto/Roboto-Regular.woff HTTP/1.1[0m" 404 -
127.0.0.1 - - [21/Nov/2023 17:46:58] "[33mGET /static/fonts/Roboto/Roboto-Bold.woff HTTP/1.1[0m" 404 -
127.0.0.1 - - [21/Nov/2023 17:46:59] "[33mGET /static/fonts/Roboto/Roboto-Regular.ttf HTTP/1.1[0m" 404 -
127.0.0.1 - - [21/Nov/2023 17:46:59] "[33mGET /static/fonts/Roboto/Roboto-Light.woff HTTP/1.1[0m" 404 -
127.0.0.1 - - [21/Nov/2023 17:46:59] "[33mGET /static/fonts/Roboto/Roboto-Bold.ttf HTTP/1.1[0m" 404 -
127.0.0.1 - - [21/Nov/2023 17:46:59] "[33mGET /static/fonts/Roboto/Roboto-Light.ttf HTTP/1.1[0m" 404 -
127.0.0.1 - - [21/Nov/2023 17:46:59] "[36mGET /static/js/settings.js HTTP/1.1[0m" 304 -
127.0.0.1 - - [21/Nov/2023 17:46:59] "[36mGET /static/js/todolist.js HTTP/1.1[0m" 304 -
127.0.0.1 - - [21/Nov/2023 17:46:59] "[36mGET /static/vendors/progressbar.js/progressbar.min.js HTTP/1.1[0m" 304 -
127.0.0.1 - - [21/Nov/2023 17:46:59] "[36mGET /static/vendors/chart.js/Chart.min.js HTTP/1.1[0m" 304 -
127.0.0.1 - - [21/Nov/2023 17:46:59] "[36mGET /static/images/enia.png HTTP/1.1[0m" 304 -
 * Detected change in 'C:\\Python311\\Lib\\site-packages\\bson\\raw_bson.py', reloading
 * Detected change in 'C:\\Python311\\Lib\\site-packages\\pymongo\\client_session.py', reloading
 * Detected change in 'C:\\Python311\\Lib\\site-packages\\pymongo\\results.py', reloading
 * Restarting with watchdog (windowsapi)
 * Debugger is active!
 * Debugger PIN: 973-937-000
 * Detected change in 'c:\\Users\\Gerardo\\Tirocinio\\Tirocinio\\src\\load_DB\\main_load.py', reloading
 * Detected change in 'c:\\Users\\Gerardo\\Tirocinio\\Tirocinio\\src\\load_DB\\main_load.py', reloading
 * Detected change in 'c:\\Users\\Gerardo\\Tirocinio\\Tirocinio\\src\\load_DB\\main_load.py', reloading
 * Detected change in 'c:\\Users\\Gerardo\\Tirocinio\\Tirocinio\\src\\load_DB\\main_load.py', reloading
 * Restarting with watchdog (windowsapi)
 * Debugger is active!
 * Debugger PIN: 973-937-000
127.0.0.1 - - [21/Nov/2023 17:49:19] "GET /dettagliSensore?idsensore=655b97834dd3a2f4de412441 HTTP/1.1" 200 -
127.0.0.1 - - [21/Nov/2023 17:49:20] "[36mGET /static/vendors/css/vendor.bundle.base.css HTTP/1.1[0m" 304 -
127.0.0.1 - - [21/Nov/2023 17:49:20] "[36mGET /static/vendors/typicons.font/font/typicons.css HTTP/1.1[0m" 304 -
127.0.0.1 - - [21/Nov/2023 17:49:20] "[36mGET /static/css/vertical-layout-light/style.css HTTP/1.1[0m" 304 -
127.0.0.1 - - [21/Nov/2023 17:49:20] "[36mGET /static/images/enia.png HTTP/1.1[0m" 304 -
127.0.0.1 - - [21/Nov/2023 17:49:20] "[36mGET /static/vendors/js/vendor.bundle.base.js HTTP/1.1[0m" 304 -
127.0.0.1 - - [21/Nov/2023 17:49:20] "[36mGET /static/vendors/typicons.font/font/typicons.woff HTTP/1.1[0m" 304 -
127.0.0.1 - - [21/Nov/2023 17:49:20] "[33mGET /static/fonts/Roboto/Roboto-Bold.woff2 HTTP/1.1[0m" 404 -
127.0.0.1 - - [21/Nov/2023 17:49:20] "[33mGET /static/fonts/Roboto/Roboto-Light.woff2 HTTP/1.1[0m" 404 -
127.0.0.1 - - [21/Nov/2023 17:49:20] "[33mGET /static/fonts/Roboto/Roboto-Regular.woff2 HTTP/1.1[0m" 404 -
127.0.0.1 - - [21/Nov/2023 17:49:20] "[33mGET /static/fonts/Roboto/Roboto-Bold.woff HTTP/1.1[0m" 404 -
127.0.0.1 - - [21/Nov/2023 17:49:20] "[33mGET /static/fonts/Roboto/Roboto-Light.woff HTTP/1.1[0m" 404 -
127.0.0.1 - - [21/Nov/2023 17:49:20] "[33mGET /static/fonts/Roboto/Roboto-Regular.woff HTTP/1.1[0m" 404 -
127.0.0.1 - - [21/Nov/2023 17:49:20] "[33mGET /static/fonts/Roboto/Roboto-Bold.ttf HTTP/1.1[0m" 404 -
127.0.0.1 - - [21/Nov/2023 17:49:20] "[33mGET /static/fonts/Roboto/Roboto-Light.ttf HTTP/1.1[0m" 404 -
127.0.0.1 - - [21/Nov/2023 17:49:20] "[33mGET /static/fonts/Roboto/Roboto-Regular.ttf HTTP/1.1[0m" 404 -
127.0.0.1 - - [21/Nov/2023 17:49:20] "[36mGET /static/js/hoverable-collapse.js HTTP/1.1[0m" 304 -
127.0.0.1 - - [21/Nov/2023 17:49:20] "[36mGET /static/js/off-canvas.js HTTP/1.1[0m" 304 -
127.0.0.1 - - [21/Nov/2023 17:49:21] "[36mGET /static/js/template.js HTTP/1.1[0m" 304 -
127.0.0.1 - - [21/Nov/2023 17:49:21] "[36mGET /static/js/settings.js HTTP/1.1[0m" 304 -
127.0.0.1 - - [21/Nov/2023 17:49:21] "[36mGET /static/js/todolist.js HTTP/1.1[0m" 304 -
127.0.0.1 - - [21/Nov/2023 17:49:21] "[36mGET /static/vendors/progressbar.js/progressbar.min.js HTTP/1.1[0m" 304 -
127.0.0.1 - - [21/Nov/2023 17:49:21] "[36mGET /static/vendors/chart.js/Chart.min.js HTTP/1.1[0m" 304 -
127.0.0.1 - - [21/Nov/2023 17:49:21] "[36mGET /static/images/enia.png HTTP/1.1[0m" 304 -
[31m[1mWARNING: This is a development server. Do not use it in a production deployment. Use a production WSGI server instead.[0m
 * Running on http://localhost:5000
[33mPress CTRL+C to quit[0m
 * Restarting with watchdog (windowsapi)
 * Debugger is active!
 * Debugger PIN: 973-937-000
127.0.0.1 - - [21/Nov/2023 17:49:44] "GET /dettagliSensore?idsensore=655b97834dd3a2f4de412441 HTTP/1.1" 200 -
127.0.0.1 - - [21/Nov/2023 17:49:44] "[36mGET /static/vendors/typicons.font/font/typicons.css HTTP/1.1[0m" 304 -
127.0.0.1 - - [21/Nov/2023 17:49:44] "[36mGET /static/vendors/css/vendor.bundle.base.css HTTP/1.1[0m" 304 -
127.0.0.1 - - [21/Nov/2023 17:49:44] "[36mGET /static/css/vertical-layout-light/style.css HTTP/1.1[0m" 304 -
127.0.0.1 - - [21/Nov/2023 17:49:44] "[36mGET /static/vendors/js/vendor.bundle.base.js HTTP/1.1[0m" 304 -
127.0.0.1 - - [21/Nov/2023 17:49:44] "[36mGET /static/images/enia.png HTTP/1.1[0m" 304 -
127.0.0.1 - - [21/Nov/2023 17:49:44] "[36mGET /static/js/off-canvas.js HTTP/1.1[0m" 304 -
127.0.0.1 - - [21/Nov/2023 17:49:44] "[36mGET /static/vendors/typicons.font/font/typicons.woff HTTP/1.1[0m" 304 -
127.0.0.1 - - [21/Nov/2023 17:49:44] "[33mGET /static/fonts/Roboto/Roboto-Light.woff2 HTTP/1.1[0m" 404 -
127.0.0.1 - - [21/Nov/2023 17:49:44] "[33mGET /static/fonts/Roboto/Roboto-Bold.woff2 HTTP/1.1[0m" 404 -
127.0.0.1 - - [21/Nov/2023 17:49:44] "[33mGET /static/fonts/Roboto/Roboto-Regular.woff2 HTTP/1.1[0m" 404 -
127.0.0.1 - - [21/Nov/2023 17:49:44] "[33mGET /static/fonts/Roboto/Roboto-Light.woff HTTP/1.1[0m" 404 -
127.0.0.1 - - [21/Nov/2023 17:49:44] "[33mGET /static/fonts/Roboto/Roboto-Bold.woff HTTP/1.1[0m" 404 -
127.0.0.1 - - [21/Nov/2023 17:49:44] "[33mGET /static/fonts/Roboto/Roboto-Regular.woff HTTP/1.1[0m" 404 -
127.0.0.1 - - [21/Nov/2023 17:49:44] "[33mGET /static/fonts/Roboto/Roboto-Light.ttf HTTP/1.1[0m" 404 -
127.0.0.1 - - [21/Nov/2023 17:49:45] "[33mGET /static/fonts/Roboto/Roboto-Bold.ttf HTTP/1.1[0m" 404 -
127.0.0.1 - - [21/Nov/2023 17:49:45] "[33mGET /static/fonts/Roboto/Roboto-Regular.ttf HTTP/1.1[0m" 404 -
127.0.0.1 - - [21/Nov/2023 17:49:45] "[36mGET /static/js/hoverable-collapse.js HTTP/1.1[0m" 304 -
127.0.0.1 - - [21/Nov/2023 17:49:45] "[36mGET /static/js/template.js HTTP/1.1[0m" 304 -
127.0.0.1 - - [21/Nov/2023 17:49:45] "[36mGET /static/js/settings.js HTTP/1.1[0m" 304 -
127.0.0.1 - - [21/Nov/2023 17:49:45] "[36mGET /static/js/todolist.js HTTP/1.1[0m" 304 -
127.0.0.1 - - [21/Nov/2023 17:49:45] "[36mGET /static/vendors/progressbar.js/progressbar.min.js HTTP/1.1[0m" 304 -
127.0.0.1 - - [21/Nov/2023 17:49:45] "[36mGET /static/vendors/chart.js/Chart.min.js HTTP/1.1[0m" 304 -
127.0.0.1 - - [21/Nov/2023 17:49:45] "[36mGET /static/images/enia.png HTTP/1.1[0m" 304 -
 * Detected change in 'C:\\Python311\\Lib\\site-packages\\werkzeug\\datastructures.py', reloading
 * Restarting with watchdog (windowsapi)
 * Debugger is active!
 * Debugger PIN: 973-937-000
 * Detected change in 'c:\\Users\\Gerardo\\Tirocinio\\Tirocinio\\src\\main_route.py', reloading
 * Detected change in 'c:\\Users\\Gerardo\\Tirocinio\\Tirocinio\\src\\main_route.py', reloading
 * Detected change in 'c:\\Users\\Gerardo\\Tirocinio\\Tirocinio\\src\\main_route.py', reloading
 * Restarting with watchdog (windowsapi)
 * Debugger is active!
 * Debugger PIN: 973-937-000
127.0.0.1 - - [21/Nov/2023 17:51:42] "GET /dettagliSensore?idsensore=655b97834dd3a2f4de412441 HTTP/1.1" 200 -
127.0.0.1 - - [21/Nov/2023 17:51:42] "[36mGET /static/vendors/css/vendor.bundle.base.css HTTP/1.1[0m" 304 -
127.0.0.1 - - [21/Nov/2023 17:51:42] "[36mGET /static/vendors/typicons.font/font/typicons.css HTTP/1.1[0m" 304 -
127.0.0.1 - - [21/Nov/2023 17:51:42] "[36mGET /static/css/vertical-layout-light/style.css HTTP/1.1[0m" 304 -
127.0.0.1 - - [21/Nov/2023 17:51:42] "[36mGET /static/vendors/js/vendor.bundle.base.js HTTP/1.1[0m" 304 -
127.0.0.1 - - [21/Nov/2023 17:51:42] "[36mGET /static/images/enia.png HTTP/1.1[0m" 304 -
127.0.0.1 - - [21/Nov/2023 17:51:42] "[33mGET /static/fonts/Roboto/Roboto-Bold.woff2 HTTP/1.1[0m" 404 -
127.0.0.1 - - [21/Nov/2023 17:51:42] "[33mGET /static/fonts/Roboto/Roboto-Regular.woff2 HTTP/1.1[0m" 404 -
127.0.0.1 - - [21/Nov/2023 17:51:42] "[36mGET /static/vendors/typicons.font/font/typicons.woff HTTP/1.1[0m" 304 -
127.0.0.1 - - [21/Nov/2023 17:51:42] "[33mGET /static/fonts/Roboto/Roboto-Light.woff2 HTTP/1.1[0m" 404 -
127.0.0.1 - - [21/Nov/2023 17:51:42] "[33mGET /static/fonts/Roboto/Roboto-Bold.woff HTTP/1.1[0m" 404 -
127.0.0.1 - - [21/Nov/2023 17:51:42] "[33mGET /static/fonts/Roboto/Roboto-Regular.woff HTTP/1.1[0m" 404 -
127.0.0.1 - - [21/Nov/2023 17:51:42] "[33mGET /static/fonts/Roboto/Roboto-Light.woff HTTP/1.1[0m" 404 -
127.0.0.1 - - [21/Nov/2023 17:51:42] "[33mGET /static/fonts/Roboto/Roboto-Bold.ttf HTTP/1.1[0m" 404 -
127.0.0.1 - - [21/Nov/2023 17:51:42] "[33mGET /static/fonts/Roboto/Roboto-Regular.ttf HTTP/1.1[0m" 404 -
127.0.0.1 - - [21/Nov/2023 17:51:43] "[33mGET /static/fonts/Roboto/Roboto-Light.ttf HTTP/1.1[0m" 404 -
127.0.0.1 - - [21/Nov/2023 17:51:43] "[36mGET /static/js/off-canvas.js HTTP/1.1[0m" 304 -
127.0.0.1 - - [21/Nov/2023 17:51:43] "[36mGET /static/js/hoverable-collapse.js HTTP/1.1[0m" 304 -
127.0.0.1 - - [21/Nov/2023 17:51:43] "[36mGET /static/js/template.js HTTP/1.1[0m" 304 -
127.0.0.1 - - [21/Nov/2023 17:51:43] "[36mGET /static/js/settings.js HTTP/1.1[0m" 304 -
127.0.0.1 - - [21/Nov/2023 17:51:43] "[36mGET /static/js/todolist.js HTTP/1.1[0m" 304 -
127.0.0.1 - - [21/Nov/2023 17:51:43] "[36mGET /static/vendors/progressbar.js/progressbar.min.js HTTP/1.1[0m" 304 -
127.0.0.1 - - [21/Nov/2023 17:51:43] "[36mGET /static/vendors/chart.js/Chart.min.js HTTP/1.1[0m" 304 -
127.0.0.1 - - [21/Nov/2023 17:51:43] "[36mGET /static/images/enia.png HTTP/1.1[0m" 304 -
 * Detected change in 'c:\\Users\\Gerardo\\Tirocinio\\Tirocinio\\src\\main_route.py', reloading
 * Detected change in 'c:\\Users\\Gerardo\\Tirocinio\\Tirocinio\\src\\main_route.py', reloading
 * Detected change in 'c:\\Users\\Gerardo\\Tirocinio\\Tirocinio\\src\\main_route.py', reloading
 * Restarting with watchdog (windowsapi)
 * Debugger is active!
 * Debugger PIN: 973-937-000
127.0.0.1 - - [21/Nov/2023 17:52:19] "GET /dettagliSensore?idsensore=655b97834dd3a2f4de412441 HTTP/1.1" 200 -
127.0.0.1 - - [21/Nov/2023 17:52:19] "[36mGET /static/vendors/typicons.font/font/typicons.css HTTP/1.1[0m" 304 -
127.0.0.1 - - [21/Nov/2023 17:52:19] "[36mGET /static/vendors/css/vendor.bundle.base.css HTTP/1.1[0m" 304 -
127.0.0.1 - - [21/Nov/2023 17:52:19] "[36mGET /static/css/vertical-layout-light/style.css HTTP/1.1[0m" 304 -
127.0.0.1 - - [21/Nov/2023 17:52:19] "[36mGET /static/vendors/js/vendor.bundle.base.js HTTP/1.1[0m" 304 -
127.0.0.1 - - [21/Nov/2023 17:52:19] "[36mGET /static/images/enia.png HTTP/1.1[0m" 304 -
127.0.0.1 - - [21/Nov/2023 17:52:19] "[36mGET /static/js/off-canvas.js HTTP/1.1[0m" 304 -
127.0.0.1 - - [21/Nov/2023 17:52:19] "[36mGET /static/vendors/typicons.font/font/typicons.woff HTTP/1.1[0m" 304 -
127.0.0.1 - - [21/Nov/2023 17:52:19] "[33mGET /static/fonts/Roboto/Roboto-Bold.woff2 HTTP/1.1[0m" 404 -
127.0.0.1 - - [21/Nov/2023 17:52:20] "[33mGET /static/fonts/Roboto/Roboto-Bold.woff HTTP/1.1[0m" 404 -
127.0.0.1 - - [21/Nov/2023 17:52:20] "[33mGET /static/fonts/Roboto/Roboto-Light.woff2 HTTP/1.1[0m" 404 -
127.0.0.1 - - [21/Nov/2023 17:52:20] "[33mGET /static/fonts/Roboto/Roboto-Regular.woff2 HTTP/1.1[0m" 404 -
127.0.0.1 - - [21/Nov/2023 17:52:20] "[33mGET /static/fonts/Roboto/Roboto-Bold.ttf HTTP/1.1[0m" 404 -
127.0.0.1 - - [21/Nov/2023 17:52:20] "[33mGET /static/fonts/Roboto/Roboto-Light.woff HTTP/1.1[0m" 404 -
127.0.0.1 - - [21/Nov/2023 17:52:20] "[33mGET /static/fonts/Roboto/Roboto-Regular.woff HTTP/1.1[0m" 404 -
127.0.0.1 - - [21/Nov/2023 17:52:20] "[33mGET /static/fonts/Roboto/Roboto-Light.ttf HTTP/1.1[0m" 404 -
127.0.0.1 - - [21/Nov/2023 17:52:20] "[33mGET /static/fonts/Roboto/Roboto-Regular.ttf HTTP/1.1[0m" 404 -
127.0.0.1 - - [21/Nov/2023 17:52:20] "[36mGET /static/js/hoverable-collapse.js HTTP/1.1[0m" 304 -
127.0.0.1 - - [21/Nov/2023 17:52:20] "[36mGET /static/js/template.js HTTP/1.1[0m" 304 -
127.0.0.1 - - [21/Nov/2023 17:52:20] "[36mGET /static/js/settings.js HTTP/1.1[0m" 304 -
127.0.0.1 - - [21/Nov/2023 17:52:20] "[36mGET /static/js/todolist.js HTTP/1.1[0m" 304 -
127.0.0.1 - - [21/Nov/2023 17:52:20] "[36mGET /static/vendors/progressbar.js/progressbar.min.js HTTP/1.1[0m" 304 -
127.0.0.1 - - [21/Nov/2023 17:52:20] "[36mGET /static/vendors/chart.js/Chart.min.js HTTP/1.1[0m" 304 -
127.0.0.1 - - [21/Nov/2023 17:52:21] "[36mGET /static/images/enia.png HTTP/1.1[0m" 304 -
 * Detected change in 'c:\\Users\\Gerardo\\Tirocinio\\Tirocinio\\src\\main_route.py', reloading
 * Detected change in 'c:\\Users\\Gerardo\\Tirocinio\\Tirocinio\\src\\main_route.py', reloading
 * Detected change in 'c:\\Users\\Gerardo\\Tirocinio\\Tirocinio\\src\\main_route.py', reloading
 * Restarting with watchdog (windowsapi)
 * Debugger is active!
 * Debugger PIN: 973-937-000
 * Detected change in 'c:\\Users\\Gerardo\\Tirocinio\\Tirocinio\\src\\load_DB\\main_load.py', reloading
 * Detected change in 'c:\\Users\\Gerardo\\Tirocinio\\Tirocinio\\src\\load_DB\\main_load.py', reloading
 * Detected change in 'c:\\Users\\Gerardo\\Tirocinio\\Tirocinio\\src\\load_DB\\main_load.py', reloading
 * Restarting with watchdog (windowsapi)
 * Debugger is active!
 * Debugger PIN: 973-937-000
127.0.0.1 - - [21/Nov/2023 17:55:00] "[36mGET /static/css/vertical-layout-light/style.css HTTP/1.1[0m" 304 -
127.0.0.1 - - [21/Nov/2023 17:55:00] "[36mGET /static/vendors/css/vendor.bundle.base.css HTTP/1.1[0m" 304 -
127.0.0.1 - - [21/Nov/2023 17:55:00] "[36mGET /static/vendors/typicons.font/font/typicons.css HTTP/1.1[0m" 304 -
127.0.0.1 - - [21/Nov/2023 17:55:00] "GET /static/css/maps/vertical-layout-light/style.css.map HTTP/1.1" 200 -
127.0.0.1 - - [21/Nov/2023 18:02:58] "GET /dettagliSensore?idsensore=655b97834dd3a2f4de412441 HTTP/1.1" 200 -
127.0.0.1 - - [21/Nov/2023 18:02:58] "[36mGET /static/vendors/typicons.font/font/typicons.css HTTP/1.1[0m" 304 -
127.0.0.1 - - [21/Nov/2023 18:02:58] "[36mGET /static/vendors/css/vendor.bundle.base.css HTTP/1.1[0m" 304 -
127.0.0.1 - - [21/Nov/2023 18:02:59] "[36mGET /static/css/vertical-layout-light/style.css HTTP/1.1[0m" 304 -
127.0.0.1 - - [21/Nov/2023 18:02:59] "[36mGET /static/images/enia.png HTTP/1.1[0m" 304 -
127.0.0.1 - - [21/Nov/2023 18:02:59] "[36mGET /static/vendors/js/vendor.bundle.base.js HTTP/1.1[0m" 304 -
127.0.0.1 - - [21/Nov/2023 18:02:59] "[33mGET /static/fonts/Roboto/Roboto-Light.woff2 HTTP/1.1[0m" 404 -
127.0.0.1 - - [21/Nov/2023 18:02:59] "[33mGET /static/fonts/Roboto/Roboto-Regular.woff2 HTTP/1.1[0m" 404 -
127.0.0.1 - - [21/Nov/2023 18:02:59] "[36mGET /static/vendors/typicons.font/font/typicons.woff HTTP/1.1[0m" 304 -
127.0.0.1 - - [21/Nov/2023 18:02:59] "[33mGET /static/fonts/Roboto/Roboto-Bold.woff2 HTTP/1.1[0m" 404 -
127.0.0.1 - - [21/Nov/2023 18:02:59] "[33mGET /static/fonts/Roboto/Roboto-Light.woff HTTP/1.1[0m" 404 -
127.0.0.1 - - [21/Nov/2023 18:02:59] "[33mGET /static/fonts/Roboto/Roboto-Regular.woff HTTP/1.1[0m" 404 -
127.0.0.1 - - [21/Nov/2023 18:02:59] "[33mGET /static/fonts/Roboto/Roboto-Bold.woff HTTP/1.1[0m" 404 -
127.0.0.1 - - [21/Nov/2023 18:02:59] "[33mGET /static/fonts/Roboto/Roboto-Regular.ttf HTTP/1.1[0m" 404 -
127.0.0.1 - - [21/Nov/2023 18:02:59] "[33mGET /static/fonts/Roboto/Roboto-Light.ttf HTTP/1.1[0m" 404 -
127.0.0.1 - - [21/Nov/2023 18:02:59] "[33mGET /static/fonts/Roboto/Roboto-Bold.ttf HTTP/1.1[0m" 404 -
127.0.0.1 - - [21/Nov/2023 18:02:59] "[36mGET /static/js/off-canvas.js HTTP/1.1[0m" 304 -
127.0.0.1 - - [21/Nov/2023 18:02:59] "[36mGET /static/js/hoverable-collapse.js HTTP/1.1[0m" 304 -
127.0.0.1 - - [21/Nov/2023 18:02:59] "[36mGET /static/js/template.js HTTP/1.1[0m" 304 -
127.0.0.1 - - [21/Nov/2023 18:02:59] "[36mGET /static/js/settings.js HTTP/1.1[0m" 304 -
127.0.0.1 - - [21/Nov/2023 18:02:59] "[36mGET /static/js/todolist.js HTTP/1.1[0m" 304 -
127.0.0.1 - - [21/Nov/2023 18:03:00] "[36mGET /static/vendors/progressbar.js/progressbar.min.js HTTP/1.1[0m" 304 -
127.0.0.1 - - [21/Nov/2023 18:03:00] "[36mGET /static/vendors/chart.js/Chart.min.js HTTP/1.1[0m" 304 -
127.0.0.1 - - [21/Nov/2023 18:03:00] "[36mGET /static/images/enia.png HTTP/1.1[0m" 304 -
127.0.0.1 - - [21/Nov/2023 18:07:12] "GET /dettagliSensore?idsensore=655b97834dd3a2f4de412441 HTTP/1.1" 200 -
127.0.0.1 - - [21/Nov/2023 18:07:12] "[36mGET /static/vendors/typicons.font/font/typicons.css HTTP/1.1[0m" 304 -
127.0.0.1 - - [21/Nov/2023 18:07:12] "[36mGET /static/vendors/css/vendor.bundle.base.css HTTP/1.1[0m" 304 -
127.0.0.1 - - [21/Nov/2023 18:07:12] "[36mGET /static/css/vertical-layout-light/style.css HTTP/1.1[0m" 304 -
127.0.0.1 - - [21/Nov/2023 18:07:12] "[36mGET /static/images/enia.png HTTP/1.1[0m" 304 -
127.0.0.1 - - [21/Nov/2023 18:07:12] "[36mGET /static/vendors/js/vendor.bundle.base.js HTTP/1.1[0m" 304 -
127.0.0.1 - - [21/Nov/2023 18:07:12] "[36mGET /static/js/off-canvas.js HTTP/1.1[0m" 304 -
127.0.0.1 - - [21/Nov/2023 18:07:12] "[36mGET /static/js/hoverable-collapse.js HTTP/1.1[0m" 304 -
127.0.0.1 - - [21/Nov/2023 18:07:12] "[33mGET /static/fonts/Roboto/Roboto-Bold.woff2 HTTP/1.1[0m" 404 -
127.0.0.1 - - [21/Nov/2023 18:07:12] "[33mGET /static/fonts/Roboto/Roboto-Regular.woff2 HTTP/1.1[0m" 404 -
127.0.0.1 - - [21/Nov/2023 18:07:12] "[33mGET /static/fonts/Roboto/Roboto-Light.woff2 HTTP/1.1[0m" 404 -
127.0.0.1 - - [21/Nov/2023 18:07:12] "[36mGET /static/vendors/typicons.font/font/typicons.woff HTTP/1.1[0m" 304 -
127.0.0.1 - - [21/Nov/2023 18:07:12] "[33mGET /static/fonts/Roboto/Roboto-Bold.woff HTTP/1.1[0m" 404 -
127.0.0.1 - - [21/Nov/2023 18:07:12] "[33mGET /static/fonts/Roboto/Roboto-Regular.woff HTTP/1.1[0m" 404 -
127.0.0.1 - - [21/Nov/2023 18:07:12] "[33mGET /static/fonts/Roboto/Roboto-Light.woff HTTP/1.1[0m" 404 -
127.0.0.1 - - [21/Nov/2023 18:07:13] "[33mGET /static/fonts/Roboto/Roboto-Bold.ttf HTTP/1.1[0m" 404 -
127.0.0.1 - - [21/Nov/2023 18:07:13] "[33mGET /static/fonts/Roboto/Roboto-Regular.ttf HTTP/1.1[0m" 404 -
127.0.0.1 - - [21/Nov/2023 18:07:13] "[33mGET /static/fonts/Roboto/Roboto-Light.ttf HTTP/1.1[0m" 404 -
127.0.0.1 - - [21/Nov/2023 18:07:13] "[36mGET /static/js/template.js HTTP/1.1[0m" 304 -
127.0.0.1 - - [21/Nov/2023 18:07:13] "[36mGET /static/js/settings.js HTTP/1.1[0m" 304 -
127.0.0.1 - - [21/Nov/2023 18:07:13] "[36mGET /static/js/todolist.js HTTP/1.1[0m" 304 -
127.0.0.1 - - [21/Nov/2023 18:07:13] "[36mGET /static/vendors/progressbar.js/progressbar.min.js HTTP/1.1[0m" 304 -
127.0.0.1 - - [21/Nov/2023 18:07:13] "[36mGET /static/vendors/chart.js/Chart.min.js HTTP/1.1[0m" 304 -
127.0.0.1 - - [21/Nov/2023 18:07:14] "[36mGET /static/images/enia.png HTTP/1.1[0m" 304 -
127.0.0.1 - - [21/Nov/2023 18:07:14] "[36mGET /static/vendors/typicons.font/font/typicons.css HTTP/1.1[0m" 304 -
127.0.0.1 - - [21/Nov/2023 18:07:15] "[36mGET /static/vendors/css/vendor.bundle.base.css HTTP/1.1[0m" 304 -
127.0.0.1 - - [21/Nov/2023 18:07:15] "[36mGET /static/css/vertical-layout-light/style.css HTTP/1.1[0m" 304 -
127.0.0.1 - - [21/Nov/2023 18:07:15] "GET /static/css/maps/vertical-layout-light/style.css.map HTTP/1.1" 200 -
127.0.0.1 - - [21/Nov/2023 18:08:04] "GET /dettagliSensore?idsensore=655b97834dd3a2f4de412441 HTTP/1.1" 200 -
127.0.0.1 - - [21/Nov/2023 18:08:04] "[36mGET /static/vendors/typicons.font/font/typicons.css HTTP/1.1[0m" 304 -
127.0.0.1 - - [21/Nov/2023 18:08:04] "[36mGET /static/css/vertical-layout-light/style.css HTTP/1.1[0m" 304 -
127.0.0.1 - - [21/Nov/2023 18:08:04] "[36mGET /static/vendors/css/vendor.bundle.base.css HTTP/1.1[0m" 304 -
127.0.0.1 - - [21/Nov/2023 18:08:04] "[36mGET /static/vendors/typicons.font/font/typicons.woff HTTP/1.1[0m" 304 -
127.0.0.1 - - [21/Nov/2023 18:08:04] "[36mGET /static/images/enia.png HTTP/1.1[0m" 304 -
127.0.0.1 - - [21/Nov/2023 18:08:04] "[33mGET /static/fonts/Roboto/Roboto-Regular.woff2 HTTP/1.1[0m" 404 -
127.0.0.1 - - [21/Nov/2023 18:08:04] "[33mGET /static/fonts/Roboto/Roboto-Light.woff2 HTTP/1.1[0m" 404 -
127.0.0.1 - - [21/Nov/2023 18:08:04] "[33mGET /static/fonts/Roboto/Roboto-Regular.woff HTTP/1.1[0m" 404 -
127.0.0.1 - - [21/Nov/2023 18:08:04] "[33mGET /static/fonts/Roboto/Roboto-Light.woff HTTP/1.1[0m" 404 -
127.0.0.1 - - [21/Nov/2023 18:08:04] "[33mGET /static/fonts/Roboto/Roboto-Bold.woff2 HTTP/1.1[0m" 404 -
127.0.0.1 - - [21/Nov/2023 18:08:04] "[36mGET /static/vendors/js/vendor.bundle.base.js HTTP/1.1[0m" 304 -
127.0.0.1 - - [21/Nov/2023 18:08:05] "[33mGET /static/fonts/Roboto/Roboto-Regular.ttf HTTP/1.1[0m" 404 -
127.0.0.1 - - [21/Nov/2023 18:08:05] "[33mGET /static/fonts/Roboto/Roboto-Bold.woff HTTP/1.1[0m" 404 -
127.0.0.1 - - [21/Nov/2023 18:08:05] "[33mGET /static/fonts/Roboto/Roboto-Light.ttf HTTP/1.1[0m" 404 -
127.0.0.1 - - [21/Nov/2023 18:08:05] "[33mGET /static/fonts/Roboto/Roboto-Bold.ttf HTTP/1.1[0m" 404 -
127.0.0.1 - - [21/Nov/2023 18:08:05] "[36mGET /static/js/off-canvas.js HTTP/1.1[0m" 304 -
127.0.0.1 - - [21/Nov/2023 18:08:05] "[36mGET /static/js/hoverable-collapse.js HTTP/1.1[0m" 304 -
127.0.0.1 - - [21/Nov/2023 18:08:05] "[36mGET /static/js/template.js HTTP/1.1[0m" 304 -
127.0.0.1 - - [21/Nov/2023 18:08:05] "[36mGET /static/js/settings.js HTTP/1.1[0m" 304 -
127.0.0.1 - - [21/Nov/2023 18:08:05] "[36mGET /static/js/todolist.js HTTP/1.1[0m" 304 -
127.0.0.1 - - [21/Nov/2023 18:08:05] "[36mGET /static/vendors/progressbar.js/progressbar.min.js HTTP/1.1[0m" 304 -
127.0.0.1 - - [21/Nov/2023 18:08:05] "[36mGET /static/vendors/chart.js/Chart.min.js HTTP/1.1[0m" 304 -
127.0.0.1 - - [21/Nov/2023 18:08:05] "[36mGET /static/css/maps/vertical-layout-light/style.css.map HTTP/1.1[0m" 304 -
127.0.0.1 - - [21/Nov/2023 18:08:06] "[36mGET /static/images/enia.png HTTP/1.1[0m" 304 -
127.0.0.1 - - [21/Nov/2023 18:08:20] "GET /dettagliSensore?idsensore=655b97834dd3a2f4de412441 HTTP/1.1" 200 -
127.0.0.1 - - [21/Nov/2023 18:08:20] "[36mGET /static/vendors/typicons.font/font/typicons.css HTTP/1.1[0m" 304 -
127.0.0.1 - - [21/Nov/2023 18:08:20] "[36mGET /static/images/enia.png HTTP/1.1[0m" 304 -
127.0.0.1 - - [21/Nov/2023 18:08:20] "[36mGET /static/css/vertical-layout-light/style.css HTTP/1.1[0m" 304 -
127.0.0.1 - - [21/Nov/2023 18:08:20] "[36mGET /static/vendors/css/vendor.bundle.base.css HTTP/1.1[0m" 304 -
127.0.0.1 - - [21/Nov/2023 18:08:20] "[36mGET /static/vendors/js/vendor.bundle.base.js HTTP/1.1[0m" 304 -
127.0.0.1 - - [21/Nov/2023 18:08:20] "[33mGET /static/fonts/Roboto/Roboto-Bold.woff2 HTTP/1.1[0m" 404 -
127.0.0.1 - - [21/Nov/2023 18:08:20] "[33mGET /static/fonts/Roboto/Roboto-Regular.woff2 HTTP/1.1[0m" 404 -
127.0.0.1 - - [21/Nov/2023 18:08:21] "[33mGET /static/fonts/Roboto/Roboto-Light.woff2 HTTP/1.1[0m" 404 -
127.0.0.1 - - [21/Nov/2023 18:08:21] "[33mGET /static/fonts/Roboto/Roboto-Bold.woff HTTP/1.1[0m" 404 -
127.0.0.1 - - [21/Nov/2023 18:08:21] "[33mGET /static/fonts/Roboto/Roboto-Regular.woff HTTP/1.1[0m" 404 -
127.0.0.1 - - [21/Nov/2023 18:08:21] "[36mGET /static/js/off-canvas.js HTTP/1.1[0m" 304 -
127.0.0.1 - - [21/Nov/2023 18:08:21] "[33mGET /static/fonts/Roboto/Roboto-Light.woff HTTP/1.1[0m" 404 -
127.0.0.1 - - [21/Nov/2023 18:08:21] "[33mGET /static/fonts/Roboto/Roboto-Bold.ttf HTTP/1.1[0m" 404 -
127.0.0.1 - - [21/Nov/2023 18:08:21] "[33mGET /static/fonts/Roboto/Roboto-Regular.ttf HTTP/1.1[0m" 404 -
127.0.0.1 - - [21/Nov/2023 18:08:21] "[33mGET /static/fonts/Roboto/Roboto-Light.ttf HTTP/1.1[0m" 404 -
127.0.0.1 - - [21/Nov/2023 18:08:21] "[36mGET /static/js/hoverable-collapse.js HTTP/1.1[0m" 304 -
127.0.0.1 - - [21/Nov/2023 18:08:21] "[36mGET /static/js/template.js HTTP/1.1[0m" 304 -
127.0.0.1 - - [21/Nov/2023 18:08:21] "[36mGET /static/js/settings.js HTTP/1.1[0m" 304 -
127.0.0.1 - - [21/Nov/2023 18:08:21] "[36mGET /static/js/todolist.js HTTP/1.1[0m" 304 -
127.0.0.1 - - [21/Nov/2023 18:08:21] "[36mGET /static/vendors/progressbar.js/progressbar.min.js HTTP/1.1[0m" 304 -
127.0.0.1 - - [21/Nov/2023 18:08:21] "[36mGET /static/vendors/chart.js/Chart.min.js HTTP/1.1[0m" 304 -
127.0.0.1 - - [21/Nov/2023 18:08:21] "[36mGET /static/css/maps/vertical-layout-light/style.css.map HTTP/1.1[0m" 304 -
127.0.0.1 - - [21/Nov/2023 18:08:22] "[36mGET /static/images/enia.png HTTP/1.1[0m" 304 -
127.0.0.1 - - [21/Nov/2023 18:08:52] "GET /dettagliSensore?idsensore=655b97834dd3a2f4de412441 HTTP/1.1" 200 -
127.0.0.1 - - [21/Nov/2023 18:08:52] "[36mGET /static/vendors/typicons.font/font/typicons.css HTTP/1.1[0m" 304 -
127.0.0.1 - - [21/Nov/2023 18:08:52] "[36mGET /static/vendors/css/vendor.bundle.base.css HTTP/1.1[0m" 304 -
127.0.0.1 - - [21/Nov/2023 18:08:52] "[36mGET /static/css/vertical-layout-light/style.css HTTP/1.1[0m" 304 -
127.0.0.1 - - [21/Nov/2023 18:08:52] "[36mGET /static/images/enia.png HTTP/1.1[0m" 304 -
127.0.0.1 - - [21/Nov/2023 18:08:52] "[36mGET /static/vendors/js/vendor.bundle.base.js HTTP/1.1[0m" 304 -
127.0.0.1 - - [21/Nov/2023 18:08:52] "[33mGET /static/fonts/Roboto/Roboto-Regular.woff2 HTTP/1.1[0m" 404 -
127.0.0.1 - - [21/Nov/2023 18:08:52] "[33mGET /static/fonts/Roboto/Roboto-Light.woff2 HTTP/1.1[0m" 404 -
127.0.0.1 - - [21/Nov/2023 18:08:52] "[33mGET /static/fonts/Roboto/Roboto-Bold.woff2 HTTP/1.1[0m" 404 -
127.0.0.1 - - [21/Nov/2023 18:08:52] "[33mGET /static/fonts/Roboto/Roboto-Regular.woff HTTP/1.1[0m" 404 -
127.0.0.1 - - [21/Nov/2023 18:08:52] "[33mGET /static/fonts/Roboto/Roboto-Light.woff HTTP/1.1[0m" 404 -
127.0.0.1 - - [21/Nov/2023 18:08:52] "[36mGET /static/js/off-canvas.js HTTP/1.1[0m" 304 -
127.0.0.1 - - [21/Nov/2023 18:08:52] "[33mGET /static/fonts/Roboto/Roboto-Bold.woff HTTP/1.1[0m" 404 -
127.0.0.1 - - [21/Nov/2023 18:08:52] "[33mGET /static/fonts/Roboto/Roboto-Regular.ttf HTTP/1.1[0m" 404 -
127.0.0.1 - - [21/Nov/2023 18:08:53] "[33mGET /static/fonts/Roboto/Roboto-Light.ttf HTTP/1.1[0m" 404 -
127.0.0.1 - - [21/Nov/2023 18:08:53] "[33mGET /static/fonts/Roboto/Roboto-Bold.ttf HTTP/1.1[0m" 404 -
127.0.0.1 - - [21/Nov/2023 18:08:53] "[36mGET /static/js/hoverable-collapse.js HTTP/1.1[0m" 304 -
127.0.0.1 - - [21/Nov/2023 18:08:53] "[36mGET /static/js/template.js HTTP/1.1[0m" 304 -
127.0.0.1 - - [21/Nov/2023 18:08:53] "[36mGET /static/js/settings.js HTTP/1.1[0m" 304 -
127.0.0.1 - - [21/Nov/2023 18:08:53] "[36mGET /static/js/todolist.js HTTP/1.1[0m" 304 -
127.0.0.1 - - [21/Nov/2023 18:08:53] "[36mGET /static/vendors/progressbar.js/progressbar.min.js HTTP/1.1[0m" 304 -
127.0.0.1 - - [21/Nov/2023 18:08:53] "[36mGET /static/vendors/chart.js/Chart.min.js HTTP/1.1[0m" 304 -
127.0.0.1 - - [21/Nov/2023 18:08:53] "[36mGET /static/css/maps/vertical-layout-light/style.css.map HTTP/1.1[0m" 304 -
127.0.0.1 - - [21/Nov/2023 18:08:54] "[36mGET /static/images/enia.png HTTP/1.1[0m" 304 -
127.0.0.1 - - [21/Nov/2023 18:09:07] "GET /dettagliSensore?idsensore=655b97834dd3a2f4de412441 HTTP/1.1" 200 -
127.0.0.1 - - [21/Nov/2023 18:09:07] "[36mGET /static/vendors/typicons.font/font/typicons.css HTTP/1.1[0m" 304 -
127.0.0.1 - - [21/Nov/2023 18:09:07] "[36mGET /static/vendors/css/vendor.bundle.base.css HTTP/1.1[0m" 304 -
127.0.0.1 - - [21/Nov/2023 18:09:07] "[36mGET /static/css/vertical-layout-light/style.css HTTP/1.1[0m" 304 -
127.0.0.1 - - [21/Nov/2023 18:09:07] "[36mGET /static/images/enia.png HTTP/1.1[0m" 304 -
127.0.0.1 - - [21/Nov/2023 18:09:07] "[36mGET /static/vendors/js/vendor.bundle.base.js HTTP/1.1[0m" 304 -
127.0.0.1 - - [21/Nov/2023 18:09:07] "[33mGET /static/fonts/Roboto/Roboto-Regular.woff2 HTTP/1.1[0m" 404 -
127.0.0.1 - - [21/Nov/2023 18:09:07] "[33mGET /static/fonts/Roboto/Roboto-Bold.woff2 HTTP/1.1[0m" 404 -
127.0.0.1 - - [21/Nov/2023 18:09:08] "[33mGET /static/fonts/Roboto/Roboto-Light.woff2 HTTP/1.1[0m" 404 -
127.0.0.1 - - [21/Nov/2023 18:09:08] "[33mGET /static/fonts/Roboto/Roboto-Regular.woff HTTP/1.1[0m" 404 -
127.0.0.1 - - [21/Nov/2023 18:09:08] "[33mGET /static/fonts/Roboto/Roboto-Bold.woff HTTP/1.1[0m" 404 -
127.0.0.1 - - [21/Nov/2023 18:09:08] "[36mGET /static/js/off-canvas.js HTTP/1.1[0m" 304 -
127.0.0.1 - - [21/Nov/2023 18:09:08] "[33mGET /static/fonts/Roboto/Roboto-Light.woff HTTP/1.1[0m" 404 -
127.0.0.1 - - [21/Nov/2023 18:09:08] "[33mGET /static/fonts/Roboto/Roboto-Regular.ttf HTTP/1.1[0m" 404 -
127.0.0.1 - - [21/Nov/2023 18:09:08] "[33mGET /static/fonts/Roboto/Roboto-Bold.ttf HTTP/1.1[0m" 404 -
127.0.0.1 - - [21/Nov/2023 18:09:08] "[33mGET /static/fonts/Roboto/Roboto-Light.ttf HTTP/1.1[0m" 404 -
127.0.0.1 - - [21/Nov/2023 18:09:08] "[36mGET /static/js/hoverable-collapse.js HTTP/1.1[0m" 304 -
127.0.0.1 - - [21/Nov/2023 18:09:08] "[36mGET /static/js/template.js HTTP/1.1[0m" 304 -
127.0.0.1 - - [21/Nov/2023 18:09:08] "[36mGET /static/js/settings.js HTTP/1.1[0m" 304 -
127.0.0.1 - - [21/Nov/2023 18:09:08] "[36mGET /static/js/todolist.js HTTP/1.1[0m" 304 -
127.0.0.1 - - [21/Nov/2023 18:09:08] "[36mGET /static/vendors/progressbar.js/progressbar.min.js HTTP/1.1[0m" 304 -
127.0.0.1 - - [21/Nov/2023 18:09:08] "[36mGET /static/vendors/chart.js/Chart.min.js HTTP/1.1[0m" 304 -
127.0.0.1 - - [21/Nov/2023 18:09:08] "[36mGET /static/css/maps/vertical-layout-light/style.css.map HTTP/1.1[0m" 304 -
127.0.0.1 - - [21/Nov/2023 18:09:09] "[36mGET /static/images/enia.png HTTP/1.1[0m" 304 -
127.0.0.1 - - [21/Nov/2023 18:09:34] "GET /dettagliSensore?idsensore=655b97834dd3a2f4de412441 HTTP/1.1" 200 -
127.0.0.1 - - [21/Nov/2023 18:09:34] "[36mGET /static/vendors/typicons.font/font/typicons.css HTTP/1.1[0m" 304 -
127.0.0.1 - - [21/Nov/2023 18:09:34] "[36mGET /static/vendors/css/vendor.bundle.base.css HTTP/1.1[0m" 304 -
127.0.0.1 - - [21/Nov/2023 18:09:34] "[36mGET /static/css/vertical-layout-light/style.css HTTP/1.1[0m" 304 -
127.0.0.1 - - [21/Nov/2023 18:09:34] "[36mGET /static/images/enia.png HTTP/1.1[0m" 304 -
127.0.0.1 - - [21/Nov/2023 18:09:34] "[36mGET /static/vendors/js/vendor.bundle.base.js HTTP/1.1[0m" 304 -
127.0.0.1 - - [21/Nov/2023 18:09:34] "[33mGET /static/fonts/Roboto/Roboto-Light.woff2 HTTP/1.1[0m" 404 -
127.0.0.1 - - [21/Nov/2023 18:09:34] "[33mGET /static/fonts/Roboto/Roboto-Regular.woff2 HTTP/1.1[0m" 404 -
127.0.0.1 - - [21/Nov/2023 18:09:34] "[33mGET /static/fonts/Roboto/Roboto-Bold.woff2 HTTP/1.1[0m" 404 -
127.0.0.1 - - [21/Nov/2023 18:09:34] "[33mGET /static/fonts/Roboto/Roboto-Light.woff HTTP/1.1[0m" 404 -
127.0.0.1 - - [21/Nov/2023 18:09:34] "[33mGET /static/fonts/Roboto/Roboto-Regular.woff HTTP/1.1[0m" 404 -
127.0.0.1 - - [21/Nov/2023 18:09:34] "[36mGET /static/js/off-canvas.js HTTP/1.1[0m" 304 -
127.0.0.1 - - [21/Nov/2023 18:09:35] "[33mGET /static/fonts/Roboto/Roboto-Bold.woff HTTP/1.1[0m" 404 -
127.0.0.1 - - [21/Nov/2023 18:09:35] "[33mGET /static/fonts/Roboto/Roboto-Light.ttf HTTP/1.1[0m" 404 -
127.0.0.1 - - [21/Nov/2023 18:09:35] "[33mGET /static/fonts/Roboto/Roboto-Regular.ttf HTTP/1.1[0m" 404 -
127.0.0.1 - - [21/Nov/2023 18:09:35] "[33mGET /static/fonts/Roboto/Roboto-Bold.ttf HTTP/1.1[0m" 404 -
127.0.0.1 - - [21/Nov/2023 18:09:35] "[36mGET /static/js/hoverable-collapse.js HTTP/1.1[0m" 304 -
127.0.0.1 - - [21/Nov/2023 18:09:35] "[36mGET /static/js/template.js HTTP/1.1[0m" 304 -
127.0.0.1 - - [21/Nov/2023 18:09:35] "[36mGET /static/js/settings.js HTTP/1.1[0m" 304 -
127.0.0.1 - - [21/Nov/2023 18:09:35] "[36mGET /static/js/todolist.js HTTP/1.1[0m" 304 -
127.0.0.1 - - [21/Nov/2023 18:09:35] "[36mGET /static/vendors/progressbar.js/progressbar.min.js HTTP/1.1[0m" 304 -
127.0.0.1 - - [21/Nov/2023 18:09:35] "[36mGET /static/vendors/chart.js/Chart.min.js HTTP/1.1[0m" 304 -
127.0.0.1 - - [21/Nov/2023 18:09:35] "[36mGET /static/css/maps/vertical-layout-light/style.css.map HTTP/1.1[0m" 304 -
127.0.0.1 - - [21/Nov/2023 18:09:36] "[36mGET /static/images/enia.png HTTP/1.1[0m" 304 -
[31m[1mWARNING: This is a development server. Do not use it in a production deployment. Use a production WSGI server instead.[0m
 * Running on http://localhost:5000
[33mPress CTRL+C to quit[0m
 * Restarting with watchdog (windowsapi)
 * Debugger is active!
 * Debugger PIN: 973-937-000
127.0.0.1 - - [22/Nov/2023 11:01:13] "GET / HTTP/1.1" 200 -
127.0.0.1 - - [22/Nov/2023 11:01:14] "GET /static/css/home.css HTTP/1.1" 200 -
127.0.0.1 - - [22/Nov/2023 11:01:22] "[33mGET /static/images/top.ico HTTP/1.1[0m" 404 -
127.0.0.1 - - [22/Nov/2023 11:01:27] "[32mGET /listaSensori HTTP/1.1[0m" 302 -
127.0.0.1 - - [22/Nov/2023 11:01:27] "GET /login?next=%2FlistaSensori HTTP/1.1" 200 -
127.0.0.1 - - [22/Nov/2023 11:01:28] "GET /static/css/auth.css HTTP/1.1" 200 -
127.0.0.1 - - [22/Nov/2023 11:01:28] "GET /static/javascript/auth.js HTTP/1.1" 200 -
127.0.0.1 - - [22/Nov/2023 11:01:32] "[32mPOST /login?next=%2FlistaSensori HTTP/1.1[0m" 302 -
127.0.0.1 - - [22/Nov/2023 11:01:32] "GET /listaSensori HTTP/1.1" 200 -
127.0.0.1 - - [22/Nov/2023 11:01:32] "[36mGET /static/vendors/typicons.font/font/typicons.css HTTP/1.1[0m" 304 -
127.0.0.1 - - [22/Nov/2023 11:01:33] "[36mGET /static/vendors/css/vendor.bundle.base.css HTTP/1.1[0m" 304 -
127.0.0.1 - - [22/Nov/2023 11:01:33] "[36mGET /static/css/vertical-layout-light/style.css HTTP/1.1[0m" 304 -
127.0.0.1 - - [22/Nov/2023 11:01:33] "[36mGET /static/images/enia.png HTTP/1.1[0m" 304 -
127.0.0.1 - - [22/Nov/2023 11:01:33] "[36mGET /static/vendors/js/vendor.bundle.base.js HTTP/1.1[0m" 304 -
127.0.0.1 - - [22/Nov/2023 11:01:33] "[36mGET /static/js/off-canvas.js HTTP/1.1[0m" 304 -
127.0.0.1 - - [22/Nov/2023 11:01:33] "[36mGET /static/js/hoverable-collapse.js HTTP/1.1[0m" 304 -
127.0.0.1 - - [22/Nov/2023 11:01:33] "[33mGET /static/fonts/Roboto/Roboto-Bold.woff2 HTTP/1.1[0m" 404 -
127.0.0.1 - - [22/Nov/2023 11:01:33] "[33mGET /static/fonts/Roboto/Roboto-Light.woff2 HTTP/1.1[0m" 404 -
127.0.0.1 - - [22/Nov/2023 11:01:33] "[33mGET /static/fonts/Roboto/Roboto-Regular.woff2 HTTP/1.1[0m" 404 -
127.0.0.1 - - [22/Nov/2023 11:01:33] "[36mGET /static/vendors/typicons.font/font/typicons.woff HTTP/1.1[0m" 304 -
127.0.0.1 - - [22/Nov/2023 11:01:33] "[33mGET /static/fonts/Roboto/Roboto-Bold.woff HTTP/1.1[0m" 404 -
127.0.0.1 - - [22/Nov/2023 11:01:33] "[33mGET /static/fonts/Roboto/Roboto-Light.woff HTTP/1.1[0m" 404 -
127.0.0.1 - - [22/Nov/2023 11:01:33] "[33mGET /static/fonts/Roboto/Roboto-Regular.woff HTTP/1.1[0m" 404 -
127.0.0.1 - - [22/Nov/2023 11:01:33] "[33mGET /static/fonts/Roboto/Roboto-Bold.ttf HTTP/1.1[0m" 404 -
127.0.0.1 - - [22/Nov/2023 11:01:33] "[36mGET /static/js/template.js HTTP/1.1[0m" 304 -
127.0.0.1 - - [22/Nov/2023 11:01:33] "[33mGET /static/fonts/Roboto/Roboto-Light.ttf HTTP/1.1[0m" 404 -
127.0.0.1 - - [22/Nov/2023 11:01:33] "[33mGET /static/fonts/Roboto/Roboto-Regular.ttf HTTP/1.1[0m" 404 -
127.0.0.1 - - [22/Nov/2023 11:01:33] "[36mGET /static/js/settings.js HTTP/1.1[0m" 304 -
127.0.0.1 - - [22/Nov/2023 11:01:34] "[36mGET /static/js/todolist.js HTTP/1.1[0m" 304 -
127.0.0.1 - - [22/Nov/2023 11:01:34] "[36mGET /static/vendors/progressbar.js/progressbar.min.js HTTP/1.1[0m" 304 -
127.0.0.1 - - [22/Nov/2023 11:01:34] "[36mGET /static/vendors/chart.js/Chart.min.js HTTP/1.1[0m" 304 -
127.0.0.1 - - [22/Nov/2023 11:01:36] "[35m[1mGET /dettagliSensore?idsensore=655b97834dd3a2f4de412441 HTTP/1.1[0m" 500 -
127.0.0.1 - - [22/Nov/2023 11:01:36] "GET /dettagliSensore?__debugger__=yes&cmd=resource&f=style.css HTTP/1.1" 200 -
127.0.0.1 - - [22/Nov/2023 11:01:36] "GET /dettagliSensore?__debugger__=yes&cmd=resource&f=debugger.js HTTP/1.1" 200 -
127.0.0.1 - - [22/Nov/2023 11:01:36] "GET /dettagliSensore?__debugger__=yes&cmd=resource&f=console.png HTTP/1.1" 200 -
127.0.0.1 - - [22/Nov/2023 11:01:36] "[36mGET /dettagliSensore?__debugger__=yes&cmd=resource&f=console.png HTTP/1.1[0m" 304 -
 * Detected change in 'c:\\Users\\Gerardo\\Tirocinio\\Tirocinio\\src\\main_route.py', reloading
 * Restarting with watchdog (windowsapi)
 * Debugger is active!
 * Debugger PIN: 973-937-000
127.0.0.1 - - [22/Nov/2023 11:02:00] "[35m[1mGET /dettagliSensore?idsensore=655b97834dd3a2f4de412441 HTTP/1.1[0m" 500 -
127.0.0.1 - - [22/Nov/2023 11:02:00] "[36mGET /dettagliSensore?__debugger__=yes&cmd=resource&f=style.css HTTP/1.1[0m" 304 -
127.0.0.1 - - [22/Nov/2023 11:02:00] "[36mGET /dettagliSensore?__debugger__=yes&cmd=resource&f=debugger.js HTTP/1.1[0m" 304 -
127.0.0.1 - - [22/Nov/2023 11:02:00] "[36mGET /dettagliSensore?__debugger__=yes&cmd=resource&f=console.png HTTP/1.1[0m" 304 -
 * Detected change in 'c:\\Users\\Gerardo\\Tirocinio\\Tirocinio\\src\\main_route.py', reloading
 * Detected change in 'c:\\Users\\Gerardo\\Tirocinio\\Tirocinio\\src\\main_route.py', reloading
 * Detected change in 'c:\\Users\\Gerardo\\Tirocinio\\Tirocinio\\src\\main_route.py', reloading
 * Detected change in 'c:\\Users\\Gerardo\\Tirocinio\\Tirocinio\\src\\main_route.py', reloading
 * Restarting with watchdog (windowsapi)
 * Debugger is active!
 * Debugger PIN: 973-937-000
127.0.0.1 - - [22/Nov/2023 11:04:01] "GET /dettagliSensore?idsensore=655b97834dd3a2f4de412441 HTTP/1.1" 200 -
127.0.0.1 - - [22/Nov/2023 11:04:01] "[36mGET /static/vendors/typicons.font/font/typicons.css HTTP/1.1[0m" 304 -
127.0.0.1 - - [22/Nov/2023 11:04:01] "[36mGET /static/vendors/css/vendor.bundle.base.css HTTP/1.1[0m" 304 -
127.0.0.1 - - [22/Nov/2023 11:04:01] "[36mGET /static/css/vertical-layout-light/style.css HTTP/1.1[0m" 304 -
127.0.0.1 - - [22/Nov/2023 11:04:01] "[36mGET /static/images/enia.png HTTP/1.1[0m" 304 -
127.0.0.1 - - [22/Nov/2023 11:04:01] "[36mGET /static/vendors/js/vendor.bundle.base.js HTTP/1.1[0m" 304 -
127.0.0.1 - - [22/Nov/2023 11:04:01] "[36mGET /static/js/off-canvas.js HTTP/1.1[0m" 304 -
127.0.0.1 - - [22/Nov/2023 11:04:01] "[36mGET /static/vendors/typicons.font/font/typicons.woff HTTP/1.1[0m" 304 -
127.0.0.1 - - [22/Nov/2023 11:04:01] "[33mGET /static/fonts/Roboto/Roboto-Light.woff2 HTTP/1.1[0m" 404 -
127.0.0.1 - - [22/Nov/2023 11:04:01] "[33mGET /static/fonts/Roboto/Roboto-Bold.woff2 HTTP/1.1[0m" 404 -
127.0.0.1 - - [22/Nov/2023 11:04:01] "[33mGET /static/fonts/Roboto/Roboto-Regular.woff2 HTTP/1.1[0m" 404 -
127.0.0.1 - - [22/Nov/2023 11:04:01] "[33mGET /static/fonts/Roboto/Roboto-Light.woff HTTP/1.1[0m" 404 -
127.0.0.1 - - [22/Nov/2023 11:04:01] "[33mGET /static/fonts/Roboto/Roboto-Bold.woff HTTP/1.1[0m" 404 -
127.0.0.1 - - [22/Nov/2023 11:04:01] "[33mGET /static/fonts/Roboto/Roboto-Regular.woff HTTP/1.1[0m" 404 -
127.0.0.1 - - [22/Nov/2023 11:04:01] "[33mGET /static/fonts/Roboto/Roboto-Light.ttf HTTP/1.1[0m" 404 -
127.0.0.1 - - [22/Nov/2023 11:04:02] "[33mGET /static/fonts/Roboto/Roboto-Bold.ttf HTTP/1.1[0m" 404 -
127.0.0.1 - - [22/Nov/2023 11:04:02] "[33mGET /static/fonts/Roboto/Roboto-Regular.ttf HTTP/1.1[0m" 404 -
127.0.0.1 - - [22/Nov/2023 11:04:02] "[36mGET /static/js/hoverable-collapse.js HTTP/1.1[0m" 304 -
127.0.0.1 - - [22/Nov/2023 11:04:02] "[36mGET /static/js/template.js HTTP/1.1[0m" 304 -
127.0.0.1 - - [22/Nov/2023 11:04:02] "[36mGET /static/js/settings.js HTTP/1.1[0m" 304 -
127.0.0.1 - - [22/Nov/2023 11:04:02] "[36mGET /static/js/todolist.js HTTP/1.1[0m" 304 -
127.0.0.1 - - [22/Nov/2023 11:04:02] "[36mGET /static/vendors/progressbar.js/progressbar.min.js HTTP/1.1[0m" 304 -
127.0.0.1 - - [22/Nov/2023 11:04:02] "[36mGET /static/vendors/chart.js/Chart.min.js HTTP/1.1[0m" 304 -
127.0.0.1 - - [22/Nov/2023 11:04:02] "[36mGET /static/images/enia.png HTTP/1.1[0m" 304 -
 * Detected change in 'C:\\Python311\\Lib\\typing.py', reloading
 * Restarting with watchdog (windowsapi)
 * Debugger is active!
 * Debugger PIN: 973-937-000
 * Detected change in 'c:\\Users\\Gerardo\\Tirocinio\\Tirocinio\\src\\main_route.py', reloading
 * Detected change in 'c:\\Users\\Gerardo\\Tirocinio\\Tirocinio\\src\\main_route.py', reloading
 * Detected change in 'c:\\Users\\Gerardo\\Tirocinio\\Tirocinio\\src\\main_route.py', reloading
 * Restarting with watchdog (windowsapi)
 * Debugger is active!
 * Debugger PIN: 973-937-000
127.0.0.1 - - [22/Nov/2023 11:04:42] "[35m[1mGET /dettagliSensore?idsensore=655b97834dd3a2f4de412441 HTTP/1.1[0m" 500 -
127.0.0.1 - - [22/Nov/2023 11:04:43] "[36mGET /dettagliSensore?__debugger__=yes&cmd=resource&f=debugger.js HTTP/1.1[0m" 304 -
127.0.0.1 - - [22/Nov/2023 11:04:43] "[36mGET /dettagliSensore?__debugger__=yes&cmd=resource&f=style.css HTTP/1.1[0m" 304 -
127.0.0.1 - - [22/Nov/2023 11:04:43] "[36mGET /dettagliSensore?__debugger__=yes&cmd=resource&f=console.png HTTP/1.1[0m" 304 -
127.0.0.1 - - [22/Nov/2023 11:04:43] "[36mGET /dettagliSensore?__debugger__=yes&cmd=resource&f=console.png HTTP/1.1[0m" 304 -
 * Detected change in 'c:\\Users\\Gerardo\\Tirocinio\\Tirocinio\\src\\main_route.py', reloading
 * Detected change in 'c:\\Users\\Gerardo\\Tirocinio\\Tirocinio\\src\\main_route.py', reloading
 * Detected change in 'c:\\Users\\Gerardo\\Tirocinio\\Tirocinio\\src\\main_route.py', reloading
 * Restarting with watchdog (windowsapi)
 * Debugger is active!
 * Debugger PIN: 973-937-000
[31m[1mWARNING: This is a development server. Do not use it in a production deployment. Use a production WSGI server instead.[0m
 * Running on http://localhost:5000
[33mPress CTRL+C to quit[0m
 * Restarting with watchdog (windowsapi)
 * Debugger is active!
 * Debugger PIN: 973-937-000
127.0.0.1 - - [22/Nov/2023 11:07:49] "[35m[1mGET /dettagliSensore?idsensore=655b97834dd3a2f4de412441 HTTP/1.1[0m" 500 -
127.0.0.1 - - [22/Nov/2023 11:07:50] "[36mGET /dettagliSensore?__debugger__=yes&cmd=resource&f=style.css HTTP/1.1[0m" 304 -
127.0.0.1 - - [22/Nov/2023 11:07:50] "[36mGET /dettagliSensore?__debugger__=yes&cmd=resource&f=debugger.js HTTP/1.1[0m" 304 -
127.0.0.1 - - [22/Nov/2023 11:07:50] "[36mGET /dettagliSensore?__debugger__=yes&cmd=resource&f=console.png HTTP/1.1[0m" 304 -
127.0.0.1 - - [22/Nov/2023 11:07:50] "[36mGET /dettagliSensore?__debugger__=yes&cmd=resource&f=console.png HTTP/1.1[0m" 304 -
 * Detected change in 'c:\\Users\\Gerardo\\Tirocinio\\Tirocinio\\src\\main_route.py', reloading
 * Detected change in 'c:\\Users\\Gerardo\\Tirocinio\\Tirocinio\\src\\main_route.py', reloading
 * Detected change in 'c:\\Users\\Gerardo\\Tirocinio\\Tirocinio\\src\\main_route.py', reloading
 * Detected change in 'c:\\Users\\Gerardo\\Tirocinio\\Tirocinio\\src\\main_route.py', reloading
 * Restarting with watchdog (windowsapi)
 * Debugger is active!
 * Debugger PIN: 973-937-000
127.0.0.1 - - [22/Nov/2023 11:09:49] "GET /dettagliSensore?idsensore=655b97834dd3a2f4de412441 HTTP/1.1" 200 -
127.0.0.1 - - [22/Nov/2023 11:09:49] "[36mGET /static/vendors/typicons.font/font/typicons.css HTTP/1.1[0m" 304 -
127.0.0.1 - - [22/Nov/2023 11:09:49] "[36mGET /static/vendors/css/vendor.bundle.base.css HTTP/1.1[0m" 304 -
127.0.0.1 - - [22/Nov/2023 11:09:49] "[36mGET /static/vendors/js/vendor.bundle.base.js HTTP/1.1[0m" 304 -
127.0.0.1 - - [22/Nov/2023 11:09:49] "[36mGET /static/css/vertical-layout-light/style.css HTTP/1.1[0m" 304 -
127.0.0.1 - - [22/Nov/2023 11:09:49] "[36mGET /static/images/enia.png HTTP/1.1[0m" 304 -
127.0.0.1 - - [22/Nov/2023 11:09:49] "[36mGET /static/js/off-canvas.js HTTP/1.1[0m" 304 -
127.0.0.1 - - [22/Nov/2023 11:09:49] "[36mGET /static/js/hoverable-collapse.js HTTP/1.1[0m" 304 -
127.0.0.1 - - [22/Nov/2023 11:09:49] "[36mGET /static/js/template.js HTTP/1.1[0m" 304 -
127.0.0.1 - - [22/Nov/2023 11:09:50] "[33mGET /static/fonts/Roboto/Roboto-Bold.woff2 HTTP/1.1[0m" 404 -
127.0.0.1 - - [22/Nov/2023 11:09:50] "[33mGET /static/fonts/Roboto/Roboto-Regular.woff2 HTTP/1.1[0m" 404 -
127.0.0.1 - - [22/Nov/2023 11:09:50] "[36mGET /static/vendors/typicons.font/font/typicons.woff HTTP/1.1[0m" 304 -
127.0.0.1 - - [22/Nov/2023 11:09:50] "[33mGET /static/fonts/Roboto/Roboto-Light.woff2 HTTP/1.1[0m" 404 -
127.0.0.1 - - [22/Nov/2023 11:09:50] "[33mGET /static/fonts/Roboto/Roboto-Bold.woff HTTP/1.1[0m" 404 -
127.0.0.1 - - [22/Nov/2023 11:09:50] "[33mGET /static/fonts/Roboto/Roboto-Regular.woff HTTP/1.1[0m" 404 -
127.0.0.1 - - [22/Nov/2023 11:09:50] "[33mGET /static/fonts/Roboto/Roboto-Light.woff HTTP/1.1[0m" 404 -
127.0.0.1 - - [22/Nov/2023 11:09:50] "[33mGET /static/fonts/Roboto/Roboto-Bold.ttf HTTP/1.1[0m" 404 -
127.0.0.1 - - [22/Nov/2023 11:09:50] "[33mGET /static/fonts/Roboto/Roboto-Regular.ttf HTTP/1.1[0m" 404 -
127.0.0.1 - - [22/Nov/2023 11:09:50] "[33mGET /static/fonts/Roboto/Roboto-Light.ttf HTTP/1.1[0m" 404 -
127.0.0.1 - - [22/Nov/2023 11:09:50] "[36mGET /static/js/settings.js HTTP/1.1[0m" 304 -
127.0.0.1 - - [22/Nov/2023 11:09:50] "[36mGET /static/js/todolist.js HTTP/1.1[0m" 304 -
127.0.0.1 - - [22/Nov/2023 11:09:50] "[36mGET /static/vendors/progressbar.js/progressbar.min.js HTTP/1.1[0m" 304 -
127.0.0.1 - - [22/Nov/2023 11:09:50] "[36mGET /static/vendors/chart.js/Chart.min.js HTTP/1.1[0m" 304 -
127.0.0.1 - - [22/Nov/2023 11:09:51] "[36mGET /static/images/enia.png HTTP/1.1[0m" 304 -
 * Detected change in 'c:\\Users\\Gerardo\\Tirocinio\\Tirocinio\\src\\main_route.py', reloading
 * Detected change in 'c:\\Users\\Gerardo\\Tirocinio\\Tirocinio\\src\\main_route.py', reloading
 * Detected change in 'c:\\Users\\Gerardo\\Tirocinio\\Tirocinio\\src\\main_route.py', reloading
 * Restarting with watchdog (windowsapi)
 * Debugger is active!
 * Debugger PIN: 973-937-000
127.0.0.1 - - [22/Nov/2023 11:10:42] "GET /dettagliSensore?idsensore=655b97834dd3a2f4de412441 HTTP/1.1" 200 -
127.0.0.1 - - [22/Nov/2023 11:10:42] "[36mGET /static/vendors/css/vendor.bundle.base.css HTTP/1.1[0m" 304 -
127.0.0.1 - - [22/Nov/2023 11:10:42] "[36mGET /static/vendors/typicons.font/font/typicons.css HTTP/1.1[0m" 304 -
127.0.0.1 - - [22/Nov/2023 11:10:42] "[36mGET /static/css/vertical-layout-light/style.css HTTP/1.1[0m" 304 -
127.0.0.1 - - [22/Nov/2023 11:10:42] "[36mGET /static/vendors/js/vendor.bundle.base.js HTTP/1.1[0m" 304 -
127.0.0.1 - - [22/Nov/2023 11:10:42] "[36mGET /static/images/enia.png HTTP/1.1[0m" 304 -
127.0.0.1 - - [22/Nov/2023 11:10:42] "[36mGET /static/js/off-canvas.js HTTP/1.1[0m" 304 -
127.0.0.1 - - [22/Nov/2023 11:10:42] "[33mGET /static/fonts/Roboto/Roboto-Regular.woff2 HTTP/1.1[0m" 404 -
127.0.0.1 - - [22/Nov/2023 11:10:42] "[36mGET /static/vendors/typicons.font/font/typicons.woff HTTP/1.1[0m" 304 -
127.0.0.1 - - [22/Nov/2023 11:10:42] "[33mGET /static/fonts/Roboto/Roboto-Bold.woff2 HTTP/1.1[0m" 404 -
127.0.0.1 - - [22/Nov/2023 11:10:42] "[33mGET /static/fonts/Roboto/Roboto-Light.woff2 HTTP/1.1[0m" 404 -
127.0.0.1 - - [22/Nov/2023 11:10:42] "[33mGET /static/fonts/Roboto/Roboto-Regular.woff HTTP/1.1[0m" 404 -
127.0.0.1 - - [22/Nov/2023 11:10:42] "[36mGET /static/js/hoverable-collapse.js HTTP/1.1[0m" 304 -
127.0.0.1 - - [22/Nov/2023 11:10:42] "[33mGET /static/fonts/Roboto/Roboto-Bold.woff HTTP/1.1[0m" 404 -
127.0.0.1 - - [22/Nov/2023 11:10:42] "[33mGET /static/fonts/Roboto/Roboto-Light.woff HTTP/1.1[0m" 404 -
127.0.0.1 - - [22/Nov/2023 11:10:43] "[33mGET /static/fonts/Roboto/Roboto-Regular.ttf HTTP/1.1[0m" 404 -
127.0.0.1 - - [22/Nov/2023 11:10:43] "[33mGET /static/fonts/Roboto/Roboto-Bold.ttf HTTP/1.1[0m" 404 -
127.0.0.1 - - [22/Nov/2023 11:10:43] "[33mGET /static/fonts/Roboto/Roboto-Light.ttf HTTP/1.1[0m" 404 -
127.0.0.1 - - [22/Nov/2023 11:10:43] "[36mGET /static/js/template.js HTTP/1.1[0m" 304 -
127.0.0.1 - - [22/Nov/2023 11:10:43] "[36mGET /static/js/settings.js HTTP/1.1[0m" 304 -
127.0.0.1 - - [22/Nov/2023 11:10:43] "[36mGET /static/js/todolist.js HTTP/1.1[0m" 304 -
127.0.0.1 - - [22/Nov/2023 11:10:43] "[36mGET /static/vendors/progressbar.js/progressbar.min.js HTTP/1.1[0m" 304 -
127.0.0.1 - - [22/Nov/2023 11:10:43] "[36mGET /static/vendors/chart.js/Chart.min.js HTTP/1.1[0m" 304 -
127.0.0.1 - - [22/Nov/2023 11:10:43] "[36mGET /static/images/enia.png HTTP/1.1[0m" 304 -
 * Detected change in 'c:\\Users\\Gerardo\\Tirocinio\\Tirocinio\\src\\main_route.py', reloading
 * Detected change in 'c:\\Users\\Gerardo\\Tirocinio\\Tirocinio\\src\\main_route.py', reloading
 * Detected change in 'c:\\Users\\Gerardo\\Tirocinio\\Tirocinio\\src\\main_route.py', reloading
 * Restarting with watchdog (windowsapi)
 * Debugger is active!
 * Debugger PIN: 973-937-000
 * Detected change in 'c:\\Users\\Gerardo\\Tirocinio\\Tirocinio\\src\\main_route.py', reloading
 * Detected change in 'c:\\Users\\Gerardo\\Tirocinio\\Tirocinio\\src\\main_route.py', reloading
 * Detected change in 'c:\\Users\\Gerardo\\Tirocinio\\Tirocinio\\src\\main_route.py', reloading
 * Restarting with watchdog (windowsapi)
 * Debugger is active!
 * Debugger PIN: 973-937-000
127.0.0.1 - - [22/Nov/2023 11:11:46] "GET /dettagliSensore?idsensore=655b97834dd3a2f4de412441 HTTP/1.1" 200 -
127.0.0.1 - - [22/Nov/2023 11:11:46] "[36mGET /static/vendors/css/vendor.bundle.base.css HTTP/1.1[0m" 304 -
127.0.0.1 - - [22/Nov/2023 11:11:46] "[36mGET /static/vendors/typicons.font/font/typicons.css HTTP/1.1[0m" 304 -
127.0.0.1 - - [22/Nov/2023 11:11:46] "[36mGET /static/css/vertical-layout-light/style.css HTTP/1.1[0m" 304 -
127.0.0.1 - - [22/Nov/2023 11:11:46] "[36mGET /static/vendors/js/vendor.bundle.base.js HTTP/1.1[0m" 304 -
127.0.0.1 - - [22/Nov/2023 11:11:46] "[36mGET /static/images/enia.png HTTP/1.1[0m" 304 -
127.0.0.1 - - [22/Nov/2023 11:11:47] "[36mGET /static/js/off-canvas.js HTTP/1.1[0m" 304 -
127.0.0.1 - - [22/Nov/2023 11:11:47] "[33mGET /static/fonts/Roboto/Roboto-Bold.woff2 HTTP/1.1[0m" 404 -
127.0.0.1 - - [22/Nov/2023 11:11:47] "[33mGET /static/fonts/Roboto/Roboto-Light.woff2 HTTP/1.1[0m" 404 -
127.0.0.1 - - [22/Nov/2023 11:11:47] "[33mGET /static/fonts/Roboto/Roboto-Regular.woff2 HTTP/1.1[0m" 404 -
127.0.0.1 - - [22/Nov/2023 11:11:47] "[36mGET /static/vendors/typicons.font/font/typicons.woff HTTP/1.1[0m" 304 -
127.0.0.1 - - [22/Nov/2023 11:11:47] "[33mGET /static/fonts/Roboto/Roboto-Light.woff HTTP/1.1[0m" 404 -
127.0.0.1 - - [22/Nov/2023 11:11:47] "[33mGET /static/fonts/Roboto/Roboto-Bold.woff HTTP/1.1[0m" 404 -
127.0.0.1 - - [22/Nov/2023 11:11:47] "[33mGET /static/fonts/Roboto/Roboto-Regular.woff HTTP/1.1[0m" 404 -
127.0.0.1 - - [22/Nov/2023 11:11:47] "[33mGET /static/fonts/Roboto/Roboto-Light.ttf HTTP/1.1[0m" 404 -
127.0.0.1 - - [22/Nov/2023 11:11:47] "[33mGET /static/fonts/Roboto/Roboto-Bold.ttf HTTP/1.1[0m" 404 -
127.0.0.1 - - [22/Nov/2023 11:11:47] "[33mGET /static/fonts/Roboto/Roboto-Regular.ttf HTTP/1.1[0m" 404 -
127.0.0.1 - - [22/Nov/2023 11:11:47] "[36mGET /static/js/hoverable-collapse.js HTTP/1.1[0m" 304 -
127.0.0.1 - - [22/Nov/2023 11:11:47] "[36mGET /static/js/template.js HTTP/1.1[0m" 304 -
127.0.0.1 - - [22/Nov/2023 11:11:47] "[36mGET /static/js/settings.js HTTP/1.1[0m" 304 -
127.0.0.1 - - [22/Nov/2023 11:11:47] "[36mGET /static/js/todolist.js HTTP/1.1[0m" 304 -
127.0.0.1 - - [22/Nov/2023 11:11:47] "[36mGET /static/vendors/progressbar.js/progressbar.min.js HTTP/1.1[0m" 304 -
127.0.0.1 - - [22/Nov/2023 11:11:47] "[36mGET /static/vendors/chart.js/Chart.min.js HTTP/1.1[0m" 304 -
127.0.0.1 - - [22/Nov/2023 11:11:48] "[36mGET /static/images/enia.png HTTP/1.1[0m" 304 -
 * Detected change in 'c:\\Users\\Gerardo\\Tirocinio\\Tirocinio\\src\\Adapters\\OpenMeteoAdapter.py', reloading
 * Detected change in 'c:\\Users\\Gerardo\\Tirocinio\\Tirocinio\\src\\Adapters\\OpenMeteoAdapter.py', reloading
 * Detected change in 'c:\\Users\\Gerardo\\Tirocinio\\Tirocinio\\src\\Adapters\\OpenMeteoAdapter.py', reloading
 * Detected change in 'c:\\Users\\Gerardo\\Tirocinio\\Tirocinio\\src\\Adapters\\OpenMeteoAdapter.py', reloading
 * Restarting with watchdog (windowsapi)
 * Debugger is active!
 * Debugger PIN: 973-937-000
 * Detected change in 'c:\\Users\\Gerardo\\Tirocinio\\Tirocinio\\src\\main_route.py', reloading
 * Detected change in 'c:\\Users\\Gerardo\\Tirocinio\\Tirocinio\\src\\main_route.py', reloading
 * Detected change in 'c:\\Users\\Gerardo\\Tirocinio\\Tirocinio\\src\\main_route.py', reloading
 * Detected change in 'c:\\Users\\Gerardo\\Tirocinio\\Tirocinio\\src\\main_route.py', reloading
 * Restarting with watchdog (windowsapi)
 * Debugger is active!
 * Debugger PIN: 973-937-000
 * Detected change in 'c:\\Users\\Gerardo\\Tirocinio\\Tirocinio\\src\\main_route.py', reloading
 * Detected change in 'c:\\Users\\Gerardo\\Tirocinio\\Tirocinio\\src\\main_route.py', reloading
 * Detected change in 'c:\\Users\\Gerardo\\Tirocinio\\Tirocinio\\src\\main_route.py', reloading
 * Restarting with watchdog (windowsapi)
 * Debugger is active!
 * Debugger PIN: 973-937-000
127.0.0.1 - - [22/Nov/2023 11:21:51] "GET /dettagliSensore?idsensore=655b97834dd3a2f4de412441 HTTP/1.1" 200 -
127.0.0.1 - - [22/Nov/2023 11:21:51] "[36mGET /static/vendors/typicons.font/font/typicons.css HTTP/1.1[0m" 304 -
127.0.0.1 - - [22/Nov/2023 11:21:51] "[36mGET /static/vendors/css/vendor.bundle.base.css HTTP/1.1[0m" 304 -
127.0.0.1 - - [22/Nov/2023 11:21:51] "[36mGET /static/css/vertical-layout-light/style.css HTTP/1.1[0m" 304 -
127.0.0.1 - - [22/Nov/2023 11:21:51] "[36mGET /static/images/enia.png HTTP/1.1[0m" 304 -
127.0.0.1 - - [22/Nov/2023 11:21:51] "[36mGET /static/vendors/js/vendor.bundle.base.js HTTP/1.1[0m" 304 -
127.0.0.1 - - [22/Nov/2023 11:21:51] "[36mGET /static/js/off-canvas.js HTTP/1.1[0m" 304 -
127.0.0.1 - - [22/Nov/2023 11:21:51] "[33mGET /static/fonts/Roboto/Roboto-Bold.woff2 HTTP/1.1[0m" 404 -
127.0.0.1 - - [22/Nov/2023 11:21:51] "[33mGET /static/fonts/Roboto/Roboto-Light.woff2 HTTP/1.1[0m" 404 -
127.0.0.1 - - [22/Nov/2023 11:21:51] "[33mGET /static/fonts/Roboto/Roboto-Regular.woff2 HTTP/1.1[0m" 404 -
127.0.0.1 - - [22/Nov/2023 11:21:51] "[36mGET /static/vendors/typicons.font/font/typicons.woff HTTP/1.1[0m" 304 -
127.0.0.1 - - [22/Nov/2023 11:21:51] "[33mGET /static/fonts/Roboto/Roboto-Bold.woff HTTP/1.1[0m" 404 -
127.0.0.1 - - [22/Nov/2023 11:21:51] "[33mGET /static/fonts/Roboto/Roboto-Light.woff HTTP/1.1[0m" 404 -
127.0.0.1 - - [22/Nov/2023 11:21:51] "[33mGET /static/fonts/Roboto/Roboto-Regular.woff HTTP/1.1[0m" 404 -
127.0.0.1 - - [22/Nov/2023 11:21:51] "[33mGET /static/fonts/Roboto/Roboto-Bold.ttf HTTP/1.1[0m" 404 -
127.0.0.1 - - [22/Nov/2023 11:21:52] "[33mGET /static/fonts/Roboto/Roboto-Light.ttf HTTP/1.1[0m" 404 -
127.0.0.1 - - [22/Nov/2023 11:21:52] "[33mGET /static/fonts/Roboto/Roboto-Regular.ttf HTTP/1.1[0m" 404 -
127.0.0.1 - - [22/Nov/2023 11:21:52] "[36mGET /static/js/hoverable-collapse.js HTTP/1.1[0m" 304 -
127.0.0.1 - - [22/Nov/2023 11:21:52] "[36mGET /static/js/template.js HTTP/1.1[0m" 304 -
127.0.0.1 - - [22/Nov/2023 11:21:52] "[36mGET /static/js/settings.js HTTP/1.1[0m" 304 -
127.0.0.1 - - [22/Nov/2023 11:21:52] "[36mGET /static/js/todolist.js HTTP/1.1[0m" 304 -
127.0.0.1 - - [22/Nov/2023 11:21:52] "[36mGET /static/vendors/progressbar.js/progressbar.min.js HTTP/1.1[0m" 304 -
127.0.0.1 - - [22/Nov/2023 11:21:52] "[36mGET /static/vendors/chart.js/Chart.min.js HTTP/1.1[0m" 304 -
127.0.0.1 - - [22/Nov/2023 11:21:53] "[36mGET /static/images/enia.png HTTP/1.1[0m" 304 -
 * Detected change in 'c:\\Users\\Gerardo\\Tirocinio\\Tirocinio\\src\\main_route.py', reloading
 * Detected change in 'c:\\Users\\Gerardo\\Tirocinio\\Tirocinio\\src\\main_route.py', reloading
 * Detected change in 'c:\\Users\\Gerardo\\Tirocinio\\Tirocinio\\src\\main_route.py', reloading
 * Restarting with watchdog (windowsapi)
 * Debugger is active!
 * Debugger PIN: 973-937-000
 * Detected change in 'c:\\Users\\Gerardo\\Tirocinio\\Tirocinio\\src\\Adapters\\OpenMeteoAdapter.py', reloading
 * Detected change in 'c:\\Users\\Gerardo\\Tirocinio\\Tirocinio\\src\\Adapters\\OpenMeteoAdapter.py', reloading
 * Restarting with watchdog (windowsapi)
 * Debugger is active!
 * Debugger PIN: 973-937-000
127.0.0.1 - - [22/Nov/2023 11:25:54] "GET /dettagliSensore?idsensore=655b97834dd3a2f4de412441 HTTP/1.1" 200 -
127.0.0.1 - - [22/Nov/2023 11:25:54] "[36mGET /static/vendors/typicons.font/font/typicons.css HTTP/1.1[0m" 304 -
127.0.0.1 - - [22/Nov/2023 11:25:54] "[36mGET /static/vendors/css/vendor.bundle.base.css HTTP/1.1[0m" 304 -
127.0.0.1 - - [22/Nov/2023 11:25:54] "[36mGET /static/css/vertical-layout-light/style.css HTTP/1.1[0m" 304 -
127.0.0.1 - - [22/Nov/2023 11:25:54] "[36mGET /static/images/enia.png HTTP/1.1[0m" 304 -
127.0.0.1 - - [22/Nov/2023 11:25:54] "[36mGET /static/vendors/js/vendor.bundle.base.js HTTP/1.1[0m" 304 -
127.0.0.1 - - [22/Nov/2023 11:25:54] "[33mGET /static/fonts/Roboto/Roboto-Bold.woff2 HTTP/1.1[0m" 404 -
127.0.0.1 - - [22/Nov/2023 11:25:54] "[33mGET /static/fonts/Roboto/Roboto-Light.woff2 HTTP/1.1[0m" 404 -
127.0.0.1 - - [22/Nov/2023 11:25:54] "[36mGET /static/vendors/typicons.font/font/typicons.woff HTTP/1.1[0m" 304 -
127.0.0.1 - - [22/Nov/2023 11:25:55] "[33mGET /static/fonts/Roboto/Roboto-Regular.woff2 HTTP/1.1[0m" 404 -
127.0.0.1 - - [22/Nov/2023 11:25:55] "[33mGET /static/fonts/Roboto/Roboto-Bold.woff HTTP/1.1[0m" 404 -
127.0.0.1 - - [22/Nov/2023 11:25:55] "[33mGET /static/fonts/Roboto/Roboto-Light.woff HTTP/1.1[0m" 404 -
127.0.0.1 - - [22/Nov/2023 11:25:55] "[36mGET /static/js/off-canvas.js HTTP/1.1[0m" 304 -
127.0.0.1 - - [22/Nov/2023 11:25:55] "[33mGET /static/fonts/Roboto/Roboto-Bold.ttf HTTP/1.1[0m" 404 -
127.0.0.1 - - [22/Nov/2023 11:25:55] "[33mGET /static/fonts/Roboto/Roboto-Regular.woff HTTP/1.1[0m" 404 -
127.0.0.1 - - [22/Nov/2023 11:25:55] "[33mGET /static/fonts/Roboto/Roboto-Light.ttf HTTP/1.1[0m" 404 -
127.0.0.1 - - [22/Nov/2023 11:25:55] "[33mGET /static/fonts/Roboto/Roboto-Regular.ttf HTTP/1.1[0m" 404 -
127.0.0.1 - - [22/Nov/2023 11:25:55] "[36mGET /static/js/hoverable-collapse.js HTTP/1.1[0m" 304 -
127.0.0.1 - - [22/Nov/2023 11:25:55] "[36mGET /static/js/template.js HTTP/1.1[0m" 304 -
127.0.0.1 - - [22/Nov/2023 11:25:55] "[36mGET /static/js/settings.js HTTP/1.1[0m" 304 -
127.0.0.1 - - [22/Nov/2023 11:25:55] "[36mGET /static/js/todolist.js HTTP/1.1[0m" 304 -
127.0.0.1 - - [22/Nov/2023 11:25:55] "[36mGET /static/vendors/progressbar.js/progressbar.min.js HTTP/1.1[0m" 304 -
127.0.0.1 - - [22/Nov/2023 11:25:55] "[36mGET /static/vendors/chart.js/Chart.min.js HTTP/1.1[0m" 304 -
127.0.0.1 - - [22/Nov/2023 11:25:56] "[36mGET /static/images/enia.png HTTP/1.1[0m" 304 -
127.0.0.1 - - [22/Nov/2023 11:25:57] "[36mGET /static/vendors/typicons.font/font/typicons.css HTTP/1.1[0m" 304 -
127.0.0.1 - - [22/Nov/2023 11:25:57] "[36mGET /static/vendors/css/vendor.bundle.base.css HTTP/1.1[0m" 304 -
127.0.0.1 - - [22/Nov/2023 11:25:57] "[36mGET /static/css/vertical-layout-light/style.css HTTP/1.1[0m" 304 -
127.0.0.1 - - [22/Nov/2023 11:25:57] "GET /static/css/maps/vertical-layout-light/style.css.map HTTP/1.1" 200 -
127.0.0.1 - - [22/Nov/2023 11:50:08] "GET /dettagliSensore?idsensore=655b97834dd3a2f4de412441 HTTP/1.1" 200 -
127.0.0.1 - - [22/Nov/2023 11:50:08] "[36mGET /static/vendors/typicons.font/font/typicons.css HTTP/1.1[0m" 304 -
127.0.0.1 - - [22/Nov/2023 11:50:08] "[36mGET /static/vendors/css/vendor.bundle.base.css HTTP/1.1[0m" 304 -
127.0.0.1 - - [22/Nov/2023 11:50:08] "[36mGET /static/css/vertical-layout-light/style.css HTTP/1.1[0m" 304 -
127.0.0.1 - - [22/Nov/2023 11:50:08] "[36mGET /static/vendors/typicons.font/font/typicons.woff HTTP/1.1[0m" 304 -
127.0.0.1 - - [22/Nov/2023 11:50:08] "[36mGET /static/images/enia.png HTTP/1.1[0m" 304 -
127.0.0.1 - - [22/Nov/2023 11:50:08] "[36mGET /static/js/hoverable-collapse.js HTTP/1.1[0m" 304 -
127.0.0.1 - - [22/Nov/2023 11:50:08] "[36mGET /static/vendors/js/vendor.bundle.base.js HTTP/1.1[0m" 304 -
127.0.0.1 - - [22/Nov/2023 11:50:08] "[36mGET /static/js/off-canvas.js HTTP/1.1[0m" 304 -
127.0.0.1 - - [22/Nov/2023 11:50:08] "[33mGET /static/fonts/Roboto/Roboto-Regular.woff2 HTTP/1.1[0m" 404 -
127.0.0.1 - - [22/Nov/2023 11:50:08] "[33mGET /static/fonts/Roboto/Roboto-Bold.woff2 HTTP/1.1[0m" 404 -
127.0.0.1 - - [22/Nov/2023 11:50:08] "[33mGET /static/fonts/Roboto/Roboto-Light.woff2 HTTP/1.1[0m" 404 -
127.0.0.1 - - [22/Nov/2023 11:50:08] "[33mGET /static/fonts/Roboto/Roboto-Regular.woff HTTP/1.1[0m" 404 -
127.0.0.1 - - [22/Nov/2023 11:50:08] "[33mGET /static/fonts/Roboto/Roboto-Bold.woff HTTP/1.1[0m" 404 -
127.0.0.1 - - [22/Nov/2023 11:50:08] "[33mGET /static/fonts/Roboto/Roboto-Light.woff HTTP/1.1[0m" 404 -
127.0.0.1 - - [22/Nov/2023 11:50:09] "[33mGET /static/fonts/Roboto/Roboto-Bold.ttf HTTP/1.1[0m" 404 -
127.0.0.1 - - [22/Nov/2023 11:50:09] "[33mGET /static/fonts/Roboto/Roboto-Regular.ttf HTTP/1.1[0m" 404 -
127.0.0.1 - - [22/Nov/2023 11:50:09] "[33mGET /static/fonts/Roboto/Roboto-Light.ttf HTTP/1.1[0m" 404 -
127.0.0.1 - - [22/Nov/2023 11:50:09] "[36mGET /static/js/template.js HTTP/1.1[0m" 304 -
127.0.0.1 - - [22/Nov/2023 11:50:09] "[36mGET /static/js/todolist.js HTTP/1.1[0m" 304 -
127.0.0.1 - - [22/Nov/2023 11:50:09] "[36mGET /static/js/settings.js HTTP/1.1[0m" 304 -
127.0.0.1 - - [22/Nov/2023 11:50:09] "[36mGET /static/vendors/progressbar.js/progressbar.min.js HTTP/1.1[0m" 304 -
127.0.0.1 - - [22/Nov/2023 11:50:09] "[36mGET /static/vendors/chart.js/Chart.min.js HTTP/1.1[0m" 304 -
127.0.0.1 - - [22/Nov/2023 11:50:09] "GET /static/css/maps/vertical-layout-light/style.css.map HTTP/1.1" 200 -
127.0.0.1 - - [22/Nov/2023 11:50:10] "[36mGET /static/images/enia.png HTTP/1.1[0m" 304 -
127.0.0.1 - - [22/Nov/2023 11:52:39] "GET /dettagliSensore?idsensore=655b97834dd3a2f4de412441 HTTP/1.1" 200 -
127.0.0.1 - - [22/Nov/2023 11:52:40] "[36mGET /static/vendors/typicons.font/font/typicons.css HTTP/1.1[0m" 304 -
127.0.0.1 - - [22/Nov/2023 11:52:40] "[36mGET /static/vendors/css/vendor.bundle.base.css HTTP/1.1[0m" 304 -
127.0.0.1 - - [22/Nov/2023 11:52:40] "[36mGET /static/css/vertical-layout-light/style.css HTTP/1.1[0m" 304 -
127.0.0.1 - - [22/Nov/2023 11:52:40] "[36mGET /static/vendors/typicons.font/font/typicons.woff HTTP/1.1[0m" 304 -
127.0.0.1 - - [22/Nov/2023 11:52:40] "[36mGET /static/images/enia.png HTTP/1.1[0m" 304 -
127.0.0.1 - - [22/Nov/2023 11:52:40] "[36mGET /static/vendors/js/vendor.bundle.base.js HTTP/1.1[0m" 304 -
127.0.0.1 - - [22/Nov/2023 11:52:40] "[36mGET /static/js/hoverable-collapse.js HTTP/1.1[0m" 304 -
127.0.0.1 - - [22/Nov/2023 11:52:40] "[36mGET /static/js/off-canvas.js HTTP/1.1[0m" 304 -
127.0.0.1 - - [22/Nov/2023 11:52:40] "[33mGET /static/fonts/Roboto/Roboto-Regular.woff2 HTTP/1.1[0m" 404 -
127.0.0.1 - - [22/Nov/2023 11:52:40] "[33mGET /static/fonts/Roboto/Roboto-Bold.woff2 HTTP/1.1[0m" 404 -
127.0.0.1 - - [22/Nov/2023 11:52:40] "[33mGET /static/fonts/Roboto/Roboto-Light.woff2 HTTP/1.1[0m" 404 -
127.0.0.1 - - [22/Nov/2023 11:52:40] "[36mGET /static/js/template.js HTTP/1.1[0m" 304 -
127.0.0.1 - - [22/Nov/2023 11:52:40] "[36mGET /static/js/settings.js HTTP/1.1[0m" 304 -
127.0.0.1 - - [22/Nov/2023 11:52:40] "[33mGET /static/fonts/Roboto/Roboto-Regular.woff HTTP/1.1[0m" 404 -
127.0.0.1 - - [22/Nov/2023 11:52:41] "[33mGET /static/fonts/Roboto/Roboto-Bold.woff HTTP/1.1[0m" 404 -
127.0.0.1 - - [22/Nov/2023 11:52:41] "[33mGET /static/fonts/Roboto/Roboto-Light.woff HTTP/1.1[0m" 404 -
127.0.0.1 - - [22/Nov/2023 11:52:41] "[33mGET /static/fonts/Roboto/Roboto-Regular.ttf HTTP/1.1[0m" 404 -
127.0.0.1 - - [22/Nov/2023 11:52:41] "[36mGET /static/js/todolist.js HTTP/1.1[0m" 304 -
127.0.0.1 - - [22/Nov/2023 11:52:41] "[33mGET /static/fonts/Roboto/Roboto-Bold.ttf HTTP/1.1[0m" 404 -
127.0.0.1 - - [22/Nov/2023 11:52:41] "[33mGET /static/fonts/Roboto/Roboto-Light.ttf HTTP/1.1[0m" 404 -
127.0.0.1 - - [22/Nov/2023 11:52:41] "[36mGET /static/vendors/progressbar.js/progressbar.min.js HTTP/1.1[0m" 304 -
127.0.0.1 - - [22/Nov/2023 11:52:41] "[36mGET /static/vendors/chart.js/Chart.min.js HTTP/1.1[0m" 304 -
127.0.0.1 - - [22/Nov/2023 11:52:41] "[36mGET /static/css/maps/vertical-layout-light/style.css.map HTTP/1.1[0m" 304 -
127.0.0.1 - - [22/Nov/2023 11:52:42] "[36mGET /static/images/enia.png HTTP/1.1[0m" 304 -
127.0.0.1 - - [22/Nov/2023 11:56:40] "GET /dettagliSensore?idsensore=655b97834dd3a2f4de412441 HTTP/1.1" 200 -
127.0.0.1 - - [22/Nov/2023 11:56:40] "[36mGET /static/vendors/typicons.font/font/typicons.css HTTP/1.1[0m" 304 -
127.0.0.1 - - [22/Nov/2023 11:56:40] "[36mGET /static/vendors/css/vendor.bundle.base.css HTTP/1.1[0m" 304 -
127.0.0.1 - - [22/Nov/2023 11:56:40] "[36mGET /static/css/vertical-layout-light/style.css HTTP/1.1[0m" 304 -
127.0.0.1 - - [22/Nov/2023 11:56:40] "[36mGET /static/images/enia.png HTTP/1.1[0m" 304 -
127.0.0.1 - - [22/Nov/2023 11:56:40] "[36mGET /static/vendors/typicons.font/font/typicons.woff HTTP/1.1[0m" 304 -
127.0.0.1 - - [22/Nov/2023 11:56:40] "[33mGET /static/fonts/Roboto/Roboto-Light.woff2 HTTP/1.1[0m" 404 -
127.0.0.1 - - [22/Nov/2023 11:56:40] "[33mGET /static/fonts/Roboto/Roboto-Bold.woff2 HTTP/1.1[0m" 404 -
127.0.0.1 - - [22/Nov/2023 11:56:40] "[33mGET /static/fonts/Roboto/Roboto-Regular.woff2 HTTP/1.1[0m" 404 -
127.0.0.1 - - [22/Nov/2023 11:56:40] "[33mGET /static/fonts/Roboto/Roboto-Light.woff HTTP/1.1[0m" 404 -
127.0.0.1 - - [22/Nov/2023 11:56:40] "[33mGET /static/fonts/Roboto/Roboto-Regular.woff HTTP/1.1[0m" 404 -
127.0.0.1 - - [22/Nov/2023 11:56:40] "[33mGET /static/fonts/Roboto/Roboto-Bold.woff HTTP/1.1[0m" 404 -
127.0.0.1 - - [22/Nov/2023 11:56:40] "[33mGET /static/fonts/Roboto/Roboto-Light.ttf HTTP/1.1[0m" 404 -
127.0.0.1 - - [22/Nov/2023 11:56:40] "[33mGET /static/fonts/Roboto/Roboto-Regular.ttf HTTP/1.1[0m" 404 -
127.0.0.1 - - [22/Nov/2023 11:56:40] "[33mGET /static/fonts/Roboto/Roboto-Bold.ttf HTTP/1.1[0m" 404 -
127.0.0.1 - - [22/Nov/2023 11:56:41] "[36mGET /static/vendors/js/vendor.bundle.base.js HTTP/1.1[0m" 304 -
127.0.0.1 - - [22/Nov/2023 11:56:41] "[36mGET /static/js/off-canvas.js HTTP/1.1[0m" 304 -
127.0.0.1 - - [22/Nov/2023 11:56:41] "[36mGET /static/js/hoverable-collapse.js HTTP/1.1[0m" 304 -
127.0.0.1 - - [22/Nov/2023 11:56:41] "[36mGET /static/js/todolist.js HTTP/1.1[0m" 304 -
127.0.0.1 - - [22/Nov/2023 11:56:41] "[36mGET /static/js/template.js HTTP/1.1[0m" 304 -
127.0.0.1 - - [22/Nov/2023 11:56:41] "[36mGET /static/js/settings.js HTTP/1.1[0m" 304 -
127.0.0.1 - - [22/Nov/2023 11:56:41] "[36mGET /static/vendors/progressbar.js/progressbar.min.js HTTP/1.1[0m" 304 -
127.0.0.1 - - [22/Nov/2023 11:56:41] "[36mGET /static/vendors/chart.js/Chart.min.js HTTP/1.1[0m" 304 -
127.0.0.1 - - [22/Nov/2023 11:56:41] "[36mGET /static/css/maps/vertical-layout-light/style.css.map HTTP/1.1[0m" 304 -
127.0.0.1 - - [22/Nov/2023 11:56:42] "[36mGET /static/images/enia.png HTTP/1.1[0m" 304 -
127.0.0.1 - - [22/Nov/2023 11:59:17] "GET /dettagliSensore?idsensore=655b97834dd3a2f4de412441 HTTP/1.1" 200 -
127.0.0.1 - - [22/Nov/2023 11:59:17] "[36mGET /static/vendors/typicons.font/font/typicons.css HTTP/1.1[0m" 304 -
127.0.0.1 - - [22/Nov/2023 11:59:17] "[36mGET /static/vendors/css/vendor.bundle.base.css HTTP/1.1[0m" 304 -
127.0.0.1 - - [22/Nov/2023 11:59:17] "[36mGET /static/css/vertical-layout-light/style.css HTTP/1.1[0m" 304 -
127.0.0.1 - - [22/Nov/2023 11:59:17] "[36mGET /static/images/enia.png HTTP/1.1[0m" 304 -
127.0.0.1 - - [22/Nov/2023 11:59:17] "[36mGET /static/vendors/typicons.font/font/typicons.woff HTTP/1.1[0m" 304 -
127.0.0.1 - - [22/Nov/2023 11:59:17] "[33mGET /static/fonts/Roboto/Roboto-Regular.woff2 HTTP/1.1[0m" 404 -
127.0.0.1 - - [22/Nov/2023 11:59:17] "[33mGET /static/fonts/Roboto/Roboto-Bold.woff2 HTTP/1.1[0m" 404 -
127.0.0.1 - - [22/Nov/2023 11:59:17] "[33mGET /static/fonts/Roboto/Roboto-Light.woff2 HTTP/1.1[0m" 404 -
127.0.0.1 - - [22/Nov/2023 11:59:17] "[33mGET /static/fonts/Roboto/Roboto-Regular.woff HTTP/1.1[0m" 404 -
127.0.0.1 - - [22/Nov/2023 11:59:18] "[33mGET /static/fonts/Roboto/Roboto-Bold.woff HTTP/1.1[0m" 404 -
127.0.0.1 - - [22/Nov/2023 11:59:18] "[33mGET /static/fonts/Roboto/Roboto-Light.woff HTTP/1.1[0m" 404 -
127.0.0.1 - - [22/Nov/2023 11:59:18] "[33mGET /static/fonts/Roboto/Roboto-Regular.ttf HTTP/1.1[0m" 404 -
127.0.0.1 - - [22/Nov/2023 11:59:18] "[33mGET /static/fonts/Roboto/Roboto-Light.ttf HTTP/1.1[0m" 404 -
127.0.0.1 - - [22/Nov/2023 11:59:18] "[33mGET /static/fonts/Roboto/Roboto-Bold.ttf HTTP/1.1[0m" 404 -
127.0.0.1 - - [22/Nov/2023 11:59:18] "[36mGET /static/vendors/js/vendor.bundle.base.js HTTP/1.1[0m" 304 -
127.0.0.1 - - [22/Nov/2023 11:59:18] "[36mGET /static/js/off-canvas.js HTTP/1.1[0m" 304 -
127.0.0.1 - - [22/Nov/2023 11:59:18] "[36mGET /static/js/hoverable-collapse.js HTTP/1.1[0m" 304 -
127.0.0.1 - - [22/Nov/2023 11:59:18] "[36mGET /static/js/template.js HTTP/1.1[0m" 304 -
127.0.0.1 - - [22/Nov/2023 11:59:18] "[36mGET /static/js/settings.js HTTP/1.1[0m" 304 -
127.0.0.1 - - [22/Nov/2023 11:59:18] "[36mGET /static/js/todolist.js HTTP/1.1[0m" 304 -
127.0.0.1 - - [22/Nov/2023 11:59:18] "[36mGET /static/vendors/progressbar.js/progressbar.min.js HTTP/1.1[0m" 304 -
127.0.0.1 - - [22/Nov/2023 11:59:18] "[36mGET /static/vendors/chart.js/Chart.min.js HTTP/1.1[0m" 304 -
127.0.0.1 - - [22/Nov/2023 11:59:18] "[36mGET /static/css/maps/vertical-layout-light/style.css.map HTTP/1.1[0m" 304 -
127.0.0.1 - - [22/Nov/2023 11:59:19] "[36mGET /static/images/enia.png HTTP/1.1[0m" 304 -
127.0.0.1 - - [22/Nov/2023 12:01:07] "GET /dettagliSensore?idsensore=655b97834dd3a2f4de412441 HTTP/1.1" 200 -
127.0.0.1 - - [22/Nov/2023 12:01:07] "[36mGET /static/vendors/typicons.font/font/typicons.css HTTP/1.1[0m" 304 -
127.0.0.1 - - [22/Nov/2023 12:01:07] "[36mGET /static/vendors/css/vendor.bundle.base.css HTTP/1.1[0m" 304 -
127.0.0.1 - - [22/Nov/2023 12:01:08] "[36mGET /static/images/enia.png HTTP/1.1[0m" 304 -
127.0.0.1 - - [22/Nov/2023 12:01:08] "[36mGET /static/css/vertical-layout-light/style.css HTTP/1.1[0m" 304 -
127.0.0.1 - - [22/Nov/2023 12:01:08] "[36mGET /static/vendors/js/vendor.bundle.base.js HTTP/1.1[0m" 304 -
127.0.0.1 - - [22/Nov/2023 12:01:08] "[36mGET /static/js/off-canvas.js HTTP/1.1[0m" 304 -
127.0.0.1 - - [22/Nov/2023 12:01:08] "[36mGET /static/js/template.js HTTP/1.1[0m" 304 -
127.0.0.1 - - [22/Nov/2023 12:01:08] "[36mGET /static/js/hoverable-collapse.js HTTP/1.1[0m" 304 -
127.0.0.1 - - [22/Nov/2023 12:01:08] "[33mGET /static/fonts/Roboto/Roboto-Regular.woff2 HTTP/1.1[0m" 404 -
127.0.0.1 - - [22/Nov/2023 12:01:08] "[33mGET /static/fonts/Roboto/Roboto-Bold.woff2 HTTP/1.1[0m" 404 -
127.0.0.1 - - [22/Nov/2023 12:01:08] "[36mGET /static/vendors/typicons.font/font/typicons.woff HTTP/1.1[0m" 304 -
127.0.0.1 - - [22/Nov/2023 12:01:08] "[33mGET /static/fonts/Roboto/Roboto-Light.woff2 HTTP/1.1[0m" 404 -
127.0.0.1 - - [22/Nov/2023 12:01:08] "[33mGET /static/fonts/Roboto/Roboto-Regular.woff HTTP/1.1[0m" 404 -
127.0.0.1 - - [22/Nov/2023 12:01:08] "[33mGET /static/fonts/Roboto/Roboto-Bold.woff HTTP/1.1[0m" 404 -
127.0.0.1 - - [22/Nov/2023 12:01:08] "[33mGET /static/fonts/Roboto/Roboto-Light.woff HTTP/1.1[0m" 404 -
127.0.0.1 - - [22/Nov/2023 12:01:08] "[33mGET /static/fonts/Roboto/Roboto-Regular.ttf HTTP/1.1[0m" 404 -
127.0.0.1 - - [22/Nov/2023 12:01:08] "[33mGET /static/fonts/Roboto/Roboto-Bold.ttf HTTP/1.1[0m" 404 -
127.0.0.1 - - [22/Nov/2023 12:01:08] "[36mGET /static/js/settings.js HTTP/1.1[0m" 304 -
127.0.0.1 - - [22/Nov/2023 12:01:08] "[33mGET /static/fonts/Roboto/Roboto-Light.ttf HTTP/1.1[0m" 404 -
127.0.0.1 - - [22/Nov/2023 12:01:08] "[36mGET /static/js/todolist.js HTTP/1.1[0m" 304 -
127.0.0.1 - - [22/Nov/2023 12:01:09] "[36mGET /static/vendors/progressbar.js/progressbar.min.js HTTP/1.1[0m" 304 -
127.0.0.1 - - [22/Nov/2023 12:01:09] "[36mGET /static/vendors/chart.js/Chart.min.js HTTP/1.1[0m" 304 -
127.0.0.1 - - [22/Nov/2023 12:01:09] "[36mGET /static/css/maps/vertical-layout-light/style.css.map HTTP/1.1[0m" 304 -
127.0.0.1 - - [22/Nov/2023 12:01:09] "[36mGET /static/images/enia.png HTTP/1.1[0m" 304 -
127.0.0.1 - - [22/Nov/2023 12:01:34] "GET /dettagliSensore?idsensore=655b97834dd3a2f4de412441 HTTP/1.1" 200 -
127.0.0.1 - - [22/Nov/2023 12:01:34] "[36mGET /static/vendors/typicons.font/font/typicons.css HTTP/1.1[0m" 304 -
127.0.0.1 - - [22/Nov/2023 12:01:34] "[36mGET /static/css/vertical-layout-light/style.css HTTP/1.1[0m" 304 -
127.0.0.1 - - [22/Nov/2023 12:01:34] "[36mGET /static/vendors/css/vendor.bundle.base.css HTTP/1.1[0m" 304 -
127.0.0.1 - - [22/Nov/2023 12:01:34] "[36mGET /static/images/enia.png HTTP/1.1[0m" 304 -
127.0.0.1 - - [22/Nov/2023 12:01:34] "[36mGET /static/vendors/js/vendor.bundle.base.js HTTP/1.1[0m" 304 -
127.0.0.1 - - [22/Nov/2023 12:01:35] "[33mGET /static/fonts/Roboto/Roboto-Regular.woff2 HTTP/1.1[0m" 404 -
127.0.0.1 - - [22/Nov/2023 12:01:35] "[33mGET /static/fonts/Roboto/Roboto-Bold.woff2 HTTP/1.1[0m" 404 -
127.0.0.1 - - [22/Nov/2023 12:01:35] "[33mGET /static/fonts/Roboto/Roboto-Light.woff2 HTTP/1.1[0m" 404 -
127.0.0.1 - - [22/Nov/2023 12:01:35] "[33mGET /static/fonts/Roboto/Roboto-Bold.woff HTTP/1.1[0m" 404 -
127.0.0.1 - - [22/Nov/2023 12:01:35] "[33mGET /static/fonts/Roboto/Roboto-Regular.woff HTTP/1.1[0m" 404 -
127.0.0.1 - - [22/Nov/2023 12:01:35] "[36mGET /static/js/off-canvas.js HTTP/1.1[0m" 304 -
127.0.0.1 - - [22/Nov/2023 12:01:35] "[33mGET /static/fonts/Roboto/Roboto-Light.woff HTTP/1.1[0m" 404 -
127.0.0.1 - - [22/Nov/2023 12:01:35] "[33mGET /static/fonts/Roboto/Roboto-Regular.ttf HTTP/1.1[0m" 404 -
127.0.0.1 - - [22/Nov/2023 12:01:35] "[33mGET /static/fonts/Roboto/Roboto-Bold.ttf HTTP/1.1[0m" 404 -
127.0.0.1 - - [22/Nov/2023 12:01:35] "[33mGET /static/fonts/Roboto/Roboto-Light.ttf HTTP/1.1[0m" 404 -
127.0.0.1 - - [22/Nov/2023 12:01:35] "[36mGET /static/js/hoverable-collapse.js HTTP/1.1[0m" 304 -
127.0.0.1 - - [22/Nov/2023 12:01:35] "[36mGET /static/js/template.js HTTP/1.1[0m" 304 -
127.0.0.1 - - [22/Nov/2023 12:01:35] "[36mGET /static/js/settings.js HTTP/1.1[0m" 304 -
127.0.0.1 - - [22/Nov/2023 12:01:35] "[36mGET /static/js/todolist.js HTTP/1.1[0m" 304 -
127.0.0.1 - - [22/Nov/2023 12:01:35] "[36mGET /static/vendors/progressbar.js/progressbar.min.js HTTP/1.1[0m" 304 -
127.0.0.1 - - [22/Nov/2023 12:01:35] "[36mGET /static/vendors/chart.js/Chart.min.js HTTP/1.1[0m" 304 -
127.0.0.1 - - [22/Nov/2023 12:01:35] "[36mGET /static/css/maps/vertical-layout-light/style.css.map HTTP/1.1[0m" 304 -
127.0.0.1 - - [22/Nov/2023 12:01:36] "[36mGET /static/images/enia.png HTTP/1.1[0m" 304 -
127.0.0.1 - - [22/Nov/2023 12:02:04] "GET /dettagliSensore?idsensore=655b97834dd3a2f4de412441 HTTP/1.1" 200 -
127.0.0.1 - - [22/Nov/2023 12:02:04] "[36mGET /static/vendors/typicons.font/font/typicons.css HTTP/1.1[0m" 304 -
127.0.0.1 - - [22/Nov/2023 12:02:04] "[36mGET /static/css/vertical-layout-light/style.css HTTP/1.1[0m" 304 -
127.0.0.1 - - [22/Nov/2023 12:02:04] "[36mGET /static/vendors/css/vendor.bundle.base.css HTTP/1.1[0m" 304 -
127.0.0.1 - - [22/Nov/2023 12:02:04] "[36mGET /static/images/enia.png HTTP/1.1[0m" 304 -
127.0.0.1 - - [22/Nov/2023 12:02:04] "[36mGET /static/vendors/js/vendor.bundle.base.js HTTP/1.1[0m" 304 -
127.0.0.1 - - [22/Nov/2023 12:02:04] "[33mGET /static/fonts/Roboto/Roboto-Regular.woff2 HTTP/1.1[0m" 404 -
127.0.0.1 - - [22/Nov/2023 12:02:04] "[33mGET /static/fonts/Roboto/Roboto-Bold.woff2 HTTP/1.1[0m" 404 -
127.0.0.1 - - [22/Nov/2023 12:02:04] "[33mGET /static/fonts/Roboto/Roboto-Light.woff2 HTTP/1.1[0m" 404 -
127.0.0.1 - - [22/Nov/2023 12:02:04] "[33mGET /static/fonts/Roboto/Roboto-Regular.woff HTTP/1.1[0m" 404 -
127.0.0.1 - - [22/Nov/2023 12:02:04] "[33mGET /static/fonts/Roboto/Roboto-Bold.woff HTTP/1.1[0m" 404 -
127.0.0.1 - - [22/Nov/2023 12:02:04] "[36mGET /static/js/off-canvas.js HTTP/1.1[0m" 304 -
127.0.0.1 - - [22/Nov/2023 12:02:04] "[33mGET /static/fonts/Roboto/Roboto-Light.woff HTTP/1.1[0m" 404 -
127.0.0.1 - - [22/Nov/2023 12:02:04] "[33mGET /static/fonts/Roboto/Roboto-Regular.ttf HTTP/1.1[0m" 404 -
127.0.0.1 - - [22/Nov/2023 12:02:05] "[33mGET /static/fonts/Roboto/Roboto-Bold.ttf HTTP/1.1[0m" 404 -
127.0.0.1 - - [22/Nov/2023 12:02:05] "[33mGET /static/fonts/Roboto/Roboto-Light.ttf HTTP/1.1[0m" 404 -
127.0.0.1 - - [22/Nov/2023 12:02:05] "[36mGET /static/js/hoverable-collapse.js HTTP/1.1[0m" 304 -
127.0.0.1 - - [22/Nov/2023 12:02:05] "[36mGET /static/js/template.js HTTP/1.1[0m" 304 -
127.0.0.1 - - [22/Nov/2023 12:02:05] "[36mGET /static/js/settings.js HTTP/1.1[0m" 304 -
127.0.0.1 - - [22/Nov/2023 12:02:05] "[36mGET /static/js/todolist.js HTTP/1.1[0m" 304 -
127.0.0.1 - - [22/Nov/2023 12:02:05] "[36mGET /static/vendors/progressbar.js/progressbar.min.js HTTP/1.1[0m" 304 -
127.0.0.1 - - [22/Nov/2023 12:02:05] "[36mGET /static/vendors/chart.js/Chart.min.js HTTP/1.1[0m" 304 -
127.0.0.1 - - [22/Nov/2023 12:02:05] "[36mGET /static/css/maps/vertical-layout-light/style.css.map HTTP/1.1[0m" 304 -
127.0.0.1 - - [22/Nov/2023 12:02:06] "[36mGET /static/images/enia.png HTTP/1.1[0m" 304 -
 * Detected change in 'C:\\Python311\\Lib\\site-packages\\pymongo\\settings.py', reloading
 * Detected change in 'C:\\Python311\\Lib\\site-packages\\pymongo\\mongo_client.py', reloading
 * Detected change in 'C:\\Python311\\Lib\\site-packages\\flask_pymongo\\__init__.py', reloading
 * Restarting with watchdog (windowsapi)
 * Debugger is active!
 * Debugger PIN: 973-937-000
[31m[1mWARNING: This is a development server. Do not use it in a production deployment. Use a production WSGI server instead.[0m
 * Running on http://localhost:5000
[33mPress CTRL+C to quit[0m
 * Restarting with watchdog (windowsapi)
 * Debugger is active!
 * Debugger PIN: 973-937-000
127.0.0.1 - - [22/Nov/2023 12:07:48] "GET /dettagliSensore?idsensore=655b97834dd3a2f4de412441 HTTP/1.1" 200 -
127.0.0.1 - - [22/Nov/2023 12:07:48] "[36mGET /static/vendors/typicons.font/font/typicons.css HTTP/1.1[0m" 304 -
127.0.0.1 - - [22/Nov/2023 12:07:48] "[36mGET /static/vendors/css/vendor.bundle.base.css HTTP/1.1[0m" 304 -
127.0.0.1 - - [22/Nov/2023 12:07:48] "[36mGET /static/css/vertical-layout-light/style.css HTTP/1.1[0m" 304 -
127.0.0.1 - - [22/Nov/2023 12:07:48] "[36mGET /static/vendors/typicons.font/font/typicons.woff HTTP/1.1[0m" 304 -
127.0.0.1 - - [22/Nov/2023 12:07:48] "[36mGET /static/images/enia.png HTTP/1.1[0m" 304 -
127.0.0.1 - - [22/Nov/2023 12:07:48] "[33mGET /static/fonts/Roboto/Roboto-Regular.woff2 HTTP/1.1[0m" 404 -
127.0.0.1 - - [22/Nov/2023 12:07:48] "[33mGET /static/fonts/Roboto/Roboto-Light.woff2 HTTP/1.1[0m" 404 -
127.0.0.1 - - [22/Nov/2023 12:07:48] "[33mGET /static/fonts/Roboto/Roboto-Bold.woff2 HTTP/1.1[0m" 404 -
127.0.0.1 - - [22/Nov/2023 12:07:48] "[33mGET /static/fonts/Roboto/Roboto-Regular.woff HTTP/1.1[0m" 404 -
127.0.0.1 - - [22/Nov/2023 12:07:48] "[33mGET /static/fonts/Roboto/Roboto-Light.woff HTTP/1.1[0m" 404 -
127.0.0.1 - - [22/Nov/2023 12:07:48] "[33mGET /static/fonts/Roboto/Roboto-Bold.woff HTTP/1.1[0m" 404 -
127.0.0.1 - - [22/Nov/2023 12:07:48] "[33mGET /static/fonts/Roboto/Roboto-Regular.ttf HTTP/1.1[0m" 404 -
127.0.0.1 - - [22/Nov/2023 12:07:48] "[33mGET /static/fonts/Roboto/Roboto-Light.ttf HTTP/1.1[0m" 404 -
127.0.0.1 - - [22/Nov/2023 12:07:48] "[33mGET /static/fonts/Roboto/Roboto-Bold.ttf HTTP/1.1[0m" 404 -
127.0.0.1 - - [22/Nov/2023 12:07:49] "[36mGET /static/vendors/js/vendor.bundle.base.js HTTP/1.1[0m" 304 -
127.0.0.1 - - [22/Nov/2023 12:07:49] "[36mGET /static/js/off-canvas.js HTTP/1.1[0m" 304 -
127.0.0.1 - - [22/Nov/2023 12:07:49] "[36mGET /static/js/hoverable-collapse.js HTTP/1.1[0m" 304 -
127.0.0.1 - - [22/Nov/2023 12:07:49] "[36mGET /static/js/template.js HTTP/1.1[0m" 304 -
127.0.0.1 - - [22/Nov/2023 12:07:49] "[36mGET /static/js/settings.js HTTP/1.1[0m" 304 -
127.0.0.1 - - [22/Nov/2023 12:07:49] "[36mGET /static/js/todolist.js HTTP/1.1[0m" 304 -
127.0.0.1 - - [22/Nov/2023 12:07:49] "[36mGET /static/vendors/progressbar.js/progressbar.min.js HTTP/1.1[0m" 304 -
127.0.0.1 - - [22/Nov/2023 12:07:49] "[36mGET /static/vendors/chart.js/Chart.min.js HTTP/1.1[0m" 304 -
127.0.0.1 - - [22/Nov/2023 12:07:49] "[36mGET /static/css/maps/vertical-layout-light/style.css.map HTTP/1.1[0m" 304 -
127.0.0.1 - - [22/Nov/2023 12:07:50] "[36mGET /static/images/enia.png HTTP/1.1[0m" 304 -
127.0.0.1 - - [22/Nov/2023 12:08:48] "[36mGET /static/vendors/typicons.font/font/typicons.css HTTP/1.1[0m" 304 -
127.0.0.1 - - [22/Nov/2023 12:08:48] "[36mGET /static/vendors/css/vendor.bundle.base.css HTTP/1.1[0m" 304 -
127.0.0.1 - - [22/Nov/2023 12:08:48] "[36mGET /static/css/vertical-layout-light/style.css HTTP/1.1[0m" 304 -
127.0.0.1 - - [22/Nov/2023 12:08:48] "[36mGET /static/css/maps/vertical-layout-light/style.css.map HTTP/1.1[0m" 304 -
127.0.0.1 - - [22/Nov/2023 12:15:39] "GET /dettagliSensore?idsensore=655b97834dd3a2f4de412441 HTTP/1.1" 200 -
127.0.0.1 - - [22/Nov/2023 12:15:39] "[36mGET /static/vendors/typicons.font/font/typicons.css HTTP/1.1[0m" 304 -
127.0.0.1 - - [22/Nov/2023 12:15:39] "[36mGET /static/vendors/css/vendor.bundle.base.css HTTP/1.1[0m" 304 -
127.0.0.1 - - [22/Nov/2023 12:15:39] "[36mGET /static/css/vertical-layout-light/style.css HTTP/1.1[0m" 304 -
127.0.0.1 - - [22/Nov/2023 12:15:39] "[36mGET /static/images/enia.png HTTP/1.1[0m" 304 -
127.0.0.1 - - [22/Nov/2023 12:15:39] "[36mGET /static/vendors/js/vendor.bundle.base.js HTTP/1.1[0m" 304 -
127.0.0.1 - - [22/Nov/2023 12:15:39] "[33mGET /static/fonts/Roboto/Roboto-Light.woff2 HTTP/1.1[0m" 404 -
127.0.0.1 - - [22/Nov/2023 12:15:39] "[33mGET /static/fonts/Roboto/Roboto-Regular.woff2 HTTP/1.1[0m" 404 -
127.0.0.1 - - [22/Nov/2023 12:15:39] "[36mGET /static/js/off-canvas.js HTTP/1.1[0m" 304 -
127.0.0.1 - - [22/Nov/2023 12:15:39] "[33mGET /static/fonts/Roboto/Roboto-Light.woff HTTP/1.1[0m" 404 -
127.0.0.1 - - [22/Nov/2023 12:15:39] "[33mGET /static/fonts/Roboto/Roboto-Bold.woff2 HTTP/1.1[0m" 404 -
127.0.0.1 - - [22/Nov/2023 12:15:39] "[36mGET /static/vendors/typicons.font/font/typicons.woff HTTP/1.1[0m" 304 -
127.0.0.1 - - [22/Nov/2023 12:15:39] "[33mGET /static/fonts/Roboto/Roboto-Regular.woff HTTP/1.1[0m" 404 -
127.0.0.1 - - [22/Nov/2023 12:15:39] "[33mGET /static/fonts/Roboto/Roboto-Bold.woff HTTP/1.1[0m" 404 -
127.0.0.1 - - [22/Nov/2023 12:15:39] "[33mGET /static/fonts/Roboto/Roboto-Light.ttf HTTP/1.1[0m" 404 -
127.0.0.1 - - [22/Nov/2023 12:15:40] "[33mGET /static/fonts/Roboto/Roboto-Bold.ttf HTTP/1.1[0m" 404 -
127.0.0.1 - - [22/Nov/2023 12:15:40] "[33mGET /static/fonts/Roboto/Roboto-Regular.ttf HTTP/1.1[0m" 404 -
127.0.0.1 - - [22/Nov/2023 12:15:40] "[36mGET /static/js/hoverable-collapse.js HTTP/1.1[0m" 304 -
127.0.0.1 - - [22/Nov/2023 12:15:40] "[36mGET /static/js/template.js HTTP/1.1[0m" 304 -
127.0.0.1 - - [22/Nov/2023 12:15:40] "[36mGET /static/js/settings.js HTTP/1.1[0m" 304 -
127.0.0.1 - - [22/Nov/2023 12:15:40] "[36mGET /static/js/todolist.js HTTP/1.1[0m" 304 -
127.0.0.1 - - [22/Nov/2023 12:15:40] "[36mGET /static/vendors/progressbar.js/progressbar.min.js HTTP/1.1[0m" 304 -
127.0.0.1 - - [22/Nov/2023 12:15:40] "[36mGET /static/vendors/chart.js/Chart.min.js HTTP/1.1[0m" 304 -
127.0.0.1 - - [22/Nov/2023 12:15:41] "[36mGET /static/images/enia.png HTTP/1.1[0m" 304 -
127.0.0.1 - - [22/Nov/2023 12:16:19] "GET /dettagliSensore?idsensore=655b97834dd3a2f4de412441 HTTP/1.1" 200 -
127.0.0.1 - - [22/Nov/2023 12:16:19] "[36mGET /static/vendors/typicons.font/font/typicons.css HTTP/1.1[0m" 304 -
127.0.0.1 - - [22/Nov/2023 12:16:19] "[36mGET /static/vendors/css/vendor.bundle.base.css HTTP/1.1[0m" 304 -
127.0.0.1 - - [22/Nov/2023 12:16:19] "[36mGET /static/css/vertical-layout-light/style.css HTTP/1.1[0m" 304 -
127.0.0.1 - - [22/Nov/2023 12:16:19] "[36mGET /static/vendors/js/vendor.bundle.base.js HTTP/1.1[0m" 304 -
127.0.0.1 - - [22/Nov/2023 12:16:19] "[36mGET /static/images/enia.png HTTP/1.1[0m" 304 -
127.0.0.1 - - [22/Nov/2023 12:16:19] "[36mGET /static/js/off-canvas.js HTTP/1.1[0m" 304 -
127.0.0.1 - - [22/Nov/2023 12:16:19] "[36mGET /static/js/hoverable-collapse.js HTTP/1.1[0m" 304 -
127.0.0.1 - - [22/Nov/2023 12:16:20] "[36mGET /static/js/settings.js HTTP/1.1[0m" 304 -
127.0.0.1 - - [22/Nov/2023 12:16:20] "[36mGET /static/js/template.js HTTP/1.1[0m" 304 -
127.0.0.1 - - [22/Nov/2023 12:16:20] "[36mGET /static/js/todolist.js HTTP/1.1[0m" 304 -
127.0.0.1 - - [22/Nov/2023 12:16:20] "[36mGET /static/vendors/progressbar.js/progressbar.min.js HTTP/1.1[0m" 304 -
127.0.0.1 - - [22/Nov/2023 12:16:20] "[36mGET /static/vendors/chart.js/Chart.min.js HTTP/1.1[0m" 304 -
127.0.0.1 - - [22/Nov/2023 12:16:20] "[33mGET /static/fonts/Roboto/Roboto-Light.woff2 HTTP/1.1[0m" 404 -
127.0.0.1 - - [22/Nov/2023 12:16:20] "[33mGET /static/fonts/Roboto/Roboto-Regular.woff2 HTTP/1.1[0m" 404 -
127.0.0.1 - - [22/Nov/2023 12:16:20] "[33mGET /static/fonts/Roboto/Roboto-Bold.woff2 HTTP/1.1[0m" 404 -
127.0.0.1 - - [22/Nov/2023 12:16:20] "[36mGET /static/vendors/typicons.font/font/typicons.woff HTTP/1.1[0m" 304 -
127.0.0.1 - - [22/Nov/2023 12:16:20] "[33mGET /static/fonts/Roboto/Roboto-Bold.woff HTTP/1.1[0m" 404 -
127.0.0.1 - - [22/Nov/2023 12:16:20] "[33mGET /static/fonts/Roboto/Roboto-Light.woff HTTP/1.1[0m" 404 -
127.0.0.1 - - [22/Nov/2023 12:16:20] "[33mGET /static/fonts/Roboto/Roboto-Regular.woff HTTP/1.1[0m" 404 -
127.0.0.1 - - [22/Nov/2023 12:16:20] "[33mGET /static/fonts/Roboto/Roboto-Bold.ttf HTTP/1.1[0m" 404 -
127.0.0.1 - - [22/Nov/2023 12:16:21] "[33mGET /static/fonts/Roboto/Roboto-Light.ttf HTTP/1.1[0m" 404 -
127.0.0.1 - - [22/Nov/2023 12:16:21] "[33mGET /static/fonts/Roboto/Roboto-Regular.ttf HTTP/1.1[0m" 404 -
127.0.0.1 - - [22/Nov/2023 12:16:21] "[36mGET /static/images/enia.png HTTP/1.1[0m" 304 -
127.0.0.1 - - [22/Nov/2023 12:16:23] "[36mGET /static/vendors/css/vendor.bundle.base.css HTTP/1.1[0m" 304 -
127.0.0.1 - - [22/Nov/2023 12:16:23] "[36mGET /static/vendors/typicons.font/font/typicons.css HTTP/1.1[0m" 304 -
127.0.0.1 - - [22/Nov/2023 12:16:23] "[36mGET /static/css/vertical-layout-light/style.css HTTP/1.1[0m" 304 -
127.0.0.1 - - [22/Nov/2023 12:16:23] "[36mGET /static/css/maps/vertical-layout-light/style.css.map HTTP/1.1[0m" 304 -
127.0.0.1 - - [22/Nov/2023 12:17:13] "GET /dettagliSensore?idsensore=655b97834dd3a2f4de412441 HTTP/1.1" 200 -
127.0.0.1 - - [22/Nov/2023 12:17:13] "[36mGET /static/vendors/typicons.font/font/typicons.css HTTP/1.1[0m" 304 -
127.0.0.1 - - [22/Nov/2023 12:17:14] "[36mGET /static/vendors/css/vendor.bundle.base.css HTTP/1.1[0m" 304 -
127.0.0.1 - - [22/Nov/2023 12:17:14] "[36mGET /static/css/vertical-layout-light/style.css HTTP/1.1[0m" 304 -
127.0.0.1 - - [22/Nov/2023 12:17:14] "[36mGET /static/images/enia.png HTTP/1.1[0m" 304 -
127.0.0.1 - - [22/Nov/2023 12:17:14] "[36mGET /static/vendors/js/vendor.bundle.base.js HTTP/1.1[0m" 304 -
127.0.0.1 - - [22/Nov/2023 12:17:14] "[36mGET /static/js/off-canvas.js HTTP/1.1[0m" 304 -
127.0.0.1 - - [22/Nov/2023 12:17:14] "[36mGET /static/js/hoverable-collapse.js HTTP/1.1[0m" 304 -
127.0.0.1 - - [22/Nov/2023 12:17:14] "[33mGET /static/fonts/Roboto/Roboto-Bold.woff2 HTTP/1.1[0m" 404 -
127.0.0.1 - - [22/Nov/2023 12:17:14] "[33mGET /static/fonts/Roboto/Roboto-Regular.woff2 HTTP/1.1[0m" 404 -
127.0.0.1 - - [22/Nov/2023 12:17:14] "[33mGET /static/fonts/Roboto/Roboto-Light.woff2 HTTP/1.1[0m" 404 -
127.0.0.1 - - [22/Nov/2023 12:17:14] "[36mGET /static/vendors/typicons.font/font/typicons.woff HTTP/1.1[0m" 304 -
127.0.0.1 - - [22/Nov/2023 12:17:14] "[36mGET /static/js/template.js HTTP/1.1[0m" 304 -
127.0.0.1 - - [22/Nov/2023 12:17:14] "[33mGET /static/fonts/Roboto/Roboto-Bold.woff HTTP/1.1[0m" 404 -
127.0.0.1 - - [22/Nov/2023 12:17:14] "[33mGET /static/fonts/Roboto/Roboto-Regular.woff HTTP/1.1[0m" 404 -
127.0.0.1 - - [22/Nov/2023 12:17:14] "[33mGET /static/fonts/Roboto/Roboto-Light.woff HTTP/1.1[0m" 404 -
127.0.0.1 - - [22/Nov/2023 12:17:14] "[33mGET /static/fonts/Roboto/Roboto-Bold.ttf HTTP/1.1[0m" 404 -
127.0.0.1 - - [22/Nov/2023 12:17:14] "[33mGET /static/fonts/Roboto/Roboto-Regular.ttf HTTP/1.1[0m" 404 -
127.0.0.1 - - [22/Nov/2023 12:17:14] "[36mGET /static/js/settings.js HTTP/1.1[0m" 304 -
127.0.0.1 - - [22/Nov/2023 12:17:14] "[33mGET /static/fonts/Roboto/Roboto-Light.ttf HTTP/1.1[0m" 404 -
127.0.0.1 - - [22/Nov/2023 12:17:15] "[36mGET /static/js/todolist.js HTTP/1.1[0m" 304 -
127.0.0.1 - - [22/Nov/2023 12:17:15] "[36mGET /static/vendors/progressbar.js/progressbar.min.js HTTP/1.1[0m" 304 -
127.0.0.1 - - [22/Nov/2023 12:17:15] "[36mGET /static/vendors/chart.js/Chart.min.js HTTP/1.1[0m" 304 -
127.0.0.1 - - [22/Nov/2023 12:17:15] "[36mGET /static/images/enia.png HTTP/1.1[0m" 304 -
127.0.0.1 - - [22/Nov/2023 12:17:17] "[36mGET /static/vendors/typicons.font/font/typicons.css HTTP/1.1[0m" 304 -
127.0.0.1 - - [22/Nov/2023 12:17:17] "[36mGET /static/vendors/css/vendor.bundle.base.css HTTP/1.1[0m" 304 -
127.0.0.1 - - [22/Nov/2023 12:17:17] "[36mGET /static/css/vertical-layout-light/style.css HTTP/1.1[0m" 304 -
127.0.0.1 - - [22/Nov/2023 12:17:18] "[36mGET /static/css/maps/vertical-layout-light/style.css.map HTTP/1.1[0m" 304 -
127.0.0.1 - - [22/Nov/2023 12:19:27] "GET /dettagliSensore?idsensore=655b97834dd3a2f4de412441 HTTP/1.1" 200 -
127.0.0.1 - - [22/Nov/2023 12:19:28] "[36mGET /static/vendors/typicons.font/font/typicons.css HTTP/1.1[0m" 304 -
127.0.0.1 - - [22/Nov/2023 12:19:28] "[36mGET /static/vendors/css/vendor.bundle.base.css HTTP/1.1[0m" 304 -
127.0.0.1 - - [22/Nov/2023 12:19:28] "[36mGET /static/css/vertical-layout-light/style.css HTTP/1.1[0m" 304 -
127.0.0.1 - - [22/Nov/2023 12:19:28] "[36mGET /static/images/enia.png HTTP/1.1[0m" 304 -
127.0.0.1 - - [22/Nov/2023 12:19:28] "[36mGET /static/vendors/typicons.font/font/typicons.woff HTTP/1.1[0m" 304 -
127.0.0.1 - - [22/Nov/2023 12:19:28] "[33mGET /static/fonts/Roboto/Roboto-Regular.woff2 HTTP/1.1[0m" 404 -
127.0.0.1 - - [22/Nov/2023 12:19:28] "[33mGET /static/fonts/Roboto/Roboto-Light.woff2 HTTP/1.1[0m" 404 -
127.0.0.1 - - [22/Nov/2023 12:19:28] "[33mGET /static/fonts/Roboto/Roboto-Bold.woff2 HTTP/1.1[0m" 404 -
127.0.0.1 - - [22/Nov/2023 12:19:28] "[33mGET /static/fonts/Roboto/Roboto-Bold.woff HTTP/1.1[0m" 404 -
127.0.0.1 - - [22/Nov/2023 12:19:28] "[33mGET /static/fonts/Roboto/Roboto-Regular.woff HTTP/1.1[0m" 404 -
127.0.0.1 - - [22/Nov/2023 12:19:28] "[33mGET /static/fonts/Roboto/Roboto-Light.woff HTTP/1.1[0m" 404 -
127.0.0.1 - - [22/Nov/2023 12:19:28] "[33mGET /static/fonts/Roboto/Roboto-Bold.ttf HTTP/1.1[0m" 404 -
127.0.0.1 - - [22/Nov/2023 12:19:28] "[33mGET /static/fonts/Roboto/Roboto-Regular.ttf HTTP/1.1[0m" 404 -
127.0.0.1 - - [22/Nov/2023 12:19:28] "[33mGET /static/fonts/Roboto/Roboto-Light.ttf HTTP/1.1[0m" 404 -
127.0.0.1 - - [22/Nov/2023 12:19:29] "[36mGET /static/vendors/js/vendor.bundle.base.js HTTP/1.1[0m" 304 -
127.0.0.1 - - [22/Nov/2023 12:19:29] "[36mGET /static/js/off-canvas.js HTTP/1.1[0m" 304 -
127.0.0.1 - - [22/Nov/2023 12:19:29] "[36mGET /static/js/hoverable-collapse.js HTTP/1.1[0m" 304 -
127.0.0.1 - - [22/Nov/2023 12:19:29] "[36mGET /static/js/template.js HTTP/1.1[0m" 304 -
127.0.0.1 - - [22/Nov/2023 12:19:29] "[36mGET /static/js/settings.js HTTP/1.1[0m" 304 -
127.0.0.1 - - [22/Nov/2023 12:19:29] "[36mGET /static/js/todolist.js HTTP/1.1[0m" 304 -
127.0.0.1 - - [22/Nov/2023 12:19:29] "[36mGET /static/vendors/progressbar.js/progressbar.min.js HTTP/1.1[0m" 304 -
127.0.0.1 - - [22/Nov/2023 12:19:29] "[36mGET /static/vendors/chart.js/Chart.min.js HTTP/1.1[0m" 304 -
127.0.0.1 - - [22/Nov/2023 12:19:29] "[36mGET /static/css/maps/vertical-layout-light/style.css.map HTTP/1.1[0m" 304 -
127.0.0.1 - - [22/Nov/2023 12:19:30] "[36mGET /static/images/enia.png HTTP/1.1[0m" 304 -
127.0.0.1 - - [22/Nov/2023 12:20:27] "GET /dettagliSensore?idsensore=655b97834dd3a2f4de412441 HTTP/1.1" 200 -
127.0.0.1 - - [22/Nov/2023 12:20:27] "[36mGET /static/vendors/typicons.font/font/typicons.css HTTP/1.1[0m" 304 -
127.0.0.1 - - [22/Nov/2023 12:20:28] "[36mGET /static/vendors/css/vendor.bundle.base.css HTTP/1.1[0m" 304 -
127.0.0.1 - - [22/Nov/2023 12:20:28] "[36mGET /static/css/vertical-layout-light/style.css HTTP/1.1[0m" 304 -
127.0.0.1 - - [22/Nov/2023 12:20:28] "[36mGET /static/vendors/typicons.font/font/typicons.woff HTTP/1.1[0m" 304 -
127.0.0.1 - - [22/Nov/2023 12:20:28] "[36mGET /static/images/enia.png HTTP/1.1[0m" 304 -
127.0.0.1 - - [22/Nov/2023 12:20:28] "[33mGET /static/fonts/Roboto/Roboto-Regular.woff2 HTTP/1.1[0m" 404 -
127.0.0.1 - - [22/Nov/2023 12:20:28] "[33mGET /static/fonts/Roboto/Roboto-Bold.woff2 HTTP/1.1[0m" 404 -
127.0.0.1 - - [22/Nov/2023 12:20:28] "[33mGET /static/fonts/Roboto/Roboto-Light.woff2 HTTP/1.1[0m" 404 -
127.0.0.1 - - [22/Nov/2023 12:20:28] "[33mGET /static/fonts/Roboto/Roboto-Regular.woff HTTP/1.1[0m" 404 -
127.0.0.1 - - [22/Nov/2023 12:20:28] "[33mGET /static/fonts/Roboto/Roboto-Bold.woff HTTP/1.1[0m" 404 -
127.0.0.1 - - [22/Nov/2023 12:20:28] "[36mGET /static/vendors/js/vendor.bundle.base.js HTTP/1.1[0m" 304 -
127.0.0.1 - - [22/Nov/2023 12:20:28] "[33mGET /static/fonts/Roboto/Roboto-Light.woff HTTP/1.1[0m" 404 -
127.0.0.1 - - [22/Nov/2023 12:20:28] "[33mGET /static/fonts/Roboto/Roboto-Regular.ttf HTTP/1.1[0m" 404 -
127.0.0.1 - - [22/Nov/2023 12:20:28] "[33mGET /static/fonts/Roboto/Roboto-Bold.ttf HTTP/1.1[0m" 404 -
127.0.0.1 - - [22/Nov/2023 12:20:28] "[33mGET /static/fonts/Roboto/Roboto-Light.ttf HTTP/1.1[0m" 404 -
127.0.0.1 - - [22/Nov/2023 12:20:28] "[36mGET /static/js/off-canvas.js HTTP/1.1[0m" 304 -
127.0.0.1 - - [22/Nov/2023 12:20:28] "[36mGET /static/js/hoverable-collapse.js HTTP/1.1[0m" 304 -
127.0.0.1 - - [22/Nov/2023 12:20:28] "[36mGET /static/js/template.js HTTP/1.1[0m" 304 -
127.0.0.1 - - [22/Nov/2023 12:20:28] "[36mGET /static/js/settings.js HTTP/1.1[0m" 304 -
127.0.0.1 - - [22/Nov/2023 12:20:28] "[36mGET /static/js/todolist.js HTTP/1.1[0m" 304 -
127.0.0.1 - - [22/Nov/2023 12:20:28] "[36mGET /static/vendors/progressbar.js/progressbar.min.js HTTP/1.1[0m" 304 -
127.0.0.1 - - [22/Nov/2023 12:20:28] "[36mGET /static/vendors/chart.js/Chart.min.js HTTP/1.1[0m" 304 -
127.0.0.1 - - [22/Nov/2023 12:20:28] "[36mGET /static/css/maps/vertical-layout-light/style.css.map HTTP/1.1[0m" 304 -
127.0.0.1 - - [22/Nov/2023 12:20:29] "[36mGET /static/images/enia.png HTTP/1.1[0m" 304 -
127.0.0.1 - - [22/Nov/2023 12:20:46] "GET /dettagliSensore?idsensore=655b97834dd3a2f4de412441 HTTP/1.1" 200 -
127.0.0.1 - - [22/Nov/2023 12:20:46] "[36mGET /static/vendors/typicons.font/font/typicons.css HTTP/1.1[0m" 304 -
127.0.0.1 - - [22/Nov/2023 12:20:46] "[36mGET /static/vendors/css/vendor.bundle.base.css HTTP/1.1[0m" 304 -
127.0.0.1 - - [22/Nov/2023 12:20:46] "[36mGET /static/vendors/js/vendor.bundle.base.js HTTP/1.1[0m" 304 -
127.0.0.1 - - [22/Nov/2023 12:20:46] "[36mGET /static/images/enia.png HTTP/1.1[0m" 304 -
127.0.0.1 - - [22/Nov/2023 12:20:46] "[36mGET /static/css/vertical-layout-light/style.css HTTP/1.1[0m" 304 -
127.0.0.1 - - [22/Nov/2023 12:20:46] "[36mGET /static/js/hoverable-collapse.js HTTP/1.1[0m" 304 -
127.0.0.1 - - [22/Nov/2023 12:20:46] "[36mGET /static/js/off-canvas.js HTTP/1.1[0m" 304 -
127.0.0.1 - - [22/Nov/2023 12:20:47] "[33mGET /static/fonts/Roboto/Roboto-Light.woff2 HTTP/1.1[0m" 404 -
127.0.0.1 - - [22/Nov/2023 12:20:47] "[33mGET /static/fonts/Roboto/Roboto-Regular.woff2 HTTP/1.1[0m" 404 -
127.0.0.1 - - [22/Nov/2023 12:20:47] "[33mGET /static/fonts/Roboto/Roboto-Bold.woff2 HTTP/1.1[0m" 404 -
127.0.0.1 - - [22/Nov/2023 12:20:47] "[36mGET /static/js/template.js HTTP/1.1[0m" 304 -
127.0.0.1 - - [22/Nov/2023 12:20:47] "[36mGET /static/js/settings.js HTTP/1.1[0m" 304 -
127.0.0.1 - - [22/Nov/2023 12:20:47] "[33mGET /static/fonts/Roboto/Roboto-Light.woff HTTP/1.1[0m" 404 -
127.0.0.1 - - [22/Nov/2023 12:20:47] "[33mGET /static/fonts/Roboto/Roboto-Regular.woff HTTP/1.1[0m" 404 -
127.0.0.1 - - [22/Nov/2023 12:20:47] "[33mGET /static/fonts/Roboto/Roboto-Bold.woff HTTP/1.1[0m" 404 -
127.0.0.1 - - [22/Nov/2023 12:20:47] "[33mGET /static/fonts/Roboto/Roboto-Light.ttf HTTP/1.1[0m" 404 -
127.0.0.1 - - [22/Nov/2023 12:20:47] "[33mGET /static/fonts/Roboto/Roboto-Regular.ttf HTTP/1.1[0m" 404 -
127.0.0.1 - - [22/Nov/2023 12:20:47] "[33mGET /static/fonts/Roboto/Roboto-Bold.ttf HTTP/1.1[0m" 404 -
127.0.0.1 - - [22/Nov/2023 12:20:47] "[36mGET /static/js/todolist.js HTTP/1.1[0m" 304 -
127.0.0.1 - - [22/Nov/2023 12:20:47] "[36mGET /static/vendors/progressbar.js/progressbar.min.js HTTP/1.1[0m" 304 -
127.0.0.1 - - [22/Nov/2023 12:20:47] "[36mGET /static/vendors/chart.js/Chart.min.js HTTP/1.1[0m" 304 -
127.0.0.1 - - [22/Nov/2023 12:20:47] "[36mGET /static/css/maps/vertical-layout-light/style.css.map HTTP/1.1[0m" 304 -
127.0.0.1 - - [22/Nov/2023 12:20:48] "[36mGET /static/images/enia.png HTTP/1.1[0m" 304 -
127.0.0.1 - - [22/Nov/2023 12:21:01] "GET /dettagliSensore?idsensore=655b97834dd3a2f4de412441 HTTP/1.1" 200 -
127.0.0.1 - - [22/Nov/2023 12:21:01] "[36mGET /static/vendors/typicons.font/font/typicons.css HTTP/1.1[0m" 304 -
127.0.0.1 - - [22/Nov/2023 12:21:01] "[36mGET /static/vendors/css/vendor.bundle.base.css HTTP/1.1[0m" 304 -
127.0.0.1 - - [22/Nov/2023 12:21:01] "[36mGET /static/css/vertical-layout-light/style.css HTTP/1.1[0m" 304 -
127.0.0.1 - - [22/Nov/2023 12:21:01] "[36mGET /static/images/enia.png HTTP/1.1[0m" 304 -
127.0.0.1 - - [22/Nov/2023 12:21:01] "[36mGET /static/vendors/js/vendor.bundle.base.js HTTP/1.1[0m" 304 -
127.0.0.1 - - [22/Nov/2023 12:21:01] "[33mGET /static/fonts/Roboto/Roboto-Regular.woff2 HTTP/1.1[0m" 404 -
127.0.0.1 - - [22/Nov/2023 12:21:01] "[33mGET /static/fonts/Roboto/Roboto-Bold.woff2 HTTP/1.1[0m" 404 -
127.0.0.1 - - [22/Nov/2023 12:21:01] "[33mGET /static/fonts/Roboto/Roboto-Light.woff2 HTTP/1.1[0m" 404 -
127.0.0.1 - - [22/Nov/2023 12:21:01] "[33mGET /static/fonts/Roboto/Roboto-Regular.woff HTTP/1.1[0m" 404 -
127.0.0.1 - - [22/Nov/2023 12:21:01] "[33mGET /static/fonts/Roboto/Roboto-Bold.woff HTTP/1.1[0m" 404 -
127.0.0.1 - - [22/Nov/2023 12:21:01] "[36mGET /static/js/off-canvas.js HTTP/1.1[0m" 304 -
127.0.0.1 - - [22/Nov/2023 12:21:02] "[33mGET /static/fonts/Roboto/Roboto-Light.woff HTTP/1.1[0m" 404 -
127.0.0.1 - - [22/Nov/2023 12:21:02] "[33mGET /static/fonts/Roboto/Roboto-Regular.ttf HTTP/1.1[0m" 404 -
127.0.0.1 - - [22/Nov/2023 12:21:02] "[33mGET /static/fonts/Roboto/Roboto-Bold.ttf HTTP/1.1[0m" 404 -
127.0.0.1 - - [22/Nov/2023 12:21:02] "[33mGET /static/fonts/Roboto/Roboto-Light.ttf HTTP/1.1[0m" 404 -
127.0.0.1 - - [22/Nov/2023 12:21:02] "[36mGET /static/js/hoverable-collapse.js HTTP/1.1[0m" 304 -
127.0.0.1 - - [22/Nov/2023 12:21:02] "[36mGET /static/js/template.js HTTP/1.1[0m" 304 -
127.0.0.1 - - [22/Nov/2023 12:21:02] "[36mGET /static/js/settings.js HTTP/1.1[0m" 304 -
127.0.0.1 - - [22/Nov/2023 12:21:02] "[36mGET /static/js/todolist.js HTTP/1.1[0m" 304 -
127.0.0.1 - - [22/Nov/2023 12:21:02] "[36mGET /static/vendors/progressbar.js/progressbar.min.js HTTP/1.1[0m" 304 -
127.0.0.1 - - [22/Nov/2023 12:21:02] "[36mGET /static/vendors/chart.js/Chart.min.js HTTP/1.1[0m" 304 -
127.0.0.1 - - [22/Nov/2023 12:21:02] "[36mGET /static/css/maps/vertical-layout-light/style.css.map HTTP/1.1[0m" 304 -
127.0.0.1 - - [22/Nov/2023 12:21:03] "[36mGET /static/images/enia.png HTTP/1.1[0m" 304 -
127.0.0.1 - - [22/Nov/2023 12:21:49] "GET /dettagliSensore?idsensore=655b97834dd3a2f4de412441 HTTP/1.1" 200 -
127.0.0.1 - - [22/Nov/2023 12:21:49] "[36mGET /static/vendors/typicons.font/font/typicons.css HTTP/1.1[0m" 304 -
127.0.0.1 - - [22/Nov/2023 12:21:49] "[36mGET /static/vendors/css/vendor.bundle.base.css HTTP/1.1[0m" 304 -
127.0.0.1 - - [22/Nov/2023 12:21:49] "[36mGET /static/css/vertical-layout-light/style.css HTTP/1.1[0m" 304 -
127.0.0.1 - - [22/Nov/2023 12:21:49] "[36mGET /static/images/enia.png HTTP/1.1[0m" 304 -
127.0.0.1 - - [22/Nov/2023 12:21:49] "[36mGET /static/vendors/js/vendor.bundle.base.js HTTP/1.1[0m" 304 -
127.0.0.1 - - [22/Nov/2023 12:21:49] "[33mGET /static/fonts/Roboto/Roboto-Bold.woff2 HTTP/1.1[0m" 404 -
127.0.0.1 - - [22/Nov/2023 12:21:49] "[33mGET /static/fonts/Roboto/Roboto-Light.woff2 HTTP/1.1[0m" 404 -
127.0.0.1 - - [22/Nov/2023 12:21:49] "[33mGET /static/fonts/Roboto/Roboto-Regular.woff2 HTTP/1.1[0m" 404 -
127.0.0.1 - - [22/Nov/2023 12:21:49] "[36mGET /static/vendors/typicons.font/font/typicons.woff HTTP/1.1[0m" 304 -
127.0.0.1 - - [22/Nov/2023 12:21:49] "[33mGET /static/fonts/Roboto/Roboto-Bold.woff HTTP/1.1[0m" 404 -
127.0.0.1 - - [22/Nov/2023 12:21:49] "[33mGET /static/fonts/Roboto/Roboto-Light.woff HTTP/1.1[0m" 404 -
127.0.0.1 - - [22/Nov/2023 12:21:49] "[33mGET /static/fonts/Roboto/Roboto-Regular.woff HTTP/1.1[0m" 404 -
127.0.0.1 - - [22/Nov/2023 12:21:49] "[33mGET /static/fonts/Roboto/Roboto-Bold.ttf HTTP/1.1[0m" 404 -
127.0.0.1 - - [22/Nov/2023 12:21:50] "[33mGET /static/fonts/Roboto/Roboto-Light.ttf HTTP/1.1[0m" 404 -
127.0.0.1 - - [22/Nov/2023 12:21:50] "[33mGET /static/fonts/Roboto/Roboto-Regular.ttf HTTP/1.1[0m" 404 -
127.0.0.1 - - [22/Nov/2023 12:21:50] "[36mGET /static/js/off-canvas.js HTTP/1.1[0m" 304 -
127.0.0.1 - - [22/Nov/2023 12:21:50] "[36mGET /static/js/hoverable-collapse.js HTTP/1.1[0m" 304 -
127.0.0.1 - - [22/Nov/2023 12:21:50] "[36mGET /static/js/template.js HTTP/1.1[0m" 304 -
127.0.0.1 - - [22/Nov/2023 12:21:50] "[36mGET /static/js/settings.js HTTP/1.1[0m" 304 -
127.0.0.1 - - [22/Nov/2023 12:21:50] "[36mGET /static/js/todolist.js HTTP/1.1[0m" 304 -
127.0.0.1 - - [22/Nov/2023 12:21:50] "[36mGET /static/vendors/progressbar.js/progressbar.min.js HTTP/1.1[0m" 304 -
127.0.0.1 - - [22/Nov/2023 12:21:50] "[36mGET /static/vendors/chart.js/Chart.min.js HTTP/1.1[0m" 304 -
127.0.0.1 - - [22/Nov/2023 12:21:51] "[36mGET /static/images/enia.png HTTP/1.1[0m" 304 -
127.0.0.1 - - [22/Nov/2023 12:49:07] "[36mGET /static/vendors/typicons.font/font/typicons.css HTTP/1.1[0m" 304 -
127.0.0.1 - - [22/Nov/2023 12:49:07] "[36mGET /static/vendors/css/vendor.bundle.base.css HTTP/1.1[0m" 304 -
127.0.0.1 - - [22/Nov/2023 12:49:07] "[36mGET /static/css/vertical-layout-light/style.css HTTP/1.1[0m" 304 -
127.0.0.1 - - [22/Nov/2023 12:49:07] "[36mGET /static/css/maps/vertical-layout-light/style.css.map HTTP/1.1[0m" 304 -
127.0.0.1 - - [22/Nov/2023 12:49:36] "GET /dettagliSensore?idsensore=655b97834dd3a2f4de412441 HTTP/1.1" 200 -
127.0.0.1 - - [22/Nov/2023 12:49:36] "[36mGET /static/vendors/typicons.font/font/typicons.css HTTP/1.1[0m" 304 -
127.0.0.1 - - [22/Nov/2023 12:49:36] "[36mGET /static/vendors/css/vendor.bundle.base.css HTTP/1.1[0m" 304 -
127.0.0.1 - - [22/Nov/2023 12:49:36] "[36mGET /static/css/vertical-layout-light/style.css HTTP/1.1[0m" 304 -
127.0.0.1 - - [22/Nov/2023 12:49:36] "[36mGET /static/vendors/typicons.font/font/typicons.woff HTTP/1.1[0m" 304 -
127.0.0.1 - - [22/Nov/2023 12:49:36] "[36mGET /static/images/enia.png HTTP/1.1[0m" 304 -
127.0.0.1 - - [22/Nov/2023 12:49:36] "[33mGET /static/fonts/Roboto/Roboto-Regular.woff2 HTTP/1.1[0m" 404 -
127.0.0.1 - - [22/Nov/2023 12:49:36] "[33mGET /static/fonts/Roboto/Roboto-Bold.woff2 HTTP/1.1[0m" 404 -
127.0.0.1 - - [22/Nov/2023 12:49:36] "[33mGET /static/fonts/Roboto/Roboto-Light.woff2 HTTP/1.1[0m" 404 -
127.0.0.1 - - [22/Nov/2023 12:49:36] "[33mGET /static/fonts/Roboto/Roboto-Bold.woff HTTP/1.1[0m" 404 -
127.0.0.1 - - [22/Nov/2023 12:49:36] "[33mGET /static/fonts/Roboto/Roboto-Regular.woff HTTP/1.1[0m" 404 -
127.0.0.1 - - [22/Nov/2023 12:49:36] "[36mGET /static/vendors/js/vendor.bundle.base.js HTTP/1.1[0m" 304 -
127.0.0.1 - - [22/Nov/2023 12:49:36] "[33mGET /static/fonts/Roboto/Roboto-Light.woff HTTP/1.1[0m" 404 -
127.0.0.1 - - [22/Nov/2023 12:49:36] "[33mGET /static/fonts/Roboto/Roboto-Bold.ttf HTTP/1.1[0m" 404 -
127.0.0.1 - - [22/Nov/2023 12:49:37] "[33mGET /static/fonts/Roboto/Roboto-Regular.ttf HTTP/1.1[0m" 404 -
127.0.0.1 - - [22/Nov/2023 12:49:37] "[33mGET /static/fonts/Roboto/Roboto-Light.ttf HTTP/1.1[0m" 404 -
127.0.0.1 - - [22/Nov/2023 12:49:37] "[36mGET /static/js/off-canvas.js HTTP/1.1[0m" 304 -
127.0.0.1 - - [22/Nov/2023 12:49:37] "[36mGET /static/js/hoverable-collapse.js HTTP/1.1[0m" 304 -
127.0.0.1 - - [22/Nov/2023 12:49:37] "[36mGET /static/js/template.js HTTP/1.1[0m" 304 -
127.0.0.1 - - [22/Nov/2023 12:49:37] "[36mGET /static/js/settings.js HTTP/1.1[0m" 304 -
127.0.0.1 - - [22/Nov/2023 12:49:37] "[36mGET /static/js/todolist.js HTTP/1.1[0m" 304 -
127.0.0.1 - - [22/Nov/2023 12:49:37] "[36mGET /static/vendors/progressbar.js/progressbar.min.js HTTP/1.1[0m" 304 -
127.0.0.1 - - [22/Nov/2023 12:49:37] "[36mGET /static/vendors/chart.js/Chart.min.js HTTP/1.1[0m" 304 -
127.0.0.1 - - [22/Nov/2023 12:49:37] "[36mGET /static/css/maps/vertical-layout-light/style.css.map HTTP/1.1[0m" 304 -
127.0.0.1 - - [22/Nov/2023 12:49:38] "[36mGET /static/images/enia.png HTTP/1.1[0m" 304 -
127.0.0.1 - - [22/Nov/2023 12:50:01] "GET /dettagliSensore?idsensore=655b97834dd3a2f4de412441 HTTP/1.1" 200 -
127.0.0.1 - - [22/Nov/2023 12:50:01] "[36mGET /static/vendors/typicons.font/font/typicons.css HTTP/1.1[0m" 304 -
127.0.0.1 - - [22/Nov/2023 12:50:01] "[36mGET /static/vendors/css/vendor.bundle.base.css HTTP/1.1[0m" 304 -
127.0.0.1 - - [22/Nov/2023 12:50:01] "[36mGET /static/vendors/typicons.font/font/typicons.woff HTTP/1.1[0m" 304 -
127.0.0.1 - - [22/Nov/2023 12:50:01] "[36mGET /static/css/vertical-layout-light/style.css HTTP/1.1[0m" 304 -
127.0.0.1 - - [22/Nov/2023 12:50:01] "[36mGET /static/images/enia.png HTTP/1.1[0m" 304 -
127.0.0.1 - - [22/Nov/2023 12:50:01] "[36mGET /static/js/off-canvas.js HTTP/1.1[0m" 304 -
127.0.0.1 - - [22/Nov/2023 12:50:01] "[36mGET /static/vendors/js/vendor.bundle.base.js HTTP/1.1[0m" 304 -
127.0.0.1 - - [22/Nov/2023 12:50:02] "[33mGET /static/fonts/Roboto/Roboto-Regular.woff2 HTTP/1.1[0m" 404 -
127.0.0.1 - - [22/Nov/2023 12:50:02] "[33mGET /static/fonts/Roboto/Roboto-Light.woff2 HTTP/1.1[0m" 404 -
127.0.0.1 - - [22/Nov/2023 12:50:02] "[33mGET /static/fonts/Roboto/Roboto-Bold.woff2 HTTP/1.1[0m" 404 -
127.0.0.1 - - [22/Nov/2023 12:50:02] "[36mGET /static/js/hoverable-collapse.js HTTP/1.1[0m" 304 -
127.0.0.1 - - [22/Nov/2023 12:50:02] "[33mGET /static/fonts/Roboto/Roboto-Regular.woff HTTP/1.1[0m" 404 -
127.0.0.1 - - [22/Nov/2023 12:50:02] "[33mGET /static/fonts/Roboto/Roboto-Bold.woff HTTP/1.1[0m" 404 -
127.0.0.1 - - [22/Nov/2023 12:50:02] "[33mGET /static/fonts/Roboto/Roboto-Light.woff HTTP/1.1[0m" 404 -
127.0.0.1 - - [22/Nov/2023 12:50:02] "[33mGET /static/fonts/Roboto/Roboto-Regular.ttf HTTP/1.1[0m" 404 -
127.0.0.1 - - [22/Nov/2023 12:50:02] "[33mGET /static/fonts/Roboto/Roboto-Bold.ttf HTTP/1.1[0m" 404 -
127.0.0.1 - - [22/Nov/2023 12:50:02] "[36mGET /static/js/template.js HTTP/1.1[0m" 304 -
127.0.0.1 - - [22/Nov/2023 12:50:02] "[33mGET /static/fonts/Roboto/Roboto-Light.ttf HTTP/1.1[0m" 404 -
127.0.0.1 - - [22/Nov/2023 12:50:02] "[36mGET /static/js/settings.js HTTP/1.1[0m" 304 -
127.0.0.1 - - [22/Nov/2023 12:50:02] "[36mGET /static/js/todolist.js HTTP/1.1[0m" 304 -
127.0.0.1 - - [22/Nov/2023 12:50:02] "[36mGET /static/vendors/progressbar.js/progressbar.min.js HTTP/1.1[0m" 304 -
127.0.0.1 - - [22/Nov/2023 12:50:02] "[36mGET /static/vendors/chart.js/Chart.min.js HTTP/1.1[0m" 304 -
127.0.0.1 - - [22/Nov/2023 12:50:02] "[36mGET /static/css/maps/vertical-layout-light/style.css.map HTTP/1.1[0m" 304 -
127.0.0.1 - - [22/Nov/2023 12:50:03] "[36mGET /static/images/enia.png HTTP/1.1[0m" 304 -
127.0.0.1 - - [22/Nov/2023 12:52:35] "GET /dettagliSensore?idsensore=655b97834dd3a2f4de412441 HTTP/1.1" 200 -
127.0.0.1 - - [22/Nov/2023 12:52:35] "[36mGET /static/vendors/typicons.font/font/typicons.css HTTP/1.1[0m" 304 -
127.0.0.1 - - [22/Nov/2023 12:52:35] "[36mGET /static/vendors/css/vendor.bundle.base.css HTTP/1.1[0m" 304 -
127.0.0.1 - - [22/Nov/2023 12:52:35] "[36mGET /static/css/vertical-layout-light/style.css HTTP/1.1[0m" 304 -
127.0.0.1 - - [22/Nov/2023 12:52:35] "[36mGET /static/vendors/typicons.font/font/typicons.woff HTTP/1.1[0m" 304 -
127.0.0.1 - - [22/Nov/2023 12:52:35] "[36mGET /static/images/enia.png HTTP/1.1[0m" 304 -
127.0.0.1 - - [22/Nov/2023 12:52:35] "[36mGET /static/js/hoverable-collapse.js HTTP/1.1[0m" 304 -
127.0.0.1 - - [22/Nov/2023 12:52:35] "[36mGET /static/vendors/js/vendor.bundle.base.js HTTP/1.1[0m" 304 -
127.0.0.1 - - [22/Nov/2023 12:52:35] "[36mGET /static/js/off-canvas.js HTTP/1.1[0m" 304 -
127.0.0.1 - - [22/Nov/2023 12:52:36] "[33mGET /static/fonts/Roboto/Roboto-Regular.woff2 HTTP/1.1[0m" 404 -
127.0.0.1 - - [22/Nov/2023 12:52:36] "[33mGET /static/fonts/Roboto/Roboto-Bold.woff2 HTTP/1.1[0m" 404 -
127.0.0.1 - - [22/Nov/2023 12:52:36] "[33mGET /static/fonts/Roboto/Roboto-Light.woff2 HTTP/1.1[0m" 404 -
127.0.0.1 - - [22/Nov/2023 12:52:36] "[33mGET /static/fonts/Roboto/Roboto-Regular.woff HTTP/1.1[0m" 404 -
127.0.0.1 - - [22/Nov/2023 12:52:36] "[33mGET /static/fonts/Roboto/Roboto-Bold.woff HTTP/1.1[0m" 404 -
127.0.0.1 - - [22/Nov/2023 12:52:36] "[33mGET /static/fonts/Roboto/Roboto-Light.woff HTTP/1.1[0m" 404 -
127.0.0.1 - - [22/Nov/2023 12:52:36] "[33mGET /static/fonts/Roboto/Roboto-Regular.ttf HTTP/1.1[0m" 404 -
127.0.0.1 - - [22/Nov/2023 12:52:36] "[33mGET /static/fonts/Roboto/Roboto-Light.ttf HTTP/1.1[0m" 404 -
127.0.0.1 - - [22/Nov/2023 12:52:36] "[33mGET /static/fonts/Roboto/Roboto-Bold.ttf HTTP/1.1[0m" 404 -
127.0.0.1 - - [22/Nov/2023 12:52:36] "[36mGET /static/js/template.js HTTP/1.1[0m" 304 -
127.0.0.1 - - [22/Nov/2023 12:52:36] "[36mGET /static/js/settings.js HTTP/1.1[0m" 304 -
127.0.0.1 - - [22/Nov/2023 12:52:36] "[36mGET /static/js/todolist.js HTTP/1.1[0m" 304 -
127.0.0.1 - - [22/Nov/2023 12:52:36] "[36mGET /static/vendors/progressbar.js/progressbar.min.js HTTP/1.1[0m" 304 -
127.0.0.1 - - [22/Nov/2023 12:52:36] "[36mGET /static/vendors/chart.js/Chart.min.js HTTP/1.1[0m" 304 -
127.0.0.1 - - [22/Nov/2023 12:52:36] "[36mGET /static/css/maps/vertical-layout-light/style.css.map HTTP/1.1[0m" 304 -
127.0.0.1 - - [22/Nov/2023 12:52:37] "[36mGET /static/images/enia.png HTTP/1.1[0m" 304 -
127.0.0.1 - - [22/Nov/2023 12:52:49] "GET /dettagliSensore?idsensore=655b97834dd3a2f4de412441 HTTP/1.1" 200 -
127.0.0.1 - - [22/Nov/2023 12:52:49] "[36mGET /static/vendors/typicons.font/font/typicons.css HTTP/1.1[0m" 304 -
127.0.0.1 - - [22/Nov/2023 12:52:49] "[36mGET /static/vendors/css/vendor.bundle.base.css HTTP/1.1[0m" 304 -
127.0.0.1 - - [22/Nov/2023 12:52:49] "[36mGET /static/css/vertical-layout-light/style.css HTTP/1.1[0m" 304 -
127.0.0.1 - - [22/Nov/2023 12:52:49] "[36mGET /static/vendors/typicons.font/font/typicons.woff HTTP/1.1[0m" 304 -
127.0.0.1 - - [22/Nov/2023 12:52:49] "[36mGET /static/images/enia.png HTTP/1.1[0m" 304 -
127.0.0.1 - - [22/Nov/2023 12:52:49] "[36mGET /static/vendors/js/vendor.bundle.base.js HTTP/1.1[0m" 304 -
127.0.0.1 - - [22/Nov/2023 12:52:49] "[36mGET /static/js/off-canvas.js HTTP/1.1[0m" 304 -
127.0.0.1 - - [22/Nov/2023 12:52:49] "[33mGET /static/fonts/Roboto/Roboto-Regular.woff2 HTTP/1.1[0m" 404 -
127.0.0.1 - - [22/Nov/2023 12:52:49] "[33mGET /static/fonts/Roboto/Roboto-Bold.woff2 HTTP/1.1[0m" 404 -
127.0.0.1 - - [22/Nov/2023 12:52:49] "[33mGET /static/fonts/Roboto/Roboto-Light.woff2 HTTP/1.1[0m" 404 -
127.0.0.1 - - [22/Nov/2023 12:52:49] "[33mGET /static/fonts/Roboto/Roboto-Regular.woff HTTP/1.1[0m" 404 -
127.0.0.1 - - [22/Nov/2023 12:52:49] "[33mGET /static/fonts/Roboto/Roboto-Bold.woff HTTP/1.1[0m" 404 -
127.0.0.1 - - [22/Nov/2023 12:52:49] "[33mGET /static/fonts/Roboto/Roboto-Light.woff HTTP/1.1[0m" 404 -
127.0.0.1 - - [22/Nov/2023 12:52:50] "[33mGET /static/fonts/Roboto/Roboto-Regular.ttf HTTP/1.1[0m" 404 -
127.0.0.1 - - [22/Nov/2023 12:52:50] "[33mGET /static/fonts/Roboto/Roboto-Bold.ttf HTTP/1.1[0m" 404 -
127.0.0.1 - - [22/Nov/2023 12:52:50] "[33mGET /static/fonts/Roboto/Roboto-Light.ttf HTTP/1.1[0m" 404 -
127.0.0.1 - - [22/Nov/2023 12:52:50] "[36mGET /static/js/hoverable-collapse.js HTTP/1.1[0m" 304 -
127.0.0.1 - - [22/Nov/2023 12:52:50] "[36mGET /static/js/template.js HTTP/1.1[0m" 304 -
127.0.0.1 - - [22/Nov/2023 12:52:50] "[36mGET /static/js/settings.js HTTP/1.1[0m" 304 -
127.0.0.1 - - [22/Nov/2023 12:52:50] "[36mGET /static/js/todolist.js HTTP/1.1[0m" 304 -
127.0.0.1 - - [22/Nov/2023 12:52:50] "[36mGET /static/vendors/progressbar.js/progressbar.min.js HTTP/1.1[0m" 304 -
127.0.0.1 - - [22/Nov/2023 12:52:50] "[36mGET /static/vendors/chart.js/Chart.min.js HTTP/1.1[0m" 304 -
127.0.0.1 - - [22/Nov/2023 12:52:50] "[36mGET /static/css/maps/vertical-layout-light/style.css.map HTTP/1.1[0m" 304 -
127.0.0.1 - - [22/Nov/2023 12:52:51] "[36mGET /static/images/enia.png HTTP/1.1[0m" 304 -
127.0.0.1 - - [22/Nov/2023 12:53:39] "GET /dettagliSensore?idsensore=655b97834dd3a2f4de412441 HTTP/1.1" 200 -
127.0.0.1 - - [22/Nov/2023 12:53:39] "[36mGET /static/vendors/typicons.font/font/typicons.css HTTP/1.1[0m" 304 -
127.0.0.1 - - [22/Nov/2023 12:53:39] "[36mGET /static/vendors/css/vendor.bundle.base.css HTTP/1.1[0m" 304 -
127.0.0.1 - - [22/Nov/2023 12:53:39] "[36mGET /static/css/vertical-layout-light/style.css HTTP/1.1[0m" 304 -
127.0.0.1 - - [22/Nov/2023 12:53:39] "[36mGET /static/images/enia.png HTTP/1.1[0m" 304 -
127.0.0.1 - - [22/Nov/2023 12:53:39] "[36mGET /static/vendors/typicons.font/font/typicons.woff HTTP/1.1[0m" 304 -
127.0.0.1 - - [22/Nov/2023 12:53:39] "[33mGET /static/fonts/Roboto/Roboto-Bold.woff2 HTTP/1.1[0m" 404 -
127.0.0.1 - - [22/Nov/2023 12:53:39] "[33mGET /static/fonts/Roboto/Roboto-Regular.woff2 HTTP/1.1[0m" 404 -
127.0.0.1 - - [22/Nov/2023 12:53:40] "[33mGET /static/fonts/Roboto/Roboto-Light.woff2 HTTP/1.1[0m" 404 -
127.0.0.1 - - [22/Nov/2023 12:53:40] "[33mGET /static/fonts/Roboto/Roboto-Bold.woff HTTP/1.1[0m" 404 -
127.0.0.1 - - [22/Nov/2023 12:53:40] "[33mGET /static/fonts/Roboto/Roboto-Regular.woff HTTP/1.1[0m" 404 -
127.0.0.1 - - [22/Nov/2023 12:53:40] "[36mGET /static/vendors/js/vendor.bundle.base.js HTTP/1.1[0m" 304 -
127.0.0.1 - - [22/Nov/2023 12:53:40] "[33mGET /static/fonts/Roboto/Roboto-Bold.ttf HTTP/1.1[0m" 404 -
127.0.0.1 - - [22/Nov/2023 12:53:40] "[33mGET /static/fonts/Roboto/Roboto-Light.woff HTTP/1.1[0m" 404 -
127.0.0.1 - - [22/Nov/2023 12:53:40] "[33mGET /static/fonts/Roboto/Roboto-Regular.ttf HTTP/1.1[0m" 404 -
127.0.0.1 - - [22/Nov/2023 12:53:40] "[33mGET /static/fonts/Roboto/Roboto-Light.ttf HTTP/1.1[0m" 404 -
127.0.0.1 - - [22/Nov/2023 12:53:40] "[36mGET /static/js/off-canvas.js HTTP/1.1[0m" 304 -
127.0.0.1 - - [22/Nov/2023 12:53:40] "[36mGET /static/js/hoverable-collapse.js HTTP/1.1[0m" 304 -
127.0.0.1 - - [22/Nov/2023 12:53:40] "[36mGET /static/js/template.js HTTP/1.1[0m" 304 -
127.0.0.1 - - [22/Nov/2023 12:53:40] "[36mGET /static/js/settings.js HTTP/1.1[0m" 304 -
127.0.0.1 - - [22/Nov/2023 12:53:40] "[36mGET /static/js/todolist.js HTTP/1.1[0m" 304 -
127.0.0.1 - - [22/Nov/2023 12:53:40] "[36mGET /static/vendors/progressbar.js/progressbar.min.js HTTP/1.1[0m" 304 -
127.0.0.1 - - [22/Nov/2023 12:53:40] "[36mGET /static/vendors/chart.js/Chart.min.js HTTP/1.1[0m" 304 -
127.0.0.1 - - [22/Nov/2023 12:53:40] "[36mGET /static/css/maps/vertical-layout-light/style.css.map HTTP/1.1[0m" 304 -
127.0.0.1 - - [22/Nov/2023 12:53:41] "[36mGET /static/images/enia.png HTTP/1.1[0m" 304 -
 * Detected change in 'c:\\Users\\Gerardo\\Tirocinio\\Tirocinio\\src\\static\\vendors\\summernote\\dist\\summernote-0.8.12-dist.zip', reloading
 * Restarting with watchdog (windowsapi)
 * Debugger is active!
 * Debugger PIN: 973-937-000
127.0.0.1 - - [22/Nov/2023 12:57:33] "GET /dettagliSensore?idsensore=655b97834dd3a2f4de412441 HTTP/1.1" 200 -
127.0.0.1 - - [22/Nov/2023 12:57:34] "[36mGET /static/vendors/typicons.font/font/typicons.css HTTP/1.1[0m" 304 -
127.0.0.1 - - [22/Nov/2023 12:57:34] "[36mGET /static/vendors/css/vendor.bundle.base.css HTTP/1.1[0m" 304 -
127.0.0.1 - - [22/Nov/2023 12:57:34] "[36mGET /static/css/vertical-layout-light/style.css HTTP/1.1[0m" 304 -
127.0.0.1 - - [22/Nov/2023 12:57:34] "[36mGET /static/vendors/typicons.font/font/typicons.woff HTTP/1.1[0m" 304 -
127.0.0.1 - - [22/Nov/2023 12:57:34] "[36mGET /static/images/enia.png HTTP/1.1[0m" 304 -
127.0.0.1 - - [22/Nov/2023 12:57:34] "[33mGET /static/fonts/Roboto/Roboto-Regular.woff2 HTTP/1.1[0m" 404 -
127.0.0.1 - - [22/Nov/2023 12:57:34] "[33mGET /static/fonts/Roboto/Roboto-Bold.woff2 HTTP/1.1[0m" 404 -
127.0.0.1 - - [22/Nov/2023 12:57:34] "[33mGET /static/fonts/Roboto/Roboto-Light.woff2 HTTP/1.1[0m" 404 -
127.0.0.1 - - [22/Nov/2023 12:57:34] "[33mGET /static/fonts/Roboto/Roboto-Regular.woff HTTP/1.1[0m" 404 -
127.0.0.1 - - [22/Nov/2023 12:57:34] "[33mGET /static/fonts/Roboto/Roboto-Bold.woff HTTP/1.1[0m" 404 -
127.0.0.1 - - [22/Nov/2023 12:57:34] "[33mGET /static/fonts/Roboto/Roboto-Light.woff HTTP/1.1[0m" 404 -
127.0.0.1 - - [22/Nov/2023 12:57:34] "[33mGET /static/fonts/Roboto/Roboto-Bold.ttf HTTP/1.1[0m" 404 -
127.0.0.1 - - [22/Nov/2023 12:57:34] "[33mGET /static/fonts/Roboto/Roboto-Regular.ttf HTTP/1.1[0m" 404 -
127.0.0.1 - - [22/Nov/2023 12:57:34] "[33mGET /static/fonts/Roboto/Roboto-Light.ttf HTTP/1.1[0m" 404 -
127.0.0.1 - - [22/Nov/2023 12:57:34] "[36mGET /static/vendors/js/vendor.bundle.base.js HTTP/1.1[0m" 304 -
127.0.0.1 - - [22/Nov/2023 12:57:34] "[36mGET /static/js/off-canvas.js HTTP/1.1[0m" 304 -
127.0.0.1 - - [22/Nov/2023 12:57:35] "[36mGET /static/js/hoverable-collapse.js HTTP/1.1[0m" 304 -
127.0.0.1 - - [22/Nov/2023 12:57:35] "[36mGET /static/js/template.js HTTP/1.1[0m" 304 -
127.0.0.1 - - [22/Nov/2023 12:57:35] "[36mGET /static/js/settings.js HTTP/1.1[0m" 304 -
127.0.0.1 - - [22/Nov/2023 12:57:35] "[36mGET /static/js/todolist.js HTTP/1.1[0m" 304 -
127.0.0.1 - - [22/Nov/2023 12:57:35] "[36mGET /static/vendors/progressbar.js/progressbar.min.js HTTP/1.1[0m" 304 -
127.0.0.1 - - [22/Nov/2023 12:57:35] "[36mGET /static/vendors/chart.js/Chart.min.js HTTP/1.1[0m" 304 -
127.0.0.1 - - [22/Nov/2023 12:57:35] "[36mGET /static/css/maps/vertical-layout-light/style.css.map HTTP/1.1[0m" 304 -
127.0.0.1 - - [22/Nov/2023 12:57:36] "[36mGET /static/images/enia.png HTTP/1.1[0m" 304 -
127.0.0.1 - - [22/Nov/2023 12:58:10] "GET /dettagliSensore?idsensore=655b97834dd3a2f4de412441 HTTP/1.1" 200 -
127.0.0.1 - - [22/Nov/2023 12:58:10] "[36mGET /static/vendors/typicons.font/font/typicons.css HTTP/1.1[0m" 304 -
127.0.0.1 - - [22/Nov/2023 12:58:11] "[36mGET /static/vendors/css/vendor.bundle.base.css HTTP/1.1[0m" 304 -
127.0.0.1 - - [22/Nov/2023 12:58:11] "[36mGET /static/css/vertical-layout-light/style.css HTTP/1.1[0m" 304 -
127.0.0.1 - - [22/Nov/2023 12:58:11] "[36mGET /static/vendors/typicons.font/font/typicons.woff HTTP/1.1[0m" 304 -
127.0.0.1 - - [22/Nov/2023 12:58:11] "[36mGET /static/images/enia.png HTTP/1.1[0m" 304 -
127.0.0.1 - - [22/Nov/2023 12:58:11] "[36mGET /static/vendors/js/vendor.bundle.base.js HTTP/1.1[0m" 304 -
127.0.0.1 - - [22/Nov/2023 12:58:11] "[36mGET /static/js/off-canvas.js HTTP/1.1[0m" 304 -
127.0.0.1 - - [22/Nov/2023 12:58:11] "[33mGET /static/fonts/Roboto/Roboto-Regular.woff2 HTTP/1.1[0m" 404 -
127.0.0.1 - - [22/Nov/2023 12:58:11] "[33mGET /static/fonts/Roboto/Roboto-Light.woff2 HTTP/1.1[0m" 404 -
127.0.0.1 - - [22/Nov/2023 12:58:11] "[33mGET /static/fonts/Roboto/Roboto-Bold.woff2 HTTP/1.1[0m" 404 -
127.0.0.1 - - [22/Nov/2023 12:58:11] "[36mGET /static/js/hoverable-collapse.js HTTP/1.1[0m" 304 -
127.0.0.1 - - [22/Nov/2023 12:58:11] "[33mGET /static/fonts/Roboto/Roboto-Regular.woff HTTP/1.1[0m" 404 -
127.0.0.1 - - [22/Nov/2023 12:58:11] "[33mGET /static/fonts/Roboto/Roboto-Light.woff HTTP/1.1[0m" 404 -
127.0.0.1 - - [22/Nov/2023 12:58:11] "[33mGET /static/fonts/Roboto/Roboto-Bold.woff HTTP/1.1[0m" 404 -
127.0.0.1 - - [22/Nov/2023 12:58:11] "[33mGET /static/fonts/Roboto/Roboto-Regular.ttf HTTP/1.1[0m" 404 -
127.0.0.1 - - [22/Nov/2023 12:58:11] "[33mGET /static/fonts/Roboto/Roboto-Light.ttf HTTP/1.1[0m" 404 -
127.0.0.1 - - [22/Nov/2023 12:58:11] "[36mGET /static/js/template.js HTTP/1.1[0m" 304 -
127.0.0.1 - - [22/Nov/2023 12:58:11] "[33mGET /static/fonts/Roboto/Roboto-Bold.ttf HTTP/1.1[0m" 404 -
127.0.0.1 - - [22/Nov/2023 12:58:11] "[36mGET /static/js/settings.js HTTP/1.1[0m" 304 -
127.0.0.1 - - [22/Nov/2023 12:58:12] "[36mGET /static/js/todolist.js HTTP/1.1[0m" 304 -
127.0.0.1 - - [22/Nov/2023 12:58:12] "[36mGET /static/vendors/progressbar.js/progressbar.min.js HTTP/1.1[0m" 304 -
127.0.0.1 - - [22/Nov/2023 12:58:12] "[36mGET /static/vendors/chart.js/Chart.min.js HTTP/1.1[0m" 304 -
127.0.0.1 - - [22/Nov/2023 12:58:12] "[36mGET /static/css/maps/vertical-layout-light/style.css.map HTTP/1.1[0m" 304 -
127.0.0.1 - - [22/Nov/2023 12:58:12] "[36mGET /static/images/enia.png HTTP/1.1[0m" 304 -
127.0.0.1 - - [22/Nov/2023 13:25:45] "GET /dettagliSensore?idsensore=655b97834dd3a2f4de412441 HTTP/1.1" 200 -
127.0.0.1 - - [22/Nov/2023 13:25:45] "[36mGET /static/vendors/typicons.font/font/typicons.css HTTP/1.1[0m" 304 -
127.0.0.1 - - [22/Nov/2023 13:25:45] "[36mGET /static/vendors/css/vendor.bundle.base.css HTTP/1.1[0m" 304 -
127.0.0.1 - - [22/Nov/2023 13:25:45] "[36mGET /static/css/vertical-layout-light/style.css HTTP/1.1[0m" 304 -
127.0.0.1 - - [22/Nov/2023 13:25:45] "[36mGET /static/images/enia.png HTTP/1.1[0m" 304 -
127.0.0.1 - - [22/Nov/2023 13:25:45] "[36mGET /static/vendors/js/vendor.bundle.base.js HTTP/1.1[0m" 304 -
127.0.0.1 - - [22/Nov/2023 13:25:45] "[36mGET /static/js/hoverable-collapse.js HTTP/1.1[0m" 304 -
127.0.0.1 - - [22/Nov/2023 13:25:45] "[36mGET /static/js/off-canvas.js HTTP/1.1[0m" 304 -
127.0.0.1 - - [22/Nov/2023 13:25:45] "[36mGET /static/js/template.js HTTP/1.1[0m" 304 -
127.0.0.1 - - [22/Nov/2023 13:25:46] "[33mGET /static/fonts/Roboto/Roboto-Light.woff2 HTTP/1.1[0m" 404 -
127.0.0.1 - - [22/Nov/2023 13:25:46] "[33mGET /static/fonts/Roboto/Roboto-Bold.woff2 HTTP/1.1[0m" 404 -
127.0.0.1 - - [22/Nov/2023 13:25:46] "[36mGET /static/vendors/typicons.font/font/typicons.woff HTTP/1.1[0m" 304 -
127.0.0.1 - - [22/Nov/2023 13:25:46] "[33mGET /static/fonts/Roboto/Roboto-Regular.woff2 HTTP/1.1[0m" 404 -
127.0.0.1 - - [22/Nov/2023 13:25:46] "[33mGET /static/fonts/Roboto/Roboto-Light.woff HTTP/1.1[0m" 404 -
127.0.0.1 - - [22/Nov/2023 13:25:46] "[33mGET /static/fonts/Roboto/Roboto-Bold.woff HTTP/1.1[0m" 404 -
127.0.0.1 - - [22/Nov/2023 13:25:46] "[33mGET /static/fonts/Roboto/Roboto-Regular.woff HTTP/1.1[0m" 404 -
127.0.0.1 - - [22/Nov/2023 13:25:46] "[33mGET /static/fonts/Roboto/Roboto-Light.ttf HTTP/1.1[0m" 404 -
127.0.0.1 - - [22/Nov/2023 13:25:46] "[33mGET /static/fonts/Roboto/Roboto-Bold.ttf HTTP/1.1[0m" 404 -
127.0.0.1 - - [22/Nov/2023 13:25:46] "[33mGET /static/fonts/Roboto/Roboto-Regular.ttf HTTP/1.1[0m" 404 -
127.0.0.1 - - [22/Nov/2023 13:25:46] "[36mGET /static/js/settings.js HTTP/1.1[0m" 304 -
127.0.0.1 - - [22/Nov/2023 13:25:46] "[36mGET /static/js/todolist.js HTTP/1.1[0m" 304 -
127.0.0.1 - - [22/Nov/2023 13:25:46] "[36mGET /static/vendors/progressbar.js/progressbar.min.js HTTP/1.1[0m" 304 -
127.0.0.1 - - [22/Nov/2023 13:25:46] "[36mGET /static/vendors/chart.js/Chart.min.js HTTP/1.1[0m" 304 -
127.0.0.1 - - [22/Nov/2023 13:26:28] "GET /listaSensori HTTP/1.1" 200 -
127.0.0.1 - - [22/Nov/2023 13:26:28] "[33mGET /static/fonts/Roboto/Roboto-Bold.woff2 HTTP/1.1[0m" 404 -
127.0.0.1 - - [22/Nov/2023 13:26:28] "[33mGET /static/fonts/Roboto/Roboto-Light.woff2 HTTP/1.1[0m" 404 -
127.0.0.1 - - [22/Nov/2023 13:26:28] "[33mGET /static/fonts/Roboto/Roboto-Regular.woff HTTP/1.1[0m" 404 -
127.0.0.1 - - [22/Nov/2023 13:26:28] "[33mGET /static/fonts/Roboto/Roboto-Bold.woff HTTP/1.1[0m" 404 -
127.0.0.1 - - [22/Nov/2023 13:26:28] "[33mGET /static/fonts/Roboto/Roboto-Light.ttf HTTP/1.1[0m" 404 -
127.0.0.1 - - [22/Nov/2023 13:26:29] "[33mGET /static/fonts/Roboto/Roboto-Bold.ttf HTTP/1.1[0m" 404 -
127.0.0.1 - - [22/Nov/2023 13:26:31] "[33mGET /aggiuntaSensori HTTP/1.1[0m" 404 -
127.0.0.1 - - [22/Nov/2023 13:26:31] "[33mGET /favicon.ico HTTP/1.1[0m" 404 -
[31m[1mWARNING: This is a development server. Do not use it in a production deployment. Use a production WSGI server instead.[0m
 * Running on http://localhost:5000
[33mPress CTRL+C to quit[0m
 * Restarting with watchdog (windowsapi)
 * Debugger is active!
 * Debugger PIN: 973-937-000
 * Detected change in 'C:\\Python311\\Lib\\site-packages\\trio\\__init__.py', reloading
 * Detected change in 'C:\\Python311\\Lib\\site-packages\\trio_websocket\\__init__.py', reloading
 * Detected change in 'C:\\Python311\\Lib\\site-packages\\tzdata\\__init__.py', reloading
 * Detected change in 'C:\\Python311\\Lib\\site-packages\\webencodings\\__init__.py', reloading
 * Detected change in 'C:\\Python311\\Lib\\site-packages\\websocket\\__init__.py', reloading
 * Detected change in 'C:\\Python311\\Lib\\site-packages\\winpty\\__init__.py', reloading
 * Detected change in 'C:\\Python311\\Lib\\site-packages\\xlsxwriter\\__init__.py', reloading
 * Detected change in 'C:\\Python311\\Lib\\site-packages\\pythonwin\\pywin\\__init__.py', reloading
 * Restarting with watchdog (windowsapi)
 * Debugger is active!
 * Debugger PIN: 973-937-000
127.0.0.1 - - [22/Nov/2023 16:01:49] "[32mGET /listaSensori HTTP/1.1[0m" 302 -
127.0.0.1 - - [22/Nov/2023 16:01:49] "GET /login?next=%2FlistaSensori HTTP/1.1" 200 -
127.0.0.1 - - [22/Nov/2023 16:01:49] "GET /static/css/auth.css HTTP/1.1" 200 -
127.0.0.1 - - [22/Nov/2023 16:01:50] "GET /static/javascript/auth.js HTTP/1.1" 200 -
127.0.0.1 - - [22/Nov/2023 16:01:50] "[33mGET /static/images/top.ico HTTP/1.1[0m" 404 -
127.0.0.1 - - [22/Nov/2023 16:01:57] "[32mPOST /login?next=%2FlistaSensori HTTP/1.1[0m" 302 -
127.0.0.1 - - [22/Nov/2023 16:01:57] "GET /listaSensori HTTP/1.1" 200 -
127.0.0.1 - - [22/Nov/2023 16:01:57] "[36mGET /static/vendors/typicons.font/font/typicons.css HTTP/1.1[0m" 304 -
127.0.0.1 - - [22/Nov/2023 16:01:57] "[36mGET /static/vendors/css/vendor.bundle.base.css HTTP/1.1[0m" 304 -
127.0.0.1 - - [22/Nov/2023 16:01:57] "[36mGET /static/images/enia.png HTTP/1.1[0m" 304 -
127.0.0.1 - - [22/Nov/2023 16:01:57] "[36mGET /static/css/vertical-layout-light/style.css HTTP/1.1[0m" 304 -
127.0.0.1 - - [22/Nov/2023 16:01:57] "[36mGET /static/vendors/js/vendor.bundle.base.js HTTP/1.1[0m" 304 -
127.0.0.1 - - [22/Nov/2023 16:01:57] "[36mGET /static/js/off-canvas.js HTTP/1.1[0m" 304 -
127.0.0.1 - - [22/Nov/2023 16:01:57] "[33mGET /static/fonts/Roboto/Roboto-Bold.woff2 HTTP/1.1[0m" 404 -
127.0.0.1 - - [22/Nov/2023 16:01:57] "[33mGET /static/fonts/Roboto/Roboto-Regular.woff2 HTTP/1.1[0m" 404 -
127.0.0.1 - - [22/Nov/2023 16:01:57] "[33mGET /static/fonts/Roboto/Roboto-Light.woff2 HTTP/1.1[0m" 404 -
127.0.0.1 - - [22/Nov/2023 16:01:57] "[36mGET /static/vendors/typicons.font/font/typicons.woff HTTP/1.1[0m" 304 -
127.0.0.1 - - [22/Nov/2023 16:01:57] "[36mGET /static/js/hoverable-collapse.js HTTP/1.1[0m" 304 -
127.0.0.1 - - [22/Nov/2023 16:01:58] "[33mGET /static/fonts/Roboto/Roboto-Bold.woff HTTP/1.1[0m" 404 -
127.0.0.1 - - [22/Nov/2023 16:01:58] "[33mGET /static/fonts/Roboto/Roboto-Regular.woff HTTP/1.1[0m" 404 -
127.0.0.1 - - [22/Nov/2023 16:01:58] "[33mGET /static/fonts/Roboto/Roboto-Light.woff HTTP/1.1[0m" 404 -
127.0.0.1 - - [22/Nov/2023 16:01:58] "[33mGET /static/fonts/Roboto/Roboto-Bold.ttf HTTP/1.1[0m" 404 -
127.0.0.1 - - [22/Nov/2023 16:01:58] "[36mGET /static/js/template.js HTTP/1.1[0m" 304 -
127.0.0.1 - - [22/Nov/2023 16:01:58] "[36mGET /static/js/settings.js HTTP/1.1[0m" 304 -
127.0.0.1 - - [22/Nov/2023 16:01:58] "[33mGET /static/fonts/Roboto/Roboto-Regular.ttf HTTP/1.1[0m" 404 -
127.0.0.1 - - [22/Nov/2023 16:01:58] "[33mGET /static/fonts/Roboto/Roboto-Light.ttf HTTP/1.1[0m" 404 -
127.0.0.1 - - [22/Nov/2023 16:01:58] "[36mGET /static/js/todolist.js HTTP/1.1[0m" 304 -
127.0.0.1 - - [22/Nov/2023 16:01:58] "[36mGET /static/vendors/progressbar.js/progressbar.min.js HTTP/1.1[0m" 304 -
127.0.0.1 - - [22/Nov/2023 16:01:58] "[36mGET /static/vendors/chart.js/Chart.min.js HTTP/1.1[0m" 304 -
127.0.0.1 - - [22/Nov/2023 16:02:11] "GET /dettagliSensore?idsensore=655b97834dd3a2f4de412441 HTTP/1.1" 200 -
127.0.0.1 - - [22/Nov/2023 16:02:11] "[36mGET /static/vendors/typicons.font/font/typicons.css HTTP/1.1[0m" 304 -
127.0.0.1 - - [22/Nov/2023 16:02:12] "[36mGET /static/css/vertical-layout-light/style.css HTTP/1.1[0m" 304 -
127.0.0.1 - - [22/Nov/2023 16:02:12] "[36mGET /static/vendors/css/vendor.bundle.base.css HTTP/1.1[0m" 304 -
127.0.0.1 - - [22/Nov/2023 16:02:12] "[36mGET /static/images/enia.png HTTP/1.1[0m" 304 -
127.0.0.1 - - [22/Nov/2023 16:02:12] "[36mGET /static/vendors/js/vendor.bundle.base.js HTTP/1.1[0m" 304 -
127.0.0.1 - - [22/Nov/2023 16:02:12] "[36mGET /static/js/hoverable-collapse.js HTTP/1.1[0m" 304 -
127.0.0.1 - - [22/Nov/2023 16:02:12] "[36mGET /static/js/off-canvas.js HTTP/1.1[0m" 304 -
127.0.0.1 - - [22/Nov/2023 16:02:12] "[33mGET /static/fonts/Roboto/Roboto-Bold.woff2 HTTP/1.1[0m" 404 -
127.0.0.1 - - [22/Nov/2023 16:02:12] "[33mGET /static/fonts/Roboto/Roboto-Light.woff2 HTTP/1.1[0m" 404 -
127.0.0.1 - - [22/Nov/2023 16:02:12] "[33mGET /static/fonts/Roboto/Roboto-Regular.woff2 HTTP/1.1[0m" 404 -
127.0.0.1 - - [22/Nov/2023 16:02:12] "[36mGET /static/vendors/typicons.font/font/typicons.woff HTTP/1.1[0m" 304 -
127.0.0.1 - - [22/Nov/2023 16:02:12] "[36mGET /static/js/template.js HTTP/1.1[0m" 304 -
127.0.0.1 - - [22/Nov/2023 16:02:12] "[36mGET /static/js/settings.js HTTP/1.1[0m" 304 -
127.0.0.1 - - [22/Nov/2023 16:02:12] "[33mGET /static/fonts/Roboto/Roboto-Light.woff HTTP/1.1[0m" 404 -
127.0.0.1 - - [22/Nov/2023 16:02:12] "[33mGET /static/fonts/Roboto/Roboto-Bold.woff HTTP/1.1[0m" 404 -
127.0.0.1 - - [22/Nov/2023 16:02:12] "[33mGET /static/fonts/Roboto/Roboto-Regular.woff HTTP/1.1[0m" 404 -
127.0.0.1 - - [22/Nov/2023 16:02:12] "[33mGET /static/fonts/Roboto/Roboto-Light.ttf HTTP/1.1[0m" 404 -
127.0.0.1 - - [22/Nov/2023 16:02:12] "[33mGET /static/fonts/Roboto/Roboto-Regular.ttf HTTP/1.1[0m" 404 -
127.0.0.1 - - [22/Nov/2023 16:02:12] "[33mGET /static/fonts/Roboto/Roboto-Bold.ttf HTTP/1.1[0m" 404 -
127.0.0.1 - - [22/Nov/2023 16:02:13] "[36mGET /static/js/todolist.js HTTP/1.1[0m" 304 -
127.0.0.1 - - [22/Nov/2023 16:02:13] "[36mGET /static/vendors/progressbar.js/progressbar.min.js HTTP/1.1[0m" 304 -
127.0.0.1 - - [22/Nov/2023 16:02:13] "[36mGET /static/vendors/chart.js/Chart.min.js HTTP/1.1[0m" 304 -
127.0.0.1 - - [22/Nov/2023 16:04:37] "GET /dettagliSensore?idsensore=655b97834dd3a2f4de412441 HTTP/1.1" 200 -
127.0.0.1 - - [22/Nov/2023 16:04:37] "[36mGET /static/vendors/typicons.font/font/typicons.css HTTP/1.1[0m" 304 -
127.0.0.1 - - [22/Nov/2023 16:04:37] "[36mGET /static/vendors/css/vendor.bundle.base.css HTTP/1.1[0m" 304 -
127.0.0.1 - - [22/Nov/2023 16:04:37] "[36mGET /static/css/vertical-layout-light/style.css HTTP/1.1[0m" 304 -
127.0.0.1 - - [22/Nov/2023 16:04:37] "[36mGET /static/vendors/js/vendor.bundle.base.js HTTP/1.1[0m" 304 -
127.0.0.1 - - [22/Nov/2023 16:04:37] "[36mGET /static/images/enia.png HTTP/1.1[0m" 304 -
127.0.0.1 - - [22/Nov/2023 16:04:37] "[36mGET /static/js/off-canvas.js HTTP/1.1[0m" 304 -
127.0.0.1 - - [22/Nov/2023 16:04:37] "[36mGET /static/js/hoverable-collapse.js HTTP/1.1[0m" 304 -
127.0.0.1 - - [22/Nov/2023 16:04:37] "[36mGET /static/js/template.js HTTP/1.1[0m" 304 -
127.0.0.1 - - [22/Nov/2023 16:04:38] "[36mGET /static/vendors/typicons.font/font/typicons.woff HTTP/1.1[0m" 304 -
127.0.0.1 - - [22/Nov/2023 16:04:38] "[33mGET /static/fonts/Roboto/Roboto-Bold.woff2 HTTP/1.1[0m" 404 -
127.0.0.1 - - [22/Nov/2023 16:04:38] "[33mGET /static/fonts/Roboto/Roboto-Light.woff2 HTTP/1.1[0m" 404 -
127.0.0.1 - - [22/Nov/2023 16:04:38] "[33mGET /static/fonts/Roboto/Roboto-Regular.woff2 HTTP/1.1[0m" 404 -
127.0.0.1 - - [22/Nov/2023 16:04:38] "[33mGET /static/fonts/Roboto/Roboto-Bold.woff HTTP/1.1[0m" 404 -
127.0.0.1 - - [22/Nov/2023 16:04:38] "[33mGET /static/fonts/Roboto/Roboto-Light.woff HTTP/1.1[0m" 404 -
127.0.0.1 - - [22/Nov/2023 16:04:38] "[33mGET /static/fonts/Roboto/Roboto-Regular.woff HTTP/1.1[0m" 404 -
127.0.0.1 - - [22/Nov/2023 16:04:38] "[33mGET /static/fonts/Roboto/Roboto-Bold.ttf HTTP/1.1[0m" 404 -
127.0.0.1 - - [22/Nov/2023 16:04:38] "[33mGET /static/fonts/Roboto/Roboto-Light.ttf HTTP/1.1[0m" 404 -
127.0.0.1 - - [22/Nov/2023 16:04:38] "[33mGET /static/fonts/Roboto/Roboto-Regular.ttf HTTP/1.1[0m" 404 -
127.0.0.1 - - [22/Nov/2023 16:04:38] "[36mGET /static/js/settings.js HTTP/1.1[0m" 304 -
127.0.0.1 - - [22/Nov/2023 16:04:38] "[36mGET /static/js/todolist.js HTTP/1.1[0m" 304 -
127.0.0.1 - - [22/Nov/2023 16:04:38] "[36mGET /static/vendors/progressbar.js/progressbar.min.js HTTP/1.1[0m" 304 -
127.0.0.1 - - [22/Nov/2023 16:04:38] "[36mGET /static/vendors/chart.js/Chart.min.js HTTP/1.1[0m" 304 -
127.0.0.1 - - [22/Nov/2023 16:04:39] "[36mGET /static/images/enia.png HTTP/1.1[0m" 304 -
127.0.0.1 - - [22/Nov/2023 16:04:41] "[36mGET /static/vendors/typicons.font/font/typicons.css HTTP/1.1[0m" 304 -
127.0.0.1 - - [22/Nov/2023 16:04:41] "[36mGET /static/vendors/css/vendor.bundle.base.css HTTP/1.1[0m" 304 -
127.0.0.1 - - [22/Nov/2023 16:04:41] "[36mGET /static/css/vertical-layout-light/style.css HTTP/1.1[0m" 304 -
127.0.0.1 - - [22/Nov/2023 16:04:42] "[36mGET /static/css/maps/vertical-layout-light/style.css.map HTTP/1.1[0m" 304 -
127.0.0.1 - - [22/Nov/2023 16:05:07] "GET /dettagliSensore?idsensore=655b97834dd3a2f4de412441 HTTP/1.1" 200 -
127.0.0.1 - - [22/Nov/2023 16:05:08] "[36mGET /static/vendors/typicons.font/font/typicons.css HTTP/1.1[0m" 304 -
127.0.0.1 - - [22/Nov/2023 16:05:08] "[36mGET /static/css/vertical-layout-light/style.css HTTP/1.1[0m" 304 -
127.0.0.1 - - [22/Nov/2023 16:05:08] "[36mGET /static/vendors/typicons.font/font/typicons.woff HTTP/1.1[0m" 304 -
127.0.0.1 - - [22/Nov/2023 16:05:08] "[36mGET /static/vendors/css/vendor.bundle.base.css HTTP/1.1[0m" 304 -
127.0.0.1 - - [22/Nov/2023 16:05:08] "[36mGET /static/images/enia.png HTTP/1.1[0m" 304 -
127.0.0.1 - - [22/Nov/2023 16:05:08] "[36mGET /static/js/off-canvas.js HTTP/1.1[0m" 304 -
127.0.0.1 - - [22/Nov/2023 16:05:08] "[36mGET /static/vendors/js/vendor.bundle.base.js HTTP/1.1[0m" 304 -
127.0.0.1 - - [22/Nov/2023 16:05:08] "[33mGET /static/fonts/Roboto/Roboto-Regular.woff2 HTTP/1.1[0m" 404 -
127.0.0.1 - - [22/Nov/2023 16:05:08] "[33mGET /static/fonts/Roboto/Roboto-Bold.woff2 HTTP/1.1[0m" 404 -
127.0.0.1 - - [22/Nov/2023 16:05:08] "[33mGET /static/fonts/Roboto/Roboto-Light.woff2 HTTP/1.1[0m" 404 -
127.0.0.1 - - [22/Nov/2023 16:05:08] "[36mGET /static/js/hoverable-collapse.js HTTP/1.1[0m" 304 -
127.0.0.1 - - [22/Nov/2023 16:05:08] "[36mGET /static/js/settings.js HTTP/1.1[0m" 304 -
127.0.0.1 - - [22/Nov/2023 16:05:08] "[36mGET /static/js/template.js HTTP/1.1[0m" 304 -
127.0.0.1 - - [22/Nov/2023 16:05:08] "[33mGET /static/fonts/Roboto/Roboto-Light.woff HTTP/1.1[0m" 404 -
127.0.0.1 - - [22/Nov/2023 16:05:08] "[33mGET /static/fonts/Roboto/Roboto-Bold.woff HTTP/1.1[0m" 404 -
127.0.0.1 - - [22/Nov/2023 16:05:08] "[33mGET /static/fonts/Roboto/Roboto-Regular.woff HTTP/1.1[0m" 404 -
127.0.0.1 - - [22/Nov/2023 16:05:09] "[36mGET /static/js/todolist.js HTTP/1.1[0m" 304 -
127.0.0.1 - - [22/Nov/2023 16:05:09] "[33mGET /static/fonts/Roboto/Roboto-Light.ttf HTTP/1.1[0m" 404 -
127.0.0.1 - - [22/Nov/2023 16:05:09] "[33mGET /static/fonts/Roboto/Roboto-Bold.ttf HTTP/1.1[0m" 404 -
127.0.0.1 - - [22/Nov/2023 16:05:09] "[33mGET /static/fonts/Roboto/Roboto-Regular.ttf HTTP/1.1[0m" 404 -
127.0.0.1 - - [22/Nov/2023 16:05:09] "[36mGET /static/vendors/progressbar.js/progressbar.min.js HTTP/1.1[0m" 304 -
127.0.0.1 - - [22/Nov/2023 16:05:09] "[36mGET /static/vendors/chart.js/Chart.min.js HTTP/1.1[0m" 304 -
127.0.0.1 - - [22/Nov/2023 16:05:09] "[36mGET /static/css/maps/vertical-layout-light/style.css.map HTTP/1.1[0m" 304 -
127.0.0.1 - - [22/Nov/2023 16:05:10] "[36mGET /static/images/enia.png HTTP/1.1[0m" 304 -
127.0.0.1 - - [22/Nov/2023 16:06:35] "GET /dettagliSensore?idsensore=655b97834dd3a2f4de412441 HTTP/1.1" 200 -
127.0.0.1 - - [22/Nov/2023 16:06:35] "[36mGET /static/vendors/typicons.font/font/typicons.css HTTP/1.1[0m" 304 -
127.0.0.1 - - [22/Nov/2023 16:06:35] "[36mGET /static/vendors/css/vendor.bundle.base.css HTTP/1.1[0m" 304 -
127.0.0.1 - - [22/Nov/2023 16:06:35] "[36mGET /static/css/vertical-layout-light/style.css HTTP/1.1[0m" 304 -
127.0.0.1 - - [22/Nov/2023 16:06:35] "[36mGET /static/images/enia.png HTTP/1.1[0m" 304 -
127.0.0.1 - - [22/Nov/2023 16:06:35] "[36mGET /static/vendors/js/vendor.bundle.base.js HTTP/1.1[0m" 304 -
127.0.0.1 - - [22/Nov/2023 16:06:35] "[36mGET /static/js/off-canvas.js HTTP/1.1[0m" 304 -
127.0.0.1 - - [22/Nov/2023 16:06:35] "[36mGET /static/js/hoverable-collapse.js HTTP/1.1[0m" 304 -
127.0.0.1 - - [22/Nov/2023 16:06:35] "[36mGET /static/js/template.js HTTP/1.1[0m" 304 -
127.0.0.1 - - [22/Nov/2023 16:06:36] "[33mGET /static/fonts/Roboto/Roboto-Bold.woff2 HTTP/1.1[0m" 404 -
127.0.0.1 - - [22/Nov/2023 16:06:36] "[33mGET /static/fonts/Roboto/Roboto-Light.woff2 HTTP/1.1[0m" 404 -
127.0.0.1 - - [22/Nov/2023 16:06:36] "[36mGET /static/vendors/typicons.font/font/typicons.woff HTTP/1.1[0m" 304 -
127.0.0.1 - - [22/Nov/2023 16:06:36] "[33mGET /static/fonts/Roboto/Roboto-Regular.woff2 HTTP/1.1[0m" 404 -
127.0.0.1 - - [22/Nov/2023 16:06:36] "[33mGET /static/fonts/Roboto/Roboto-Bold.woff HTTP/1.1[0m" 404 -
127.0.0.1 - - [22/Nov/2023 16:06:36] "[33mGET /static/fonts/Roboto/Roboto-Light.woff HTTP/1.1[0m" 404 -
127.0.0.1 - - [22/Nov/2023 16:06:36] "[33mGET /static/fonts/Roboto/Roboto-Regular.woff HTTP/1.1[0m" 404 -
127.0.0.1 - - [22/Nov/2023 16:06:36] "[33mGET /static/fonts/Roboto/Roboto-Bold.ttf HTTP/1.1[0m" 404 -
127.0.0.1 - - [22/Nov/2023 16:06:36] "[33mGET /static/fonts/Roboto/Roboto-Light.ttf HTTP/1.1[0m" 404 -
127.0.0.1 - - [22/Nov/2023 16:06:36] "[33mGET /static/fonts/Roboto/Roboto-Regular.ttf HTTP/1.1[0m" 404 -
127.0.0.1 - - [22/Nov/2023 16:06:36] "[36mGET /static/js/settings.js HTTP/1.1[0m" 304 -
127.0.0.1 - - [22/Nov/2023 16:06:36] "[36mGET /static/js/todolist.js HTTP/1.1[0m" 304 -
127.0.0.1 - - [22/Nov/2023 16:06:36] "[36mGET /static/vendors/progressbar.js/progressbar.min.js HTTP/1.1[0m" 304 -
127.0.0.1 - - [22/Nov/2023 16:06:36] "[36mGET /static/vendors/chart.js/Chart.min.js HTTP/1.1[0m" 304 -
127.0.0.1 - - [22/Nov/2023 16:06:37] "[36mGET /static/images/enia.png HTTP/1.1[0m" 304 -
127.0.0.1 - - [22/Nov/2023 16:18:00] "GET /dettagliSensore?idsensore=655b97834dd3a2f4de412441 HTTP/1.1" 200 -
127.0.0.1 - - [22/Nov/2023 16:18:00] "[36mGET /static/vendors/css/vendor.bundle.base.css HTTP/1.1[0m" 304 -
127.0.0.1 - - [22/Nov/2023 16:18:00] "[36mGET /static/vendors/typicons.font/font/typicons.css HTTP/1.1[0m" 304 -
127.0.0.1 - - [22/Nov/2023 16:18:01] "[36mGET /static/vendors/js/vendor.bundle.base.js HTTP/1.1[0m" 304 -
127.0.0.1 - - [22/Nov/2023 16:18:01] "[36mGET /static/images/enia.png HTTP/1.1[0m" 304 -
127.0.0.1 - - [22/Nov/2023 16:18:01] "[36mGET /static/css/vertical-layout-light/style.css HTTP/1.1[0m" 304 -
127.0.0.1 - - [22/Nov/2023 16:18:01] "[36mGET /static/js/off-canvas.js HTTP/1.1[0m" 304 -
127.0.0.1 - - [22/Nov/2023 16:18:01] "[36mGET /static/js/hoverable-collapse.js HTTP/1.1[0m" 304 -
127.0.0.1 - - [22/Nov/2023 16:18:01] "[36mGET /static/js/template.js HTTP/1.1[0m" 304 -
127.0.0.1 - - [22/Nov/2023 16:18:01] "[33mGET /static/fonts/Roboto/Roboto-Bold.woff2 HTTP/1.1[0m" 404 -
127.0.0.1 - - [22/Nov/2023 16:18:01] "[33mGET /static/fonts/Roboto/Roboto-Light.woff2 HTTP/1.1[0m" 404 -
127.0.0.1 - - [22/Nov/2023 16:18:01] "[36mGET /static/vendors/typicons.font/font/typicons.woff HTTP/1.1[0m" 304 -
127.0.0.1 - - [22/Nov/2023 16:18:01] "[33mGET /static/fonts/Roboto/Roboto-Regular.woff2 HTTP/1.1[0m" 404 -
127.0.0.1 - - [22/Nov/2023 16:18:01] "[33mGET /static/fonts/Roboto/Roboto-Bold.woff HTTP/1.1[0m" 404 -
127.0.0.1 - - [22/Nov/2023 16:18:01] "[33mGET /static/fonts/Roboto/Roboto-Light.woff HTTP/1.1[0m" 404 -
127.0.0.1 - - [22/Nov/2023 16:18:01] "[33mGET /static/fonts/Roboto/Roboto-Regular.woff HTTP/1.1[0m" 404 -
127.0.0.1 - - [22/Nov/2023 16:18:01] "[33mGET /static/fonts/Roboto/Roboto-Bold.ttf HTTP/1.1[0m" 404 -
127.0.0.1 - - [22/Nov/2023 16:18:01] "[33mGET /static/fonts/Roboto/Roboto-Light.ttf HTTP/1.1[0m" 404 -
127.0.0.1 - - [22/Nov/2023 16:18:01] "[33mGET /static/fonts/Roboto/Roboto-Regular.ttf HTTP/1.1[0m" 404 -
127.0.0.1 - - [22/Nov/2023 16:18:01] "[36mGET /static/js/settings.js HTTP/1.1[0m" 304 -
127.0.0.1 - - [22/Nov/2023 16:18:01] "[36mGET /static/js/todolist.js HTTP/1.1[0m" 304 -
127.0.0.1 - - [22/Nov/2023 16:18:02] "[36mGET /static/vendors/progressbar.js/progressbar.min.js HTTP/1.1[0m" 304 -
127.0.0.1 - - [22/Nov/2023 16:18:02] "[36mGET /static/vendors/chart.js/Chart.min.js HTTP/1.1[0m" 304 -
127.0.0.1 - - [22/Nov/2023 16:18:02] "[36mGET /static/images/enia.png HTTP/1.1[0m" 304 -
127.0.0.1 - - [22/Nov/2023 16:18:05] "[36mGET /static/vendors/typicons.font/font/typicons.css HTTP/1.1[0m" 304 -
127.0.0.1 - - [22/Nov/2023 16:18:05] "[36mGET /static/vendors/css/vendor.bundle.base.css HTTP/1.1[0m" 304 -
127.0.0.1 - - [22/Nov/2023 16:18:05] "[36mGET /static/css/vertical-layout-light/style.css HTTP/1.1[0m" 304 -
127.0.0.1 - - [22/Nov/2023 16:18:06] "[36mGET /static/css/maps/vertical-layout-light/style.css.map HTTP/1.1[0m" 304 -
127.0.0.1 - - [22/Nov/2023 16:18:26] "GET /dettagliSensore?idsensore=655b97834dd3a2f4de412441 HTTP/1.1" 200 -
127.0.0.1 - - [22/Nov/2023 16:18:26] "[36mGET /static/vendors/typicons.font/font/typicons.css HTTP/1.1[0m" 304 -
127.0.0.1 - - [22/Nov/2023 16:18:26] "[36mGET /static/vendors/css/vendor.bundle.base.css HTTP/1.1[0m" 304 -
127.0.0.1 - - [22/Nov/2023 16:18:26] "[36mGET /static/css/vertical-layout-light/style.css HTTP/1.1[0m" 304 -
127.0.0.1 - - [22/Nov/2023 16:18:26] "[36mGET /static/vendors/typicons.font/font/typicons.woff HTTP/1.1[0m" 304 -
127.0.0.1 - - [22/Nov/2023 16:18:26] "[36mGET /static/images/enia.png HTTP/1.1[0m" 304 -
127.0.0.1 - - [22/Nov/2023 16:18:26] "[36mGET /static/js/off-canvas.js HTTP/1.1[0m" 304 -
127.0.0.1 - - [22/Nov/2023 16:18:26] "[36mGET /static/vendors/js/vendor.bundle.base.js HTTP/1.1[0m" 304 -
127.0.0.1 - - [22/Nov/2023 16:18:26] "[33mGET /static/fonts/Roboto/Roboto-Bold.woff2 HTTP/1.1[0m" 404 -
127.0.0.1 - - [22/Nov/2023 16:18:26] "[33mGET /static/fonts/Roboto/Roboto-Light.woff2 HTTP/1.1[0m" 404 -
127.0.0.1 - - [22/Nov/2023 16:18:26] "[33mGET /static/fonts/Roboto/Roboto-Regular.woff2 HTTP/1.1[0m" 404 -
127.0.0.1 - - [22/Nov/2023 16:18:26] "[36mGET /static/js/hoverable-collapse.js HTTP/1.1[0m" 304 -
127.0.0.1 - - [22/Nov/2023 16:18:26] "[36mGET /static/js/settings.js HTTP/1.1[0m" 304 -
127.0.0.1 - - [22/Nov/2023 16:18:26] "[36mGET /static/js/template.js HTTP/1.1[0m" 304 -
127.0.0.1 - - [22/Nov/2023 16:18:27] "[33mGET /static/fonts/Roboto/Roboto-Bold.woff HTTP/1.1[0m" 404 -
127.0.0.1 - - [22/Nov/2023 16:18:27] "[33mGET /static/fonts/Roboto/Roboto-Light.woff HTTP/1.1[0m" 404 -
127.0.0.1 - - [22/Nov/2023 16:18:27] "[33mGET /static/fonts/Roboto/Roboto-Regular.woff HTTP/1.1[0m" 404 -
127.0.0.1 - - [22/Nov/2023 16:18:27] "[33mGET /static/fonts/Roboto/Roboto-Bold.ttf HTTP/1.1[0m" 404 -
127.0.0.1 - - [22/Nov/2023 16:18:27] "[33mGET /static/fonts/Roboto/Roboto-Light.ttf HTTP/1.1[0m" 404 -
127.0.0.1 - - [22/Nov/2023 16:18:27] "[33mGET /static/fonts/Roboto/Roboto-Regular.ttf HTTP/1.1[0m" 404 -
127.0.0.1 - - [22/Nov/2023 16:18:27] "[36mGET /static/js/todolist.js HTTP/1.1[0m" 304 -
127.0.0.1 - - [22/Nov/2023 16:18:27] "[36mGET /static/vendors/progressbar.js/progressbar.min.js HTTP/1.1[0m" 304 -
127.0.0.1 - - [22/Nov/2023 16:18:27] "[36mGET /static/vendors/chart.js/Chart.min.js HTTP/1.1[0m" 304 -
127.0.0.1 - - [22/Nov/2023 16:18:27] "[36mGET /static/css/maps/vertical-layout-light/style.css.map HTTP/1.1[0m" 304 -
127.0.0.1 - - [22/Nov/2023 16:18:28] "[36mGET /static/images/enia.png HTTP/1.1[0m" 304 -
 * Detected change in 'C:\\Python311\\Lib\\hashlib.py', reloading
 * Detected change in 'C:\\Python311\\Lib\\datetime.py', reloading
 * Detected change in 'C:\\Python311\\Lib\\site-packages\\flask_pymongo\\wrappers.py', reloading
 * Detected change in 'C:\\Python311\\Lib\\site-packages\\pymongo\\__init__.py', reloading
 * Detected change in 'C:\\Python311\\Lib\\site-packages\\pymongo\\common.py', reloading
 * Detected change in 'C:\\Python311\\Lib\\site-packages\\pymongo\\typings.py', reloading
 * Detected change in 'C:\\Python311\\Lib\\site-packages\\pymongo\\uri_parser.py', reloading
 * Detected change in 'C:\\Python311\\Lib\\site-packages\\pymongo\\database.py', reloading
 * Detected change in 'C:\\Python311\\Lib\\site-packages\\pymongo\\read_preferences.py', reloading
 * Detected change in 'C:\\Python311\\Lib\\site-packages\\pymongo\\write_concern.py', reloading
 * Detected change in 'C:\\Python311\\Lib\\site-packages\\pymongo\\read_concern.py', reloading
 * Detected change in 'C:\\Python311\\Lib\\site-packages\\pymongo\\collection.py', reloading
 * Detected change in 'C:\\Python311\\Lib\\site-packages\\flask_login\\__init__.py', reloading
 * Detected change in 'C:\\Python311\\Lib\\site-packages\\flask_login\\login_manager.py', reloading
 * Detected change in 'C:\\Python311\\Lib\\site-packages\\bson\\objectid.py', reloading
 * Detected change in 'C:\\Python311\\Lib\\site-packages\\flask\\globals.py', reloading
 * Detected change in 'C:\\Python311\\Lib\\site-packages\\flask\\wrappers.py', reloading
 * Detected change in 'C:\\Python311\\Lib\\site-packages\\werkzeug\\wrappers\\__init__.py', reloading
 * Detected change in 'C:\\Python311\\Lib\\site-packages\\werkzeug\\wrappers\\request.py', reloading
 * Detected change in 'C:\\Python311\\Lib\\site-packages\\werkzeug\\sansio\\request.py', reloading
 * Detected change in 'C:\\Python311\\Lib\\site-packages\\flask\\templating.py', reloading
 * Detected change in 'C:\\Python311\\Lib\\site-packages\\jinja2\\__init__.py', reloading
 * Detected change in 'C:\\Python311\\Lib\\site-packages\\jinja2\\environment.py', reloading
 * Detected change in 'C:\\Python311\\Lib\\site-packages\\flask\\json\\__init__.py', reloading
 * Detected change in 'C:\\Python311\\Lib\\site-packages\\werkzeug\\wrappers\\response.py', reloading
 * Detected change in 'C:\\Python311\\Lib\\site-packages\\werkzeug\\sansio\\response.py', reloading
 * Detected change in 'C:\\Python311\\Lib\\site-packages\\flask\\helpers.py', reloading
 * Detected change in 'C:\\Python311\\Lib\\site-packages\\flask_login\\utils.py', reloading
 * Detected change in 'C:\\Python311\\Lib\\site-packages\\werkzeug\\local.py', reloading
 * Detected change in 'C:\\Python311\\Lib\\site-packages\\flask\\ctx.py', reloading
 * Detected change in 'C:\\Python311\\Lib\\site-packages\\flask\\typing.py', reloading
 * Detected change in 'C:\\Python311\\Lib\\site-packages\\pymongo\\cursor.py', reloading
 * Detected change in 'C:\\Python311\\Lib\\site-packages\\werkzeug\\utils.py', reloading
 * Detected change in 'C:\\Python311\\Lib\\site-packages\\werkzeug\\_internal.py', reloading
 * Restarting with watchdog (windowsapi)
 * Debugger is active!
 * Debugger PIN: 973-937-000
 * Detected change in 'C:\\Python311\\Lib\\re\\__init__.py', reloading
 * Detected change in 'C:\\Python311\\Lib\\site-packages\\bson\\raw_bson.py', reloading
 * Detected change in 'C:\\Python311\\Lib\\site-packages\\pymongo\\client_session.py', reloading
 * Detected change in 'C:\\Python311\\Lib\\site-packages\\pymongo\\results.py', reloading
 * Restarting with watchdog (windowsapi)
 * Debugger is active!
 * Debugger PIN: 973-937-000
 * Detected change in 'C:\\Python311\\Lib\\site-packages\\jinja2\\filters.py', reloading
 * Detected change in 'C:\\Python311\\Lib\\site-packages\\jinja2\\utils.py', reloading
 * Detected change in 'C:\\Python311\\Lib\\site-packages\\flask\\json\\provider.py', reloading
 * Detected change in 'C:\\Python311\\Lib\\json\\__init__.py', reloading
 * Detected change in 'C:\\Python311\\Lib\\json\\encoder.py', reloading
127.0.0.1 - - [22/Nov/2023 16:31:13] "[35m[1mGET /dettagliSensore?idsensore=655b97834dd3a2f4de412441 HTTP/1.1[0m" 500 -
127.0.0.1 - - [22/Nov/2023 16:31:13] "GET /dettagliSensore?__debugger__=yes&cmd=resource&f=style.css HTTP/1.1" 200 -
127.0.0.1 - - [22/Nov/2023 16:31:13] "GET /dettagliSensore?__debugger__=yes&cmd=resource&f=debugger.js HTTP/1.1" 200 -
127.0.0.1 - - [22/Nov/2023 16:31:13] "GET /dettagliSensore?__debugger__=yes&cmd=resource&f=console.png HTTP/1.1" 200 -
127.0.0.1 - - [22/Nov/2023 16:31:13] "[36mGET /dettagliSensore?__debugger__=yes&cmd=resource&f=console.png HTTP/1.1[0m" 304 -
 * Restarting with watchdog (windowsapi)
 * Debugger is active!
 * Debugger PIN: 973-937-000
127.0.0.1 - - [22/Nov/2023 16:32:54] "[35m[1mGET /dettagliSensore?idsensore=655b97834dd3a2f4de412441 HTTP/1.1[0m" 500 -
127.0.0.1 - - [22/Nov/2023 16:32:54] "[36mGET /dettagliSensore?__debugger__=yes&cmd=resource&f=style.css HTTP/1.1[0m" 304 -
127.0.0.1 - - [22/Nov/2023 16:32:54] "[36mGET /dettagliSensore?__debugger__=yes&cmd=resource&f=debugger.js HTTP/1.1[0m" 304 -
127.0.0.1 - - [22/Nov/2023 16:32:54] "[36mGET /dettagliSensore?__debugger__=yes&cmd=resource&f=console.png HTTP/1.1[0m" 304 -
127.0.0.1 - - [22/Nov/2023 16:32:54] "[36mGET /dettagliSensore?__debugger__=yes&cmd=resource&f=console.png HTTP/1.1[0m" 304 -
127.0.0.1 - - [22/Nov/2023 16:35:55] "[35m[1mGET /dettagliSensore?idsensore=655b97834dd3a2f4de412441 HTTP/1.1[0m" 500 -
127.0.0.1 - - [22/Nov/2023 16:35:55] "[36mGET /dettagliSensore?__debugger__=yes&cmd=resource&f=style.css HTTP/1.1[0m" 304 -
127.0.0.1 - - [22/Nov/2023 16:35:55] "[36mGET /dettagliSensore?__debugger__=yes&cmd=resource&f=debugger.js HTTP/1.1[0m" 304 -
127.0.0.1 - - [22/Nov/2023 16:35:55] "[36mGET /dettagliSensore?__debugger__=yes&cmd=resource&f=console.png HTTP/1.1[0m" 304 -
127.0.0.1 - - [22/Nov/2023 16:35:56] "[36mGET /dettagliSensore?__debugger__=yes&cmd=resource&f=console.png HTTP/1.1[0m" 304 -
127.0.0.1 - - [22/Nov/2023 16:36:55] "GET /dettagliSensore?idsensore=655b97834dd3a2f4de412441 HTTP/1.1" 200 -
127.0.0.1 - - [22/Nov/2023 16:36:55] "[36mGET /static/vendors/typicons.font/font/typicons.css HTTP/1.1[0m" 304 -
127.0.0.1 - - [22/Nov/2023 16:36:55] "[36mGET /static/vendors/js/vendor.bundle.base.js HTTP/1.1[0m" 304 -
127.0.0.1 - - [22/Nov/2023 16:36:55] "[36mGET /static/vendors/css/vendor.bundle.base.css HTTP/1.1[0m" 304 -
127.0.0.1 - - [22/Nov/2023 16:36:55] "[36mGET /static/css/vertical-layout-light/style.css HTTP/1.1[0m" 304 -
127.0.0.1 - - [22/Nov/2023 16:36:55] "[36mGET /static/images/enia.png HTTP/1.1[0m" 304 -
127.0.0.1 - - [22/Nov/2023 16:36:55] "[36mGET /static/js/off-canvas.js HTTP/1.1[0m" 304 -
127.0.0.1 - - [22/Nov/2023 16:36:55] "[36mGET /static/js/hoverable-collapse.js HTTP/1.1[0m" 304 -
127.0.0.1 - - [22/Nov/2023 16:36:56] "[33mGET /static/fonts/Roboto/Roboto-Light.woff2 HTTP/1.1[0m" 404 -
127.0.0.1 - - [22/Nov/2023 16:36:56] "[33mGET /static/fonts/Roboto/Roboto-Regular.woff2 HTTP/1.1[0m" 404 -
127.0.0.1 - - [22/Nov/2023 16:36:56] "[36mGET /static/vendors/typicons.font/font/typicons.woff HTTP/1.1[0m" 304 -
127.0.0.1 - - [22/Nov/2023 16:36:56] "[33mGET /static/fonts/Roboto/Roboto-Bold.woff2 HTTP/1.1[0m" 404 -
127.0.0.1 - - [22/Nov/2023 16:36:56] "[36mGET /static/js/template.js HTTP/1.1[0m" 304 -
127.0.0.1 - - [22/Nov/2023 16:36:56] "[33mGET /static/fonts/Roboto/Roboto-Light.woff HTTP/1.1[0m" 404 -
127.0.0.1 - - [22/Nov/2023 16:36:56] "[33mGET /static/fonts/Roboto/Roboto-Regular.woff HTTP/1.1[0m" 404 -
127.0.0.1 - - [22/Nov/2023 16:36:56] "[33mGET /static/fonts/Roboto/Roboto-Bold.woff HTTP/1.1[0m" 404 -
127.0.0.1 - - [22/Nov/2023 16:36:56] "[33mGET /static/fonts/Roboto/Roboto-Light.ttf HTTP/1.1[0m" 404 -
127.0.0.1 - - [22/Nov/2023 16:36:56] "[33mGET /static/fonts/Roboto/Roboto-Regular.ttf HTTP/1.1[0m" 404 -
127.0.0.1 - - [22/Nov/2023 16:36:56] "[36mGET /static/js/settings.js HTTP/1.1[0m" 304 -
127.0.0.1 - - [22/Nov/2023 16:36:56] "[33mGET /static/fonts/Roboto/Roboto-Bold.ttf HTTP/1.1[0m" 404 -
127.0.0.1 - - [22/Nov/2023 16:36:56] "[36mGET /static/js/todolist.js HTTP/1.1[0m" 304 -
127.0.0.1 - - [22/Nov/2023 16:36:56] "[36mGET /static/vendors/progressbar.js/progressbar.min.js HTTP/1.1[0m" 304 -
127.0.0.1 - - [22/Nov/2023 16:36:56] "[36mGET /static/vendors/chart.js/Chart.min.js HTTP/1.1[0m" 304 -
127.0.0.1 - - [22/Nov/2023 16:36:57] "[36mGET /static/images/enia.png HTTP/1.1[0m" 304 -
127.0.0.1 - - [22/Nov/2023 16:36:58] "[36mGET /static/vendors/typicons.font/font/typicons.css HTTP/1.1[0m" 304 -
127.0.0.1 - - [22/Nov/2023 16:36:58] "[36mGET /static/vendors/css/vendor.bundle.base.css HTTP/1.1[0m" 304 -
127.0.0.1 - - [22/Nov/2023 16:36:58] "[36mGET /static/css/vertical-layout-light/style.css HTTP/1.1[0m" 304 -
127.0.0.1 - - [22/Nov/2023 16:36:59] "[36mGET /static/css/maps/vertical-layout-light/style.css.map HTTP/1.1[0m" 304 -
127.0.0.1 - - [22/Nov/2023 16:38:29] "GET /dettagliSensore?idsensore=655b97834dd3a2f4de412441 HTTP/1.1" 200 -
127.0.0.1 - - [22/Nov/2023 16:38:29] "[36mGET /static/vendors/typicons.font/font/typicons.css HTTP/1.1[0m" 304 -
127.0.0.1 - - [22/Nov/2023 16:38:29] "[36mGET /static/vendors/css/vendor.bundle.base.css HTTP/1.1[0m" 304 -
127.0.0.1 - - [22/Nov/2023 16:38:30] "[36mGET /static/css/vertical-layout-light/style.css HTTP/1.1[0m" 304 -
127.0.0.1 - - [22/Nov/2023 16:38:30] "[36mGET /static/images/enia.png HTTP/1.1[0m" 304 -
127.0.0.1 - - [22/Nov/2023 16:38:30] "[36mGET /static/vendors/js/vendor.bundle.base.js HTTP/1.1[0m" 304 -
127.0.0.1 - - [22/Nov/2023 16:38:30] "[36mGET /static/js/template.js HTTP/1.1[0m" 304 -
127.0.0.1 - - [22/Nov/2023 16:38:30] "[36mGET /static/js/hoverable-collapse.js HTTP/1.1[0m" 304 -
127.0.0.1 - - [22/Nov/2023 16:38:30] "[36mGET /static/js/off-canvas.js HTTP/1.1[0m" 304 -
127.0.0.1 - - [22/Nov/2023 16:38:30] "[33mGET /static/fonts/Roboto/Roboto-Bold.woff2 HTTP/1.1[0m" 404 -
127.0.0.1 - - [22/Nov/2023 16:38:30] "[33mGET /static/fonts/Roboto/Roboto-Light.woff2 HTTP/1.1[0m" 404 -
127.0.0.1 - - [22/Nov/2023 16:38:30] "[33mGET /static/fonts/Roboto/Roboto-Regular.woff2 HTTP/1.1[0m" 404 -
127.0.0.1 - - [22/Nov/2023 16:38:30] "[33mGET /static/fonts/Roboto/Roboto-Bold.woff HTTP/1.1[0m" 404 -
127.0.0.1 - - [22/Nov/2023 16:38:30] "[33mGET /static/fonts/Roboto/Roboto-Light.woff HTTP/1.1[0m" 404 -
127.0.0.1 - - [22/Nov/2023 16:38:30] "[36mGET /static/vendors/typicons.font/font/typicons.woff HTTP/1.1[0m" 304 -
127.0.0.1 - - [22/Nov/2023 16:38:30] "[33mGET /static/fonts/Roboto/Roboto-Regular.woff HTTP/1.1[0m" 404 -
127.0.0.1 - - [22/Nov/2023 16:38:30] "[33mGET /static/fonts/Roboto/Roboto-Bold.ttf HTTP/1.1[0m" 404 -
127.0.0.1 - - [22/Nov/2023 16:38:30] "[33mGET /static/fonts/Roboto/Roboto-Light.ttf HTTP/1.1[0m" 404 -
127.0.0.1 - - [22/Nov/2023 16:38:30] "[33mGET /static/fonts/Roboto/Roboto-Regular.ttf HTTP/1.1[0m" 404 -
127.0.0.1 - - [22/Nov/2023 16:38:30] "[36mGET /static/js/settings.js HTTP/1.1[0m" 304 -
127.0.0.1 - - [22/Nov/2023 16:38:30] "[36mGET /static/js/todolist.js HTTP/1.1[0m" 304 -
127.0.0.1 - - [22/Nov/2023 16:38:31] "[36mGET /static/vendors/progressbar.js/progressbar.min.js HTTP/1.1[0m" 304 -
127.0.0.1 - - [22/Nov/2023 16:38:31] "[36mGET /static/vendors/chart.js/Chart.min.js HTTP/1.1[0m" 304 -
127.0.0.1 - - [22/Nov/2023 16:38:31] "[36mGET /static/images/enia.png HTTP/1.1[0m" 304 -
127.0.0.1 - - [22/Nov/2023 16:38:33] "[36mGET /static/vendors/typicons.font/font/typicons.css HTTP/1.1[0m" 304 -
127.0.0.1 - - [22/Nov/2023 16:38:34] "[36mGET /static/vendors/css/vendor.bundle.base.css HTTP/1.1[0m" 304 -
127.0.0.1 - - [22/Nov/2023 16:38:34] "[36mGET /static/css/vertical-layout-light/style.css HTTP/1.1[0m" 304 -
127.0.0.1 - - [22/Nov/2023 16:38:34] "[36mGET /static/css/maps/vertical-layout-light/style.css.map HTTP/1.1[0m" 304 -
127.0.0.1 - - [22/Nov/2023 16:38:51] "GET /dettagliSensore?idsensore=655b97834dd3a2f4de412441 HTTP/1.1" 200 -
127.0.0.1 - - [22/Nov/2023 16:38:51] "[36mGET /static/vendors/typicons.font/font/typicons.css HTTP/1.1[0m" 304 -
127.0.0.1 - - [22/Nov/2023 16:38:51] "[36mGET /static/vendors/typicons.font/font/typicons.woff HTTP/1.1[0m" 304 -
127.0.0.1 - - [22/Nov/2023 16:38:51] "[36mGET /static/css/vertical-layout-light/style.css HTTP/1.1[0m" 304 -
127.0.0.1 - - [22/Nov/2023 16:38:51] "[36mGET /static/vendors/css/vendor.bundle.base.css HTTP/1.1[0m" 304 -
127.0.0.1 - - [22/Nov/2023 16:38:51] "[36mGET /static/images/enia.png HTTP/1.1[0m" 304 -
127.0.0.1 - - [22/Nov/2023 16:38:51] "[36mGET /static/js/off-canvas.js HTTP/1.1[0m" 304 -
127.0.0.1 - - [22/Nov/2023 16:38:51] "[36mGET /static/vendors/js/vendor.bundle.base.js HTTP/1.1[0m" 304 -
127.0.0.1 - - [22/Nov/2023 16:38:52] "[33mGET /static/fonts/Roboto/Roboto-Light.woff2 HTTP/1.1[0m" 404 -
127.0.0.1 - - [22/Nov/2023 16:38:52] "[33mGET /static/fonts/Roboto/Roboto-Regular.woff2 HTTP/1.1[0m" 404 -
127.0.0.1 - - [22/Nov/2023 16:38:52] "[33mGET /static/fonts/Roboto/Roboto-Bold.woff2 HTTP/1.1[0m" 404 -
127.0.0.1 - - [22/Nov/2023 16:38:52] "[36mGET /static/js/hoverable-collapse.js HTTP/1.1[0m" 304 -
127.0.0.1 - - [22/Nov/2023 16:38:52] "[36mGET /static/js/template.js HTTP/1.1[0m" 304 -
127.0.0.1 - - [22/Nov/2023 16:38:52] "[36mGET /static/js/settings.js HTTP/1.1[0m" 304 -
127.0.0.1 - - [22/Nov/2023 16:38:52] "[33mGET /static/fonts/Roboto/Roboto-Regular.woff HTTP/1.1[0m" 404 -
127.0.0.1 - - [22/Nov/2023 16:38:52] "[33mGET /static/fonts/Roboto/Roboto-Light.woff HTTP/1.1[0m" 404 -
127.0.0.1 - - [22/Nov/2023 16:38:52] "[33mGET /static/fonts/Roboto/Roboto-Bold.woff HTTP/1.1[0m" 404 -
127.0.0.1 - - [22/Nov/2023 16:38:52] "[33mGET /static/fonts/Roboto/Roboto-Regular.ttf HTTP/1.1[0m" 404 -
127.0.0.1 - - [22/Nov/2023 16:38:52] "[36mGET /static/js/todolist.js HTTP/1.1[0m" 304 -
127.0.0.1 - - [22/Nov/2023 16:38:52] "[36mGET /static/vendors/progressbar.js/progressbar.min.js HTTP/1.1[0m" 304 -
127.0.0.1 - - [22/Nov/2023 16:38:52] "[33mGET /static/fonts/Roboto/Roboto-Light.ttf HTTP/1.1[0m" 404 -
127.0.0.1 - - [22/Nov/2023 16:38:52] "[33mGET /static/fonts/Roboto/Roboto-Bold.ttf HTTP/1.1[0m" 404 -
127.0.0.1 - - [22/Nov/2023 16:38:52] "[36mGET /static/vendors/chart.js/Chart.min.js HTTP/1.1[0m" 304 -
127.0.0.1 - - [22/Nov/2023 16:38:52] "[36mGET /static/css/maps/vertical-layout-light/style.css.map HTTP/1.1[0m" 304 -
127.0.0.1 - - [22/Nov/2023 16:38:53] "[36mGET /static/images/enia.png HTTP/1.1[0m" 304 -
127.0.0.1 - - [22/Nov/2023 16:39:41] "GET /dettagliSensore?idsensore=655b97834dd3a2f4de412441 HTTP/1.1" 200 -
127.0.0.1 - - [22/Nov/2023 16:39:41] "[36mGET /static/vendors/typicons.font/font/typicons.css HTTP/1.1[0m" 304 -
127.0.0.1 - - [22/Nov/2023 16:39:41] "[36mGET /static/vendors/css/vendor.bundle.base.css HTTP/1.1[0m" 304 -
127.0.0.1 - - [22/Nov/2023 16:39:41] "[36mGET /static/css/vertical-layout-light/style.css HTTP/1.1[0m" 304 -
127.0.0.1 - - [22/Nov/2023 16:39:41] "[36mGET /static/vendors/typicons.font/font/typicons.woff HTTP/1.1[0m" 304 -
127.0.0.1 - - [22/Nov/2023 16:39:41] "[36mGET /static/images/enia.png HTTP/1.1[0m" 304 -
127.0.0.1 - - [22/Nov/2023 16:39:42] "[33mGET /static/fonts/Roboto/Roboto-Regular.woff2 HTTP/1.1[0m" 404 -
127.0.0.1 - - [22/Nov/2023 16:39:42] "[33mGET /static/fonts/Roboto/Roboto-Bold.woff2 HTTP/1.1[0m" 404 -
127.0.0.1 - - [22/Nov/2023 16:39:42] "[33mGET /static/fonts/Roboto/Roboto-Light.woff2 HTTP/1.1[0m" 404 -
127.0.0.1 - - [22/Nov/2023 16:39:42] "[33mGET /static/fonts/Roboto/Roboto-Regular.woff HTTP/1.1[0m" 404 -
127.0.0.1 - - [22/Nov/2023 16:39:42] "[33mGET /static/fonts/Roboto/Roboto-Bold.woff HTTP/1.1[0m" 404 -
127.0.0.1 - - [22/Nov/2023 16:39:42] "[36mGET /static/vendors/js/vendor.bundle.base.js HTTP/1.1[0m" 304 -
127.0.0.1 - - [22/Nov/2023 16:39:42] "[36mGET /static/js/off-canvas.js HTTP/1.1[0m" 304 -
127.0.0.1 - - [22/Nov/2023 16:39:42] "[33mGET /static/fonts/Roboto/Roboto-Light.woff HTTP/1.1[0m" 404 -
127.0.0.1 - - [22/Nov/2023 16:39:42] "[33mGET /static/fonts/Roboto/Roboto-Regular.ttf HTTP/1.1[0m" 404 -
127.0.0.1 - - [22/Nov/2023 16:39:42] "[33mGET /static/fonts/Roboto/Roboto-Bold.ttf HTTP/1.1[0m" 404 -
127.0.0.1 - - [22/Nov/2023 16:39:42] "[33mGET /static/fonts/Roboto/Roboto-Light.ttf HTTP/1.1[0m" 404 -
127.0.0.1 - - [22/Nov/2023 16:39:42] "[36mGET /static/js/hoverable-collapse.js HTTP/1.1[0m" 304 -
127.0.0.1 - - [22/Nov/2023 16:39:42] "[36mGET /static/js/settings.js HTTP/1.1[0m" 304 -
127.0.0.1 - - [22/Nov/2023 16:39:42] "[36mGET /static/js/template.js HTTP/1.1[0m" 304 -
127.0.0.1 - - [22/Nov/2023 16:39:42] "[36mGET /static/js/todolist.js HTTP/1.1[0m" 304 -
127.0.0.1 - - [22/Nov/2023 16:39:42] "[36mGET /static/vendors/progressbar.js/progressbar.min.js HTTP/1.1[0m" 304 -
127.0.0.1 - - [22/Nov/2023 16:39:42] "[36mGET /static/vendors/chart.js/Chart.min.js HTTP/1.1[0m" 304 -
127.0.0.1 - - [22/Nov/2023 16:39:42] "[36mGET /static/css/maps/vertical-layout-light/style.css.map HTTP/1.1[0m" 304 -
127.0.0.1 - - [22/Nov/2023 16:39:43] "[36mGET /static/images/enia.png HTTP/1.1[0m" 304 -
127.0.0.1 - - [22/Nov/2023 16:42:47] "GET /dettagliSensore?idsensore=655b97834dd3a2f4de412441 HTTP/1.1" 200 -
127.0.0.1 - - [22/Nov/2023 16:42:47] "[36mGET /static/vendors/typicons.font/font/typicons.css HTTP/1.1[0m" 304 -
127.0.0.1 - - [22/Nov/2023 16:42:47] "[36mGET /static/vendors/css/vendor.bundle.base.css HTTP/1.1[0m" 304 -
127.0.0.1 - - [22/Nov/2023 16:42:48] "[36mGET /static/vendors/typicons.font/font/typicons.woff HTTP/1.1[0m" 304 -
127.0.0.1 - - [22/Nov/2023 16:42:48] "[36mGET /static/css/vertical-layout-light/style.css HTTP/1.1[0m" 304 -
127.0.0.1 - - [22/Nov/2023 16:42:48] "[36mGET /static/images/enia.png HTTP/1.1[0m" 304 -
127.0.0.1 - - [22/Nov/2023 16:42:48] "[33mGET /static/fonts/Roboto/Roboto-Regular.woff2 HTTP/1.1[0m" 404 -
127.0.0.1 - - [22/Nov/2023 16:42:48] "[33mGET /static/fonts/Roboto/Roboto-Bold.woff2 HTTP/1.1[0m" 404 -
127.0.0.1 - - [22/Nov/2023 16:42:48] "[33mGET /static/fonts/Roboto/Roboto-Light.woff2 HTTP/1.1[0m" 404 -
127.0.0.1 - - [22/Nov/2023 16:42:48] "[33mGET /static/fonts/Roboto/Roboto-Regular.woff HTTP/1.1[0m" 404 -
127.0.0.1 - - [22/Nov/2023 16:42:48] "[33mGET /static/fonts/Roboto/Roboto-Bold.woff HTTP/1.1[0m" 404 -
127.0.0.1 - - [22/Nov/2023 16:42:48] "[33mGET /static/fonts/Roboto/Roboto-Light.woff HTTP/1.1[0m" 404 -
127.0.0.1 - - [22/Nov/2023 16:42:48] "[36mGET /static/vendors/js/vendor.bundle.base.js HTTP/1.1[0m" 304 -
127.0.0.1 - - [22/Nov/2023 16:42:48] "[36mGET /static/js/hoverable-collapse.js HTTP/1.1[0m" 304 -
127.0.0.1 - - [22/Nov/2023 16:42:48] "[36mGET /static/js/off-canvas.js HTTP/1.1[0m" 304 -
127.0.0.1 - - [22/Nov/2023 16:42:48] "[33mGET /static/fonts/Roboto/Roboto-Bold.ttf HTTP/1.1[0m" 404 -
127.0.0.1 - - [22/Nov/2023 16:42:48] "[33mGET /static/fonts/Roboto/Roboto-Regular.ttf HTTP/1.1[0m" 404 -
127.0.0.1 - - [22/Nov/2023 16:42:48] "[33mGET /static/fonts/Roboto/Roboto-Light.ttf HTTP/1.1[0m" 404 -
127.0.0.1 - - [22/Nov/2023 16:42:48] "[36mGET /static/js/settings.js HTTP/1.1[0m" 304 -
127.0.0.1 - - [22/Nov/2023 16:42:48] "[36mGET /static/js/template.js HTTP/1.1[0m" 304 -
127.0.0.1 - - [22/Nov/2023 16:42:48] "[36mGET /static/js/todolist.js HTTP/1.1[0m" 304 -
127.0.0.1 - - [22/Nov/2023 16:42:49] "[36mGET /static/vendors/progressbar.js/progressbar.min.js HTTP/1.1[0m" 304 -
127.0.0.1 - - [22/Nov/2023 16:42:49] "[36mGET /static/vendors/chart.js/Chart.min.js HTTP/1.1[0m" 304 -
127.0.0.1 - - [22/Nov/2023 16:42:49] "[36mGET /static/css/maps/vertical-layout-light/style.css.map HTTP/1.1[0m" 304 -
127.0.0.1 - - [22/Nov/2023 16:42:49] "[36mGET /static/images/enia.png HTTP/1.1[0m" 304 -
127.0.0.1 - - [22/Nov/2023 16:43:07] "GET /dettagliSensore?idsensore=655b97834dd3a2f4de412441 HTTP/1.1" 200 -
127.0.0.1 - - [22/Nov/2023 16:43:07] "[36mGET /static/vendors/typicons.font/font/typicons.css HTTP/1.1[0m" 304 -
127.0.0.1 - - [22/Nov/2023 16:43:08] "[36mGET /static/vendors/css/vendor.bundle.base.css HTTP/1.1[0m" 304 -
127.0.0.1 - - [22/Nov/2023 16:43:08] "[36mGET /static/css/vertical-layout-light/style.css HTTP/1.1[0m" 304 -
127.0.0.1 - - [22/Nov/2023 16:43:08] "[36mGET /static/images/enia.png HTTP/1.1[0m" 304 -
127.0.0.1 - - [22/Nov/2023 16:43:08] "[36mGET /static/vendors/js/vendor.bundle.base.js HTTP/1.1[0m" 304 -
127.0.0.1 - - [22/Nov/2023 16:43:08] "[36mGET /static/js/off-canvas.js HTTP/1.1[0m" 304 -
127.0.0.1 - - [22/Nov/2023 16:43:08] "[36mGET /static/js/hoverable-collapse.js HTTP/1.1[0m" 304 -
127.0.0.1 - - [22/Nov/2023 16:43:08] "[33mGET /static/fonts/Roboto/Roboto-Bold.woff2 HTTP/1.1[0m" 404 -
127.0.0.1 - - [22/Nov/2023 16:43:08] "[33mGET /static/fonts/Roboto/Roboto-Light.woff2 HTTP/1.1[0m" 404 -
127.0.0.1 - - [22/Nov/2023 16:43:08] "[36mGET /static/vendors/typicons.font/font/typicons.woff HTTP/1.1[0m" 304 -
127.0.0.1 - - [22/Nov/2023 16:43:08] "[33mGET /static/fonts/Roboto/Roboto-Regular.woff2 HTTP/1.1[0m" 404 -
127.0.0.1 - - [22/Nov/2023 16:43:08] "[33mGET /static/fonts/Roboto/Roboto-Bold.woff HTTP/1.1[0m" 404 -
127.0.0.1 - - [22/Nov/2023 16:43:08] "[36mGET /static/js/template.js HTTP/1.1[0m" 304 -
127.0.0.1 - - [22/Nov/2023 16:43:08] "[33mGET /static/fonts/Roboto/Roboto-Light.woff HTTP/1.1[0m" 404 -
127.0.0.1 - - [22/Nov/2023 16:43:08] "[33mGET /static/fonts/Roboto/Roboto-Regular.woff HTTP/1.1[0m" 404 -
127.0.0.1 - - [22/Nov/2023 16:43:08] "[33mGET /static/fonts/Roboto/Roboto-Bold.ttf HTTP/1.1[0m" 404 -
127.0.0.1 - - [22/Nov/2023 16:43:08] "[33mGET /static/fonts/Roboto/Roboto-Light.ttf HTTP/1.1[0m" 404 -
127.0.0.1 - - [22/Nov/2023 16:43:08] "[36mGET /static/js/settings.js HTTP/1.1[0m" 304 -
127.0.0.1 - - [22/Nov/2023 16:43:08] "[36mGET /static/js/todolist.js HTTP/1.1[0m" 304 -
127.0.0.1 - - [22/Nov/2023 16:43:09] "[33mGET /static/fonts/Roboto/Roboto-Regular.ttf HTTP/1.1[0m" 404 -
127.0.0.1 - - [22/Nov/2023 16:43:09] "[36mGET /static/vendors/progressbar.js/progressbar.min.js HTTP/1.1[0m" 304 -
127.0.0.1 - - [22/Nov/2023 16:43:09] "[36mGET /static/vendors/chart.js/Chart.min.js HTTP/1.1[0m" 304 -
127.0.0.1 - - [22/Nov/2023 16:43:09] "[36mGET /static/images/enia.png HTTP/1.1[0m" 304 -
127.0.0.1 - - [22/Nov/2023 16:44:07] "[36mGET /static/vendors/typicons.font/font/typicons.css HTTP/1.1[0m" 304 -
127.0.0.1 - - [22/Nov/2023 16:44:08] "[36mGET /static/vendors/css/vendor.bundle.base.css HTTP/1.1[0m" 304 -
127.0.0.1 - - [22/Nov/2023 16:44:08] "[36mGET /static/css/vertical-layout-light/style.css HTTP/1.1[0m" 304 -
127.0.0.1 - - [22/Nov/2023 16:44:08] "[36mGET /static/css/maps/vertical-layout-light/style.css.map HTTP/1.1[0m" 304 -
127.0.0.1 - - [22/Nov/2023 16:48:08] "GET /dettagliSensore?idsensore=655b97834dd3a2f4de412441 HTTP/1.1" 200 -
127.0.0.1 - - [22/Nov/2023 16:48:08] "[36mGET /static/vendors/typicons.font/font/typicons.css HTTP/1.1[0m" 304 -
127.0.0.1 - - [22/Nov/2023 16:48:08] "[36mGET /static/vendors/css/vendor.bundle.base.css HTTP/1.1[0m" 304 -
127.0.0.1 - - [22/Nov/2023 16:48:09] "[36mGET /static/css/vertical-layout-light/style.css HTTP/1.1[0m" 304 -
127.0.0.1 - - [22/Nov/2023 16:48:09] "[36mGET /static/vendors/typicons.font/font/typicons.woff HTTP/1.1[0m" 304 -
127.0.0.1 - - [22/Nov/2023 16:48:09] "[36mGET /static/images/enia.png HTTP/1.1[0m" 304 -
127.0.0.1 - - [22/Nov/2023 16:48:09] "[36mGET /static/vendors/js/vendor.bundle.base.js HTTP/1.1[0m" 304 -
127.0.0.1 - - [22/Nov/2023 16:48:09] "[36mGET /static/js/off-canvas.js HTTP/1.1[0m" 304 -
127.0.0.1 - - [22/Nov/2023 16:48:09] "[36mGET /static/js/hoverable-collapse.js HTTP/1.1[0m" 304 -
127.0.0.1 - - [22/Nov/2023 16:48:09] "[33mGET /static/fonts/Roboto/Roboto-Light.woff2 HTTP/1.1[0m" 404 -
127.0.0.1 - - [22/Nov/2023 16:48:09] "[33mGET /static/fonts/Roboto/Roboto-Regular.woff2 HTTP/1.1[0m" 404 -
127.0.0.1 - - [22/Nov/2023 16:48:09] "[33mGET /static/fonts/Roboto/Roboto-Bold.woff2 HTTP/1.1[0m" 404 -
127.0.0.1 - - [22/Nov/2023 16:48:09] "[36mGET /static/js/template.js HTTP/1.1[0m" 304 -
127.0.0.1 - - [22/Nov/2023 16:48:09] "[36mGET /static/js/settings.js HTTP/1.1[0m" 304 -
127.0.0.1 - - [22/Nov/2023 16:48:09] "[36mGET /static/js/todolist.js HTTP/1.1[0m" 304 -
127.0.0.1 - - [22/Nov/2023 16:48:09] "[33mGET /static/fonts/Roboto/Roboto-Light.woff HTTP/1.1[0m" 404 -
127.0.0.1 - - [22/Nov/2023 16:48:09] "[33mGET /static/fonts/Roboto/Roboto-Bold.woff HTTP/1.1[0m" 404 -
127.0.0.1 - - [22/Nov/2023 16:48:09] "[33mGET /static/fonts/Roboto/Roboto-Regular.woff HTTP/1.1[0m" 404 -
127.0.0.1 - - [22/Nov/2023 16:48:09] "[33mGET /static/fonts/Roboto/Roboto-Light.ttf HTTP/1.1[0m" 404 -
127.0.0.1 - - [22/Nov/2023 16:48:09] "[33mGET /static/fonts/Roboto/Roboto-Bold.ttf HTTP/1.1[0m" 404 -
127.0.0.1 - - [22/Nov/2023 16:48:09] "[33mGET /static/fonts/Roboto/Roboto-Regular.ttf HTTP/1.1[0m" 404 -
127.0.0.1 - - [22/Nov/2023 16:48:10] "[36mGET /static/vendors/progressbar.js/progressbar.min.js HTTP/1.1[0m" 304 -
127.0.0.1 - - [22/Nov/2023 16:48:10] "[36mGET /static/vendors/chart.js/Chart.min.js HTTP/1.1[0m" 304 -
127.0.0.1 - - [22/Nov/2023 16:48:10] "[36mGET /static/css/maps/vertical-layout-light/style.css.map HTTP/1.1[0m" 304 -
127.0.0.1 - - [22/Nov/2023 16:48:10] "[36mGET /static/images/enia.png HTTP/1.1[0m" 304 -
127.0.0.1 - - [22/Nov/2023 16:48:41] "GET /dettagliSensore?idsensore=655b97834dd3a2f4de412441 HTTP/1.1" 200 -
127.0.0.1 - - [22/Nov/2023 16:48:41] "[36mGET /static/vendors/typicons.font/font/typicons.css HTTP/1.1[0m" 304 -
127.0.0.1 - - [22/Nov/2023 16:48:41] "[36mGET /static/vendors/css/vendor.bundle.base.css HTTP/1.1[0m" 304 -
127.0.0.1 - - [22/Nov/2023 16:48:41] "[36mGET /static/css/vertical-layout-light/style.css HTTP/1.1[0m" 304 -
127.0.0.1 - - [22/Nov/2023 16:48:41] "[36mGET /static/images/enia.png HTTP/1.1[0m" 304 -
127.0.0.1 - - [22/Nov/2023 16:48:41] "[36mGET /static/vendors/js/vendor.bundle.base.js HTTP/1.1[0m" 304 -
127.0.0.1 - - [22/Nov/2023 16:48:42] "[36mGET /static/js/off-canvas.js HTTP/1.1[0m" 304 -
127.0.0.1 - - [22/Nov/2023 16:48:42] "[36mGET /static/js/hoverable-collapse.js HTTP/1.1[0m" 304 -
127.0.0.1 - - [22/Nov/2023 16:48:42] "[33mGET /static/fonts/Roboto/Roboto-Bold.woff2 HTTP/1.1[0m" 404 -
127.0.0.1 - - [22/Nov/2023 16:48:42] "[33mGET /static/fonts/Roboto/Roboto-Regular.woff2 HTTP/1.1[0m" 404 -
127.0.0.1 - - [22/Nov/2023 16:48:42] "[33mGET /static/fonts/Roboto/Roboto-Light.woff2 HTTP/1.1[0m" 404 -
127.0.0.1 - - [22/Nov/2023 16:48:42] "[36mGET /static/vendors/typicons.font/font/typicons.woff HTTP/1.1[0m" 304 -
127.0.0.1 - - [22/Nov/2023 16:48:42] "[36mGET /static/js/template.js HTTP/1.1[0m" 304 -
127.0.0.1 - - [22/Nov/2023 16:48:42] "[36mGET /static/js/settings.js HTTP/1.1[0m" 304 -
127.0.0.1 - - [22/Nov/2023 16:48:42] "[33mGET /static/fonts/Roboto/Roboto-Regular.woff HTTP/1.1[0m" 404 -
127.0.0.1 - - [22/Nov/2023 16:48:42] "[33mGET /static/fonts/Roboto/Roboto-Light.woff HTTP/1.1[0m" 404 -
127.0.0.1 - - [22/Nov/2023 16:48:42] "[33mGET /static/fonts/Roboto/Roboto-Bold.woff HTTP/1.1[0m" 404 -
127.0.0.1 - - [22/Nov/2023 16:48:42] "[33mGET /static/fonts/Roboto/Roboto-Regular.ttf HTTP/1.1[0m" 404 -
127.0.0.1 - - [22/Nov/2023 16:48:42] "[33mGET /static/fonts/Roboto/Roboto-Light.ttf HTTP/1.1[0m" 404 -
127.0.0.1 - - [22/Nov/2023 16:48:42] "[33mGET /static/fonts/Roboto/Roboto-Bold.ttf HTTP/1.1[0m" 404 -
127.0.0.1 - - [22/Nov/2023 16:48:42] "[36mGET /static/js/todolist.js HTTP/1.1[0m" 304 -
127.0.0.1 - - [22/Nov/2023 16:48:42] "[36mGET /static/vendors/chart.js/Chart.min.js HTTP/1.1[0m" 304 -
127.0.0.1 - - [22/Nov/2023 16:48:42] "[36mGET /static/vendors/progressbar.js/progressbar.min.js HTTP/1.1[0m" 304 -
127.0.0.1 - - [22/Nov/2023 16:48:43] "[36mGET /static/images/enia.png HTTP/1.1[0m" 304 -
127.0.0.1 - - [22/Nov/2023 16:49:51] "GET /dettagliSensore?idsensore=655b97834dd3a2f4de412441 HTTP/1.1" 200 -
127.0.0.1 - - [22/Nov/2023 16:49:51] "[36mGET /static/vendors/typicons.font/font/typicons.css HTTP/1.1[0m" 304 -
127.0.0.1 - - [22/Nov/2023 16:49:51] "[36mGET /static/vendors/css/vendor.bundle.base.css HTTP/1.1[0m" 304 -
127.0.0.1 - - [22/Nov/2023 16:49:51] "[36mGET /static/css/vertical-layout-light/style.css HTTP/1.1[0m" 304 -
127.0.0.1 - - [22/Nov/2023 16:49:51] "[36mGET /static/vendors/js/vendor.bundle.base.js HTTP/1.1[0m" 304 -
127.0.0.1 - - [22/Nov/2023 16:49:51] "[36mGET /static/images/enia.png HTTP/1.1[0m" 304 -
127.0.0.1 - - [22/Nov/2023 16:49:51] "[36mGET /static/js/off-canvas.js HTTP/1.1[0m" 304 -
127.0.0.1 - - [22/Nov/2023 16:49:51] "[36mGET /static/js/hoverable-collapse.js HTTP/1.1[0m" 304 -
127.0.0.1 - - [22/Nov/2023 16:49:51] "[36mGET /static/js/template.js HTTP/1.1[0m" 304 -
127.0.0.1 - - [22/Nov/2023 16:49:51] "[33mGET /static/fonts/Roboto/Roboto-Bold.woff2 HTTP/1.1[0m" 404 -
127.0.0.1 - - [22/Nov/2023 16:49:51] "[33mGET /static/fonts/Roboto/Roboto-Light.woff2 HTTP/1.1[0m" 404 -
127.0.0.1 - - [22/Nov/2023 16:49:51] "[33mGET /static/fonts/Roboto/Roboto-Regular.woff2 HTTP/1.1[0m" 404 -
127.0.0.1 - - [22/Nov/2023 16:49:51] "[36mGET /static/vendors/typicons.font/font/typicons.woff HTTP/1.1[0m" 304 -
127.0.0.1 - - [22/Nov/2023 16:49:51] "[33mGET /static/fonts/Roboto/Roboto-Bold.woff HTTP/1.1[0m" 404 -
127.0.0.1 - - [22/Nov/2023 16:49:51] "[33mGET /static/fonts/Roboto/Roboto-Light.woff HTTP/1.1[0m" 404 -
127.0.0.1 - - [22/Nov/2023 16:49:52] "[33mGET /static/fonts/Roboto/Roboto-Regular.woff HTTP/1.1[0m" 404 -
127.0.0.1 - - [22/Nov/2023 16:49:52] "[33mGET /static/fonts/Roboto/Roboto-Bold.ttf HTTP/1.1[0m" 404 -
127.0.0.1 - - [22/Nov/2023 16:49:52] "[33mGET /static/fonts/Roboto/Roboto-Light.ttf HTTP/1.1[0m" 404 -
127.0.0.1 - - [22/Nov/2023 16:49:52] "[33mGET /static/fonts/Roboto/Roboto-Regular.ttf HTTP/1.1[0m" 404 -
127.0.0.1 - - [22/Nov/2023 16:49:52] "[36mGET /static/js/settings.js HTTP/1.1[0m" 304 -
127.0.0.1 - - [22/Nov/2023 16:49:52] "[36mGET /static/js/todolist.js HTTP/1.1[0m" 304 -
127.0.0.1 - - [22/Nov/2023 16:49:52] "[36mGET /static/vendors/progressbar.js/progressbar.min.js HTTP/1.1[0m" 304 -
127.0.0.1 - - [22/Nov/2023 16:49:52] "[36mGET /static/vendors/chart.js/Chart.min.js HTTP/1.1[0m" 304 -
127.0.0.1 - - [22/Nov/2023 16:49:52] "[36mGET /static/images/enia.png HTTP/1.1[0m" 304 -
127.0.0.1 - - [22/Nov/2023 16:50:30] "GET /dettagliSensore?idsensore=655b97834dd3a2f4de412441 HTTP/1.1" 200 -
127.0.0.1 - - [22/Nov/2023 16:50:30] "[36mGET /static/vendors/typicons.font/font/typicons.css HTTP/1.1[0m" 304 -
127.0.0.1 - - [22/Nov/2023 16:50:31] "[36mGET /static/vendors/css/vendor.bundle.base.css HTTP/1.1[0m" 304 -
127.0.0.1 - - [22/Nov/2023 16:50:31] "[36mGET /static/css/vertical-layout-light/style.css HTTP/1.1[0m" 304 -
127.0.0.1 - - [22/Nov/2023 16:50:31] "[36mGET /static/images/enia.png HTTP/1.1[0m" 304 -
127.0.0.1 - - [22/Nov/2023 16:50:31] "[36mGET /static/vendors/js/vendor.bundle.base.js HTTP/1.1[0m" 304 -
127.0.0.1 - - [22/Nov/2023 16:50:31] "[33mGET /static/fonts/Roboto/Roboto-Regular.woff2 HTTP/1.1[0m" 404 -
127.0.0.1 - - [22/Nov/2023 16:50:31] "[36mGET /static/vendors/typicons.font/font/typicons.woff HTTP/1.1[0m" 304 -
127.0.0.1 - - [22/Nov/2023 16:50:31] "[33mGET /static/fonts/Roboto/Roboto-Bold.woff2 HTTP/1.1[0m" 404 -
127.0.0.1 - - [22/Nov/2023 16:50:31] "[33mGET /static/fonts/Roboto/Roboto-Regular.woff HTTP/1.1[0m" 404 -
127.0.0.1 - - [22/Nov/2023 16:50:31] "[33mGET /static/fonts/Roboto/Roboto-Light.woff2 HTTP/1.1[0m" 404 -
127.0.0.1 - - [22/Nov/2023 16:50:31] "[36mGET /static/js/off-canvas.js HTTP/1.1[0m" 304 -
127.0.0.1 - - [22/Nov/2023 16:50:31] "[36mGET /static/js/hoverable-collapse.js HTTP/1.1[0m" 304 -
127.0.0.1 - - [22/Nov/2023 16:50:31] "[36mGET /static/js/template.js HTTP/1.1[0m" 304 -
127.0.0.1 - - [22/Nov/2023 16:50:31] "[33mGET /static/fonts/Roboto/Roboto-Bold.woff HTTP/1.1[0m" 404 -
127.0.0.1 - - [22/Nov/2023 16:50:31] "[33mGET /static/fonts/Roboto/Roboto-Regular.ttf HTTP/1.1[0m" 404 -
127.0.0.1 - - [22/Nov/2023 16:50:31] "[33mGET /static/fonts/Roboto/Roboto-Light.woff HTTP/1.1[0m" 404 -
127.0.0.1 - - [22/Nov/2023 16:50:31] "[33mGET /static/fonts/Roboto/Roboto-Bold.ttf HTTP/1.1[0m" 404 -
127.0.0.1 - - [22/Nov/2023 16:50:31] "[33mGET /static/fonts/Roboto/Roboto-Light.ttf HTTP/1.1[0m" 404 -
127.0.0.1 - - [22/Nov/2023 16:50:31] "[36mGET /static/js/settings.js HTTP/1.1[0m" 304 -
127.0.0.1 - - [22/Nov/2023 16:50:32] "[36mGET /static/js/todolist.js HTTP/1.1[0m" 304 -
127.0.0.1 - - [22/Nov/2023 16:50:32] "[36mGET /static/vendors/progressbar.js/progressbar.min.js HTTP/1.1[0m" 304 -
127.0.0.1 - - [22/Nov/2023 16:50:32] "[36mGET /static/vendors/chart.js/Chart.min.js HTTP/1.1[0m" 304 -
127.0.0.1 - - [22/Nov/2023 16:50:32] "[36mGET /static/images/enia.png HTTP/1.1[0m" 304 -
127.0.0.1 - - [22/Nov/2023 16:50:48] "GET /dettagliSensore?idsensore=655b97834dd3a2f4de412441 HTTP/1.1" 200 -
127.0.0.1 - - [22/Nov/2023 16:50:48] "[36mGET /static/vendors/typicons.font/font/typicons.css HTTP/1.1[0m" 304 -
127.0.0.1 - - [22/Nov/2023 16:50:48] "[36mGET /static/vendors/css/vendor.bundle.base.css HTTP/1.1[0m" 304 -
127.0.0.1 - - [22/Nov/2023 16:50:48] "[36mGET /static/css/vertical-layout-light/style.css HTTP/1.1[0m" 304 -
127.0.0.1 - - [22/Nov/2023 16:50:48] "[36mGET /static/images/enia.png HTTP/1.1[0m" 304 -
127.0.0.1 - - [22/Nov/2023 16:50:48] "[36mGET /static/vendors/js/vendor.bundle.base.js HTTP/1.1[0m" 304 -
127.0.0.1 - - [22/Nov/2023 16:50:48] "[36mGET /static/js/hoverable-collapse.js HTTP/1.1[0m" 304 -
127.0.0.1 - - [22/Nov/2023 16:50:48] "[36mGET /static/js/off-canvas.js HTTP/1.1[0m" 304 -
127.0.0.1 - - [22/Nov/2023 16:50:49] "[33mGET /static/fonts/Roboto/Roboto-Bold.woff2 HTTP/1.1[0m" 404 -
127.0.0.1 - - [22/Nov/2023 16:50:49] "[33mGET /static/fonts/Roboto/Roboto-Light.woff2 HTTP/1.1[0m" 404 -
127.0.0.1 - - [22/Nov/2023 16:50:49] "[33mGET /static/fonts/Roboto/Roboto-Regular.woff2 HTTP/1.1[0m" 404 -
127.0.0.1 - - [22/Nov/2023 16:50:49] "[36mGET /static/js/template.js HTTP/1.1[0m" 304 -
127.0.0.1 - - [22/Nov/2023 16:50:49] "[36mGET /static/js/settings.js HTTP/1.1[0m" 304 -
127.0.0.1 - - [22/Nov/2023 16:50:49] "[36mGET /static/js/todolist.js HTTP/1.1[0m" 304 -
127.0.0.1 - - [22/Nov/2023 16:50:49] "[33mGET /static/fonts/Roboto/Roboto-Bold.woff HTTP/1.1[0m" 404 -
127.0.0.1 - - [22/Nov/2023 16:50:49] "[33mGET /static/fonts/Roboto/Roboto-Regular.woff HTTP/1.1[0m" 404 -
127.0.0.1 - - [22/Nov/2023 16:50:49] "[33mGET /static/fonts/Roboto/Roboto-Light.woff HTTP/1.1[0m" 404 -
127.0.0.1 - - [22/Nov/2023 16:50:49] "[36mGET /static/vendors/progressbar.js/progressbar.min.js HTTP/1.1[0m" 304 -
127.0.0.1 - - [22/Nov/2023 16:50:49] "[33mGET /static/fonts/Roboto/Roboto-Bold.ttf HTTP/1.1[0m" 404 -
127.0.0.1 - - [22/Nov/2023 16:50:49] "[33mGET /static/fonts/Roboto/Roboto-Regular.ttf HTTP/1.1[0m" 404 -
127.0.0.1 - - [22/Nov/2023 16:50:49] "[33mGET /static/fonts/Roboto/Roboto-Light.ttf HTTP/1.1[0m" 404 -
127.0.0.1 - - [22/Nov/2023 16:50:49] "[36mGET /static/vendors/chart.js/Chart.min.js HTTP/1.1[0m" 304 -
127.0.0.1 - - [22/Nov/2023 16:50:50] "[36mGET /static/images/enia.png HTTP/1.1[0m" 304 -
127.0.0.1 - - [22/Nov/2023 16:51:11] "[36mGET /static/vendors/typicons.font/font/typicons.css HTTP/1.1[0m" 304 -
127.0.0.1 - - [22/Nov/2023 16:51:12] "[36mGET /static/vendors/css/vendor.bundle.base.css HTTP/1.1[0m" 304 -
127.0.0.1 - - [22/Nov/2023 16:51:12] "[36mGET /static/css/vertical-layout-light/style.css HTTP/1.1[0m" 304 -
127.0.0.1 - - [22/Nov/2023 16:51:12] "[36mGET /static/css/maps/vertical-layout-light/style.css.map HTTP/1.1[0m" 304 -
127.0.0.1 - - [22/Nov/2023 16:51:45] "GET /dettagliSensore?idsensore=655b97834dd3a2f4de412441 HTTP/1.1" 200 -
127.0.0.1 - - [22/Nov/2023 16:51:45] "[36mGET /static/vendors/typicons.font/font/typicons.css HTTP/1.1[0m" 304 -
127.0.0.1 - - [22/Nov/2023 16:51:45] "[36mGET /static/css/vertical-layout-light/style.css HTTP/1.1[0m" 304 -
127.0.0.1 - - [22/Nov/2023 16:51:45] "[36mGET /static/vendors/typicons.font/font/typicons.woff HTTP/1.1[0m" 304 -
127.0.0.1 - - [22/Nov/2023 16:51:45] "[36mGET /static/vendors/css/vendor.bundle.base.css HTTP/1.1[0m" 304 -
127.0.0.1 - - [22/Nov/2023 16:51:45] "[36mGET /static/images/enia.png HTTP/1.1[0m" 304 -
127.0.0.1 - - [22/Nov/2023 16:51:46] "[33mGET /static/fonts/Roboto/Roboto-Regular.woff2 HTTP/1.1[0m" 404 -
127.0.0.1 - - [22/Nov/2023 16:51:46] "[33mGET /static/fonts/Roboto/Roboto-Bold.woff2 HTTP/1.1[0m" 404 -
127.0.0.1 - - [22/Nov/2023 16:51:46] "[33mGET /static/fonts/Roboto/Roboto-Light.woff2 HTTP/1.1[0m" 404 -
127.0.0.1 - - [22/Nov/2023 16:51:46] "[33mGET /static/fonts/Roboto/Roboto-Regular.woff HTTP/1.1[0m" 404 -
127.0.0.1 - - [22/Nov/2023 16:51:46] "[33mGET /static/fonts/Roboto/Roboto-Bold.woff HTTP/1.1[0m" 404 -
127.0.0.1 - - [22/Nov/2023 16:51:46] "[36mGET /static/vendors/js/vendor.bundle.base.js HTTP/1.1[0m" 304 -
127.0.0.1 - - [22/Nov/2023 16:51:46] "[33mGET /static/fonts/Roboto/Roboto-Light.woff HTTP/1.1[0m" 404 -
127.0.0.1 - - [22/Nov/2023 16:51:46] "[33mGET /static/fonts/Roboto/Roboto-Regular.ttf HTTP/1.1[0m" 404 -
127.0.0.1 - - [22/Nov/2023 16:51:46] "[33mGET /static/fonts/Roboto/Roboto-Bold.ttf HTTP/1.1[0m" 404 -
127.0.0.1 - - [22/Nov/2023 16:51:46] "[33mGET /static/fonts/Roboto/Roboto-Light.ttf HTTP/1.1[0m" 404 -
127.0.0.1 - - [22/Nov/2023 16:51:46] "[36mGET /static/js/off-canvas.js HTTP/1.1[0m" 304 -
127.0.0.1 - - [22/Nov/2023 16:51:46] "[36mGET /static/js/hoverable-collapse.js HTTP/1.1[0m" 304 -
127.0.0.1 - - [22/Nov/2023 16:51:46] "[36mGET /static/js/template.js HTTP/1.1[0m" 304 -
127.0.0.1 - - [22/Nov/2023 16:51:46] "[36mGET /static/js/settings.js HTTP/1.1[0m" 304 -
127.0.0.1 - - [22/Nov/2023 16:51:46] "[36mGET /static/vendors/chart.js/Chart.min.js HTTP/1.1[0m" 304 -
127.0.0.1 - - [22/Nov/2023 16:51:46] "[36mGET /static/vendors/progressbar.js/progressbar.min.js HTTP/1.1[0m" 304 -
127.0.0.1 - - [22/Nov/2023 16:51:46] "[36mGET /static/js/todolist.js HTTP/1.1[0m" 304 -
127.0.0.1 - - [22/Nov/2023 16:51:46] "[36mGET /static/css/maps/vertical-layout-light/style.css.map HTTP/1.1[0m" 304 -
127.0.0.1 - - [22/Nov/2023 16:51:47] "[36mGET /static/images/enia.png HTTP/1.1[0m" 304 -
127.0.0.1 - - [22/Nov/2023 16:51:57] "GET /dettagliSensore?idsensore=655b97834dd3a2f4de412441 HTTP/1.1" 200 -
127.0.0.1 - - [22/Nov/2023 16:51:57] "[36mGET /static/vendors/typicons.font/font/typicons.css HTTP/1.1[0m" 304 -
127.0.0.1 - - [22/Nov/2023 16:51:58] "[36mGET /static/vendors/css/vendor.bundle.base.css HTTP/1.1[0m" 304 -
127.0.0.1 - - [22/Nov/2023 16:51:58] "[36mGET /static/vendors/typicons.font/font/typicons.woff HTTP/1.1[0m" 304 -
127.0.0.1 - - [22/Nov/2023 16:51:58] "[36mGET /static/images/enia.png HTTP/1.1[0m" 304 -
127.0.0.1 - - [22/Nov/2023 16:51:58] "[36mGET /static/css/vertical-layout-light/style.css HTTP/1.1[0m" 304 -
127.0.0.1 - - [22/Nov/2023 16:51:58] "[33mGET /static/fonts/Roboto/Roboto-Regular.woff2 HTTP/1.1[0m" 404 -
127.0.0.1 - - [22/Nov/2023 16:51:58] "[33mGET /static/fonts/Roboto/Roboto-Bold.woff2 HTTP/1.1[0m" 404 -
127.0.0.1 - - [22/Nov/2023 16:51:58] "[33mGET /static/fonts/Roboto/Roboto-Light.woff2 HTTP/1.1[0m" 404 -
127.0.0.1 - - [22/Nov/2023 16:51:58] "[33mGET /static/fonts/Roboto/Roboto-Regular.woff HTTP/1.1[0m" 404 -
127.0.0.1 - - [22/Nov/2023 16:51:58] "[33mGET /static/fonts/Roboto/Roboto-Bold.woff HTTP/1.1[0m" 404 -
127.0.0.1 - - [22/Nov/2023 16:51:58] "[36mGET /static/vendors/js/vendor.bundle.base.js HTTP/1.1[0m" 304 -
127.0.0.1 - - [22/Nov/2023 16:51:58] "[33mGET /static/fonts/Roboto/Roboto-Light.woff HTTP/1.1[0m" 404 -
127.0.0.1 - - [22/Nov/2023 16:51:58] "[33mGET /static/fonts/Roboto/Roboto-Regular.ttf HTTP/1.1[0m" 404 -
127.0.0.1 - - [22/Nov/2023 16:51:58] "[33mGET /static/fonts/Roboto/Roboto-Bold.ttf HTTP/1.1[0m" 404 -
127.0.0.1 - - [22/Nov/2023 16:51:58] "[33mGET /static/fonts/Roboto/Roboto-Light.ttf HTTP/1.1[0m" 404 -
127.0.0.1 - - [22/Nov/2023 16:51:58] "[36mGET /static/js/off-canvas.js HTTP/1.1[0m" 304 -
127.0.0.1 - - [22/Nov/2023 16:51:58] "[36mGET /static/js/hoverable-collapse.js HTTP/1.1[0m" 304 -
127.0.0.1 - - [22/Nov/2023 16:51:58] "[36mGET /static/js/settings.js HTTP/1.1[0m" 304 -
127.0.0.1 - - [22/Nov/2023 16:51:58] "[36mGET /static/js/template.js HTTP/1.1[0m" 304 -
127.0.0.1 - - [22/Nov/2023 16:51:58] "[36mGET /static/js/todolist.js HTTP/1.1[0m" 304 -
127.0.0.1 - - [22/Nov/2023 16:51:58] "[36mGET /static/vendors/progressbar.js/progressbar.min.js HTTP/1.1[0m" 304 -
127.0.0.1 - - [22/Nov/2023 16:51:58] "[36mGET /static/vendors/chart.js/Chart.min.js HTTP/1.1[0m" 304 -
127.0.0.1 - - [22/Nov/2023 16:51:59] "[36mGET /static/css/maps/vertical-layout-light/style.css.map HTTP/1.1[0m" 304 -
127.0.0.1 - - [22/Nov/2023 16:51:59] "[36mGET /static/images/enia.png HTTP/1.1[0m" 304 -
127.0.0.1 - - [22/Nov/2023 16:52:09] "GET /dettagliSensore?idsensore=655b97834dd3a2f4de412441 HTTP/1.1" 200 -
127.0.0.1 - - [22/Nov/2023 16:52:09] "[36mGET /static/vendors/typicons.font/font/typicons.css HTTP/1.1[0m" 304 -
127.0.0.1 - - [22/Nov/2023 16:52:10] "[36mGET /static/vendors/css/vendor.bundle.base.css HTTP/1.1[0m" 304 -
127.0.0.1 - - [22/Nov/2023 16:52:10] "[36mGET /static/css/vertical-layout-light/style.css HTTP/1.1[0m" 304 -
127.0.0.1 - - [22/Nov/2023 16:52:10] "[36mGET /static/images/enia.png HTTP/1.1[0m" 304 -
127.0.0.1 - - [22/Nov/2023 16:52:10] "[36mGET /static/vendors/js/vendor.bundle.base.js HTTP/1.1[0m" 304 -
127.0.0.1 - - [22/Nov/2023 16:52:10] "[36mGET /static/js/off-canvas.js HTTP/1.1[0m" 304 -
127.0.0.1 - - [22/Nov/2023 16:52:10] "[36mGET /static/js/hoverable-collapse.js HTTP/1.1[0m" 304 -
127.0.0.1 - - [22/Nov/2023 16:52:10] "[33mGET /static/fonts/Roboto/Roboto-Regular.woff2 HTTP/1.1[0m" 404 -
127.0.0.1 - - [22/Nov/2023 16:52:10] "[33mGET /static/fonts/Roboto/Roboto-Light.woff2 HTTP/1.1[0m" 404 -
127.0.0.1 - - [22/Nov/2023 16:52:10] "[33mGET /static/fonts/Roboto/Roboto-Bold.woff2 HTTP/1.1[0m" 404 -
127.0.0.1 - - [22/Nov/2023 16:52:10] "[36mGET /static/js/template.js HTTP/1.1[0m" 304 -
127.0.0.1 - - [22/Nov/2023 16:52:10] "[33mGET /static/fonts/Roboto/Roboto-Regular.woff HTTP/1.1[0m" 404 -
127.0.0.1 - - [22/Nov/2023 16:52:10] "[33mGET /static/fonts/Roboto/Roboto-Light.woff HTTP/1.1[0m" 404 -
127.0.0.1 - - [22/Nov/2023 16:52:10] "[33mGET /static/fonts/Roboto/Roboto-Bold.woff HTTP/1.1[0m" 404 -
127.0.0.1 - - [22/Nov/2023 16:52:10] "[33mGET /static/fonts/Roboto/Roboto-Regular.ttf HTTP/1.1[0m" 404 -
127.0.0.1 - - [22/Nov/2023 16:52:10] "[33mGET /static/fonts/Roboto/Roboto-Light.ttf HTTP/1.1[0m" 404 -
127.0.0.1 - - [22/Nov/2023 16:52:10] "[36mGET /static/js/settings.js HTTP/1.1[0m" 304 -
127.0.0.1 - - [22/Nov/2023 16:52:10] "[33mGET /static/fonts/Roboto/Roboto-Bold.ttf HTTP/1.1[0m" 404 -
127.0.0.1 - - [22/Nov/2023 16:52:10] "[36mGET /static/js/todolist.js HTTP/1.1[0m" 304 -
127.0.0.1 - - [22/Nov/2023 16:52:11] "[36mGET /static/vendors/progressbar.js/progressbar.min.js HTTP/1.1[0m" 304 -
127.0.0.1 - - [22/Nov/2023 16:52:11] "[36mGET /static/vendors/chart.js/Chart.min.js HTTP/1.1[0m" 304 -
127.0.0.1 - - [22/Nov/2023 16:52:11] "[36mGET /static/css/maps/vertical-layout-light/style.css.map HTTP/1.1[0m" 304 -
127.0.0.1 - - [22/Nov/2023 16:52:11] "[36mGET /static/images/enia.png HTTP/1.1[0m" 304 -
127.0.0.1 - - [22/Nov/2023 16:52:23] "[36mGET /static/vendors/typicons.font/font/typicons.css HTTP/1.1[0m" 304 -
127.0.0.1 - - [22/Nov/2023 16:52:24] "[36mGET /static/vendors/css/vendor.bundle.base.css HTTP/1.1[0m" 304 -
127.0.0.1 - - [22/Nov/2023 16:52:24] "[36mGET /static/css/vertical-layout-light/style.css HTTP/1.1[0m" 304 -
127.0.0.1 - - [22/Nov/2023 16:52:24] "[36mGET /static/css/maps/vertical-layout-light/style.css.map HTTP/1.1[0m" 304 -
127.0.0.1 - - [22/Nov/2023 16:52:29] "GET /dettagliSensore?idsensore=655b97834dd3a2f4de412441 HTTP/1.1" 200 -
127.0.0.1 - - [22/Nov/2023 16:52:29] "[36mGET /static/vendors/typicons.font/font/typicons.css HTTP/1.1[0m" 304 -
127.0.0.1 - - [22/Nov/2023 16:52:29] "[36mGET /static/vendors/css/vendor.bundle.base.css HTTP/1.1[0m" 304 -
127.0.0.1 - - [22/Nov/2023 16:52:29] "[36mGET /static/css/vertical-layout-light/style.css HTTP/1.1[0m" 304 -
127.0.0.1 - - [22/Nov/2023 16:52:29] "[36mGET /static/vendors/typicons.font/font/typicons.woff HTTP/1.1[0m" 304 -
127.0.0.1 - - [22/Nov/2023 16:52:29] "[36mGET /static/images/enia.png HTTP/1.1[0m" 304 -
127.0.0.1 - - [22/Nov/2023 16:52:29] "[36mGET /static/vendors/js/vendor.bundle.base.js HTTP/1.1[0m" 304 -
127.0.0.1 - - [22/Nov/2023 16:52:29] "[36mGET /static/js/off-canvas.js HTTP/1.1[0m" 304 -
127.0.0.1 - - [22/Nov/2023 16:52:30] "[33mGET /static/fonts/Roboto/Roboto-Regular.woff2 HTTP/1.1[0m" 404 -
127.0.0.1 - - [22/Nov/2023 16:52:30] "[33mGET /static/fonts/Roboto/Roboto-Bold.woff2 HTTP/1.1[0m" 404 -
127.0.0.1 - - [22/Nov/2023 16:52:30] "[33mGET /static/fonts/Roboto/Roboto-Light.woff2 HTTP/1.1[0m" 404 -
127.0.0.1 - - [22/Nov/2023 16:52:30] "[36mGET /static/js/hoverable-collapse.js HTTP/1.1[0m" 304 -
127.0.0.1 - - [22/Nov/2023 16:52:30] "[33mGET /static/fonts/Roboto/Roboto-Regular.woff HTTP/1.1[0m" 404 -
127.0.0.1 - - [22/Nov/2023 16:52:30] "[33mGET /static/fonts/Roboto/Roboto-Bold.woff HTTP/1.1[0m" 404 -
127.0.0.1 - - [22/Nov/2023 16:52:30] "[33mGET /static/fonts/Roboto/Roboto-Light.woff HTTP/1.1[0m" 404 -
127.0.0.1 - - [22/Nov/2023 16:52:30] "[33mGET /static/fonts/Roboto/Roboto-Regular.ttf HTTP/1.1[0m" 404 -
127.0.0.1 - - [22/Nov/2023 16:52:30] "[33mGET /static/fonts/Roboto/Roboto-Bold.ttf HTTP/1.1[0m" 404 -
127.0.0.1 - - [22/Nov/2023 16:52:30] "[36mGET /static/js/template.js HTTP/1.1[0m" 304 -
127.0.0.1 - - [22/Nov/2023 16:52:30] "[33mGET /static/fonts/Roboto/Roboto-Light.ttf HTTP/1.1[0m" 404 -
127.0.0.1 - - [22/Nov/2023 16:52:30] "[36mGET /static/js/settings.js HTTP/1.1[0m" 304 -
127.0.0.1 - - [22/Nov/2023 16:52:30] "[36mGET /static/vendors/progressbar.js/progressbar.min.js HTTP/1.1[0m" 304 -
127.0.0.1 - - [22/Nov/2023 16:52:30] "[36mGET /static/js/todolist.js HTTP/1.1[0m" 304 -
127.0.0.1 - - [22/Nov/2023 16:52:30] "[36mGET /static/vendors/chart.js/Chart.min.js HTTP/1.1[0m" 304 -
127.0.0.1 - - [22/Nov/2023 16:52:30] "[36mGET /static/css/maps/vertical-layout-light/style.css.map HTTP/1.1[0m" 304 -
127.0.0.1 - - [22/Nov/2023 16:52:31] "[36mGET /static/images/enia.png HTTP/1.1[0m" 304 -
127.0.0.1 - - [22/Nov/2023 16:52:41] "GET /dettagliSensore?idsensore=655b97834dd3a2f4de412441 HTTP/1.1" 200 -
127.0.0.1 - - [22/Nov/2023 16:52:41] "[36mGET /static/vendors/typicons.font/font/typicons.css HTTP/1.1[0m" 304 -
127.0.0.1 - - [22/Nov/2023 16:52:41] "[36mGET /static/vendors/css/vendor.bundle.base.css HTTP/1.1[0m" 304 -
127.0.0.1 - - [22/Nov/2023 16:52:41] "[36mGET /static/images/enia.png HTTP/1.1[0m" 304 -
127.0.0.1 - - [22/Nov/2023 16:52:41] "[36mGET /static/css/vertical-layout-light/style.css HTTP/1.1[0m" 304 -
127.0.0.1 - - [22/Nov/2023 16:52:41] "[36mGET /static/vendors/js/vendor.bundle.base.js HTTP/1.1[0m" 304 -
127.0.0.1 - - [22/Nov/2023 16:52:42] "[33mGET /static/fonts/Roboto/Roboto-Regular.woff2 HTTP/1.1[0m" 404 -
127.0.0.1 - - [22/Nov/2023 16:52:42] "[33mGET /static/fonts/Roboto/Roboto-Bold.woff2 HTTP/1.1[0m" 404 -
127.0.0.1 - - [22/Nov/2023 16:52:42] "[33mGET /static/fonts/Roboto/Roboto-Light.woff2 HTTP/1.1[0m" 404 -
127.0.0.1 - - [22/Nov/2023 16:52:42] "[33mGET /static/fonts/Roboto/Roboto-Regular.woff HTTP/1.1[0m" 404 -
127.0.0.1 - - [22/Nov/2023 16:52:42] "[33mGET /static/fonts/Roboto/Roboto-Bold.woff HTTP/1.1[0m" 404 -
127.0.0.1 - - [22/Nov/2023 16:52:42] "[36mGET /static/js/off-canvas.js HTTP/1.1[0m" 304 -
127.0.0.1 - - [22/Nov/2023 16:52:42] "[33mGET /static/fonts/Roboto/Roboto-Light.woff HTTP/1.1[0m" 404 -
127.0.0.1 - - [22/Nov/2023 16:52:42] "[36mGET /static/js/hoverable-collapse.js HTTP/1.1[0m" 304 -
127.0.0.1 - - [22/Nov/2023 16:52:42] "[33mGET /static/fonts/Roboto/Roboto-Regular.ttf HTTP/1.1[0m" 404 -
127.0.0.1 - - [22/Nov/2023 16:52:42] "[33mGET /static/fonts/Roboto/Roboto-Bold.ttf HTTP/1.1[0m" 404 -
127.0.0.1 - - [22/Nov/2023 16:52:42] "[33mGET /static/fonts/Roboto/Roboto-Light.ttf HTTP/1.1[0m" 404 -
127.0.0.1 - - [22/Nov/2023 16:52:42] "[36mGET /static/js/template.js HTTP/1.1[0m" 304 -
127.0.0.1 - - [22/Nov/2023 16:52:42] "[36mGET /static/js/settings.js HTTP/1.1[0m" 304 -
127.0.0.1 - - [22/Nov/2023 16:52:42] "[36mGET /static/js/todolist.js HTTP/1.1[0m" 304 -
127.0.0.1 - - [22/Nov/2023 16:52:42] "[36mGET /static/vendors/progressbar.js/progressbar.min.js HTTP/1.1[0m" 304 -
127.0.0.1 - - [22/Nov/2023 16:52:42] "[36mGET /static/vendors/chart.js/Chart.min.js HTTP/1.1[0m" 304 -
127.0.0.1 - - [22/Nov/2023 16:52:42] "[36mGET /static/css/maps/vertical-layout-light/style.css.map HTTP/1.1[0m" 304 -
127.0.0.1 - - [22/Nov/2023 16:52:43] "[36mGET /static/images/enia.png HTTP/1.1[0m" 304 -
127.0.0.1 - - [22/Nov/2023 16:52:52] "GET /dettagliSensore?idsensore=655b97834dd3a2f4de412441 HTTP/1.1" 200 -
127.0.0.1 - - [22/Nov/2023 16:52:52] "[36mGET /static/vendors/typicons.font/font/typicons.css HTTP/1.1[0m" 304 -
127.0.0.1 - - [22/Nov/2023 16:52:53] "[36mGET /static/css/vertical-layout-light/style.css HTTP/1.1[0m" 304 -
127.0.0.1 - - [22/Nov/2023 16:52:53] "[36mGET /static/vendors/css/vendor.bundle.base.css HTTP/1.1[0m" 304 -
127.0.0.1 - - [22/Nov/2023 16:52:53] "[36mGET /static/images/enia.png HTTP/1.1[0m" 304 -
127.0.0.1 - - [22/Nov/2023 16:52:53] "[36mGET /static/vendors/js/vendor.bundle.base.js HTTP/1.1[0m" 304 -
127.0.0.1 - - [22/Nov/2023 16:52:53] "[36mGET /static/js/off-canvas.js HTTP/1.1[0m" 304 -
127.0.0.1 - - [22/Nov/2023 16:52:53] "[36mGET /static/js/hoverable-collapse.js HTTP/1.1[0m" 304 -
127.0.0.1 - - [22/Nov/2023 16:52:53] "[33mGET /static/fonts/Roboto/Roboto-Light.woff2 HTTP/1.1[0m" 404 -
127.0.0.1 - - [22/Nov/2023 16:52:53] "[33mGET /static/fonts/Roboto/Roboto-Regular.woff2 HTTP/1.1[0m" 404 -
127.0.0.1 - - [22/Nov/2023 16:52:53] "[33mGET /static/fonts/Roboto/Roboto-Bold.woff2 HTTP/1.1[0m" 404 -
127.0.0.1 - - [22/Nov/2023 16:52:53] "[33mGET /static/fonts/Roboto/Roboto-Light.woff HTTP/1.1[0m" 404 -
127.0.0.1 - - [22/Nov/2023 16:52:53] "[33mGET /static/fonts/Roboto/Roboto-Regular.woff HTTP/1.1[0m" 404 -
127.0.0.1 - - [22/Nov/2023 16:52:53] "[33mGET /static/fonts/Roboto/Roboto-Bold.woff HTTP/1.1[0m" 404 -
127.0.0.1 - - [22/Nov/2023 16:52:53] "[33mGET /static/fonts/Roboto/Roboto-Light.ttf HTTP/1.1[0m" 404 -
127.0.0.1 - - [22/Nov/2023 16:52:53] "[33mGET /static/fonts/Roboto/Roboto-Regular.ttf HTTP/1.1[0m" 404 -
127.0.0.1 - - [22/Nov/2023 16:52:53] "[33mGET /static/fonts/Roboto/Roboto-Bold.ttf HTTP/1.1[0m" 404 -
127.0.0.1 - - [22/Nov/2023 16:52:53] "[36mGET /static/js/template.js HTTP/1.1[0m" 304 -
127.0.0.1 - - [22/Nov/2023 16:52:54] "[36mGET /static/js/settings.js HTTP/1.1[0m" 304 -
127.0.0.1 - - [22/Nov/2023 16:52:54] "[36mGET /static/js/todolist.js HTTP/1.1[0m" 304 -
127.0.0.1 - - [22/Nov/2023 16:52:54] "[36mGET /static/vendors/progressbar.js/progressbar.min.js HTTP/1.1[0m" 304 -
127.0.0.1 - - [22/Nov/2023 16:52:54] "[36mGET /static/vendors/chart.js/Chart.min.js HTTP/1.1[0m" 304 -
127.0.0.1 - - [22/Nov/2023 16:52:54] "[36mGET /static/css/maps/vertical-layout-light/style.css.map HTTP/1.1[0m" 304 -
127.0.0.1 - - [22/Nov/2023 16:52:54] "[36mGET /static/images/enia.png HTTP/1.1[0m" 304 -
127.0.0.1 - - [22/Nov/2023 16:53:02] "GET /dettagliSensore?idsensore=655b97834dd3a2f4de412441 HTTP/1.1" 200 -
127.0.0.1 - - [22/Nov/2023 16:53:02] "[36mGET /static/vendors/typicons.font/font/typicons.css HTTP/1.1[0m" 304 -
127.0.0.1 - - [22/Nov/2023 16:53:03] "[36mGET /static/images/enia.png HTTP/1.1[0m" 304 -
127.0.0.1 - - [22/Nov/2023 16:53:03] "[36mGET /static/vendors/css/vendor.bundle.base.css HTTP/1.1[0m" 304 -
127.0.0.1 - - [22/Nov/2023 16:53:03] "[36mGET /static/css/vertical-layout-light/style.css HTTP/1.1[0m" 304 -
127.0.0.1 - - [22/Nov/2023 16:53:03] "[36mGET /static/vendors/js/vendor.bundle.base.js HTTP/1.1[0m" 304 -
127.0.0.1 - - [22/Nov/2023 16:53:03] "[33mGET /static/fonts/Roboto/Roboto-Bold.woff2 HTTP/1.1[0m" 404 -
127.0.0.1 - - [22/Nov/2023 16:53:03] "[33mGET /static/fonts/Roboto/Roboto-Regular.woff2 HTTP/1.1[0m" 404 -
127.0.0.1 - - [22/Nov/2023 16:53:03] "[33mGET /static/fonts/Roboto/Roboto-Light.woff2 HTTP/1.1[0m" 404 -
127.0.0.1 - - [22/Nov/2023 16:53:03] "[33mGET /static/fonts/Roboto/Roboto-Bold.woff HTTP/1.1[0m" 404 -
127.0.0.1 - - [22/Nov/2023 16:53:03] "[33mGET /static/fonts/Roboto/Roboto-Regular.woff HTTP/1.1[0m" 404 -
127.0.0.1 - - [22/Nov/2023 16:53:03] "[36mGET /static/js/off-canvas.js HTTP/1.1[0m" 304 -
127.0.0.1 - - [22/Nov/2023 16:53:03] "[36mGET /static/js/hoverable-collapse.js HTTP/1.1[0m" 304 -
127.0.0.1 - - [22/Nov/2023 16:53:03] "[36mGET /static/js/template.js HTTP/1.1[0m" 304 -
127.0.0.1 - - [22/Nov/2023 16:53:03] "[33mGET /static/fonts/Roboto/Roboto-Light.woff HTTP/1.1[0m" 404 -
127.0.0.1 - - [22/Nov/2023 16:53:03] "[33mGET /static/fonts/Roboto/Roboto-Bold.ttf HTTP/1.1[0m" 404 -
127.0.0.1 - - [22/Nov/2023 16:53:03] "[33mGET /static/fonts/Roboto/Roboto-Regular.ttf HTTP/1.1[0m" 404 -
127.0.0.1 - - [22/Nov/2023 16:53:03] "[36mGET /static/js/settings.js HTTP/1.1[0m" 304 -
127.0.0.1 - - [22/Nov/2023 16:53:03] "[33mGET /static/fonts/Roboto/Roboto-Light.ttf HTTP/1.1[0m" 404 -
127.0.0.1 - - [22/Nov/2023 16:53:03] "[36mGET /static/js/todolist.js HTTP/1.1[0m" 304 -
127.0.0.1 - - [22/Nov/2023 16:53:04] "[36mGET /static/vendors/progressbar.js/progressbar.min.js HTTP/1.1[0m" 304 -
127.0.0.1 - - [22/Nov/2023 16:53:04] "[36mGET /static/vendors/chart.js/Chart.min.js HTTP/1.1[0m" 304 -
127.0.0.1 - - [22/Nov/2023 16:53:04] "[36mGET /static/css/maps/vertical-layout-light/style.css.map HTTP/1.1[0m" 304 -
127.0.0.1 - - [22/Nov/2023 16:53:04] "[36mGET /static/images/enia.png HTTP/1.1[0m" 304 -
127.0.0.1 - - [22/Nov/2023 16:53:29] "GET /dettagliSensore?idsensore=655b97834dd3a2f4de412441 HTTP/1.1" 200 -
127.0.0.1 - - [22/Nov/2023 16:53:29] "[36mGET /static/vendors/typicons.font/font/typicons.css HTTP/1.1[0m" 304 -
127.0.0.1 - - [22/Nov/2023 16:53:29] "[36mGET /static/vendors/css/vendor.bundle.base.css HTTP/1.1[0m" 304 -
127.0.0.1 - - [22/Nov/2023 16:53:29] "[36mGET /static/css/vertical-layout-light/style.css HTTP/1.1[0m" 304 -
127.0.0.1 - - [22/Nov/2023 16:53:29] "[36mGET /static/images/enia.png HTTP/1.1[0m" 304 -
127.0.0.1 - - [22/Nov/2023 16:53:29] "[36mGET /static/vendors/js/vendor.bundle.base.js HTTP/1.1[0m" 304 -
127.0.0.1 - - [22/Nov/2023 16:53:29] "[36mGET /static/js/off-canvas.js HTTP/1.1[0m" 304 -
127.0.0.1 - - [22/Nov/2023 16:53:29] "[36mGET /static/js/hoverable-collapse.js HTTP/1.1[0m" 304 -
127.0.0.1 - - [22/Nov/2023 16:53:29] "[33mGET /static/fonts/Roboto/Roboto-Bold.woff2 HTTP/1.1[0m" 404 -
127.0.0.1 - - [22/Nov/2023 16:53:29] "[33mGET /static/fonts/Roboto/Roboto-Regular.woff2 HTTP/1.1[0m" 404 -
127.0.0.1 - - [22/Nov/2023 16:53:29] "[33mGET /static/fonts/Roboto/Roboto-Light.woff2 HTTP/1.1[0m" 404 -
127.0.0.1 - - [22/Nov/2023 16:53:30] "[36mGET /static/js/template.js HTTP/1.1[0m" 304 -
127.0.0.1 - - [22/Nov/2023 16:53:30] "[36mGET /static/js/settings.js HTTP/1.1[0m" 304 -
127.0.0.1 - - [22/Nov/2023 16:53:30] "[33mGET /static/fonts/Roboto/Roboto-Regular.woff HTTP/1.1[0m" 404 -
127.0.0.1 - - [22/Nov/2023 16:53:30] "[33mGET /static/fonts/Roboto/Roboto-Bold.woff HTTP/1.1[0m" 404 -
127.0.0.1 - - [22/Nov/2023 16:53:30] "[33mGET /static/fonts/Roboto/Roboto-Light.woff HTTP/1.1[0m" 404 -
127.0.0.1 - - [22/Nov/2023 16:53:30] "[33mGET /static/fonts/Roboto/Roboto-Regular.ttf HTTP/1.1[0m" 404 -
127.0.0.1 - - [22/Nov/2023 16:53:30] "[36mGET /static/js/todolist.js HTTP/1.1[0m" 304 -
127.0.0.1 - - [22/Nov/2023 16:53:30] "[36mGET /static/vendors/progressbar.js/progressbar.min.js HTTP/1.1[0m" 304 -
127.0.0.1 - - [22/Nov/2023 16:53:30] "[33mGET /static/fonts/Roboto/Roboto-Bold.ttf HTTP/1.1[0m" 404 -
127.0.0.1 - - [22/Nov/2023 16:53:30] "[33mGET /static/fonts/Roboto/Roboto-Light.ttf HTTP/1.1[0m" 404 -
127.0.0.1 - - [22/Nov/2023 16:53:30] "[36mGET /static/vendors/chart.js/Chart.min.js HTTP/1.1[0m" 304 -
127.0.0.1 - - [22/Nov/2023 16:53:30] "[36mGET /static/css/maps/vertical-layout-light/style.css.map HTTP/1.1[0m" 304 -
127.0.0.1 - - [22/Nov/2023 16:53:31] "[36mGET /static/images/enia.png HTTP/1.1[0m" 304 -
127.0.0.1 - - [22/Nov/2023 16:54:04] "GET /dettagliSensore?idsensore=655b97834dd3a2f4de412441 HTTP/1.1" 200 -
127.0.0.1 - - [22/Nov/2023 16:54:04] "[36mGET /static/vendors/typicons.font/font/typicons.css HTTP/1.1[0m" 304 -
127.0.0.1 - - [22/Nov/2023 16:54:04] "[36mGET /static/css/vertical-layout-light/style.css HTTP/1.1[0m" 304 -
127.0.0.1 - - [22/Nov/2023 16:54:04] "[36mGET /static/vendors/css/vendor.bundle.base.css HTTP/1.1[0m" 304 -
127.0.0.1 - - [22/Nov/2023 16:54:04] "[36mGET /static/images/enia.png HTTP/1.1[0m" 304 -
127.0.0.1 - - [22/Nov/2023 16:54:04] "[36mGET /static/vendors/js/vendor.bundle.base.js HTTP/1.1[0m" 304 -
127.0.0.1 - - [22/Nov/2023 16:54:04] "[36mGET /static/js/off-canvas.js HTTP/1.1[0m" 304 -
127.0.0.1 - - [22/Nov/2023 16:54:04] "[36mGET /static/js/hoverable-collapse.js HTTP/1.1[0m" 304 -
127.0.0.1 - - [22/Nov/2023 16:54:04] "[36mGET /static/js/template.js HTTP/1.1[0m" 304 -
127.0.0.1 - - [22/Nov/2023 16:54:04] "[33mGET /static/fonts/Roboto/Roboto-Light.woff2 HTTP/1.1[0m" 404 -
127.0.0.1 - - [22/Nov/2023 16:54:04] "[33mGET /static/fonts/Roboto/Roboto-Bold.woff2 HTTP/1.1[0m" 404 -
127.0.0.1 - - [22/Nov/2023 16:54:04] "[33mGET /static/fonts/Roboto/Roboto-Regular.woff2 HTTP/1.1[0m" 404 -
127.0.0.1 - - [22/Nov/2023 16:54:05] "[36mGET /static/js/settings.js HTTP/1.1[0m" 304 -
127.0.0.1 - - [22/Nov/2023 16:54:05] "[33mGET /static/fonts/Roboto/Roboto-Light.woff HTTP/1.1[0m" 404 -
127.0.0.1 - - [22/Nov/2023 16:54:05] "[33mGET /static/fonts/Roboto/Roboto-Bold.woff HTTP/1.1[0m" 404 -
127.0.0.1 - - [22/Nov/2023 16:54:05] "[33mGET /static/fonts/Roboto/Roboto-Regular.woff HTTP/1.1[0m" 404 -
127.0.0.1 - - [22/Nov/2023 16:54:05] "[33mGET /static/fonts/Roboto/Roboto-Light.ttf HTTP/1.1[0m" 404 -
127.0.0.1 - - [22/Nov/2023 16:54:05] "[33mGET /static/fonts/Roboto/Roboto-Bold.ttf HTTP/1.1[0m" 404 -
127.0.0.1 - - [22/Nov/2023 16:54:05] "[36mGET /static/js/todolist.js HTTP/1.1[0m" 304 -
127.0.0.1 - - [22/Nov/2023 16:54:05] "[33mGET /static/fonts/Roboto/Roboto-Regular.ttf HTTP/1.1[0m" 404 -
127.0.0.1 - - [22/Nov/2023 16:54:05] "[36mGET /static/vendors/progressbar.js/progressbar.min.js HTTP/1.1[0m" 304 -
127.0.0.1 - - [22/Nov/2023 16:54:05] "[36mGET /static/vendors/chart.js/Chart.min.js HTTP/1.1[0m" 304 -
127.0.0.1 - - [22/Nov/2023 16:54:05] "[36mGET /static/css/maps/vertical-layout-light/style.css.map HTTP/1.1[0m" 304 -
127.0.0.1 - - [22/Nov/2023 16:54:06] "[36mGET /static/images/enia.png HTTP/1.1[0m" 304 -
127.0.0.1 - - [22/Nov/2023 16:54:56] "GET /dettagliSensore?idsensore=655b97834dd3a2f4de412441 HTTP/1.1" 200 -
127.0.0.1 - - [22/Nov/2023 16:54:56] "[36mGET /static/vendors/typicons.font/font/typicons.css HTTP/1.1[0m" 304 -
127.0.0.1 - - [22/Nov/2023 16:54:56] "[36mGET /static/css/vertical-layout-light/style.css HTTP/1.1[0m" 304 -
127.0.0.1 - - [22/Nov/2023 16:54:56] "[36mGET /static/vendors/typicons.font/font/typicons.woff HTTP/1.1[0m" 304 -
127.0.0.1 - - [22/Nov/2023 16:54:56] "[36mGET /static/images/enia.png HTTP/1.1[0m" 304 -
127.0.0.1 - - [22/Nov/2023 16:54:56] "[36mGET /static/js/off-canvas.js HTTP/1.1[0m" 304 -
127.0.0.1 - - [22/Nov/2023 16:54:56] "[36mGET /static/vendors/css/vendor.bundle.base.css HTTP/1.1[0m" 304 -
127.0.0.1 - - [22/Nov/2023 16:54:56] "[36mGET /static/vendors/js/vendor.bundle.base.js HTTP/1.1[0m" 304 -
127.0.0.1 - - [22/Nov/2023 16:54:57] "[33mGET /static/fonts/Roboto/Roboto-Regular.woff2 HTTP/1.1[0m" 404 -
127.0.0.1 - - [22/Nov/2023 16:54:57] "[33mGET /static/fonts/Roboto/Roboto-Light.woff2 HTTP/1.1[0m" 404 -
127.0.0.1 - - [22/Nov/2023 16:54:57] "[36mGET /static/js/hoverable-collapse.js HTTP/1.1[0m" 304 -
127.0.0.1 - - [22/Nov/2023 16:54:57] "[33mGET /static/fonts/Roboto/Roboto-Bold.woff2 HTTP/1.1[0m" 404 -
127.0.0.1 - - [22/Nov/2023 16:54:57] "[36mGET /static/js/template.js HTTP/1.1[0m" 304 -
127.0.0.1 - - [22/Nov/2023 16:54:57] "[36mGET /static/js/settings.js HTTP/1.1[0m" 304 -
127.0.0.1 - - [22/Nov/2023 16:54:57] "[33mGET /static/fonts/Roboto/Roboto-Regular.woff HTTP/1.1[0m" 404 -
127.0.0.1 - - [22/Nov/2023 16:54:57] "[33mGET /static/fonts/Roboto/Roboto-Light.woff HTTP/1.1[0m" 404 -
127.0.0.1 - - [22/Nov/2023 16:54:57] "[36mGET /static/js/todolist.js HTTP/1.1[0m" 304 -
127.0.0.1 - - [22/Nov/2023 16:54:57] "[33mGET /static/fonts/Roboto/Roboto-Bold.woff HTTP/1.1[0m" 404 -
127.0.0.1 - - [22/Nov/2023 16:54:57] "[36mGET /static/vendors/progressbar.js/progressbar.min.js HTTP/1.1[0m" 304 -
127.0.0.1 - - [22/Nov/2023 16:54:57] "[36mGET /static/vendors/chart.js/Chart.min.js HTTP/1.1[0m" 304 -
127.0.0.1 - - [22/Nov/2023 16:54:57] "[33mGET /static/fonts/Roboto/Roboto-Regular.ttf HTTP/1.1[0m" 404 -
127.0.0.1 - - [22/Nov/2023 16:54:57] "[33mGET /static/fonts/Roboto/Roboto-Light.ttf HTTP/1.1[0m" 404 -
127.0.0.1 - - [22/Nov/2023 16:54:57] "[33mGET /static/fonts/Roboto/Roboto-Bold.ttf HTTP/1.1[0m" 404 -
127.0.0.1 - - [22/Nov/2023 16:54:57] "[36mGET /static/css/maps/vertical-layout-light/style.css.map HTTP/1.1[0m" 304 -
127.0.0.1 - - [22/Nov/2023 16:54:58] "[36mGET /static/images/enia.png HTTP/1.1[0m" 304 -
127.0.0.1 - - [22/Nov/2023 17:39:33] "GET /dettagliSensore?idsensore=655b97834dd3a2f4de412441 HTTP/1.1" 200 -
127.0.0.1 - - [22/Nov/2023 17:39:33] "[36mGET /static/vendors/typicons.font/font/typicons.css HTTP/1.1[0m" 304 -
127.0.0.1 - - [22/Nov/2023 17:39:33] "[36mGET /static/vendors/css/vendor.bundle.base.css HTTP/1.1[0m" 304 -
127.0.0.1 - - [22/Nov/2023 17:39:33] "[36mGET /static/css/vertical-layout-light/style.css HTTP/1.1[0m" 304 -
127.0.0.1 - - [22/Nov/2023 17:39:33] "[36mGET /static/vendors/js/vendor.bundle.base.js HTTP/1.1[0m" 304 -
127.0.0.1 - - [22/Nov/2023 17:39:33] "[36mGET /static/images/enia.png HTTP/1.1[0m" 304 -
127.0.0.1 - - [22/Nov/2023 17:39:33] "[36mGET /static/js/off-canvas.js HTTP/1.1[0m" 304 -
127.0.0.1 - - [22/Nov/2023 17:39:33] "[36mGET /static/js/hoverable-collapse.js HTTP/1.1[0m" 304 -
127.0.0.1 - - [22/Nov/2023 17:39:33] "[36mGET /static/js/template.js HTTP/1.1[0m" 304 -
127.0.0.1 - - [22/Nov/2023 17:39:33] "[33mGET /static/fonts/Roboto/Roboto-Bold.woff2 HTTP/1.1[0m" 404 -
127.0.0.1 - - [22/Nov/2023 17:39:33] "[33mGET /static/fonts/Roboto/Roboto-Light.woff2 HTTP/1.1[0m" 404 -
127.0.0.1 - - [22/Nov/2023 17:39:33] "[33mGET /static/fonts/Roboto/Roboto-Regular.woff2 HTTP/1.1[0m" 404 -
127.0.0.1 - - [22/Nov/2023 17:39:34] "[33mGET /static/fonts/Roboto/Roboto-Bold.woff HTTP/1.1[0m" 404 -
127.0.0.1 - - [22/Nov/2023 17:39:34] "[36mGET /static/vendors/typicons.font/font/typicons.woff HTTP/1.1[0m" 304 -
127.0.0.1 - - [22/Nov/2023 17:39:34] "[33mGET /static/fonts/Roboto/Roboto-Light.woff HTTP/1.1[0m" 404 -
127.0.0.1 - - [22/Nov/2023 17:39:34] "[33mGET /static/fonts/Roboto/Roboto-Regular.woff HTTP/1.1[0m" 404 -
127.0.0.1 - - [22/Nov/2023 17:39:34] "[33mGET /static/fonts/Roboto/Roboto-Bold.ttf HTTP/1.1[0m" 404 -
127.0.0.1 - - [22/Nov/2023 17:39:34] "[33mGET /static/fonts/Roboto/Roboto-Light.ttf HTTP/1.1[0m" 404 -
127.0.0.1 - - [22/Nov/2023 17:39:34] "[33mGET /static/fonts/Roboto/Roboto-Regular.ttf HTTP/1.1[0m" 404 -
127.0.0.1 - - [22/Nov/2023 17:39:34] "[36mGET /static/js/settings.js HTTP/1.1[0m" 304 -
127.0.0.1 - - [22/Nov/2023 17:39:34] "[36mGET /static/js/todolist.js HTTP/1.1[0m" 304 -
127.0.0.1 - - [22/Nov/2023 17:39:34] "[36mGET /static/vendors/progressbar.js/progressbar.min.js HTTP/1.1[0m" 304 -
127.0.0.1 - - [22/Nov/2023 17:39:34] "[36mGET /static/vendors/chart.js/Chart.min.js HTTP/1.1[0m" 304 -
127.0.0.1 - - [22/Nov/2023 17:39:35] "[36mGET /static/images/enia.png HTTP/1.1[0m" 304 -
127.0.0.1 - - [22/Nov/2023 17:43:26] "GET /dettagliSensore?idsensore=655b97834dd3a2f4de412441 HTTP/1.1" 200 -
127.0.0.1 - - [22/Nov/2023 17:43:26] "[36mGET /static/vendors/css/vendor.bundle.base.css HTTP/1.1[0m" 304 -
127.0.0.1 - - [22/Nov/2023 17:43:26] "[36mGET /static/vendors/typicons.font/font/typicons.css HTTP/1.1[0m" 304 -
127.0.0.1 - - [22/Nov/2023 17:43:27] "[36mGET /static/css/vertical-layout-light/style.css HTTP/1.1[0m" 304 -
127.0.0.1 - - [22/Nov/2023 17:43:27] "[36mGET /static/images/enia.png HTTP/1.1[0m" 304 -
127.0.0.1 - - [22/Nov/2023 17:43:27] "[36mGET /static/vendors/js/vendor.bundle.base.js HTTP/1.1[0m" 304 -
127.0.0.1 - - [22/Nov/2023 17:43:27] "[33mGET /static/fonts/Roboto/Roboto-Regular.woff2 HTTP/1.1[0m" 404 -
127.0.0.1 - - [22/Nov/2023 17:43:27] "[36mGET /static/vendors/typicons.font/font/typicons.woff HTTP/1.1[0m" 304 -
127.0.0.1 - - [22/Nov/2023 17:43:27] "[33mGET /static/fonts/Roboto/Roboto-Bold.woff2 HTTP/1.1[0m" 404 -
127.0.0.1 - - [22/Nov/2023 17:43:27] "[33mGET /static/fonts/Roboto/Roboto-Light.woff2 HTTP/1.1[0m" 404 -
127.0.0.1 - - [22/Nov/2023 17:43:27] "[33mGET /static/fonts/Roboto/Roboto-Bold.woff HTTP/1.1[0m" 404 -
127.0.0.1 - - [22/Nov/2023 17:43:27] "[33mGET /static/fonts/Roboto/Roboto-Regular.woff HTTP/1.1[0m" 404 -
127.0.0.1 - - [22/Nov/2023 17:43:27] "[36mGET /static/js/off-canvas.js HTTP/1.1[0m" 304 -
127.0.0.1 - - [22/Nov/2023 17:43:27] "[36mGET /static/js/hoverable-collapse.js HTTP/1.1[0m" 304 -
127.0.0.1 - - [22/Nov/2023 17:43:27] "[36mGET /static/js/template.js HTTP/1.1[0m" 304 -
127.0.0.1 - - [22/Nov/2023 17:43:27] "[33mGET /static/fonts/Roboto/Roboto-Light.woff HTTP/1.1[0m" 404 -
127.0.0.1 - - [22/Nov/2023 17:43:27] "[33mGET /static/fonts/Roboto/Roboto-Regular.ttf HTTP/1.1[0m" 404 -
127.0.0.1 - - [22/Nov/2023 17:43:27] "[33mGET /static/fonts/Roboto/Roboto-Bold.ttf HTTP/1.1[0m" 404 -
127.0.0.1 - - [22/Nov/2023 17:43:27] "[33mGET /static/fonts/Roboto/Roboto-Light.ttf HTTP/1.1[0m" 404 -
127.0.0.1 - - [22/Nov/2023 17:43:27] "[36mGET /static/js/settings.js HTTP/1.1[0m" 304 -
127.0.0.1 - - [22/Nov/2023 17:43:27] "[36mGET /static/js/todolist.js HTTP/1.1[0m" 304 -
127.0.0.1 - - [22/Nov/2023 17:43:28] "[36mGET /static/vendors/progressbar.js/progressbar.min.js HTTP/1.1[0m" 304 -
127.0.0.1 - - [22/Nov/2023 17:43:28] "[36mGET /static/vendors/chart.js/Chart.min.js HTTP/1.1[0m" 304 -
127.0.0.1 - - [22/Nov/2023 17:43:28] "[36mGET /static/images/enia.png HTTP/1.1[0m" 304 -
127.0.0.1 - - [22/Nov/2023 17:43:29] "GET /listaSensori HTTP/1.1" 200 -
127.0.0.1 - - [22/Nov/2023 17:43:29] "[36mGET /static/vendors/typicons.font/font/typicons.css HTTP/1.1[0m" 304 -
127.0.0.1 - - [22/Nov/2023 17:43:29] "[36mGET /static/css/vertical-layout-light/style.css HTTP/1.1[0m" 304 -
127.0.0.1 - - [22/Nov/2023 17:43:29] "[36mGET /static/vendors/css/vendor.bundle.base.css HTTP/1.1[0m" 304 -
127.0.0.1 - - [22/Nov/2023 17:43:29] "[36mGET /static/images/enia.png HTTP/1.1[0m" 304 -
127.0.0.1 - - [22/Nov/2023 17:43:29] "[36mGET /static/vendors/js/vendor.bundle.base.js HTTP/1.1[0m" 304 -
127.0.0.1 - - [22/Nov/2023 17:43:30] "[33mGET /static/fonts/Roboto/Roboto-Regular.woff2 HTTP/1.1[0m" 404 -
127.0.0.1 - - [22/Nov/2023 17:43:30] "[36mGET /static/vendors/typicons.font/font/typicons.woff HTTP/1.1[0m" 304 -
127.0.0.1 - - [22/Nov/2023 17:43:30] "[33mGET /static/fonts/Roboto/Roboto-Bold.woff2 HTTP/1.1[0m" 404 -
127.0.0.1 - - [22/Nov/2023 17:43:30] "[33mGET /static/fonts/Roboto/Roboto-Light.woff2 HTTP/1.1[0m" 404 -
127.0.0.1 - - [22/Nov/2023 17:43:30] "[33mGET /static/fonts/Roboto/Roboto-Regular.woff HTTP/1.1[0m" 404 -
127.0.0.1 - - [22/Nov/2023 17:43:30] "[36mGET /static/js/off-canvas.js HTTP/1.1[0m" 304 -
127.0.0.1 - - [22/Nov/2023 17:43:30] "[33mGET /static/fonts/Roboto/Roboto-Bold.woff HTTP/1.1[0m" 404 -
127.0.0.1 - - [22/Nov/2023 17:43:30] "[33mGET /static/fonts/Roboto/Roboto-Light.woff HTTP/1.1[0m" 404 -
127.0.0.1 - - [22/Nov/2023 17:43:30] "[33mGET /static/fonts/Roboto/Roboto-Regular.ttf HTTP/1.1[0m" 404 -
127.0.0.1 - - [22/Nov/2023 17:43:30] "[33mGET /static/fonts/Roboto/Roboto-Bold.ttf HTTP/1.1[0m" 404 -
127.0.0.1 - - [22/Nov/2023 17:43:30] "[33mGET /static/fonts/Roboto/Roboto-Light.ttf HTTP/1.1[0m" 404 -
127.0.0.1 - - [22/Nov/2023 17:43:30] "[36mGET /static/js/hoverable-collapse.js HTTP/1.1[0m" 304 -
127.0.0.1 - - [22/Nov/2023 17:43:30] "[36mGET /static/js/template.js HTTP/1.1[0m" 304 -
127.0.0.1 - - [22/Nov/2023 17:43:30] "[36mGET /static/js/settings.js HTTP/1.1[0m" 304 -
127.0.0.1 - - [22/Nov/2023 17:43:30] "[36mGET /static/js/todolist.js HTTP/1.1[0m" 304 -
127.0.0.1 - - [22/Nov/2023 17:43:30] "[36mGET /static/vendors/progressbar.js/progressbar.min.js HTTP/1.1[0m" 304 -
127.0.0.1 - - [22/Nov/2023 17:43:30] "[36mGET /static/vendors/chart.js/Chart.min.js HTTP/1.1[0m" 304 -
127.0.0.1 - - [22/Nov/2023 17:44:29] "GET /listaSensori HTTP/1.1" 200 -
127.0.0.1 - - [22/Nov/2023 17:44:29] "[36mGET /static/vendors/typicons.font/font/typicons.css HTTP/1.1[0m" 304 -
127.0.0.1 - - [22/Nov/2023 17:44:29] "[36mGET /static/vendors/css/vendor.bundle.base.css HTTP/1.1[0m" 304 -
127.0.0.1 - - [22/Nov/2023 17:44:29] "[36mGET /static/css/vertical-layout-light/style.css HTTP/1.1[0m" 304 -
127.0.0.1 - - [22/Nov/2023 17:44:29] "[36mGET /static/images/enia.png HTTP/1.1[0m" 304 -
127.0.0.1 - - [22/Nov/2023 17:44:29] "[36mGET /static/vendors/js/vendor.bundle.base.js HTTP/1.1[0m" 304 -
127.0.0.1 - - [22/Nov/2023 17:44:29] "[33mGET /static/fonts/Roboto/Roboto-Bold.woff2 HTTP/1.1[0m" 404 -
127.0.0.1 - - [22/Nov/2023 17:44:29] "[33mGET /static/fonts/Roboto/Roboto-Light.woff2 HTTP/1.1[0m" 404 -
127.0.0.1 - - [22/Nov/2023 17:44:29] "[36mGET /static/vendors/typicons.font/font/typicons.woff HTTP/1.1[0m" 304 -
127.0.0.1 - - [22/Nov/2023 17:44:29] "[33mGET /static/fonts/Roboto/Roboto-Regular.woff2 HTTP/1.1[0m" 404 -
127.0.0.1 - - [22/Nov/2023 17:44:29] "[33mGET /static/fonts/Roboto/Roboto-Bold.woff HTTP/1.1[0m" 404 -
127.0.0.1 - - [22/Nov/2023 17:44:29] "[33mGET /static/fonts/Roboto/Roboto-Light.woff HTTP/1.1[0m" 404 -
127.0.0.1 - - [22/Nov/2023 17:44:29] "[33mGET /static/fonts/Roboto/Roboto-Regular.woff HTTP/1.1[0m" 404 -
127.0.0.1 - - [22/Nov/2023 17:44:29] "[33mGET /static/fonts/Roboto/Roboto-Bold.ttf HTTP/1.1[0m" 404 -
127.0.0.1 - - [22/Nov/2023 17:44:29] "[33mGET /static/fonts/Roboto/Roboto-Light.ttf HTTP/1.1[0m" 404 -
127.0.0.1 - - [22/Nov/2023 17:44:30] "[33mGET /static/fonts/Roboto/Roboto-Regular.ttf HTTP/1.1[0m" 404 -
127.0.0.1 - - [22/Nov/2023 17:44:30] "[36mGET /static/js/off-canvas.js HTTP/1.1[0m" 304 -
127.0.0.1 - - [22/Nov/2023 17:44:30] "[36mGET /static/js/hoverable-collapse.js HTTP/1.1[0m" 304 -
127.0.0.1 - - [22/Nov/2023 17:44:30] "[36mGET /static/js/template.js HTTP/1.1[0m" 304 -
127.0.0.1 - - [22/Nov/2023 17:44:30] "[36mGET /static/js/todolist.js HTTP/1.1[0m" 304 -
127.0.0.1 - - [22/Nov/2023 17:44:30] "[36mGET /static/js/settings.js HTTP/1.1[0m" 304 -
127.0.0.1 - - [22/Nov/2023 17:44:30] "[36mGET /static/vendors/progressbar.js/progressbar.min.js HTTP/1.1[0m" 304 -
127.0.0.1 - - [22/Nov/2023 17:44:30] "[36mGET /static/vendors/chart.js/Chart.min.js HTTP/1.1[0m" 304 -
127.0.0.1 - - [22/Nov/2023 17:44:30] "[36mGET /static/images/enia.png HTTP/1.1[0m" 304 -
127.0.0.1 - - [22/Nov/2023 17:45:56] "GET /listaSensori HTTP/1.1" 200 -
127.0.0.1 - - [22/Nov/2023 17:45:56] "[36mGET /static/vendors/typicons.font/font/typicons.css HTTP/1.1[0m" 304 -
127.0.0.1 - - [22/Nov/2023 17:45:56] "[36mGET /static/vendors/css/vendor.bundle.base.css HTTP/1.1[0m" 304 -
127.0.0.1 - - [22/Nov/2023 17:45:56] "[36mGET /static/images/enia.png HTTP/1.1[0m" 304 -
127.0.0.1 - - [22/Nov/2023 17:45:56] "[36mGET /static/css/vertical-layout-light/style.css HTTP/1.1[0m" 304 -
127.0.0.1 - - [22/Nov/2023 17:45:56] "[36mGET /static/vendors/js/vendor.bundle.base.js HTTP/1.1[0m" 304 -
127.0.0.1 - - [22/Nov/2023 17:45:56] "[33mGET /static/fonts/Roboto/Roboto-Regular.woff2 HTTP/1.1[0m" 404 -
127.0.0.1 - - [22/Nov/2023 17:45:56] "[33mGET /static/fonts/Roboto/Roboto-Bold.woff2 HTTP/1.1[0m" 404 -
127.0.0.1 - - [22/Nov/2023 17:45:56] "[36mGET /static/vendors/typicons.font/font/typicons.woff HTTP/1.1[0m" 304 -
127.0.0.1 - - [22/Nov/2023 17:45:56] "[33mGET /static/fonts/Roboto/Roboto-Light.woff2 HTTP/1.1[0m" 404 -
127.0.0.1 - - [22/Nov/2023 17:45:56] "[33mGET /static/fonts/Roboto/Roboto-Regular.woff HTTP/1.1[0m" 404 -
127.0.0.1 - - [22/Nov/2023 17:45:56] "[33mGET /static/fonts/Roboto/Roboto-Bold.woff HTTP/1.1[0m" 404 -
127.0.0.1 - - [22/Nov/2023 17:45:57] "[33mGET /static/fonts/Roboto/Roboto-Regular.ttf HTTP/1.1[0m" 404 -
127.0.0.1 - - [22/Nov/2023 17:45:57] "[33mGET /static/fonts/Roboto/Roboto-Bold.ttf HTTP/1.1[0m" 404 -
127.0.0.1 - - [22/Nov/2023 17:45:57] "[33mGET /static/fonts/Roboto/Roboto-Light.woff HTTP/1.1[0m" 404 -
127.0.0.1 - - [22/Nov/2023 17:45:57] "[33mGET /static/fonts/Roboto/Roboto-Light.ttf HTTP/1.1[0m" 404 -
127.0.0.1 - - [22/Nov/2023 17:45:57] "[36mGET /static/js/off-canvas.js HTTP/1.1[0m" 304 -
127.0.0.1 - - [22/Nov/2023 17:45:57] "[36mGET /static/js/hoverable-collapse.js HTTP/1.1[0m" 304 -
127.0.0.1 - - [22/Nov/2023 17:45:57] "[36mGET /static/js/template.js HTTP/1.1[0m" 304 -
127.0.0.1 - - [22/Nov/2023 17:45:57] "[36mGET /static/js/settings.js HTTP/1.1[0m" 304 -
127.0.0.1 - - [22/Nov/2023 17:45:57] "[36mGET /static/js/todolist.js HTTP/1.1[0m" 304 -
127.0.0.1 - - [22/Nov/2023 17:45:57] "[36mGET /static/vendors/progressbar.js/progressbar.min.js HTTP/1.1[0m" 304 -
127.0.0.1 - - [22/Nov/2023 17:45:57] "[36mGET /static/vendors/chart.js/Chart.min.js HTTP/1.1[0m" 304 -
127.0.0.1 - - [22/Nov/2023 17:45:58] "[36mGET /static/images/enia.png HTTP/1.1[0m" 304 -
127.0.0.1 - - [22/Nov/2023 17:46:06] "[33mGET /user HTTP/1.1[0m" 404 -
127.0.0.1 - - [22/Nov/2023 17:46:06] "[33mGET /favicon.ico HTTP/1.1[0m" 404 -
127.0.0.1 - - [22/Nov/2023 17:46:09] "[33mGET /user HTTP/1.1[0m" 404 -
 * Detected change in 'C:\\Python311\\Lib\\site-packages\\pip\\_vendor\\pyparsing\\core.py', reloading
 * Detected change in 'C:\\Python311\\Lib\\site-packages\\pip\\_vendor\\packaging\\markers.py', reloading
 * Restarting with watchdog (windowsapi)
 * Debugger is active!
 * Debugger PIN: 973-937-000
 * Detected change in 'C:\\Python311\\Lib\\site-packages\\flask\\__init__.py', reloading
 * Detected change in 'C:\\Python311\\Lib\\site-packages\\flask\\app.py', reloading
 * Detected change in 'C:\\Python311\\Lib\\site-packages\\flask\\scaffold.py', reloading
 * Detected change in 'C:\\Python311\\Lib\\site-packages\\flask\\helpers.py', reloading
 * Detected change in 'C:\\Python311\\Lib\\site-packages\\werkzeug\\wrappers\\__init__.py', reloading
 * Detected change in 'C:\\Python311\\Lib\\site-packages\\werkzeug\\wrappers\\response.py', reloading
 * Detected change in 'C:\\Python311\\Lib\\site-packages\\werkzeug\\sansio\\response.py', reloading
 * Detected change in 'C:\\Python311\\Lib\\site-packages\\flask\\templating.py', reloading
 * Detected change in 'C:\\Python311\\Lib\\site-packages\\jinja2\\__init__.py', reloading
 * Detected change in 'C:\\Python311\\Lib\\site-packages\\jinja2\\environment.py', reloading
 * Detected change in 'C:\\Python311\\Lib\\site-packages\\flask_login\\__init__.py', reloading
 * Detected change in 'C:\\Python311\\Lib\\site-packages\\flask_login\\login_manager.py', reloading
 * Detected change in 'C:\\Python311\\Lib\\site-packages\\flask_login\\utils.py', reloading
 * Detected change in 'C:\\Python311\\Lib\\site-packages\\werkzeug\\local.py', reloading
 * Detected change in 'C:\\Python311\\Lib\\site-packages\\flask\\globals.py', reloading
 * Detected change in 'C:\\Python311\\Lib\\site-packages\\flask\\ctx.py', reloading
 * Detected change in 'C:\\Python311\\Lib\\site-packages\\flask\\sessions.py', reloading
 * Detected change in 'C:\\Python311\\Lib\\site-packages\\flask\\json\\tag.py', reloading
 * Detected change in 'C:\\Python311\\Lib\\site-packages\\flask\\config.py', reloading
 * Detected change in 'C:\\Python311\\Lib\\site-packages\\flask_login\\config.py', reloading
 * Restarting with watchdog (windowsapi)
 * Debugger is active!
 * Debugger PIN: 973-937-000
 * Detected change in 'C:\\Python311\\Lib\\site-packages\\bson\\objectid.py', reloading
 * Detected change in 'C:\\Python311\\Lib\\site-packages\\flask\\wrappers.py', reloading
 * Detected change in 'C:\\Python311\\Lib\\site-packages\\werkzeug\\wrappers\\request.py', reloading
 * Detected change in 'C:\\Python311\\Lib\\site-packages\\werkzeug\\sansio\\request.py', reloading
 * Detected change in 'C:\\Python311\\Lib\\site-packages\\flask\\json\\__init__.py', reloading
 * Detected change in 'C:\\Python311\\Lib\\site-packages\\werkzeug\\utils.py', reloading
 * Detected change in 'C:\\Python311\\Lib\\site-packages\\werkzeug\\_internal.py', reloading
 * Detected change in 'C:\\Python311\\Lib\\site-packages\\flask_login\\signals.py', reloading
 * Detected change in 'C:\\Python311\\Lib\\site-packages\\flask\\signals.py', reloading
 * Detected change in 'C:\\Python311\\Lib\\site-packages\\blinker\\__init__.py', reloading
 * Detected change in 'C:\\Python311\\Lib\\site-packages\\blinker\\base.py', reloading
 * Restarting with watchdog (windowsapi)
 * Debugger is active!
 * Debugger PIN: 973-937-000
 * Detected change in 'c:\\Users\\Gerardo\\Tirocinio\\Tirocinio\\src\\routes.py', reloading
 * Restarting with watchdog (windowsapi)
 * Debugger is active!
 * Debugger PIN: 973-937-000
 * Detected change in 'c:\\Users\\Gerardo\\Tirocinio\\Tirocinio\\src\\routes.py', reloading
 * Detected change in 'c:\\Users\\Gerardo\\Tirocinio\\Tirocinio\\src\\routes.py', reloading
 * Restarting with watchdog (windowsapi)
 * Debugger is active!
 * Debugger PIN: 973-937-000
 * Detected change in 'C:\\Python311\\Lib\\site-packages\\flask\\typing.py', reloading
 * Restarting with watchdog (windowsapi)
 * Debugger is active!
 * Debugger PIN: 973-937-000
 * Detected change in 'c:\\Users\\Gerardo\\Tirocinio\\Tirocinio\\src\\main_route.py', reloading
 * Detected change in 'c:\\Users\\Gerardo\\Tirocinio\\Tirocinio\\src\\main_route.py', reloading
 * Detected change in 'c:\\Users\\Gerardo\\Tirocinio\\Tirocinio\\src\\main_route.py', reloading
 * Detected change in 'c:\\Users\\Gerardo\\Tirocinio\\Tirocinio\\src\\main_route.py', reloading
 * Restarting with watchdog (windowsapi)
 * Debugger is active!
 * Debugger PIN: 973-937-000
 * Detected change in 'c:\\Users\\Gerardo\\Tirocinio\\Tirocinio\\src\\main_route.py', reloading
 * Detected change in 'c:\\Users\\Gerardo\\Tirocinio\\Tirocinio\\src\\main_route.py', reloading
 * Detected change in 'c:\\Users\\Gerardo\\Tirocinio\\Tirocinio\\src\\main_route.py', reloading
 * Restarting with watchdog (windowsapi)
 * Debugger is active!
 * Debugger PIN: 973-937-000
127.0.0.1 - - [22/Nov/2023 17:49:32] "GET /listaSensori HTTP/1.1" 200 -
127.0.0.1 - - [22/Nov/2023 17:49:33] "[36mGET /static/vendors/css/vendor.bundle.base.css HTTP/1.1[0m" 304 -
127.0.0.1 - - [22/Nov/2023 17:49:33] "[36mGET /static/vendors/typicons.font/font/typicons.css HTTP/1.1[0m" 304 -
127.0.0.1 - - [22/Nov/2023 17:49:33] "[36mGET /static/css/vertical-layout-light/style.css HTTP/1.1[0m" 304 -
127.0.0.1 - - [22/Nov/2023 17:49:33] "[36mGET /static/images/enia.png HTTP/1.1[0m" 304 -
127.0.0.1 - - [22/Nov/2023 17:49:33] "[36mGET /static/js/off-canvas.js HTTP/1.1[0m" 304 -
127.0.0.1 - - [22/Nov/2023 17:49:33] "[36mGET /static/vendors/js/vendor.bundle.base.js HTTP/1.1[0m" 304 -
127.0.0.1 - - [22/Nov/2023 17:49:33] "[36mGET /static/vendors/typicons.font/font/typicons.woff HTTP/1.1[0m" 304 -
127.0.0.1 - - [22/Nov/2023 17:49:33] "[33mGET /static/fonts/Roboto/Roboto-Bold.woff2 HTTP/1.1[0m" 404 -
127.0.0.1 - - [22/Nov/2023 17:49:33] "[33mGET /static/fonts/Roboto/Roboto-Light.woff2 HTTP/1.1[0m" 404 -
127.0.0.1 - - [22/Nov/2023 17:49:33] "[33mGET /static/fonts/Roboto/Roboto-Regular.woff2 HTTP/1.1[0m" 404 -
127.0.0.1 - - [22/Nov/2023 17:49:33] "[36mGET /static/js/hoverable-collapse.js HTTP/1.1[0m" 304 -
127.0.0.1 - - [22/Nov/2023 17:49:33] "[36mGET /static/js/template.js HTTP/1.1[0m" 304 -
127.0.0.1 - - [22/Nov/2023 17:49:33] "[33mGET /static/fonts/Roboto/Roboto-Light.woff HTTP/1.1[0m" 404 -
127.0.0.1 - - [22/Nov/2023 17:49:34] "[33mGET /static/fonts/Roboto/Roboto-Bold.woff HTTP/1.1[0m" 404 -
127.0.0.1 - - [22/Nov/2023 17:49:34] "[33mGET /static/fonts/Roboto/Roboto-Regular.woff HTTP/1.1[0m" 404 -
127.0.0.1 - - [22/Nov/2023 17:49:34] "[33mGET /static/fonts/Roboto/Roboto-Bold.ttf HTTP/1.1[0m" 404 -
127.0.0.1 - - [22/Nov/2023 17:49:34] "[33mGET /static/fonts/Roboto/Roboto-Light.ttf HTTP/1.1[0m" 404 -
127.0.0.1 - - [22/Nov/2023 17:49:34] "[36mGET /static/js/settings.js HTTP/1.1[0m" 304 -
127.0.0.1 - - [22/Nov/2023 17:49:34] "[33mGET /static/fonts/Roboto/Roboto-Regular.ttf HTTP/1.1[0m" 404 -
127.0.0.1 - - [22/Nov/2023 17:49:34] "[36mGET /static/js/todolist.js HTTP/1.1[0m" 304 -
127.0.0.1 - - [22/Nov/2023 17:49:34] "[36mGET /static/vendors/progressbar.js/progressbar.min.js HTTP/1.1[0m" 304 -
127.0.0.1 - - [22/Nov/2023 17:49:34] "[36mGET /static/vendors/chart.js/Chart.min.js HTTP/1.1[0m" 304 -
127.0.0.1 - - [22/Nov/2023 17:49:34] "[36mGET /static/images/enia.png HTTP/1.1[0m" 304 -
127.0.0.1 - - [22/Nov/2023 17:49:36] "[33mGET /user HTTP/1.1[0m" 404 -
127.0.0.1 - - [22/Nov/2023 17:49:36] "[33mGET /static/css/custom_error.css HTTP/1.1[0m" 404 -
127.0.0.1 - - [22/Nov/2023 17:49:36] "[33mGET /static/images/Delorean.png HTTP/1.1[0m" 404 -
127.0.0.1 - - [22/Nov/2023 17:49:36] "[33mGET /static/images/backToTheHomepage.png HTTP/1.1[0m" 404 -
127.0.0.1 - - [22/Nov/2023 17:49:41] "GET / HTTP/1.1" 200 -
127.0.0.1 - - [22/Nov/2023 17:49:41] "GET /static/css/home.css HTTP/1.1" 200 -
127.0.0.1 - - [22/Nov/2023 17:50:15] "[33mGET /static/css/custom_error.css HTTP/1.1[0m" 404 -
 * Detected change in 'c:\\Users\\Gerardo\\Tirocinio\\Tirocinio\\src\\routes.py', reloading
 * Detected change in 'c:\\Users\\Gerardo\\Tirocinio\\Tirocinio\\src\\routes.py', reloading
 * Restarting with watchdog (windowsapi)
 * Debugger is active!
 * Debugger PIN: 973-937-000
127.0.0.1 - - [22/Nov/2023 17:51:51] "[33mGET /user HTTP/1.1[0m" 404 -
127.0.0.1 - - [22/Nov/2023 17:51:51] "[33mGET /static/images/backToTheHomepage.png HTTP/1.1[0m" 404 -
127.0.0.1 - - [22/Nov/2023 17:51:51] "GET /static/css/custom_error.css HTTP/1.1" 200 -
127.0.0.1 - - [22/Nov/2023 17:51:51] "[33mGET /static/images/Delorean.png HTTP/1.1[0m" 404 -
127.0.0.1 - - [22/Nov/2023 17:52:43] "[33mGET /user HTTP/1.1[0m" 404 -
127.0.0.1 - - [22/Nov/2023 17:52:44] "[36mGET /static/css/custom_error.css HTTP/1.1[0m" 304 -
127.0.0.1 - - [22/Nov/2023 17:52:44] "GET /static/images/backToTheHomepage.png HTTP/1.1" 200 -
127.0.0.1 - - [22/Nov/2023 17:52:44] "GET /static/images/Delorean.png HTTP/1.1" 200 -
127.0.0.1 - - [22/Nov/2023 17:52:50] "GET / HTTP/1.1" 200 -
127.0.0.1 - - [22/Nov/2023 17:52:50] "[36mGET /static/css/home.css HTTP/1.1[0m" 304 -
 * Detected change in 'c:\\Users\\Gerardo\\Tirocinio\\Tirocinio\\src\\routes.py', reloading
 * Detected change in 'c:\\Users\\Gerardo\\Tirocinio\\Tirocinio\\src\\routes.py', reloading
 * Restarting with watchdog (windowsapi)
 * Debugger is active!
 * Debugger PIN: 973-937-000
[31m[1mWARNING: This is a development server. Do not use it in a production deployment. Use a production WSGI server instead.[0m
 * Running on http://localhost:5000
[33mPress CTRL+C to quit[0m
 * Restarting with stat
 * Debugger is active!
 * Debugger PIN: 523-329-823
127.0.0.1 - - [26/Nov/2023 20:05:22] "GET / HTTP/1.1" 200 -
127.0.0.1 - - [26/Nov/2023 20:05:22] "GET /static/css/home.css HTTP/1.1" 200 -
127.0.0.1 - - [26/Nov/2023 20:05:25] "GET /login HTTP/1.1" 200 -
127.0.0.1 - - [26/Nov/2023 20:05:26] "GET /static/css/auth.css HTTP/1.1" 200 -
127.0.0.1 - - [26/Nov/2023 20:05:26] "GET /static/javascript/auth.js HTTP/1.1" 200 -
127.0.0.1 - - [26/Nov/2023 20:05:27] "[33mGET /static/images/top.ico HTTP/1.1[0m" 404 -
127.0.0.1 - - [26/Nov/2023 20:05:36] "[32mPOST /login HTTP/1.1[0m" 302 -
127.0.0.1 - - [26/Nov/2023 20:05:36] "GET /listaSensori HTTP/1.1" 200 -
127.0.0.1 - - [26/Nov/2023 20:05:36] "GET /static/vendors/typicons.font/font/typicons.css HTTP/1.1" 200 -
127.0.0.1 - - [26/Nov/2023 20:05:36] "GET /static/images/enia.png HTTP/1.1" 200 -
127.0.0.1 - - [26/Nov/2023 20:05:36] "GET /static/css/vertical-layout-light/style.css HTTP/1.1" 200 -
127.0.0.1 - - [26/Nov/2023 20:05:36] "GET /static/vendors/css/vendor.bundle.base.css HTTP/1.1" 200 -
127.0.0.1 - - [26/Nov/2023 20:05:36] "GET /static/js/off-canvas.js HTTP/1.1" 200 -
127.0.0.1 - - [26/Nov/2023 20:05:36] "GET /static/vendors/js/vendor.bundle.base.js HTTP/1.1" 200 -
127.0.0.1 - - [26/Nov/2023 20:05:36] "GET /static/vendors/typicons.font/font/typicons.woff HTTP/1.1" 200 -
127.0.0.1 - - [26/Nov/2023 20:05:37] "GET /static/js/hoverable-collapse.js HTTP/1.1" 200 -
127.0.0.1 - - [26/Nov/2023 20:05:37] "[33mGET /static/fonts/Roboto/Roboto-Bold.woff2 HTTP/1.1[0m" 404 -
127.0.0.1 - - [26/Nov/2023 20:05:37] "[33mGET /static/fonts/Roboto/Roboto-Bold.woff HTTP/1.1[0m" 404 -
127.0.0.1 - - [26/Nov/2023 20:05:37] "GET /static/js/template.js HTTP/1.1" 200 -
127.0.0.1 - - [26/Nov/2023 20:05:37] "[33mGET /static/fonts/Roboto/Roboto-Bold.ttf HTTP/1.1[0m" 404 -
127.0.0.1 - - [26/Nov/2023 20:05:37] "GET /static/js/settings.js HTTP/1.1" 200 -
127.0.0.1 - - [26/Nov/2023 20:05:37] "[33mGET /static/fonts/Roboto/Roboto-Regular.woff2 HTTP/1.1[0m" 404 -
127.0.0.1 - - [26/Nov/2023 20:05:37] "[33mGET /static/fonts/Roboto/Roboto-Light.woff2 HTTP/1.1[0m" 404 -
127.0.0.1 - - [26/Nov/2023 20:05:37] "[33mGET /static/fonts/Roboto/Roboto-Regular.woff HTTP/1.1[0m" 404 -
127.0.0.1 - - [26/Nov/2023 20:05:37] "[33mGET /static/fonts/Roboto/Roboto-Light.woff HTTP/1.1[0m" 404 -
127.0.0.1 - - [26/Nov/2023 20:05:37] "[33mGET /static/fonts/Roboto/Roboto-Regular.ttf HTTP/1.1[0m" 404 -
127.0.0.1 - - [26/Nov/2023 20:05:37] "GET /static/js/todolist.js HTTP/1.1" 200 -
127.0.0.1 - - [26/Nov/2023 20:05:37] "[33mGET /static/fonts/Roboto/Roboto-Light.ttf HTTP/1.1[0m" 404 -
127.0.0.1 - - [26/Nov/2023 20:05:37] "GET /static/vendors/progressbar.js/progressbar.min.js HTTP/1.1" 200 -
127.0.0.1 - - [26/Nov/2023 20:05:38] "GET /static/vendors/chart.js/Chart.min.js HTTP/1.1" 200 -
127.0.0.1 - - [26/Nov/2023 20:05:39] "[36mGET /static/images/enia.png HTTP/1.1[0m" 304 -
127.0.0.1 - - [26/Nov/2023 20:05:40] "GET /dettagliSensore?idsensore=655b97834dd3a2f4de412441 HTTP/1.1" 200 -
127.0.0.1 - - [26/Nov/2023 20:05:40] "[36mGET /static/vendors/typicons.font/font/typicons.css HTTP/1.1[0m" 304 -
127.0.0.1 - - [26/Nov/2023 20:05:40] "[36mGET /static/vendors/css/vendor.bundle.base.css HTTP/1.1[0m" 304 -
127.0.0.1 - - [26/Nov/2023 20:05:40] "[36mGET /static/images/enia.png HTTP/1.1[0m" 304 -
127.0.0.1 - - [26/Nov/2023 20:05:40] "[36mGET /static/css/vertical-layout-light/style.css HTTP/1.1[0m" 304 -
127.0.0.1 - - [26/Nov/2023 20:05:40] "[36mGET /static/vendors/js/vendor.bundle.base.js HTTP/1.1[0m" 304 -
127.0.0.1 - - [26/Nov/2023 20:05:40] "[36mGET /static/js/template.js HTTP/1.1[0m" 304 -
127.0.0.1 - - [26/Nov/2023 20:05:40] "[36mGET /static/js/off-canvas.js HTTP/1.1[0m" 304 -
127.0.0.1 - - [26/Nov/2023 20:05:40] "[36mGET /static/js/hoverable-collapse.js HTTP/1.1[0m" 304 -
127.0.0.1 - - [26/Nov/2023 20:05:41] "[36mGET /static/js/settings.js HTTP/1.1[0m" 304 -
127.0.0.1 - - [26/Nov/2023 20:05:41] "[33mGET /static/fonts/Roboto/Roboto-Light.woff2 HTTP/1.1[0m" 404 -
127.0.0.1 - - [26/Nov/2023 20:05:41] "[36mGET /static/js/todolist.js HTTP/1.1[0m" 304 -
127.0.0.1 - - [26/Nov/2023 20:05:41] "[33mGET /static/fonts/Roboto/Roboto-Regular.woff2 HTTP/1.1[0m" 404 -
127.0.0.1 - - [26/Nov/2023 20:05:41] "[33mGET /static/fonts/Roboto/Roboto-Bold.woff2 HTTP/1.1[0m" 404 -
127.0.0.1 - - [26/Nov/2023 20:05:41] "[36mGET /static/vendors/progressbar.js/progressbar.min.js HTTP/1.1[0m" 304 -
127.0.0.1 - - [26/Nov/2023 20:05:41] "[33mGET /static/fonts/Roboto/Roboto-Light.woff HTTP/1.1[0m" 404 -
127.0.0.1 - - [26/Nov/2023 20:05:41] "[36mGET /static/vendors/chart.js/Chart.min.js HTTP/1.1[0m" 304 -
127.0.0.1 - - [26/Nov/2023 20:05:41] "[33mGET /static/fonts/Roboto/Roboto-Regular.woff HTTP/1.1[0m" 404 -
127.0.0.1 - - [26/Nov/2023 20:05:41] "[33mGET /static/fonts/Roboto/Roboto-Bold.woff HTTP/1.1[0m" 404 -
127.0.0.1 - - [26/Nov/2023 20:05:41] "[33mGET /static/fonts/Roboto/Roboto-Light.ttf HTTP/1.1[0m" 404 -
127.0.0.1 - - [26/Nov/2023 20:05:41] "[33mGET /static/fonts/Roboto/Roboto-Regular.ttf HTTP/1.1[0m" 404 -
127.0.0.1 - - [26/Nov/2023 20:05:42] "[33mGET /static/fonts/Roboto/Roboto-Bold.ttf HTTP/1.1[0m" 404 -
[31m[1mWARNING: This is a development server. Do not use it in a production deployment. Use a production WSGI server instead.[0m
 * Running on http://localhost:5000
[33mPress CTRL+C to quit[0m
 * Restarting with stat
 * Debugger is active!
 * Debugger PIN: 523-329-823
127.0.0.1 - - [27/Nov/2023 11:07:51] "GET / HTTP/1.1" 200 -
127.0.0.1 - - [27/Nov/2023 11:07:52] "[36mGET /static/css/home.css HTTP/1.1[0m" 304 -
127.0.0.1 - - [27/Nov/2023 11:07:57] "GET /login HTTP/1.1" 200 -
127.0.0.1 - - [27/Nov/2023 11:07:57] "[33mGET /static/images/top.ico HTTP/1.1[0m" 404 -
127.0.0.1 - - [27/Nov/2023 11:07:57] "[36mGET /static/css/auth.css HTTP/1.1[0m" 304 -
127.0.0.1 - - [27/Nov/2023 11:07:58] "[36mGET /static/javascript/auth.js HTTP/1.1[0m" 304 -
127.0.0.1 - - [27/Nov/2023 11:07:58] "[33mGET /static/images/top.ico HTTP/1.1[0m" 404 -
127.0.0.1 - - [27/Nov/2023 11:08:11] "[32mPOST /login HTTP/1.1[0m" 302 -
127.0.0.1 - - [27/Nov/2023 11:08:11] "GET /listaSensori HTTP/1.1" 200 -
127.0.0.1 - - [27/Nov/2023 11:08:12] "[36mGET /static/vendors/typicons.font/font/typicons.css HTTP/1.1[0m" 304 -
127.0.0.1 - - [27/Nov/2023 11:08:12] "[36mGET /static/vendors/css/vendor.bundle.base.css HTTP/1.1[0m" 304 -
127.0.0.1 - - [27/Nov/2023 11:08:12] "[36mGET /static/css/vertical-layout-light/style.css HTTP/1.1[0m" 304 -
127.0.0.1 - - [27/Nov/2023 11:08:12] "[36mGET /static/images/enia.png HTTP/1.1[0m" 304 -
127.0.0.1 - - [27/Nov/2023 11:08:12] "[36mGET /static/vendors/js/vendor.bundle.base.js HTTP/1.1[0m" 304 -
127.0.0.1 - - [27/Nov/2023 11:08:12] "[36mGET /static/js/off-canvas.js HTTP/1.1[0m" 304 -
127.0.0.1 - - [27/Nov/2023 11:08:12] "[36mGET /static/vendors/typicons.font/font/typicons.woff HTTP/1.1[0m" 304 -
127.0.0.1 - - [27/Nov/2023 11:08:12] "[36mGET /static/js/hoverable-collapse.js HTTP/1.1[0m" 304 -
127.0.0.1 - - [27/Nov/2023 11:08:12] "[36mGET /static/js/template.js HTTP/1.1[0m" 304 -
127.0.0.1 - - [27/Nov/2023 11:08:12] "[33mGET /static/fonts/Roboto/Roboto-Bold.woff2 HTTP/1.1[0m" 404 -
127.0.0.1 - - [27/Nov/2023 11:08:12] "[36mGET /static/js/settings.js HTTP/1.1[0m" 304 -
127.0.0.1 - - [27/Nov/2023 11:08:12] "[36mGET /static/js/todolist.js HTTP/1.1[0m" 304 -
127.0.0.1 - - [27/Nov/2023 11:08:12] "[33mGET /static/fonts/Roboto/Roboto-Bold.woff HTTP/1.1[0m" 404 -
127.0.0.1 - - [27/Nov/2023 11:08:13] "[36mGET /static/vendors/progressbar.js/progressbar.min.js HTTP/1.1[0m" 304 -
127.0.0.1 - - [27/Nov/2023 11:08:13] "[33mGET /static/fonts/Roboto/Roboto-Bold.ttf HTTP/1.1[0m" 404 -
127.0.0.1 - - [27/Nov/2023 11:08:13] "[36mGET /static/vendors/chart.js/Chart.min.js HTTP/1.1[0m" 304 -
127.0.0.1 - - [27/Nov/2023 11:08:13] "[33mGET /static/fonts/Roboto/Roboto-Light.woff2 HTTP/1.1[0m" 404 -
127.0.0.1 - - [27/Nov/2023 11:08:13] "[33mGET /static/fonts/Roboto/Roboto-Regular.woff2 HTTP/1.1[0m" 404 -
127.0.0.1 - - [27/Nov/2023 11:08:14] "[33mGET /static/fonts/Roboto/Roboto-Light.woff HTTP/1.1[0m" 404 -
127.0.0.1 - - [27/Nov/2023 11:08:14] "[33mGET /static/fonts/Roboto/Roboto-Regular.woff HTTP/1.1[0m" 404 -
127.0.0.1 - - [27/Nov/2023 11:08:14] "[33mGET /static/fonts/Roboto/Roboto-Light.ttf HTTP/1.1[0m" 404 -
127.0.0.1 - - [27/Nov/2023 11:08:14] "[33mGET /static/fonts/Roboto/Roboto-Regular.ttf HTTP/1.1[0m" 404 -
127.0.0.1 - - [27/Nov/2023 11:08:42] "GET /dettagliSensore?idsensore=655b97834dd3a2f4de412441 HTTP/1.1" 200 -
127.0.0.1 - - [27/Nov/2023 11:08:42] "[36mGET /static/vendors/typicons.font/font/typicons.css HTTP/1.1[0m" 304 -
127.0.0.1 - - [27/Nov/2023 11:08:42] "[36mGET /static/vendors/css/vendor.bundle.base.css HTTP/1.1[0m" 304 -
127.0.0.1 - - [27/Nov/2023 11:08:42] "[36mGET /static/css/vertical-layout-light/style.css HTTP/1.1[0m" 304 -
127.0.0.1 - - [27/Nov/2023 11:08:42] "[36mGET /static/images/enia.png HTTP/1.1[0m" 304 -
127.0.0.1 - - [27/Nov/2023 11:08:42] "[36mGET /static/vendors/js/vendor.bundle.base.js HTTP/1.1[0m" 304 -
127.0.0.1 - - [27/Nov/2023 11:08:42] "[36mGET /static/js/off-canvas.js HTTP/1.1[0m" 304 -
127.0.0.1 - - [27/Nov/2023 11:08:42] "[36mGET /static/js/hoverable-collapse.js HTTP/1.1[0m" 304 -
127.0.0.1 - - [27/Nov/2023 11:08:42] "[36mGET /static/js/template.js HTTP/1.1[0m" 304 -
127.0.0.1 - - [27/Nov/2023 11:08:43] "[36mGET /static/vendors/typicons.font/font/typicons.woff HTTP/1.1[0m" 304 -
127.0.0.1 - - [27/Nov/2023 11:08:43] "[33mGET /static/fonts/Roboto/Roboto-Light.woff2 HTTP/1.1[0m" 404 -
127.0.0.1 - - [27/Nov/2023 11:08:43] "[33mGET /static/fonts/Roboto/Roboto-Regular.woff2 HTTP/1.1[0m" 404 -
127.0.0.1 - - [27/Nov/2023 11:08:43] "[33mGET /static/fonts/Roboto/Roboto-Bold.woff2 HTTP/1.1[0m" 404 -
127.0.0.1 - - [27/Nov/2023 11:08:43] "[33mGET /static/fonts/Roboto/Roboto-Light.woff HTTP/1.1[0m" 404 -
127.0.0.1 - - [27/Nov/2023 11:08:43] "[33mGET /static/fonts/Roboto/Roboto-Regular.woff HTTP/1.1[0m" 404 -
127.0.0.1 - - [27/Nov/2023 11:08:43] "[33mGET /static/fonts/Roboto/Roboto-Bold.woff HTTP/1.1[0m" 404 -
127.0.0.1 - - [27/Nov/2023 11:08:43] "[33mGET /static/fonts/Roboto/Roboto-Light.ttf HTTP/1.1[0m" 404 -
127.0.0.1 - - [27/Nov/2023 11:08:43] "[33mGET /static/fonts/Roboto/Roboto-Regular.ttf HTTP/1.1[0m" 404 -
127.0.0.1 - - [27/Nov/2023 11:08:43] "[33mGET /static/fonts/Roboto/Roboto-Bold.ttf HTTP/1.1[0m" 404 -
127.0.0.1 - - [27/Nov/2023 11:08:43] "[36mGET /static/js/settings.js HTTP/1.1[0m" 304 -
127.0.0.1 - - [27/Nov/2023 11:08:43] "[36mGET /static/js/todolist.js HTTP/1.1[0m" 304 -
127.0.0.1 - - [27/Nov/2023 11:08:43] "[36mGET /static/vendors/progressbar.js/progressbar.min.js HTTP/1.1[0m" 304 -
127.0.0.1 - - [27/Nov/2023 11:08:43] "[36mGET /static/vendors/chart.js/Chart.min.js HTTP/1.1[0m" 304 -
127.0.0.1 - - [27/Nov/2023 11:12:31] "[33mGET /static/fonts/Roboto/Roboto-Regular.woff HTTP/1.1[0m" 404 -
127.0.0.1 - - [27/Nov/2023 11:12:38] "GET /dettagliSensore?idsensore=655b5adfe73d643141c4602b HTTP/1.1" 200 -
127.0.0.1 - - [27/Nov/2023 11:12:38] "[36mGET /static/vendors/typicons.font/font/typicons.css HTTP/1.1[0m" 304 -
127.0.0.1 - - [27/Nov/2023 11:12:38] "[36mGET /static/vendors/css/vendor.bundle.base.css HTTP/1.1[0m" 304 -
127.0.0.1 - - [27/Nov/2023 11:12:39] "[36mGET /static/css/vertical-layout-light/style.css HTTP/1.1[0m" 304 -
127.0.0.1 - - [27/Nov/2023 11:12:39] "[36mGET /static/images/enia.png HTTP/1.1[0m" 304 -
127.0.0.1 - - [27/Nov/2023 11:12:39] "[36mGET /static/vendors/js/vendor.bundle.base.js HTTP/1.1[0m" 304 -
127.0.0.1 - - [27/Nov/2023 11:12:39] "[36mGET /static/js/hoverable-collapse.js HTTP/1.1[0m" 304 -
127.0.0.1 - - [27/Nov/2023 11:12:39] "[36mGET /static/js/off-canvas.js HTTP/1.1[0m" 304 -
127.0.0.1 - - [27/Nov/2023 11:12:39] "[36mGET /static/js/template.js HTTP/1.1[0m" 304 -
127.0.0.1 - - [27/Nov/2023 11:12:39] "[33mGET /static/fonts/Roboto/Roboto-Bold.woff2 HTTP/1.1[0m" 404 -
127.0.0.1 - - [27/Nov/2023 11:12:39] "[33mGET /static/fonts/Roboto/Roboto-Light.woff2 HTTP/1.1[0m" 404 -
127.0.0.1 - - [27/Nov/2023 11:12:39] "[33mGET /static/fonts/Roboto/Roboto-Regular.woff2 HTTP/1.1[0m" 404 -
127.0.0.1 - - [27/Nov/2023 11:12:39] "[36mGET /static/js/settings.js HTTP/1.1[0m" 304 -
127.0.0.1 - - [27/Nov/2023 11:12:39] "[33mGET /static/fonts/Roboto/Roboto-Bold.woff HTTP/1.1[0m" 404 -
127.0.0.1 - - [27/Nov/2023 11:12:39] "[33mGET /static/fonts/Roboto/Roboto-Light.woff HTTP/1.1[0m" 404 -
127.0.0.1 - - [27/Nov/2023 11:12:39] "[33mGET /static/fonts/Roboto/Roboto-Regular.woff HTTP/1.1[0m" 404 -
127.0.0.1 - - [27/Nov/2023 11:12:39] "[33mGET /static/fonts/Roboto/Roboto-Bold.ttf HTTP/1.1[0m" 404 -
127.0.0.1 - - [27/Nov/2023 11:12:39] "[36mGET /static/js/todolist.js HTTP/1.1[0m" 304 -
127.0.0.1 - - [27/Nov/2023 11:12:39] "[33mGET /static/fonts/Roboto/Roboto-Light.ttf HTTP/1.1[0m" 404 -
127.0.0.1 - - [27/Nov/2023 11:12:39] "[33mGET /static/fonts/Roboto/Roboto-Regular.ttf HTTP/1.1[0m" 404 -
127.0.0.1 - - [27/Nov/2023 11:12:40] "[36mGET /static/vendors/progressbar.js/progressbar.min.js HTTP/1.1[0m" 304 -
127.0.0.1 - - [27/Nov/2023 11:12:40] "[36mGET /static/vendors/chart.js/Chart.min.js HTTP/1.1[0m" 304 -
127.0.0.1 - - [27/Nov/2023 11:13:21] "GET /dettagliSensore?idsensore=655b97834dd3a2f4de412441 HTTP/1.1" 200 -
127.0.0.1 - - [27/Nov/2023 11:13:21] "[36mGET /static/vendors/typicons.font/font/typicons.css HTTP/1.1[0m" 304 -
127.0.0.1 - - [27/Nov/2023 11:13:21] "[36mGET /static/css/vertical-layout-light/style.css HTTP/1.1[0m" 304 -
127.0.0.1 - - [27/Nov/2023 11:13:21] "[36mGET /static/vendors/css/vendor.bundle.base.css HTTP/1.1[0m" 304 -
127.0.0.1 - - [27/Nov/2023 11:13:21] "[36mGET /static/images/enia.png HTTP/1.1[0m" 304 -
127.0.0.1 - - [27/Nov/2023 11:13:21] "[36mGET /static/vendors/js/vendor.bundle.base.js HTTP/1.1[0m" 304 -
127.0.0.1 - - [27/Nov/2023 11:13:21] "[36mGET /static/js/off-canvas.js HTTP/1.1[0m" 304 -
127.0.0.1 - - [27/Nov/2023 11:13:21] "[36mGET /static/js/hoverable-collapse.js HTTP/1.1[0m" 304 -
127.0.0.1 - - [27/Nov/2023 11:13:21] "[36mGET /static/js/template.js HTTP/1.1[0m" 304 -
127.0.0.1 - - [27/Nov/2023 11:13:21] "[36mGET /static/js/settings.js HTTP/1.1[0m" 304 -
127.0.0.1 - - [27/Nov/2023 11:13:21] "[33mGET /static/fonts/Roboto/Roboto-Regular.woff2 HTTP/1.1[0m" 404 -
127.0.0.1 - - [27/Nov/2023 11:13:21] "[33mGET /static/fonts/Roboto/Roboto-Light.woff2 HTTP/1.1[0m" 404 -
127.0.0.1 - - [27/Nov/2023 11:13:21] "[33mGET /static/fonts/Roboto/Roboto-Bold.woff2 HTTP/1.1[0m" 404 -
127.0.0.1 - - [27/Nov/2023 11:13:22] "[33mGET /static/fonts/Roboto/Roboto-Regular.woff HTTP/1.1[0m" 404 -
127.0.0.1 - - [27/Nov/2023 11:13:22] "[33mGET /static/fonts/Roboto/Roboto-Bold.woff HTTP/1.1[0m" 404 -
127.0.0.1 - - [27/Nov/2023 11:13:22] "[33mGET /static/fonts/Roboto/Roboto-Light.woff HTTP/1.1[0m" 404 -
127.0.0.1 - - [27/Nov/2023 11:13:22] "[36mGET /static/js/todolist.js HTTP/1.1[0m" 304 -
127.0.0.1 - - [27/Nov/2023 11:13:22] "[33mGET /static/fonts/Roboto/Roboto-Regular.ttf HTTP/1.1[0m" 404 -
127.0.0.1 - - [27/Nov/2023 11:13:22] "[36mGET /static/vendors/progressbar.js/progressbar.min.js HTTP/1.1[0m" 304 -
127.0.0.1 - - [27/Nov/2023 11:13:22] "[33mGET /static/fonts/Roboto/Roboto-Bold.ttf HTTP/1.1[0m" 404 -
127.0.0.1 - - [27/Nov/2023 11:13:22] "[36mGET /static/vendors/chart.js/Chart.min.js HTTP/1.1[0m" 304 -
127.0.0.1 - - [27/Nov/2023 11:13:22] "[33mGET /static/fonts/Roboto/Roboto-Light.ttf HTTP/1.1[0m" 404 -
[31m[1mWARNING: This is a development server. Do not use it in a production deployment. Use a production WSGI server instead.[0m
 * Running on http://localhost:5000
[33mPress CTRL+C to quit[0m
 * Restarting with stat
 * Debugger is active!
 * Debugger PIN: 523-329-823
127.0.0.1 - - [30/Nov/2023 14:58:53] "GET / HTTP/1.1" 200 -
127.0.0.1 - - [30/Nov/2023 14:58:53] "[36mGET /static/css/home.css HTTP/1.1[0m" 304 -
127.0.0.1 - - [30/Nov/2023 14:58:55] "[33mGET /static/images/top.ico HTTP/1.1[0m" 404 -
127.0.0.1 - - [30/Nov/2023 14:58:59] "[33mGET /test HTTP/1.1[0m" 404 -
127.0.0.1 - - [30/Nov/2023 14:58:59] "GET /static/css/custom_error.css HTTP/1.1" 200 -
127.0.0.1 - - [30/Nov/2023 14:58:59] "GET /static/images/backToTheHomepage.png HTTP/1.1" 200 -
127.0.0.1 - - [30/Nov/2023 14:58:59] "GET /static/images/Delorean.png HTTP/1.1" 200 -
 * Detected change in 'c:\\Users\\gerar\\Clone git\\Tirocinio\\Tirocinio\\src\\main_route.py', reloading
 * Restarting with stat
 * Debugger is active!
 * Debugger PIN: 523-329-823
127.0.0.1 - - [30/Nov/2023 14:59:22] "GET /test HTTP/1.1" 200 -
127.0.0.1 - - [30/Nov/2023 14:59:22] "[33mGET /static/css/form.css HTTP/1.1[0m" 404 -
127.0.0.1 - - [30/Nov/2023 14:59:22] "[33mGET /static/css/main.css HTTP/1.1[0m" 404 -
127.0.0.1 - - [30/Nov/2023 14:59:22] "[33mGET /static/javascript/main.js HTTP/1.1[0m" 404 -
127.0.0.1 - - [30/Nov/2023 15:00:36] "[35m[1mGET /test HTTP/1.1[0m" 500 -
127.0.0.1 - - [30/Nov/2023 15:00:36] "GET /test?__debugger__=yes&cmd=resource&f=style.css HTTP/1.1" 200 -
127.0.0.1 - - [30/Nov/2023 15:00:36] "GET /test?__debugger__=yes&cmd=resource&f=debugger.js HTTP/1.1" 200 -
127.0.0.1 - - [30/Nov/2023 15:00:37] "GET /test?__debugger__=yes&cmd=resource&f=console.png HTTP/1.1" 200 -
127.0.0.1 - - [30/Nov/2023 15:00:37] "[36mGET /test?__debugger__=yes&cmd=resource&f=console.png HTTP/1.1[0m" 304 -
127.0.0.1 - - [30/Nov/2023 15:02:28] "[35m[1mGET /test HTTP/1.1[0m" 500 -
127.0.0.1 - - [30/Nov/2023 15:02:28] "[36mGET /test?__debugger__=yes&cmd=resource&f=style.css HTTP/1.1[0m" 304 -
127.0.0.1 - - [30/Nov/2023 15:02:28] "[36mGET /test?__debugger__=yes&cmd=resource&f=debugger.js HTTP/1.1[0m" 304 -
127.0.0.1 - - [30/Nov/2023 15:02:28] "[36mGET /test?__debugger__=yes&cmd=resource&f=console.png HTTP/1.1[0m" 304 -
127.0.0.1 - - [30/Nov/2023 15:02:29] "[36mGET /test?__debugger__=yes&cmd=resource&f=console.png HTTP/1.1[0m" 304 -
127.0.0.1 - - [30/Nov/2023 15:03:22] "GET /test HTTP/1.1" 200 -
127.0.0.1 - - [30/Nov/2023 15:03:22] "[36mGET /static/vendors/typicons.font/font/typicons.css HTTP/1.1[0m" 304 -
127.0.0.1 - - [30/Nov/2023 15:03:22] "[36mGET /static/images/enia.png HTTP/1.1[0m" 304 -
127.0.0.1 - - [30/Nov/2023 15:03:22] "[36mGET /static/vendors/css/vendor.bundle.base.css HTTP/1.1[0m" 304 -
127.0.0.1 - - [30/Nov/2023 15:03:22] "[36mGET /static/css/vertical-layout-light/style.css HTTP/1.1[0m" 304 -
127.0.0.1 - - [30/Nov/2023 15:03:22] "[36mGET /static/js/off-canvas.js HTTP/1.1[0m" 304 -
127.0.0.1 - - [30/Nov/2023 15:03:22] "[36mGET /static/vendors/js/vendor.bundle.base.js HTTP/1.1[0m" 304 -
127.0.0.1 - - [30/Nov/2023 15:03:22] "[36mGET /static/vendors/typicons.font/font/typicons.woff HTTP/1.1[0m" 304 -
127.0.0.1 - - [30/Nov/2023 15:03:22] "[33mGET /static/fonts/Roboto/Roboto-Bold.woff2 HTTP/1.1[0m" 404 -
127.0.0.1 - - [30/Nov/2023 15:03:22] "[33mGET /static/fonts/Roboto/Roboto-Light.woff2 HTTP/1.1[0m" 404 -
127.0.0.1 - - [30/Nov/2023 15:03:22] "[33mGET /static/fonts/Roboto/Roboto-Regular.woff2 HTTP/1.1[0m" 404 -
127.0.0.1 - - [30/Nov/2023 15:03:22] "[33mGET /static/fonts/Roboto/Roboto-Bold.woff HTTP/1.1[0m" 404 -
127.0.0.1 - - [30/Nov/2023 15:03:22] "[33mGET /static/fonts/Roboto/Roboto-Light.woff HTTP/1.1[0m" 404 -
127.0.0.1 - - [30/Nov/2023 15:03:23] "[33mGET /static/fonts/Roboto/Roboto-Regular.woff HTTP/1.1[0m" 404 -
127.0.0.1 - - [30/Nov/2023 15:03:23] "[33mGET /static/fonts/Roboto/Roboto-Bold.ttf HTTP/1.1[0m" 404 -
127.0.0.1 - - [30/Nov/2023 15:03:23] "[33mGET /static/fonts/Roboto/Roboto-Light.ttf HTTP/1.1[0m" 404 -
127.0.0.1 - - [30/Nov/2023 15:03:23] "[33mGET /static/fonts/Roboto/Roboto-Regular.ttf HTTP/1.1[0m" 404 -
127.0.0.1 - - [30/Nov/2023 15:03:23] "[36mGET /static/js/hoverable-collapse.js HTTP/1.1[0m" 304 -
127.0.0.1 - - [30/Nov/2023 15:03:23] "[36mGET /static/js/template.js HTTP/1.1[0m" 304 -
127.0.0.1 - - [30/Nov/2023 15:03:23] "[36mGET /static/js/settings.js HTTP/1.1[0m" 304 -
127.0.0.1 - - [30/Nov/2023 15:03:23] "[36mGET /static/js/todolist.js HTTP/1.1[0m" 304 -
127.0.0.1 - - [30/Nov/2023 15:03:23] "[36mGET /static/vendors/progressbar.js/progressbar.min.js HTTP/1.1[0m" 304 -
127.0.0.1 - - [30/Nov/2023 15:03:23] "[36mGET /static/vendors/chart.js/Chart.min.js HTTP/1.1[0m" 304 -
127.0.0.1 - - [30/Nov/2023 15:03:24] "[36mGET /static/images/enia.png HTTP/1.1[0m" 304 -
127.0.0.1 - - [30/Nov/2023 15:06:09] "GET /test HTTP/1.1" 200 -
127.0.0.1 - - [30/Nov/2023 15:06:09] "[36mGET /static/vendors/typicons.font/font/typicons.css HTTP/1.1[0m" 304 -
127.0.0.1 - - [30/Nov/2023 15:06:09] "[36mGET /static/vendors/css/vendor.bundle.base.css HTTP/1.1[0m" 304 -
127.0.0.1 - - [30/Nov/2023 15:06:09] "[36mGET /static/css/vertical-layout-light/style.css HTTP/1.1[0m" 304 -
127.0.0.1 - - [30/Nov/2023 15:06:09] "[36mGET /static/images/enia.png HTTP/1.1[0m" 304 -
127.0.0.1 - - [30/Nov/2023 15:06:09] "[36mGET /static/vendors/js/vendor.bundle.base.js HTTP/1.1[0m" 304 -
127.0.0.1 - - [30/Nov/2023 15:06:09] "[33mGET /static/fonts/Roboto/Roboto-Bold.woff2 HTTP/1.1[0m" 404 -
127.0.0.1 - - [30/Nov/2023 15:06:09] "[33mGET /static/fonts/Roboto/Roboto-Light.woff2 HTTP/1.1[0m" 404 -
127.0.0.1 - - [30/Nov/2023 15:06:09] "[36mGET /static/vendors/typicons.font/font/typicons.woff HTTP/1.1[0m" 304 -
127.0.0.1 - - [30/Nov/2023 15:06:09] "[33mGET /static/fonts/Roboto/Roboto-Regular.woff2 HTTP/1.1[0m" 404 -
127.0.0.1 - - [30/Nov/2023 15:06:09] "[33mGET /static/fonts/Roboto/Roboto-Bold.woff HTTP/1.1[0m" 404 -
127.0.0.1 - - [30/Nov/2023 15:06:09] "[33mGET /static/fonts/Roboto/Roboto-Light.woff HTTP/1.1[0m" 404 -
127.0.0.1 - - [30/Nov/2023 15:06:10] "[33mGET /static/fonts/Roboto/Roboto-Regular.woff HTTP/1.1[0m" 404 -
127.0.0.1 - - [30/Nov/2023 15:06:10] "[33mGET /static/fonts/Roboto/Roboto-Bold.ttf HTTP/1.1[0m" 404 -
127.0.0.1 - - [30/Nov/2023 15:06:10] "[33mGET /static/fonts/Roboto/Roboto-Light.ttf HTTP/1.1[0m" 404 -
127.0.0.1 - - [30/Nov/2023 15:06:10] "[33mGET /static/fonts/Roboto/Roboto-Regular.ttf HTTP/1.1[0m" 404 -
127.0.0.1 - - [30/Nov/2023 15:06:10] "[36mGET /static/js/off-canvas.js HTTP/1.1[0m" 304 -
127.0.0.1 - - [30/Nov/2023 15:06:10] "[36mGET /static/js/hoverable-collapse.js HTTP/1.1[0m" 304 -
127.0.0.1 - - [30/Nov/2023 15:06:10] "[36mGET /static/js/settings.js HTTP/1.1[0m" 304 -
127.0.0.1 - - [30/Nov/2023 15:06:10] "[36mGET /static/js/template.js HTTP/1.1[0m" 304 -
127.0.0.1 - - [30/Nov/2023 15:06:10] "[36mGET /static/js/todolist.js HTTP/1.1[0m" 304 -
127.0.0.1 - - [30/Nov/2023 15:06:10] "[36mGET /static/vendors/progressbar.js/progressbar.min.js HTTP/1.1[0m" 304 -
127.0.0.1 - - [30/Nov/2023 15:06:10] "[36mGET /static/vendors/chart.js/Chart.min.js HTTP/1.1[0m" 304 -
127.0.0.1 - - [30/Nov/2023 15:06:11] "[36mGET /static/images/enia.png HTTP/1.1[0m" 304 -
127.0.0.1 - - [30/Nov/2023 15:07:48] "GET /test HTTP/1.1" 200 -
127.0.0.1 - - [30/Nov/2023 15:07:48] "[36mGET /static/vendors/typicons.font/font/typicons.css HTTP/1.1[0m" 304 -
127.0.0.1 - - [30/Nov/2023 15:07:48] "[36mGET /static/vendors/css/vendor.bundle.base.css HTTP/1.1[0m" 304 -
127.0.0.1 - - [30/Nov/2023 15:07:49] "[36mGET /static/css/vertical-layout-light/style.css HTTP/1.1[0m" 304 -
127.0.0.1 - - [30/Nov/2023 15:07:49] "[36mGET /static/vendors/js/vendor.bundle.base.js HTTP/1.1[0m" 304 -
127.0.0.1 - - [30/Nov/2023 15:07:49] "[36mGET /static/images/enia.png HTTP/1.1[0m" 304 -
127.0.0.1 - - [30/Nov/2023 15:07:49] "[36mGET /static/js/off-canvas.js HTTP/1.1[0m" 304 -
127.0.0.1 - - [30/Nov/2023 15:07:49] "[36mGET /static/js/hoverable-collapse.js HTTP/1.1[0m" 304 -
127.0.0.1 - - [30/Nov/2023 15:07:49] "[36mGET /static/js/settings.js HTTP/1.1[0m" 304 -
127.0.0.1 - - [30/Nov/2023 15:07:49] "[36mGET /static/js/todolist.js HTTP/1.1[0m" 304 -
127.0.0.1 - - [30/Nov/2023 15:07:49] "[36mGET /static/vendors/progressbar.js/progressbar.min.js HTTP/1.1[0m" 304 -
127.0.0.1 - - [30/Nov/2023 15:07:49] "[36mGET /static/js/template.js HTTP/1.1[0m" 304 -
127.0.0.1 - - [30/Nov/2023 15:07:49] "[36mGET /static/vendors/chart.js/Chart.min.js HTTP/1.1[0m" 304 -
127.0.0.1 - - [30/Nov/2023 15:07:49] "[33mGET /static/fonts/Roboto/Roboto-Bold.woff2 HTTP/1.1[0m" 404 -
127.0.0.1 - - [30/Nov/2023 15:07:49] "[33mGET /static/fonts/Roboto/Roboto-Light.woff2 HTTP/1.1[0m" 404 -
127.0.0.1 - - [30/Nov/2023 15:07:49] "[33mGET /static/fonts/Roboto/Roboto-Regular.woff2 HTTP/1.1[0m" 404 -
127.0.0.1 - - [30/Nov/2023 15:07:49] "[36mGET /static/vendors/typicons.font/font/typicons.woff HTTP/1.1[0m" 304 -
127.0.0.1 - - [30/Nov/2023 15:07:50] "[33mGET /static/fonts/Roboto/Roboto-Bold.woff HTTP/1.1[0m" 404 -
127.0.0.1 - - [30/Nov/2023 15:07:50] "[33mGET /static/fonts/Roboto/Roboto-Light.woff HTTP/1.1[0m" 404 -
127.0.0.1 - - [30/Nov/2023 15:07:50] "[33mGET /static/fonts/Roboto/Roboto-Regular.woff HTTP/1.1[0m" 404 -
127.0.0.1 - - [30/Nov/2023 15:07:50] "[33mGET /static/fonts/Roboto/Roboto-Bold.ttf HTTP/1.1[0m" 404 -
127.0.0.1 - - [30/Nov/2023 15:07:50] "[33mGET /static/fonts/Roboto/Roboto-Light.ttf HTTP/1.1[0m" 404 -
127.0.0.1 - - [30/Nov/2023 15:07:50] "[33mGET /static/fonts/Roboto/Roboto-Regular.ttf HTTP/1.1[0m" 404 -
127.0.0.1 - - [30/Nov/2023 15:07:50] "[36mGET /static/images/enia.png HTTP/1.1[0m" 304 -
127.0.0.1 - - [30/Nov/2023 15:08:14] "GET /test HTTP/1.1" 200 -
127.0.0.1 - - [30/Nov/2023 15:08:14] "[36mGET /static/vendors/typicons.font/font/typicons.css HTTP/1.1[0m" 304 -
127.0.0.1 - - [30/Nov/2023 15:08:14] "[36mGET /static/vendors/css/vendor.bundle.base.css HTTP/1.1[0m" 304 -
127.0.0.1 - - [30/Nov/2023 15:08:15] "[36mGET /static/css/vertical-layout-light/style.css HTTP/1.1[0m" 304 -
127.0.0.1 - - [30/Nov/2023 15:08:15] "[36mGET /static/images/enia.png HTTP/1.1[0m" 304 -
127.0.0.1 - - [30/Nov/2023 15:08:15] "[36mGET /static/vendors/js/vendor.bundle.base.js HTTP/1.1[0m" 304 -
127.0.0.1 - - [30/Nov/2023 15:08:15] "[36mGET /static/js/off-canvas.js HTTP/1.1[0m" 304 -
127.0.0.1 - - [30/Nov/2023 15:08:15] "[36mGET /static/js/hoverable-collapse.js HTTP/1.1[0m" 304 -
127.0.0.1 - - [30/Nov/2023 15:08:15] "[36mGET /static/js/settings.js HTTP/1.1[0m" 304 -
127.0.0.1 - - [30/Nov/2023 15:08:15] "[36mGET /static/js/todolist.js HTTP/1.1[0m" 304 -
127.0.0.1 - - [30/Nov/2023 15:08:15] "[36mGET /static/vendors/progressbar.js/progressbar.min.js HTTP/1.1[0m" 304 -
127.0.0.1 - - [30/Nov/2023 15:08:15] "[36mGET /static/js/template.js HTTP/1.1[0m" 304 -
127.0.0.1 - - [30/Nov/2023 15:08:15] "[36mGET /static/vendors/chart.js/Chart.min.js HTTP/1.1[0m" 304 -
127.0.0.1 - - [30/Nov/2023 15:08:15] "[33mGET /static/fonts/Roboto/Roboto-Bold.woff2 HTTP/1.1[0m" 404 -
127.0.0.1 - - [30/Nov/2023 15:08:15] "[33mGET /static/fonts/Roboto/Roboto-Light.woff2 HTTP/1.1[0m" 404 -
127.0.0.1 - - [30/Nov/2023 15:08:15] "[36mGET /static/vendors/typicons.font/font/typicons.woff HTTP/1.1[0m" 304 -
127.0.0.1 - - [30/Nov/2023 15:08:15] "[33mGET /static/fonts/Roboto/Roboto-Regular.woff2 HTTP/1.1[0m" 404 -
127.0.0.1 - - [30/Nov/2023 15:08:16] "[33mGET /static/fonts/Roboto/Roboto-Bold.woff HTTP/1.1[0m" 404 -
127.0.0.1 - - [30/Nov/2023 15:08:16] "[33mGET /static/fonts/Roboto/Roboto-Light.woff HTTP/1.1[0m" 404 -
127.0.0.1 - - [30/Nov/2023 15:08:16] "[33mGET /static/fonts/Roboto/Roboto-Regular.woff HTTP/1.1[0m" 404 -
127.0.0.1 - - [30/Nov/2023 15:08:16] "[33mGET /static/fonts/Roboto/Roboto-Bold.ttf HTTP/1.1[0m" 404 -
127.0.0.1 - - [30/Nov/2023 15:08:16] "[33mGET /static/fonts/Roboto/Roboto-Light.ttf HTTP/1.1[0m" 404 -
127.0.0.1 - - [30/Nov/2023 15:08:16] "[33mGET /static/fonts/Roboto/Roboto-Regular.ttf HTTP/1.1[0m" 404 -
127.0.0.1 - - [30/Nov/2023 15:08:16] "[36mGET /static/images/enia.png HTTP/1.1[0m" 304 -
127.0.0.1 - - [30/Nov/2023 15:10:24] "GET /test HTTP/1.1" 200 -
127.0.0.1 - - [30/Nov/2023 15:10:24] "[36mGET /static/vendors/typicons.font/font/typicons.css HTTP/1.1[0m" 304 -
127.0.0.1 - - [30/Nov/2023 15:10:24] "[36mGET /static/vendors/css/vendor.bundle.base.css HTTP/1.1[0m" 304 -
127.0.0.1 - - [30/Nov/2023 15:10:24] "[36mGET /static/css/vertical-layout-light/style.css HTTP/1.1[0m" 304 -
127.0.0.1 - - [30/Nov/2023 15:10:24] "[36mGET /static/images/enia.png HTTP/1.1[0m" 304 -
127.0.0.1 - - [30/Nov/2023 15:10:24] "[36mGET /static/vendors/js/vendor.bundle.base.js HTTP/1.1[0m" 304 -
127.0.0.1 - - [30/Nov/2023 15:10:24] "[36mGET /static/js/off-canvas.js HTTP/1.1[0m" 304 -
127.0.0.1 - - [30/Nov/2023 15:10:24] "[36mGET /static/js/hoverable-collapse.js HTTP/1.1[0m" 304 -
127.0.0.1 - - [30/Nov/2023 15:10:24] "[36mGET /static/vendors/typicons.font/font/typicons.woff HTTP/1.1[0m" 304 -
127.0.0.1 - - [30/Nov/2023 15:10:24] "[33mGET /static/fonts/Roboto/Roboto-Bold.woff2 HTTP/1.1[0m" 404 -
127.0.0.1 - - [30/Nov/2023 15:10:24] "[33mGET /static/fonts/Roboto/Roboto-Light.woff2 HTTP/1.1[0m" 404 -
127.0.0.1 - - [30/Nov/2023 15:10:24] "[33mGET /static/fonts/Roboto/Roboto-Regular.woff2 HTTP/1.1[0m" 404 -
127.0.0.1 - - [30/Nov/2023 15:10:24] "[33mGET /static/fonts/Roboto/Roboto-Bold.woff HTTP/1.1[0m" 404 -
127.0.0.1 - - [30/Nov/2023 15:10:24] "[33mGET /static/fonts/Roboto/Roboto-Light.woff HTTP/1.1[0m" 404 -
127.0.0.1 - - [30/Nov/2023 15:10:25] "[33mGET /static/fonts/Roboto/Roboto-Regular.woff HTTP/1.1[0m" 404 -
127.0.0.1 - - [30/Nov/2023 15:10:25] "[33mGET /static/fonts/Roboto/Roboto-Bold.ttf HTTP/1.1[0m" 404 -
127.0.0.1 - - [30/Nov/2023 15:10:25] "[33mGET /static/fonts/Roboto/Roboto-Light.ttf HTTP/1.1[0m" 404 -
127.0.0.1 - - [30/Nov/2023 15:10:25] "[33mGET /static/fonts/Roboto/Roboto-Regular.ttf HTTP/1.1[0m" 404 -
127.0.0.1 - - [30/Nov/2023 15:10:25] "[36mGET /static/js/template.js HTTP/1.1[0m" 304 -
127.0.0.1 - - [30/Nov/2023 15:10:25] "[36mGET /static/js/settings.js HTTP/1.1[0m" 304 -
127.0.0.1 - - [30/Nov/2023 15:10:25] "[36mGET /static/js/todolist.js HTTP/1.1[0m" 304 -
127.0.0.1 - - [30/Nov/2023 15:10:25] "[36mGET /static/vendors/progressbar.js/progressbar.min.js HTTP/1.1[0m" 304 -
127.0.0.1 - - [30/Nov/2023 15:10:25] "[36mGET /static/vendors/chart.js/Chart.min.js HTTP/1.1[0m" 304 -
127.0.0.1 - - [30/Nov/2023 15:10:25] "[36mGET /static/images/enia.png HTTP/1.1[0m" 304 -
127.0.0.1 - - [30/Nov/2023 15:12:33] "GET /test HTTP/1.1" 200 -
127.0.0.1 - - [30/Nov/2023 15:12:33] "[36mGET /static/vendors/typicons.font/font/typicons.css HTTP/1.1[0m" 304 -
127.0.0.1 - - [30/Nov/2023 15:12:33] "[36mGET /static/vendors/css/vendor.bundle.base.css HTTP/1.1[0m" 304 -
127.0.0.1 - - [30/Nov/2023 15:12:33] "[36mGET /static/css/vertical-layout-light/style.css HTTP/1.1[0m" 304 -
127.0.0.1 - - [30/Nov/2023 15:12:33] "[36mGET /static/images/enia.png HTTP/1.1[0m" 304 -
127.0.0.1 - - [30/Nov/2023 15:12:33] "[36mGET /static/vendors/js/vendor.bundle.base.js HTTP/1.1[0m" 304 -
127.0.0.1 - - [30/Nov/2023 15:12:33] "[36mGET /static/js/off-canvas.js HTTP/1.1[0m" 304 -
127.0.0.1 - - [30/Nov/2023 15:12:33] "[36mGET /static/js/hoverable-collapse.js HTTP/1.1[0m" 304 -
127.0.0.1 - - [30/Nov/2023 15:12:33] "[36mGET /static/vendors/typicons.font/font/typicons.woff HTTP/1.1[0m" 304 -
127.0.0.1 - - [30/Nov/2023 15:12:33] "[33mGET /static/fonts/Roboto/Roboto-Bold.woff2 HTTP/1.1[0m" 404 -
127.0.0.1 - - [30/Nov/2023 15:12:33] "[33mGET /static/fonts/Roboto/Roboto-Light.woff2 HTTP/1.1[0m" 404 -
127.0.0.1 - - [30/Nov/2023 15:12:33] "[33mGET /static/fonts/Roboto/Roboto-Regular.woff2 HTTP/1.1[0m" 404 -
127.0.0.1 - - [30/Nov/2023 15:12:33] "[33mGET /static/fonts/Roboto/Roboto-Bold.woff HTTP/1.1[0m" 404 -
127.0.0.1 - - [30/Nov/2023 15:12:33] "[33mGET /static/fonts/Roboto/Roboto-Light.woff HTTP/1.1[0m" 404 -
127.0.0.1 - - [30/Nov/2023 15:12:33] "[33mGET /static/fonts/Roboto/Roboto-Regular.woff HTTP/1.1[0m" 404 -
127.0.0.1 - - [30/Nov/2023 15:12:34] "[33mGET /static/fonts/Roboto/Roboto-Bold.ttf HTTP/1.1[0m" 404 -
127.0.0.1 - - [30/Nov/2023 15:12:34] "[33mGET /static/fonts/Roboto/Roboto-Light.ttf HTTP/1.1[0m" 404 -
127.0.0.1 - - [30/Nov/2023 15:12:34] "[33mGET /static/fonts/Roboto/Roboto-Regular.ttf HTTP/1.1[0m" 404 -
127.0.0.1 - - [30/Nov/2023 15:12:34] "[36mGET /static/js/template.js HTTP/1.1[0m" 304 -
127.0.0.1 - - [30/Nov/2023 15:12:34] "[36mGET /static/js/settings.js HTTP/1.1[0m" 304 -
127.0.0.1 - - [30/Nov/2023 15:12:34] "[36mGET /static/js/todolist.js HTTP/1.1[0m" 304 -
127.0.0.1 - - [30/Nov/2023 15:12:34] "[36mGET /static/vendors/progressbar.js/progressbar.min.js HTTP/1.1[0m" 304 -
127.0.0.1 - - [30/Nov/2023 15:12:34] "[36mGET /static/vendors/chart.js/Chart.min.js HTTP/1.1[0m" 304 -
127.0.0.1 - - [30/Nov/2023 15:12:34] "[36mGET /static/images/enia.png HTTP/1.1[0m" 304 -
127.0.0.1 - - [30/Nov/2023 15:13:32] "GET /test HTTP/1.1" 200 -
127.0.0.1 - - [30/Nov/2023 15:13:33] "[36mGET /static/vendors/typicons.font/font/typicons.css HTTP/1.1[0m" 304 -
127.0.0.1 - - [30/Nov/2023 15:13:33] "[36mGET /static/css/vertical-layout-light/style.css HTTP/1.1[0m" 304 -
127.0.0.1 - - [30/Nov/2023 15:13:33] "[36mGET /static/images/enia.png HTTP/1.1[0m" 304 -
127.0.0.1 - - [30/Nov/2023 15:13:33] "[36mGET /static/vendors/css/vendor.bundle.base.css HTTP/1.1[0m" 304 -
127.0.0.1 - - [30/Nov/2023 15:13:33] "[36mGET /static/vendors/js/vendor.bundle.base.js HTTP/1.1[0m" 304 -
127.0.0.1 - - [30/Nov/2023 15:13:33] "[36mGET /static/js/off-canvas.js HTTP/1.1[0m" 304 -
127.0.0.1 - - [30/Nov/2023 15:13:33] "[36mGET /static/vendors/typicons.font/font/typicons.woff HTTP/1.1[0m" 304 -
127.0.0.1 - - [30/Nov/2023 15:13:33] "[33mGET /static/fonts/Roboto/Roboto-Bold.woff2 HTTP/1.1[0m" 404 -
127.0.0.1 - - [30/Nov/2023 15:13:33] "[33mGET /static/fonts/Roboto/Roboto-Light.woff2 HTTP/1.1[0m" 404 -
127.0.0.1 - - [30/Nov/2023 15:13:33] "[33mGET /static/fonts/Roboto/Roboto-Regular.woff2 HTTP/1.1[0m" 404 -
127.0.0.1 - - [30/Nov/2023 15:13:33] "[33mGET /static/fonts/Roboto/Roboto-Bold.woff HTTP/1.1[0m" 404 -
127.0.0.1 - - [30/Nov/2023 15:13:33] "[33mGET /static/fonts/Roboto/Roboto-Light.woff HTTP/1.1[0m" 404 -
127.0.0.1 - - [30/Nov/2023 15:13:33] "[33mGET /static/fonts/Roboto/Roboto-Regular.woff HTTP/1.1[0m" 404 -
127.0.0.1 - - [30/Nov/2023 15:13:33] "[33mGET /static/fonts/Roboto/Roboto-Bold.ttf HTTP/1.1[0m" 404 -
127.0.0.1 - - [30/Nov/2023 15:13:33] "[33mGET /static/fonts/Roboto/Roboto-Light.ttf HTTP/1.1[0m" 404 -
127.0.0.1 - - [30/Nov/2023 15:13:34] "[33mGET /static/fonts/Roboto/Roboto-Regular.ttf HTTP/1.1[0m" 404 -
127.0.0.1 - - [30/Nov/2023 15:13:34] "[36mGET /static/js/hoverable-collapse.js HTTP/1.1[0m" 304 -
127.0.0.1 - - [30/Nov/2023 15:13:34] "[36mGET /static/js/template.js HTTP/1.1[0m" 304 -
127.0.0.1 - - [30/Nov/2023 15:13:34] "[36mGET /static/js/settings.js HTTP/1.1[0m" 304 -
127.0.0.1 - - [30/Nov/2023 15:13:34] "[36mGET /static/js/todolist.js HTTP/1.1[0m" 304 -
127.0.0.1 - - [30/Nov/2023 15:13:34] "[36mGET /static/vendors/progressbar.js/progressbar.min.js HTTP/1.1[0m" 304 -
127.0.0.1 - - [30/Nov/2023 15:13:34] "[36mGET /static/vendors/chart.js/Chart.min.js HTTP/1.1[0m" 304 -
127.0.0.1 - - [30/Nov/2023 15:13:34] "[36mGET /static/images/enia.png HTTP/1.1[0m" 304 -
127.0.0.1 - - [30/Nov/2023 15:13:59] "GET /test HTTP/1.1" 200 -
127.0.0.1 - - [30/Nov/2023 15:13:59] "[36mGET /static/vendors/typicons.font/font/typicons.css HTTP/1.1[0m" 304 -
127.0.0.1 - - [30/Nov/2023 15:13:59] "[36mGET /static/vendors/css/vendor.bundle.base.css HTTP/1.1[0m" 304 -
127.0.0.1 - - [30/Nov/2023 15:13:59] "[36mGET /static/css/vertical-layout-light/style.css HTTP/1.1[0m" 304 -
127.0.0.1 - - [30/Nov/2023 15:13:59] "[36mGET /static/vendors/js/vendor.bundle.base.js HTTP/1.1[0m" 304 -
127.0.0.1 - - [30/Nov/2023 15:13:59] "[36mGET /static/js/off-canvas.js HTTP/1.1[0m" 304 -
127.0.0.1 - - [30/Nov/2023 15:13:59] "[36mGET /static/images/enia.png HTTP/1.1[0m" 304 -
127.0.0.1 - - [30/Nov/2023 15:13:59] "[36mGET /static/js/hoverable-collapse.js HTTP/1.1[0m" 304 -
127.0.0.1 - - [30/Nov/2023 15:13:59] "[36mGET /static/js/template.js HTTP/1.1[0m" 304 -
127.0.0.1 - - [30/Nov/2023 15:13:59] "[36mGET /static/js/settings.js HTTP/1.1[0m" 304 -
127.0.0.1 - - [30/Nov/2023 15:14:00] "[36mGET /static/js/todolist.js HTTP/1.1[0m" 304 -
127.0.0.1 - - [30/Nov/2023 15:14:00] "[36mGET /static/vendors/progressbar.js/progressbar.min.js HTTP/1.1[0m" 304 -
127.0.0.1 - - [30/Nov/2023 15:14:00] "[36mGET /static/vendors/chart.js/Chart.min.js HTTP/1.1[0m" 304 -
127.0.0.1 - - [30/Nov/2023 15:14:00] "[36mGET /static/vendors/typicons.font/font/typicons.woff HTTP/1.1[0m" 304 -
127.0.0.1 - - [30/Nov/2023 15:14:00] "[33mGET /static/fonts/Roboto/Roboto-Bold.woff2 HTTP/1.1[0m" 404 -
127.0.0.1 - - [30/Nov/2023 15:14:00] "[33mGET /static/fonts/Roboto/Roboto-Light.woff2 HTTP/1.1[0m" 404 -
127.0.0.1 - - [30/Nov/2023 15:14:00] "[33mGET /static/fonts/Roboto/Roboto-Regular.woff2 HTTP/1.1[0m" 404 -
127.0.0.1 - - [30/Nov/2023 15:14:00] "[33mGET /static/fonts/Roboto/Roboto-Bold.woff HTTP/1.1[0m" 404 -
127.0.0.1 - - [30/Nov/2023 15:14:00] "[33mGET /static/fonts/Roboto/Roboto-Light.woff HTTP/1.1[0m" 404 -
127.0.0.1 - - [30/Nov/2023 15:14:00] "[33mGET /static/fonts/Roboto/Roboto-Regular.woff HTTP/1.1[0m" 404 -
127.0.0.1 - - [30/Nov/2023 15:14:00] "[33mGET /static/fonts/Roboto/Roboto-Bold.ttf HTTP/1.1[0m" 404 -
127.0.0.1 - - [30/Nov/2023 15:14:00] "[33mGET /static/fonts/Roboto/Roboto-Light.ttf HTTP/1.1[0m" 404 -
127.0.0.1 - - [30/Nov/2023 15:14:01] "[33mGET /static/fonts/Roboto/Roboto-Regular.ttf HTTP/1.1[0m" 404 -
127.0.0.1 - - [30/Nov/2023 15:14:01] "[36mGET /static/images/enia.png HTTP/1.1[0m" 304 -
127.0.0.1 - - [30/Nov/2023 16:59:46] "[32mGET /listaSensori HTTP/1.1[0m" 302 -
127.0.0.1 - - [30/Nov/2023 16:59:46] "GET /login?next=%2FlistaSensori HTTP/1.1" 200 -
127.0.0.1 - - [30/Nov/2023 16:59:46] "[36mGET /static/css/auth.css HTTP/1.1[0m" 304 -
127.0.0.1 - - [30/Nov/2023 16:59:46] "[36mGET /static/javascript/auth.js HTTP/1.1[0m" 304 -
127.0.0.1 - - [30/Nov/2023 16:59:57] "[32mGET /listaSensori HTTP/1.1[0m" 302 -
127.0.0.1 - - [30/Nov/2023 16:59:57] "GET /login?next=%2FlistaSensori HTTP/1.1" 200 -
127.0.0.1 - - [30/Nov/2023 16:59:58] "[36mGET /static/css/auth.css HTTP/1.1[0m" 304 -
127.0.0.1 - - [30/Nov/2023 16:59:58] "[36mGET /static/javascript/auth.js HTTP/1.1[0m" 304 -
127.0.0.1 - - [30/Nov/2023 17:00:06] "[32mPOST /login?next=%2FlistaSensori HTTP/1.1[0m" 302 -
127.0.0.1 - - [30/Nov/2023 17:00:07] "GET /listaSensori HTTP/1.1" 200 -
127.0.0.1 - - [30/Nov/2023 17:00:07] "[36mGET /static/css/vertical-layout-light/style.css HTTP/1.1[0m" 304 -
127.0.0.1 - - [30/Nov/2023 17:00:07] "[36mGET /static/images/enia.png HTTP/1.1[0m" 304 -
127.0.0.1 - - [30/Nov/2023 17:00:07] "[36mGET /static/vendors/typicons.font/font/typicons.css HTTP/1.1[0m" 304 -
127.0.0.1 - - [30/Nov/2023 17:00:07] "[36mGET /static/vendors/css/vendor.bundle.base.css HTTP/1.1[0m" 304 -
127.0.0.1 - - [30/Nov/2023 17:00:07] "[36mGET /static/vendors/js/vendor.bundle.base.js HTTP/1.1[0m" 304 -
127.0.0.1 - - [30/Nov/2023 17:00:07] "[36mGET /static/js/off-canvas.js HTTP/1.1[0m" 304 -
127.0.0.1 - - [30/Nov/2023 17:00:08] "[36mGET /static/vendors/typicons.font/font/typicons.woff HTTP/1.1[0m" 304 -
127.0.0.1 - - [30/Nov/2023 17:00:08] "[36mGET /static/js/hoverable-collapse.js HTTP/1.1[0m" 304 -
127.0.0.1 - - [30/Nov/2023 17:00:08] "[36mGET /static/js/template.js HTTP/1.1[0m" 304 -
127.0.0.1 - - [30/Nov/2023 17:00:08] "[36mGET /static/js/settings.js HTTP/1.1[0m" 304 -
127.0.0.1 - - [30/Nov/2023 17:00:08] "[36mGET /static/js/todolist.js HTTP/1.1[0m" 304 -
127.0.0.1 - - [30/Nov/2023 17:00:08] "[36mGET /static/vendors/progressbar.js/progressbar.min.js HTTP/1.1[0m" 304 -
127.0.0.1 - - [30/Nov/2023 17:00:08] "[33mGET /static/fonts/Roboto/Roboto-Bold.woff2 HTTP/1.1[0m" 404 -
127.0.0.1 - - [30/Nov/2023 17:00:08] "[36mGET /static/vendors/chart.js/Chart.min.js HTTP/1.1[0m" 304 -
127.0.0.1 - - [30/Nov/2023 17:00:09] "[33mGET /static/fonts/Roboto/Roboto-Bold.woff HTTP/1.1[0m" 404 -
127.0.0.1 - - [30/Nov/2023 17:00:09] "[33mGET /static/fonts/Roboto/Roboto-Bold.ttf HTTP/1.1[0m" 404 -
127.0.0.1 - - [30/Nov/2023 17:00:11] "[33mGET /static/fonts/Roboto/Roboto-Light.woff2 HTTP/1.1[0m" 404 -
127.0.0.1 - - [30/Nov/2023 17:00:11] "[33mGET /static/fonts/Roboto/Roboto-Regular.woff2 HTTP/1.1[0m" 404 -
127.0.0.1 - - [30/Nov/2023 17:00:11] "[33mGET /static/fonts/Roboto/Roboto-Light.woff HTTP/1.1[0m" 404 -
127.0.0.1 - - [30/Nov/2023 17:00:11] "[33mGET /static/fonts/Roboto/Roboto-Regular.woff HTTP/1.1[0m" 404 -
127.0.0.1 - - [30/Nov/2023 17:00:12] "[33mGET /static/fonts/Roboto/Roboto-Light.ttf HTTP/1.1[0m" 404 -
127.0.0.1 - - [30/Nov/2023 17:00:12] "[33mGET /static/fonts/Roboto/Roboto-Regular.ttf HTTP/1.1[0m" 404 -
127.0.0.1 - - [30/Nov/2023 17:00:22] "GET /dettagliSensore?idsensore=6565d275e454362fa237a8a9 HTTP/1.1" 200 -
127.0.0.1 - - [30/Nov/2023 17:00:22] "[36mGET /static/vendors/typicons.font/font/typicons.css HTTP/1.1[0m" 304 -
127.0.0.1 - - [30/Nov/2023 17:00:22] "[36mGET /static/vendors/css/vendor.bundle.base.css HTTP/1.1[0m" 304 -
127.0.0.1 - - [30/Nov/2023 17:00:22] "[36mGET /static/css/vertical-layout-light/style.css HTTP/1.1[0m" 304 -
127.0.0.1 - - [30/Nov/2023 17:00:22] "[36mGET /static/vendors/js/vendor.bundle.base.js HTTP/1.1[0m" 304 -
127.0.0.1 - - [30/Nov/2023 17:00:22] "[36mGET /static/images/enia.png HTTP/1.1[0m" 304 -
127.0.0.1 - - [30/Nov/2023 17:00:22] "[36mGET /static/vendors/typicons.font/font/typicons.woff HTTP/1.1[0m" 304 -
127.0.0.1 - - [30/Nov/2023 17:00:22] "[36mGET /static/js/off-canvas.js HTTP/1.1[0m" 304 -
127.0.0.1 - - [30/Nov/2023 17:00:23] "[36mGET /static/js/hoverable-collapse.js HTTP/1.1[0m" 304 -
127.0.0.1 - - [30/Nov/2023 17:00:23] "[36mGET /static/js/template.js HTTP/1.1[0m" 304 -
127.0.0.1 - - [30/Nov/2023 17:00:23] "[36mGET /static/js/settings.js HTTP/1.1[0m" 304 -
127.0.0.1 - - [30/Nov/2023 17:00:23] "[33mGET /static/fonts/Roboto/Roboto-Regular.woff2 HTTP/1.1[0m" 404 -
127.0.0.1 - - [30/Nov/2023 17:00:23] "[33mGET /static/fonts/Roboto/Roboto-Light.woff2 HTTP/1.1[0m" 404 -
127.0.0.1 - - [30/Nov/2023 17:00:23] "[33mGET /static/fonts/Roboto/Roboto-Bold.woff2 HTTP/1.1[0m" 404 -
127.0.0.1 - - [30/Nov/2023 17:00:23] "[36mGET /static/vendors/progressbar.js/progressbar.min.js HTTP/1.1[0m" 304 -
127.0.0.1 - - [30/Nov/2023 17:00:23] "[36mGET /static/js/todolist.js HTTP/1.1[0m" 304 -
127.0.0.1 - - [30/Nov/2023 17:00:23] "[33mGET /static/fonts/Roboto/Roboto-Bold.woff HTTP/1.1[0m" 404 -
127.0.0.1 - - [30/Nov/2023 17:00:23] "[33mGET /static/fonts/Roboto/Roboto-Light.woff HTTP/1.1[0m" 404 -
127.0.0.1 - - [30/Nov/2023 17:00:23] "[33mGET /static/fonts/Roboto/Roboto-Regular.woff HTTP/1.1[0m" 404 -
127.0.0.1 - - [30/Nov/2023 17:00:23] "[36mGET /static/vendors/chart.js/Chart.min.js HTTP/1.1[0m" 304 -
127.0.0.1 - - [30/Nov/2023 17:00:24] "[33mGET /static/fonts/Roboto/Roboto-Bold.ttf HTTP/1.1[0m" 404 -
127.0.0.1 - - [30/Nov/2023 17:00:24] "[33mGET /static/fonts/Roboto/Roboto-Light.ttf HTTP/1.1[0m" 404 -
127.0.0.1 - - [30/Nov/2023 17:00:24] "[33mGET /static/fonts/Roboto/Roboto-Regular.ttf HTTP/1.1[0m" 404 -
127.0.0.1 - - [30/Nov/2023 17:08:50] "[33mGET /aggiunta_abbonato HTTP/1.1[0m" 404 -
127.0.0.1 - - [30/Nov/2023 17:08:50] "[36mGET /static/css/custom_error.css HTTP/1.1[0m" 304 -
127.0.0.1 - - [30/Nov/2023 17:08:50] "[36mGET /static/images/backToTheHomepage.png HTTP/1.1[0m" 304 -
127.0.0.1 - - [30/Nov/2023 17:08:50] "[36mGET /static/images/Delorean.png HTTP/1.1[0m" 304 -
127.0.0.1 - - [30/Nov/2023 17:09:04] "GET /test HTTP/1.1" 200 -
127.0.0.1 - - [30/Nov/2023 17:09:04] "[36mGET /static/vendors/typicons.font/font/typicons.css HTTP/1.1[0m" 304 -
127.0.0.1 - - [30/Nov/2023 17:09:04] "[36mGET /static/vendors/css/vendor.bundle.base.css HTTP/1.1[0m" 304 -
127.0.0.1 - - [30/Nov/2023 17:09:05] "[36mGET /static/css/vertical-layout-light/style.css HTTP/1.1[0m" 304 -
127.0.0.1 - - [30/Nov/2023 17:09:05] "[36mGET /static/images/enia.png HTTP/1.1[0m" 304 -
127.0.0.1 - - [30/Nov/2023 17:09:05] "[36mGET /static/vendors/js/vendor.bundle.base.js HTTP/1.1[0m" 304 -
127.0.0.1 - - [30/Nov/2023 17:09:05] "[36mGET /static/js/off-canvas.js HTTP/1.1[0m" 304 -
127.0.0.1 - - [30/Nov/2023 17:09:05] "[36mGET /static/js/hoverable-collapse.js HTTP/1.1[0m" 304 -
127.0.0.1 - - [30/Nov/2023 17:09:05] "[36mGET /static/vendors/typicons.font/font/typicons.woff HTTP/1.1[0m" 304 -
127.0.0.1 - - [30/Nov/2023 17:09:05] "[33mGET /static/fonts/Roboto/Roboto-Light.woff2 HTTP/1.1[0m" 404 -
127.0.0.1 - - [30/Nov/2023 17:09:05] "[33mGET /static/fonts/Roboto/Roboto-Regular.woff2 HTTP/1.1[0m" 404 -
127.0.0.1 - - [30/Nov/2023 17:09:05] "[33mGET /static/fonts/Roboto/Roboto-Bold.woff2 HTTP/1.1[0m" 404 -
127.0.0.1 - - [30/Nov/2023 17:09:05] "[36mGET /static/js/template.js HTTP/1.1[0m" 304 -
127.0.0.1 - - [30/Nov/2023 17:09:05] "[36mGET /static/js/settings.js HTTP/1.1[0m" 304 -
127.0.0.1 - - [30/Nov/2023 17:09:05] "[33mGET /static/fonts/Roboto/Roboto-Light.woff HTTP/1.1[0m" 404 -
127.0.0.1 - - [30/Nov/2023 17:09:05] "[36mGET /static/js/todolist.js HTTP/1.1[0m" 304 -
127.0.0.1 - - [30/Nov/2023 17:09:05] "[36mGET /static/vendors/progressbar.js/progressbar.min.js HTTP/1.1[0m" 304 -
127.0.0.1 - - [30/Nov/2023 17:09:05] "[33mGET /static/fonts/Roboto/Roboto-Regular.woff HTTP/1.1[0m" 404 -
127.0.0.1 - - [30/Nov/2023 17:09:05] "[33mGET /static/fonts/Roboto/Roboto-Light.ttf HTTP/1.1[0m" 404 -
127.0.0.1 - - [30/Nov/2023 17:09:05] "[33mGET /static/fonts/Roboto/Roboto-Bold.woff HTTP/1.1[0m" 404 -
127.0.0.1 - - [30/Nov/2023 17:09:06] "[33mGET /static/fonts/Roboto/Roboto-Regular.ttf HTTP/1.1[0m" 404 -
127.0.0.1 - - [30/Nov/2023 17:09:06] "[36mGET /static/vendors/chart.js/Chart.min.js HTTP/1.1[0m" 304 -
127.0.0.1 - - [30/Nov/2023 17:09:06] "[33mGET /static/fonts/Roboto/Roboto-Bold.ttf HTTP/1.1[0m" 404 -
[31m[1mWARNING: This is a development server. Do not use it in a production deployment. Use a production WSGI server instead.[0m
 * Running on http://localhost:5000
[33mPress CTRL+C to quit[0m
 * Restarting with stat
 * Debugger is active!
 * Debugger PIN: 523-329-823
127.0.0.1 - - [01/Dec/2023 09:48:58] "GET / HTTP/1.1" 200 -
127.0.0.1 - - [01/Dec/2023 09:48:58] "[36mGET /static/css/home.css HTTP/1.1[0m" 304 -
127.0.0.1 - - [01/Dec/2023 09:49:00] "GET /login HTTP/1.1" 200 -
127.0.0.1 - - [01/Dec/2023 09:49:00] "[36mGET /static/css/auth.css HTTP/1.1[0m" 304 -
127.0.0.1 - - [01/Dec/2023 09:49:01] "[36mGET /static/javascript/auth.js HTTP/1.1[0m" 304 -
127.0.0.1 - - [01/Dec/2023 09:49:01] "[33mGET /static/images/top.ico HTTP/1.1[0m" 404 -
127.0.0.1 - - [01/Dec/2023 09:49:12] "[32mPOST /login HTTP/1.1[0m" 302 -
127.0.0.1 - - [01/Dec/2023 09:49:13] "GET /listaSensori HTTP/1.1" 200 -
127.0.0.1 - - [01/Dec/2023 09:49:13] "[36mGET /static/vendors/typicons.font/font/typicons.css HTTP/1.1[0m" 304 -
127.0.0.1 - - [01/Dec/2023 09:49:13] "[36mGET /static/css/vertical-layout-light/style.css HTTP/1.1[0m" 304 -
127.0.0.1 - - [01/Dec/2023 09:49:13] "[36mGET /static/vendors/js/vendor.bundle.base.js HTTP/1.1[0m" 304 -
127.0.0.1 - - [01/Dec/2023 09:49:13] "[36mGET /static/js/off-canvas.js HTTP/1.1[0m" 304 -
127.0.0.1 - - [01/Dec/2023 09:49:13] "[36mGET /static/images/enia.png HTTP/1.1[0m" 304 -
127.0.0.1 - - [01/Dec/2023 09:49:13] "[36mGET /static/vendors/css/vendor.bundle.base.css HTTP/1.1[0m" 304 -
127.0.0.1 - - [01/Dec/2023 09:49:13] "[36mGET /static/js/hoverable-collapse.js HTTP/1.1[0m" 304 -
127.0.0.1 - - [01/Dec/2023 09:49:13] "[36mGET /static/js/template.js HTTP/1.1[0m" 304 -
127.0.0.1 - - [01/Dec/2023 09:49:13] "[36mGET /static/vendors/typicons.font/font/typicons.woff HTTP/1.1[0m" 304 -
127.0.0.1 - - [01/Dec/2023 09:49:13] "[33mGET /static/fonts/Roboto/Roboto-Regular.woff2 HTTP/1.1[0m" 404 -
127.0.0.1 - - [01/Dec/2023 09:49:14] "[33mGET /static/fonts/Roboto/Roboto-Regular.woff HTTP/1.1[0m" 404 -
127.0.0.1 - - [01/Dec/2023 09:49:14] "[33mGET /static/fonts/Roboto/Roboto-Light.woff2 HTTP/1.1[0m" 404 -
127.0.0.1 - - [01/Dec/2023 09:49:14] "[33mGET /static/fonts/Roboto/Roboto-Bold.woff2 HTTP/1.1[0m" 404 -
127.0.0.1 - - [01/Dec/2023 09:49:14] "[36mGET /static/js/settings.js HTTP/1.1[0m" 304 -
127.0.0.1 - - [01/Dec/2023 09:49:14] "[33mGET /static/fonts/Roboto/Roboto-Regular.ttf HTTP/1.1[0m" 404 -
127.0.0.1 - - [01/Dec/2023 09:49:14] "[33mGET /static/fonts/Roboto/Roboto-Light.woff HTTP/1.1[0m" 404 -
127.0.0.1 - - [01/Dec/2023 09:49:14] "[33mGET /static/fonts/Roboto/Roboto-Bold.woff HTTP/1.1[0m" 404 -
127.0.0.1 - - [01/Dec/2023 09:49:14] "[33mGET /static/fonts/Roboto/Roboto-Light.ttf HTTP/1.1[0m" 404 -
127.0.0.1 - - [01/Dec/2023 09:49:14] "[36mGET /static/js/todolist.js HTTP/1.1[0m" 304 -
127.0.0.1 - - [01/Dec/2023 09:49:14] "[33mGET /static/fonts/Roboto/Roboto-Bold.ttf HTTP/1.1[0m" 404 -
127.0.0.1 - - [01/Dec/2023 09:49:14] "[36mGET /static/vendors/progressbar.js/progressbar.min.js HTTP/1.1[0m" 304 -
127.0.0.1 - - [01/Dec/2023 09:49:14] "[36mGET /static/vendors/chart.js/Chart.min.js HTTP/1.1[0m" 304 -
127.0.0.1 - - [01/Dec/2023 09:50:24] "GET /test HTTP/1.1" 200 -
127.0.0.1 - - [01/Dec/2023 09:50:24] "[36mGET /static/vendors/typicons.font/font/typicons.css HTTP/1.1[0m" 304 -
127.0.0.1 - - [01/Dec/2023 09:50:24] "[36mGET /static/vendors/css/vendor.bundle.base.css HTTP/1.1[0m" 304 -
127.0.0.1 - - [01/Dec/2023 09:50:25] "[36mGET /static/images/enia.png HTTP/1.1[0m" 304 -
127.0.0.1 - - [01/Dec/2023 09:50:25] "[36mGET /static/css/vertical-layout-light/style.css HTTP/1.1[0m" 304 -
127.0.0.1 - - [01/Dec/2023 09:50:25] "[36mGET /static/vendors/js/vendor.bundle.base.js HTTP/1.1[0m" 304 -
127.0.0.1 - - [01/Dec/2023 09:50:25] "[36mGET /static/js/off-canvas.js HTTP/1.1[0m" 304 -
127.0.0.1 - - [01/Dec/2023 09:50:25] "[36mGET /static/js/hoverable-collapse.js HTTP/1.1[0m" 304 -
127.0.0.1 - - [01/Dec/2023 09:50:25] "[36mGET /static/js/template.js HTTP/1.1[0m" 304 -
127.0.0.1 - - [01/Dec/2023 09:50:25] "[36mGET /static/vendors/typicons.font/font/typicons.woff HTTP/1.1[0m" 304 -
127.0.0.1 - - [01/Dec/2023 09:50:25] "[33mGET /static/fonts/Roboto/Roboto-Bold.woff2 HTTP/1.1[0m" 404 -
127.0.0.1 - - [01/Dec/2023 09:50:25] "[33mGET /static/fonts/Roboto/Roboto-Light.woff2 HTTP/1.1[0m" 404 -
127.0.0.1 - - [01/Dec/2023 09:50:25] "[36mGET /static/js/settings.js HTTP/1.1[0m" 304 -
127.0.0.1 - - [01/Dec/2023 09:50:25] "[33mGET /static/fonts/Roboto/Roboto-Regular.woff2 HTTP/1.1[0m" 404 -
127.0.0.1 - - [01/Dec/2023 09:50:25] "[33mGET /static/fonts/Roboto/Roboto-Bold.woff HTTP/1.1[0m" 404 -
127.0.0.1 - - [01/Dec/2023 09:50:25] "[33mGET /static/fonts/Roboto/Roboto-Light.woff HTTP/1.1[0m" 404 -
127.0.0.1 - - [01/Dec/2023 09:50:25] "[33mGET /static/fonts/Roboto/Roboto-Regular.woff HTTP/1.1[0m" 404 -
127.0.0.1 - - [01/Dec/2023 09:50:25] "[33mGET /static/fonts/Roboto/Roboto-Bold.ttf HTTP/1.1[0m" 404 -
127.0.0.1 - - [01/Dec/2023 09:50:25] "[36mGET /static/js/todolist.js HTTP/1.1[0m" 304 -
127.0.0.1 - - [01/Dec/2023 09:50:25] "[33mGET /static/fonts/Roboto/Roboto-Light.ttf HTTP/1.1[0m" 404 -
127.0.0.1 - - [01/Dec/2023 09:50:25] "[36mGET /static/vendors/progressbar.js/progressbar.min.js HTTP/1.1[0m" 304 -
127.0.0.1 - - [01/Dec/2023 09:50:26] "[33mGET /static/fonts/Roboto/Roboto-Regular.ttf HTTP/1.1[0m" 404 -
127.0.0.1 - - [01/Dec/2023 09:50:26] "[36mGET /static/vendors/chart.js/Chart.min.js HTTP/1.1[0m" 304 -
127.0.0.1 - - [01/Dec/2023 09:57:02] "GET /test HTTP/1.1" 200 -
127.0.0.1 - - [01/Dec/2023 09:57:02] "[36mGET /static/vendors/typicons.font/font/typicons.css HTTP/1.1[0m" 304 -
127.0.0.1 - - [01/Dec/2023 09:57:02] "[36mGET /static/vendors/css/vendor.bundle.base.css HTTP/1.1[0m" 304 -
127.0.0.1 - - [01/Dec/2023 09:57:03] "[36mGET /static/vendors/js/vendor.bundle.base.js HTTP/1.1[0m" 304 -
127.0.0.1 - - [01/Dec/2023 09:57:03] "[36mGET /static/css/vertical-layout-light/style.css HTTP/1.1[0m" 304 -
127.0.0.1 - - [01/Dec/2023 09:57:03] "[36mGET /static/images/enia.png HTTP/1.1[0m" 304 -
127.0.0.1 - - [01/Dec/2023 09:57:03] "GET /static/css/nuovo_sensore.css HTTP/1.1" 200 -
127.0.0.1 - - [01/Dec/2023 09:57:03] "[36mGET /static/js/off-canvas.js HTTP/1.1[0m" 304 -
127.0.0.1 - - [01/Dec/2023 09:57:03] "[36mGET /static/js/hoverable-collapse.js HTTP/1.1[0m" 304 -
127.0.0.1 - - [01/Dec/2023 09:57:03] "[36mGET /static/js/template.js HTTP/1.1[0m" 304 -
127.0.0.1 - - [01/Dec/2023 09:57:03] "[36mGET /static/vendors/progressbar.js/progressbar.min.js HTTP/1.1[0m" 304 -
127.0.0.1 - - [01/Dec/2023 09:57:03] "[36mGET /static/js/settings.js HTTP/1.1[0m" 304 -
127.0.0.1 - - [01/Dec/2023 09:57:03] "[36mGET /static/js/todolist.js HTTP/1.1[0m" 304 -
127.0.0.1 - - [01/Dec/2023 09:57:03] "[36mGET /static/vendors/chart.js/Chart.min.js HTTP/1.1[0m" 304 -
127.0.0.1 - - [01/Dec/2023 09:57:03] "[36mGET /static/vendors/typicons.font/font/typicons.woff HTTP/1.1[0m" 304 -
127.0.0.1 - - [01/Dec/2023 09:57:04] "[33mGET /static/fonts/Roboto/Roboto-Regular.woff2 HTTP/1.1[0m" 404 -
127.0.0.1 - - [01/Dec/2023 09:57:04] "[33mGET /static/fonts/Roboto/Roboto-Light.woff2 HTTP/1.1[0m" 404 -
127.0.0.1 - - [01/Dec/2023 09:57:04] "[33mGET /static/fonts/Roboto/Roboto-Bold.woff2 HTTP/1.1[0m" 404 -
127.0.0.1 - - [01/Dec/2023 09:57:04] "[33mGET /static/fonts/Roboto/Roboto-Black.woff2 HTTP/1.1[0m" 404 -
127.0.0.1 - - [01/Dec/2023 09:57:04] "[33mGET /static/fonts/Roboto/Roboto-Regular.woff HTTP/1.1[0m" 404 -
127.0.0.1 - - [01/Dec/2023 09:57:04] "[33mGET /static/fonts/Roboto/Roboto-Bold.woff HTTP/1.1[0m" 404 -
127.0.0.1 - - [01/Dec/2023 09:57:04] "[33mGET /static/fonts/Roboto/Roboto-Light.woff HTTP/1.1[0m" 404 -
127.0.0.1 - - [01/Dec/2023 09:57:04] "[33mGET /static/fonts/Roboto/Roboto-Medium.woff2 HTTP/1.1[0m" 404 -
127.0.0.1 - - [01/Dec/2023 09:57:04] "[33mGET /static/fonts/Roboto/Roboto-Black.woff HTTP/1.1[0m" 404 -
127.0.0.1 - - [01/Dec/2023 09:57:04] "[33mGET /static/fonts/Roboto/Roboto-Bold.ttf HTTP/1.1[0m" 404 -
127.0.0.1 - - [01/Dec/2023 09:57:04] "[33mGET /static/fonts/Roboto/Roboto-Light.ttf HTTP/1.1[0m" 404 -
127.0.0.1 - - [01/Dec/2023 09:57:04] "[33mGET /static/fonts/Roboto/Roboto-Regular.ttf HTTP/1.1[0m" 404 -
127.0.0.1 - - [01/Dec/2023 09:57:04] "[33mGET /static/fonts/Roboto/Roboto-Medium.woff HTTP/1.1[0m" 404 -
127.0.0.1 - - [01/Dec/2023 09:57:05] "[33mGET /static/fonts/Roboto/Roboto-Black.ttf HTTP/1.1[0m" 404 -
127.0.0.1 - - [01/Dec/2023 09:57:05] "[33mGET /static/fonts/Roboto/Roboto-Medium.ttf HTTP/1.1[0m" 404 -
127.0.0.1 - - [01/Dec/2023 09:57:05] "[36mGET /static/images/enia.png HTTP/1.1[0m" 304 -
127.0.0.1 - - [01/Dec/2023 09:58:01] "[36mGET /static/css/vertical-layout-light/style.css HTTP/1.1[0m" 304 -
127.0.0.1 - - [01/Dec/2023 09:58:01] "[36mGET /static/vendors/typicons.font/font/typicons.css HTTP/1.1[0m" 304 -
127.0.0.1 - - [01/Dec/2023 09:58:01] "[36mGET /static/vendors/css/vendor.bundle.base.css HTTP/1.1[0m" 304 -
127.0.0.1 - - [01/Dec/2023 09:58:01] "[36mGET /static/css/nuovo_sensore.css HTTP/1.1[0m" 304 -
127.0.0.1 - - [01/Dec/2023 09:58:02] "GET /static/vendors/js/bootstrap.min.js.map HTTP/1.1" 200 -
127.0.0.1 - - [01/Dec/2023 09:58:02] "GET /static/vendors/progressbar.js/progressbar.min.js.map HTTP/1.1" 200 -
127.0.0.1 - - [01/Dec/2023 09:58:02] "GET /static/css/maps/vertical-layout-light/style.css.map HTTP/1.1" 200 -
127.0.0.1 - - [01/Dec/2023 09:59:23] "GET /test HTTP/1.1" 200 -
127.0.0.1 - - [01/Dec/2023 09:59:23] "[36mGET /static/vendors/typicons.font/font/typicons.css HTTP/1.1[0m" 304 -
127.0.0.1 - - [01/Dec/2023 09:59:23] "[36mGET /static/vendors/css/vendor.bundle.base.css HTTP/1.1[0m" 304 -
127.0.0.1 - - [01/Dec/2023 09:59:23] "[36mGET /static/css/vertical-layout-light/style.css HTTP/1.1[0m" 304 -
127.0.0.1 - - [01/Dec/2023 09:59:23] "[36mGET /static/images/enia.png HTTP/1.1[0m" 304 -
127.0.0.1 - - [01/Dec/2023 09:59:23] "[36mGET /static/vendors/js/vendor.bundle.base.js HTTP/1.1[0m" 304 -
127.0.0.1 - - [01/Dec/2023 09:59:23] "GET /static/css/nuovo_sensore.css HTTP/1.1" 200 -
127.0.0.1 - - [01/Dec/2023 09:59:23] "[36mGET /static/vendors/typicons.font/font/typicons.woff HTTP/1.1[0m" 304 -
127.0.0.1 - - [01/Dec/2023 09:59:23] "[36mGET /static/js/off-canvas.js HTTP/1.1[0m" 304 -
127.0.0.1 - - [01/Dec/2023 09:59:23] "[36mGET /static/js/hoverable-collapse.js HTTP/1.1[0m" 304 -
127.0.0.1 - - [01/Dec/2023 09:59:23] "[36mGET /static/js/settings.js HTTP/1.1[0m" 304 -
127.0.0.1 - - [01/Dec/2023 09:59:23] "[36mGET /static/js/template.js HTTP/1.1[0m" 304 -
127.0.0.1 - - [01/Dec/2023 09:59:23] "[36mGET /static/js/todolist.js HTTP/1.1[0m" 304 -
127.0.0.1 - - [01/Dec/2023 09:59:24] "[33mGET /static/fonts/Roboto/Roboto-Regular.woff2 HTTP/1.1[0m" 404 -
127.0.0.1 - - [01/Dec/2023 09:59:24] "[33mGET /static/fonts/Roboto/Roboto-Medium.woff2 HTTP/1.1[0m" 404 -
127.0.0.1 - - [01/Dec/2023 09:59:24] "[33mGET /static/fonts/Roboto/Roboto-Bold.woff2 HTTP/1.1[0m" 404 -
127.0.0.1 - - [01/Dec/2023 09:59:24] "[33mGET /static/fonts/Roboto/Roboto-Light.woff2 HTTP/1.1[0m" 404 -
127.0.0.1 - - [01/Dec/2023 09:59:24] "[33mGET /static/fonts/Roboto/Roboto-Black.woff2 HTTP/1.1[0m" 404 -
127.0.0.1 - - [01/Dec/2023 09:59:24] "[33mGET /static/fonts/Roboto/Roboto-Regular.woff HTTP/1.1[0m" 404 -
127.0.0.1 - - [01/Dec/2023 09:59:24] "[33mGET /static/fonts/Roboto/Roboto-Medium.woff HTTP/1.1[0m" 404 -
127.0.0.1 - - [01/Dec/2023 09:59:24] "[33mGET /static/fonts/Roboto/Roboto-Light.woff HTTP/1.1[0m" 404 -
127.0.0.1 - - [01/Dec/2023 09:59:24] "[33mGET /static/fonts/Roboto/Roboto-Bold.woff HTTP/1.1[0m" 404 -
127.0.0.1 - - [01/Dec/2023 09:59:24] "[33mGET /static/fonts/Roboto/Roboto-Black.woff HTTP/1.1[0m" 404 -
127.0.0.1 - - [01/Dec/2023 09:59:24] "[33mGET /static/fonts/Roboto/Roboto-Medium.ttf HTTP/1.1[0m" 404 -
127.0.0.1 - - [01/Dec/2023 09:59:24] "[33mGET /static/fonts/Roboto/Roboto-Regular.ttf HTTP/1.1[0m" 404 -
127.0.0.1 - - [01/Dec/2023 09:59:24] "[33mGET /static/fonts/Roboto/Roboto-Light.ttf HTTP/1.1[0m" 404 -
127.0.0.1 - - [01/Dec/2023 09:59:25] "[33mGET /static/fonts/Roboto/Roboto-Bold.ttf HTTP/1.1[0m" 404 -
127.0.0.1 - - [01/Dec/2023 09:59:25] "[33mGET /static/fonts/Roboto/Roboto-Black.ttf HTTP/1.1[0m" 404 -
127.0.0.1 - - [01/Dec/2023 09:59:25] "[36mGET /static/vendors/progressbar.js/progressbar.min.js HTTP/1.1[0m" 304 -
127.0.0.1 - - [01/Dec/2023 09:59:25] "[36mGET /static/vendors/chart.js/Chart.min.js HTTP/1.1[0m" 304 -
127.0.0.1 - - [01/Dec/2023 09:59:25] "[36mGET /static/css/maps/vertical-layout-light/style.css.map HTTP/1.1[0m" 304 -
127.0.0.1 - - [01/Dec/2023 09:59:25] "[36mGET /static/vendors/js/bootstrap.min.js.map HTTP/1.1[0m" 304 -
127.0.0.1 - - [01/Dec/2023 09:59:25] "[36mGET /static/vendors/progressbar.js/progressbar.min.js.map HTTP/1.1[0m" 304 -
127.0.0.1 - - [01/Dec/2023 09:59:26] "[36mGET /static/images/enia.png HTTP/1.1[0m" 304 -
127.0.0.1 - - [01/Dec/2023 10:00:01] "[36mGET /static/vendors/typicons.font/font/typicons.css HTTP/1.1[0m" 304 -
127.0.0.1 - - [01/Dec/2023 10:00:01] "[36mGET /static/css/vertical-layout-light/style.css HTTP/1.1[0m" 304 -
127.0.0.1 - - [01/Dec/2023 10:00:01] "[36mGET /static/vendors/css/vendor.bundle.base.css HTTP/1.1[0m" 304 -
127.0.0.1 - - [01/Dec/2023 10:00:01] "[36mGET /static/css/nuovo_sensore.css HTTP/1.1[0m" 304 -
127.0.0.1 - - [01/Dec/2023 10:00:01] "[36mGET /static/vendors/js/bootstrap.min.js.map HTTP/1.1[0m" 304 -
127.0.0.1 - - [01/Dec/2023 10:00:01] "[36mGET /static/vendors/progressbar.js/progressbar.min.js.map HTTP/1.1[0m" 304 -
127.0.0.1 - - [01/Dec/2023 10:00:01] "[36mGET /static/css/maps/vertical-layout-light/style.css.map HTTP/1.1[0m" 304 -
127.0.0.1 - - [01/Dec/2023 10:00:54] "GET /test HTTP/1.1" 200 -
127.0.0.1 - - [01/Dec/2023 10:00:54] "[36mGET /static/vendors/typicons.font/font/typicons.css HTTP/1.1[0m" 304 -
127.0.0.1 - - [01/Dec/2023 10:00:54] "[36mGET /static/vendors/css/vendor.bundle.base.css HTTP/1.1[0m" 304 -
127.0.0.1 - - [01/Dec/2023 10:00:55] "[36mGET /static/css/nuovo_sensore.css HTTP/1.1[0m" 304 -
127.0.0.1 - - [01/Dec/2023 10:00:55] "[36mGET /static/images/enia.png HTTP/1.1[0m" 304 -
127.0.0.1 - - [01/Dec/2023 10:00:55] "[36mGET /static/css/vertical-layout-light/style.css HTTP/1.1[0m" 304 -
127.0.0.1 - - [01/Dec/2023 10:00:55] "[36mGET /static/vendors/js/vendor.bundle.base.js HTTP/1.1[0m" 304 -
127.0.0.1 - - [01/Dec/2023 10:00:55] "[36mGET /static/vendors/typicons.font/font/typicons.woff HTTP/1.1[0m" 304 -
127.0.0.1 - - [01/Dec/2023 10:00:55] "[33mGET /static/fonts/Roboto/Roboto-Regular.woff2 HTTP/1.1[0m" 404 -
127.0.0.1 - - [01/Dec/2023 10:00:55] "[36mGET /static/js/off-canvas.js HTTP/1.1[0m" 304 -
127.0.0.1 - - [01/Dec/2023 10:00:55] "[33mGET /static/fonts/Roboto/Roboto-Bold.woff2 HTTP/1.1[0m" 404 -
127.0.0.1 - - [01/Dec/2023 10:00:55] "[33mGET /static/fonts/Roboto/Roboto-Light.woff2 HTTP/1.1[0m" 404 -
127.0.0.1 - - [01/Dec/2023 10:00:55] "[33mGET /static/fonts/Roboto/Roboto-Black.woff2 HTTP/1.1[0m" 404 -
127.0.0.1 - - [01/Dec/2023 10:00:55] "[33mGET /static/fonts/Roboto/Roboto-Regular.woff HTTP/1.1[0m" 404 -
127.0.0.1 - - [01/Dec/2023 10:00:55] "[33mGET /static/fonts/Roboto/Roboto-Bold.woff HTTP/1.1[0m" 404 -
127.0.0.1 - - [01/Dec/2023 10:00:55] "[33mGET /static/fonts/Roboto/Roboto-Light.woff HTTP/1.1[0m" 404 -
127.0.0.1 - - [01/Dec/2023 10:00:56] "[33mGET /static/fonts/Roboto/Roboto-Black.woff HTTP/1.1[0m" 404 -
127.0.0.1 - - [01/Dec/2023 10:00:56] "[33mGET /static/fonts/Roboto/Roboto-Regular.ttf HTTP/1.1[0m" 404 -
127.0.0.1 - - [01/Dec/2023 10:00:56] "[33mGET /static/fonts/Roboto/Roboto-Bold.ttf HTTP/1.1[0m" 404 -
127.0.0.1 - - [01/Dec/2023 10:00:56] "[33mGET /static/fonts/Roboto/Roboto-Light.ttf HTTP/1.1[0m" 404 -
127.0.0.1 - - [01/Dec/2023 10:00:56] "[36mGET /static/js/hoverable-collapse.js HTTP/1.1[0m" 304 -
127.0.0.1 - - [01/Dec/2023 10:00:56] "[33mGET /static/fonts/Roboto/Roboto-Black.ttf HTTP/1.1[0m" 404 -
127.0.0.1 - - [01/Dec/2023 10:00:56] "[36mGET /static/js/template.js HTTP/1.1[0m" 304 -
127.0.0.1 - - [01/Dec/2023 10:00:56] "[36mGET /static/js/settings.js HTTP/1.1[0m" 304 -
127.0.0.1 - - [01/Dec/2023 10:00:56] "[36mGET /static/js/todolist.js HTTP/1.1[0m" 304 -
127.0.0.1 - - [01/Dec/2023 10:00:56] "[36mGET /static/vendors/progressbar.js/progressbar.min.js HTTP/1.1[0m" 304 -
127.0.0.1 - - [01/Dec/2023 10:00:56] "[36mGET /static/vendors/chart.js/Chart.min.js HTTP/1.1[0m" 304 -
127.0.0.1 - - [01/Dec/2023 10:00:57] "[36mGET /static/images/enia.png HTTP/1.1[0m" 304 -
127.0.0.1 - - [01/Dec/2023 10:01:14] "GET /test HTTP/1.1" 200 -
127.0.0.1 - - [01/Dec/2023 10:01:14] "[36mGET /static/vendors/typicons.font/font/typicons.css HTTP/1.1[0m" 304 -
127.0.0.1 - - [01/Dec/2023 10:01:14] "[36mGET /static/vendors/css/vendor.bundle.base.css HTTP/1.1[0m" 304 -
127.0.0.1 - - [01/Dec/2023 10:01:14] "[36mGET /static/vendors/js/vendor.bundle.base.js HTTP/1.1[0m" 304 -
127.0.0.1 - - [01/Dec/2023 10:01:14] "[36mGET /static/css/nuovo_sensore.css HTTP/1.1[0m" 304 -
127.0.0.1 - - [01/Dec/2023 10:01:14] "[36mGET /static/images/enia.png HTTP/1.1[0m" 304 -
127.0.0.1 - - [01/Dec/2023 10:01:14] "[36mGET /static/css/vertical-layout-light/style.css HTTP/1.1[0m" 304 -
127.0.0.1 - - [01/Dec/2023 10:01:14] "[36mGET /static/js/off-canvas.js HTTP/1.1[0m" 304 -
127.0.0.1 - - [01/Dec/2023 10:01:14] "[36mGET /static/js/hoverable-collapse.js HTTP/1.1[0m" 304 -
127.0.0.1 - - [01/Dec/2023 10:01:14] "[36mGET /static/vendors/typicons.font/font/typicons.woff HTTP/1.1[0m" 304 -
127.0.0.1 - - [01/Dec/2023 10:01:14] "[33mGET /static/fonts/Roboto/Roboto-Light.woff2 HTTP/1.1[0m" 404 -
127.0.0.1 - - [01/Dec/2023 10:01:14] "[33mGET /static/fonts/Roboto/Roboto-Regular.woff2 HTTP/1.1[0m" 404 -
127.0.0.1 - - [01/Dec/2023 10:01:14] "[33mGET /static/fonts/Roboto/Roboto-Bold.woff2 HTTP/1.1[0m" 404 -
127.0.0.1 - - [01/Dec/2023 10:01:14] "[36mGET /static/js/template.js HTTP/1.1[0m" 304 -
127.0.0.1 - - [01/Dec/2023 10:01:14] "[33mGET /static/fonts/Roboto/Roboto-Black.woff2 HTTP/1.1[0m" 404 -
127.0.0.1 - - [01/Dec/2023 10:01:15] "[33mGET /static/fonts/Roboto/Roboto-Light.woff HTTP/1.1[0m" 404 -
127.0.0.1 - - [01/Dec/2023 10:01:15] "[33mGET /static/fonts/Roboto/Roboto-Regular.woff HTTP/1.1[0m" 404 -
127.0.0.1 - - [01/Dec/2023 10:01:15] "[36mGET /static/js/settings.js HTTP/1.1[0m" 304 -
127.0.0.1 - - [01/Dec/2023 10:01:15] "[36mGET /static/js/todolist.js HTTP/1.1[0m" 304 -
127.0.0.1 - - [01/Dec/2023 10:01:15] "[33mGET /static/fonts/Roboto/Roboto-Bold.woff HTTP/1.1[0m" 404 -
127.0.0.1 - - [01/Dec/2023 10:01:15] "[33mGET /static/fonts/Roboto/Roboto-Black.woff HTTP/1.1[0m" 404 -
127.0.0.1 - - [01/Dec/2023 10:01:15] "[33mGET /static/fonts/Roboto/Roboto-Light.ttf HTTP/1.1[0m" 404 -
127.0.0.1 - - [01/Dec/2023 10:01:15] "[33mGET /static/fonts/Roboto/Roboto-Regular.ttf HTTP/1.1[0m" 404 -
127.0.0.1 - - [01/Dec/2023 10:01:15] "[33mGET /static/fonts/Roboto/Roboto-Bold.ttf HTTP/1.1[0m" 404 -
127.0.0.1 - - [01/Dec/2023 10:01:15] "[36mGET /static/vendors/progressbar.js/progressbar.min.js HTTP/1.1[0m" 304 -
127.0.0.1 - - [01/Dec/2023 10:01:15] "[36mGET /static/vendors/chart.js/Chart.min.js HTTP/1.1[0m" 304 -
127.0.0.1 - - [01/Dec/2023 10:01:15] "[33mGET /static/fonts/Roboto/Roboto-Black.ttf HTTP/1.1[0m" 404 -
127.0.0.1 - - [01/Dec/2023 10:01:16] "[36mGET /static/images/enia.png HTTP/1.1[0m" 304 -
127.0.0.1 - - [01/Dec/2023 10:03:42] "GET /test HTTP/1.1" 200 -
127.0.0.1 - - [01/Dec/2023 10:03:42] "[36mGET /static/vendors/typicons.font/font/typicons.css HTTP/1.1[0m" 304 -
127.0.0.1 - - [01/Dec/2023 10:03:42] "[36mGET /static/vendors/css/vendor.bundle.base.css HTTP/1.1[0m" 304 -
127.0.0.1 - - [01/Dec/2023 10:03:42] "[36mGET /static/css/vertical-layout-light/style.css HTTP/1.1[0m" 304 -
127.0.0.1 - - [01/Dec/2023 10:03:42] "[36mGET /static/images/enia.png HTTP/1.1[0m" 304 -
127.0.0.1 - - [01/Dec/2023 10:03:42] "[36mGET /static/vendors/js/vendor.bundle.base.js HTTP/1.1[0m" 304 -
127.0.0.1 - - [01/Dec/2023 10:03:42] "[33mGET /static/css/nuovo_sensore.css HTTP/1.1[0m" 404 -
127.0.0.1 - - [01/Dec/2023 10:03:42] "[36mGET /static/js/off-canvas.js HTTP/1.1[0m" 304 -
127.0.0.1 - - [01/Dec/2023 10:03:42] "[36mGET /static/js/hoverable-collapse.js HTTP/1.1[0m" 304 -
127.0.0.1 - - [01/Dec/2023 10:03:42] "[36mGET /static/vendors/typicons.font/font/typicons.woff HTTP/1.1[0m" 304 -
127.0.0.1 - - [01/Dec/2023 10:03:42] "[33mGET /static/fonts/Roboto/Roboto-Regular.woff2 HTTP/1.1[0m" 404 -
127.0.0.1 - - [01/Dec/2023 10:03:42] "[36mGET /static/js/template.js HTTP/1.1[0m" 304 -
127.0.0.1 - - [01/Dec/2023 10:03:42] "[33mGET /static/fonts/Roboto/Roboto-Bold.woff2 HTTP/1.1[0m" 404 -
127.0.0.1 - - [01/Dec/2023 10:03:42] "[33mGET /static/fonts/Roboto/Roboto-Light.woff2 HTTP/1.1[0m" 404 -
127.0.0.1 - - [01/Dec/2023 10:03:43] "[33mGET /static/fonts/Roboto/Roboto-Regular.woff HTTP/1.1[0m" 404 -
127.0.0.1 - - [01/Dec/2023 10:03:43] "[33mGET /static/fonts/Roboto/Roboto-Bold.woff HTTP/1.1[0m" 404 -
127.0.0.1 - - [01/Dec/2023 10:03:43] "[33mGET /static/fonts/Roboto/Roboto-Light.woff HTTP/1.1[0m" 404 -
127.0.0.1 - - [01/Dec/2023 10:03:43] "[33mGET /static/fonts/Roboto/Roboto-Regular.ttf HTTP/1.1[0m" 404 -
127.0.0.1 - - [01/Dec/2023 10:03:43] "[36mGET /static/js/settings.js HTTP/1.1[0m" 304 -
127.0.0.1 - - [01/Dec/2023 10:03:43] "[36mGET /static/js/todolist.js HTTP/1.1[0m" 304 -
127.0.0.1 - - [01/Dec/2023 10:03:43] "[33mGET /static/fonts/Roboto/Roboto-Bold.ttf HTTP/1.1[0m" 404 -
127.0.0.1 - - [01/Dec/2023 10:03:43] "[36mGET /static/vendors/progressbar.js/progressbar.min.js HTTP/1.1[0m" 304 -
127.0.0.1 - - [01/Dec/2023 10:03:43] "[36mGET /static/vendors/chart.js/Chart.min.js HTTP/1.1[0m" 304 -
127.0.0.1 - - [01/Dec/2023 10:03:43] "[33mGET /static/fonts/Roboto/Roboto-Light.ttf HTTP/1.1[0m" 404 -
127.0.0.1 - - [01/Dec/2023 10:03:44] "[36mGET /static/images/enia.png HTTP/1.1[0m" 304 -
127.0.0.1 - - [01/Dec/2023 10:09:59] "GET /test HTTP/1.1" 200 -
127.0.0.1 - - [01/Dec/2023 10:09:59] "[36mGET /static/vendors/typicons.font/font/typicons.css HTTP/1.1[0m" 304 -
127.0.0.1 - - [01/Dec/2023 10:09:59] "[36mGET /static/vendors/css/vendor.bundle.base.css HTTP/1.1[0m" 304 -
127.0.0.1 - - [01/Dec/2023 10:10:00] "[36mGET /static/css/vertical-layout-light/style.css HTTP/1.1[0m" 304 -
127.0.0.1 - - [01/Dec/2023 10:10:00] "GET /static/css/nuovo_sensore.css HTTP/1.1" 200 -
127.0.0.1 - - [01/Dec/2023 10:10:00] "[36mGET /static/images/enia.png HTTP/1.1[0m" 304 -
127.0.0.1 - - [01/Dec/2023 10:10:00] "[36mGET /static/vendors/js/vendor.bundle.base.js HTTP/1.1[0m" 304 -
127.0.0.1 - - [01/Dec/2023 10:10:00] "[36mGET /static/js/hoverable-collapse.js HTTP/1.1[0m" 304 -
127.0.0.1 - - [01/Dec/2023 10:10:00] "[36mGET /static/js/settings.js HTTP/1.1[0m" 304 -
127.0.0.1 - - [01/Dec/2023 10:10:00] "[36mGET /static/js/off-canvas.js HTTP/1.1[0m" 304 -
127.0.0.1 - - [01/Dec/2023 10:10:00] "[36mGET /static/js/template.js HTTP/1.1[0m" 304 -
127.0.0.1 - - [01/Dec/2023 10:10:00] "[36mGET /static/js/todolist.js HTTP/1.1[0m" 304 -
127.0.0.1 - - [01/Dec/2023 10:10:00] "[36mGET /static/vendors/progressbar.js/progressbar.min.js HTTP/1.1[0m" 304 -
127.0.0.1 - - [01/Dec/2023 10:10:00] "[36mGET /static/vendors/chart.js/Chart.min.js HTTP/1.1[0m" 304 -
127.0.0.1 - - [01/Dec/2023 10:10:00] "[36mGET /static/vendors/typicons.font/font/typicons.woff HTTP/1.1[0m" 304 -
127.0.0.1 - - [01/Dec/2023 10:10:00] "[33mGET /static/fonts/Roboto/Roboto-Regular.woff2 HTTP/1.1[0m" 404 -
127.0.0.1 - - [01/Dec/2023 10:10:00] "[33mGET /static/fonts/Roboto/Roboto-Light.woff2 HTTP/1.1[0m" 404 -
127.0.0.1 - - [01/Dec/2023 10:10:00] "[33mGET /static/fonts/Roboto/Roboto-Bold.woff2 HTTP/1.1[0m" 404 -
127.0.0.1 - - [01/Dec/2023 10:10:01] "[33mGET /static/fonts/Roboto/Roboto-Regular.woff HTTP/1.1[0m" 404 -
127.0.0.1 - - [01/Dec/2023 10:10:01] "[33mGET /static/fonts/Roboto/Roboto-Bold.woff HTTP/1.1[0m" 404 -
127.0.0.1 - - [01/Dec/2023 10:10:01] "[33mGET /static/fonts/Roboto/Roboto-Light.woff HTTP/1.1[0m" 404 -
127.0.0.1 - - [01/Dec/2023 10:10:01] "[33mGET /static/fonts/Roboto/Roboto-Regular.ttf HTTP/1.1[0m" 404 -
127.0.0.1 - - [01/Dec/2023 10:10:01] "[33mGET /static/fonts/Roboto/Roboto-Light.ttf HTTP/1.1[0m" 404 -
127.0.0.1 - - [01/Dec/2023 10:10:01] "[33mGET /static/fonts/Roboto/Roboto-Bold.ttf HTTP/1.1[0m" 404 -
127.0.0.1 - - [01/Dec/2023 10:10:02] "[36mGET /static/images/enia.png HTTP/1.1[0m" 304 -
127.0.0.1 - - [01/Dec/2023 10:10:48] "GET /test HTTP/1.1" 200 -
127.0.0.1 - - [01/Dec/2023 10:10:49] "[36mGET /static/vendors/typicons.font/font/typicons.css HTTP/1.1[0m" 304 -
127.0.0.1 - - [01/Dec/2023 10:10:49] "[36mGET /static/vendors/css/vendor.bundle.base.css HTTP/1.1[0m" 304 -
127.0.0.1 - - [01/Dec/2023 10:10:49] "[36mGET /static/css/vertical-layout-light/style.css HTTP/1.1[0m" 304 -
127.0.0.1 - - [01/Dec/2023 10:10:49] "[36mGET /static/css/nuovo_sensore.css HTTP/1.1[0m" 304 -
127.0.0.1 - - [01/Dec/2023 10:10:49] "[36mGET /static/images/enia.png HTTP/1.1[0m" 304 -
127.0.0.1 - - [01/Dec/2023 10:10:49] "[36mGET /static/vendors/js/vendor.bundle.base.js HTTP/1.1[0m" 304 -
127.0.0.1 - - [01/Dec/2023 10:10:49] "[36mGET /static/js/off-canvas.js HTTP/1.1[0m" 304 -
127.0.0.1 - - [01/Dec/2023 10:10:49] "[36mGET /static/js/settings.js HTTP/1.1[0m" 304 -
127.0.0.1 - - [01/Dec/2023 10:10:49] "[36mGET /static/js/template.js HTTP/1.1[0m" 304 -
127.0.0.1 - - [01/Dec/2023 10:10:49] "[36mGET /static/js/hoverable-collapse.js HTTP/1.1[0m" 304 -
127.0.0.1 - - [01/Dec/2023 10:10:49] "[36mGET /static/js/todolist.js HTTP/1.1[0m" 304 -
127.0.0.1 - - [01/Dec/2023 10:10:49] "[36mGET /static/vendors/progressbar.js/progressbar.min.js HTTP/1.1[0m" 304 -
127.0.0.1 - - [01/Dec/2023 10:10:50] "[36mGET /static/vendors/chart.js/Chart.min.js HTTP/1.1[0m" 304 -
127.0.0.1 - - [01/Dec/2023 10:10:50] "[36mGET /static/vendors/typicons.font/font/typicons.woff HTTP/1.1[0m" 304 -
127.0.0.1 - - [01/Dec/2023 10:10:50] "[33mGET /static/fonts/Roboto/Roboto-Regular.woff2 HTTP/1.1[0m" 404 -
127.0.0.1 - - [01/Dec/2023 10:10:50] "[33mGET /static/fonts/Roboto/Roboto-Bold.woff2 HTTP/1.1[0m" 404 -
127.0.0.1 - - [01/Dec/2023 10:10:50] "[33mGET /static/fonts/Roboto/Roboto-Light.woff2 HTTP/1.1[0m" 404 -
127.0.0.1 - - [01/Dec/2023 10:10:50] "[33mGET /static/fonts/Roboto/Roboto-Bold.woff HTTP/1.1[0m" 404 -
127.0.0.1 - - [01/Dec/2023 10:10:50] "[33mGET /static/fonts/Roboto/Roboto-Regular.woff HTTP/1.1[0m" 404 -
127.0.0.1 - - [01/Dec/2023 10:10:50] "[33mGET /static/fonts/Roboto/Roboto-Light.woff HTTP/1.1[0m" 404 -
127.0.0.1 - - [01/Dec/2023 10:10:51] "[33mGET /static/fonts/Roboto/Roboto-Bold.ttf HTTP/1.1[0m" 404 -
127.0.0.1 - - [01/Dec/2023 10:10:51] "[33mGET /static/fonts/Roboto/Roboto-Regular.ttf HTTP/1.1[0m" 404 -
127.0.0.1 - - [01/Dec/2023 10:10:51] "[33mGET /static/fonts/Roboto/Roboto-Light.ttf HTTP/1.1[0m" 404 -
127.0.0.1 - - [01/Dec/2023 10:10:51] "[36mGET /static/images/enia.png HTTP/1.1[0m" 304 -
127.0.0.1 - - [01/Dec/2023 10:16:46] "[36mGET /static/vendors/css/vendor.bundle.base.css HTTP/1.1[0m" 304 -
127.0.0.1 - - [01/Dec/2023 10:16:46] "[36mGET /static/vendors/typicons.font/font/typicons.css HTTP/1.1[0m" 304 -
127.0.0.1 - - [01/Dec/2023 10:16:46] "[36mGET /static/css/vertical-layout-light/style.css HTTP/1.1[0m" 304 -
127.0.0.1 - - [01/Dec/2023 10:16:46] "[36mGET /static/css/nuovo_sensore.css HTTP/1.1[0m" 304 -
127.0.0.1 - - [01/Dec/2023 10:16:46] "[36mGET /static/vendors/js/bootstrap.min.js.map HTTP/1.1[0m" 304 -
127.0.0.1 - - [01/Dec/2023 10:16:47] "[36mGET /static/vendors/progressbar.js/progressbar.min.js.map HTTP/1.1[0m" 304 -
127.0.0.1 - - [01/Dec/2023 10:16:47] "[36mGET /static/css/maps/vertical-layout-light/style.css.map HTTP/1.1[0m" 304 -
127.0.0.1 - - [01/Dec/2023 10:17:46] "GET /test HTTP/1.1" 200 -
127.0.0.1 - - [01/Dec/2023 10:17:46] "[36mGET /static/vendors/typicons.font/font/typicons.css HTTP/1.1[0m" 304 -
127.0.0.1 - - [01/Dec/2023 10:17:46] "[36mGET /static/vendors/css/vendor.bundle.base.css HTTP/1.1[0m" 304 -
127.0.0.1 - - [01/Dec/2023 10:17:46] "[36mGET /static/css/vertical-layout-light/style.css HTTP/1.1[0m" 304 -
127.0.0.1 - - [01/Dec/2023 10:17:46] "[36mGET /static/css/nuovo_sensore.css HTTP/1.1[0m" 304 -
127.0.0.1 - - [01/Dec/2023 10:17:46] "[36mGET /static/images/enia.png HTTP/1.1[0m" 304 -
127.0.0.1 - - [01/Dec/2023 10:17:46] "[36mGET /static/vendors/js/vendor.bundle.base.js HTTP/1.1[0m" 304 -
127.0.0.1 - - [01/Dec/2023 10:17:46] "[36mGET /static/vendors/typicons.font/font/typicons.woff HTTP/1.1[0m" 304 -
127.0.0.1 - - [01/Dec/2023 10:17:46] "[36mGET /static/js/off-canvas.js HTTP/1.1[0m" 304 -
127.0.0.1 - - [01/Dec/2023 10:17:46] "[36mGET /static/js/settings.js HTTP/1.1[0m" 304 -
127.0.0.1 - - [01/Dec/2023 10:17:46] "[36mGET /static/js/hoverable-collapse.js HTTP/1.1[0m" 304 -
127.0.0.1 - - [01/Dec/2023 10:17:46] "[36mGET /static/js/template.js HTTP/1.1[0m" 304 -
127.0.0.1 - - [01/Dec/2023 10:17:46] "[36mGET /static/js/todolist.js HTTP/1.1[0m" 304 -
127.0.0.1 - - [01/Dec/2023 10:17:47] "[33mGET /static/fonts/Roboto/Roboto-Bold.woff2 HTTP/1.1[0m" 404 -
127.0.0.1 - - [01/Dec/2023 10:17:47] "[33mGET /static/fonts/Roboto/Roboto-Regular.woff2 HTTP/1.1[0m" 404 -
127.0.0.1 - - [01/Dec/2023 10:17:47] "[33mGET /static/fonts/Roboto/Roboto-Light.woff2 HTTP/1.1[0m" 404 -
127.0.0.1 - - [01/Dec/2023 10:17:47] "[36mGET /static/vendors/progressbar.js/progressbar.min.js HTTP/1.1[0m" 304 -
127.0.0.1 - - [01/Dec/2023 10:17:47] "[33mGET /static/fonts/Roboto/Roboto-Regular.woff HTTP/1.1[0m" 404 -
127.0.0.1 - - [01/Dec/2023 10:17:47] "[33mGET /static/fonts/Roboto/Roboto-Bold.woff HTTP/1.1[0m" 404 -
127.0.0.1 - - [01/Dec/2023 10:17:47] "[33mGET /static/fonts/Roboto/Roboto-Light.woff HTTP/1.1[0m" 404 -
127.0.0.1 - - [01/Dec/2023 10:17:47] "[33mGET /static/fonts/Roboto/Roboto-Regular.ttf HTTP/1.1[0m" 404 -
127.0.0.1 - - [01/Dec/2023 10:17:47] "[33mGET /static/fonts/Roboto/Roboto-Bold.ttf HTTP/1.1[0m" 404 -
127.0.0.1 - - [01/Dec/2023 10:17:47] "[36mGET /static/vendors/chart.js/Chart.min.js HTTP/1.1[0m" 304 -
127.0.0.1 - - [01/Dec/2023 10:17:47] "[36mGET /static/css/maps/vertical-layout-light/style.css.map HTTP/1.1[0m" 304 -
127.0.0.1 - - [01/Dec/2023 10:17:47] "[33mGET /static/fonts/Roboto/Roboto-Light.ttf HTTP/1.1[0m" 404 -
127.0.0.1 - - [01/Dec/2023 10:17:47] "[36mGET /static/vendors/js/bootstrap.min.js.map HTTP/1.1[0m" 304 -
127.0.0.1 - - [01/Dec/2023 10:17:47] "[36mGET /static/vendors/progressbar.js/progressbar.min.js.map HTTP/1.1[0m" 304 -
127.0.0.1 - - [01/Dec/2023 10:17:48] "[36mGET /static/images/enia.png HTTP/1.1[0m" 304 -
127.0.0.1 - - [01/Dec/2023 10:18:04] "GET /test HTTP/1.1" 200 -
127.0.0.1 - - [01/Dec/2023 10:18:04] "[36mGET /static/vendors/typicons.font/font/typicons.css HTTP/1.1[0m" 304 -
127.0.0.1 - - [01/Dec/2023 10:18:04] "[36mGET /static/vendors/css/vendor.bundle.base.css HTTP/1.1[0m" 304 -
127.0.0.1 - - [01/Dec/2023 10:18:04] "[36mGET /static/css/vertical-layout-light/style.css HTTP/1.1[0m" 304 -
127.0.0.1 - - [01/Dec/2023 10:18:04] "[36mGET /static/images/enia.png HTTP/1.1[0m" 304 -
127.0.0.1 - - [01/Dec/2023 10:18:04] "[36mGET /static/vendors/js/vendor.bundle.base.js HTTP/1.1[0m" 304 -
127.0.0.1 - - [01/Dec/2023 10:18:04] "[36mGET /static/css/nuovo_sensore.css HTTP/1.1[0m" 304 -
127.0.0.1 - - [01/Dec/2023 10:18:04] "[36mGET /static/vendors/typicons.font/font/typicons.woff HTTP/1.1[0m" 304 -
127.0.0.1 - - [01/Dec/2023 10:18:04] "[33mGET /static/fonts/Roboto/Roboto-Regular.woff2 HTTP/1.1[0m" 404 -
127.0.0.1 - - [01/Dec/2023 10:18:05] "[36mGET /static/js/hoverable-collapse.js HTTP/1.1[0m" 304 -
127.0.0.1 - - [01/Dec/2023 10:18:05] "[36mGET /static/js/off-canvas.js HTTP/1.1[0m" 304 -
127.0.0.1 - - [01/Dec/2023 10:18:05] "[33mGET /static/fonts/Roboto/Roboto-Bold.woff2 HTTP/1.1[0m" 404 -
127.0.0.1 - - [01/Dec/2023 10:18:05] "[33mGET /static/fonts/Roboto/Roboto-Light.woff2 HTTP/1.1[0m" 404 -
127.0.0.1 - - [01/Dec/2023 10:18:05] "[33mGET /static/fonts/Roboto/Roboto-Regular.woff HTTP/1.1[0m" 404 -
127.0.0.1 - - [01/Dec/2023 10:18:05] "[36mGET /static/js/settings.js HTTP/1.1[0m" 304 -
127.0.0.1 - - [01/Dec/2023 10:18:05] "[36mGET /static/js/template.js HTTP/1.1[0m" 304 -
127.0.0.1 - - [01/Dec/2023 10:18:05] "[33mGET /static/fonts/Roboto/Roboto-Bold.woff HTTP/1.1[0m" 404 -
127.0.0.1 - - [01/Dec/2023 10:18:05] "[33mGET /static/fonts/Roboto/Roboto-Light.woff HTTP/1.1[0m" 404 -
127.0.0.1 - - [01/Dec/2023 10:18:05] "[33mGET /static/fonts/Roboto/Roboto-Regular.ttf HTTP/1.1[0m" 404 -
127.0.0.1 - - [01/Dec/2023 10:18:05] "[36mGET /static/js/todolist.js HTTP/1.1[0m" 304 -
127.0.0.1 - - [01/Dec/2023 10:18:05] "[33mGET /static/fonts/Roboto/Roboto-Bold.ttf HTTP/1.1[0m" 404 -
127.0.0.1 - - [01/Dec/2023 10:18:05] "[33mGET /static/fonts/Roboto/Roboto-Light.ttf HTTP/1.1[0m" 404 -
127.0.0.1 - - [01/Dec/2023 10:18:05] "[36mGET /static/vendors/progressbar.js/progressbar.min.js HTTP/1.1[0m" 304 -
127.0.0.1 - - [01/Dec/2023 10:18:05] "[36mGET /static/vendors/chart.js/Chart.min.js HTTP/1.1[0m" 304 -
127.0.0.1 - - [01/Dec/2023 10:18:05] "[36mGET /static/css/maps/vertical-layout-light/style.css.map HTTP/1.1[0m" 304 -
127.0.0.1 - - [01/Dec/2023 10:18:06] "[36mGET /static/vendors/js/bootstrap.min.js.map HTTP/1.1[0m" 304 -
127.0.0.1 - - [01/Dec/2023 10:18:06] "[36mGET /static/vendors/progressbar.js/progressbar.min.js.map HTTP/1.1[0m" 304 -
127.0.0.1 - - [01/Dec/2023 10:18:06] "[36mGET /static/images/enia.png HTTP/1.1[0m" 304 -
127.0.0.1 - - [01/Dec/2023 10:18:24] "GET /test HTTP/1.1" 200 -
127.0.0.1 - - [01/Dec/2023 10:18:24] "[36mGET /static/vendors/typicons.font/font/typicons.css HTTP/1.1[0m" 304 -
127.0.0.1 - - [01/Dec/2023 10:18:24] "[36mGET /static/vendors/css/vendor.bundle.base.css HTTP/1.1[0m" 304 -
127.0.0.1 - - [01/Dec/2023 10:18:24] "[36mGET /static/css/vertical-layout-light/style.css HTTP/1.1[0m" 304 -
127.0.0.1 - - [01/Dec/2023 10:18:24] "[36mGET /static/vendors/typicons.font/font/typicons.woff HTTP/1.1[0m" 304 -
127.0.0.1 - - [01/Dec/2023 10:18:24] "[36mGET /static/images/enia.png HTTP/1.1[0m" 304 -
127.0.0.1 - - [01/Dec/2023 10:18:24] "[36mGET /static/css/nuovo_sensore.css HTTP/1.1[0m" 304 -
127.0.0.1 - - [01/Dec/2023 10:18:24] "[33mGET /static/fonts/Roboto/Roboto-Regular.woff2 HTTP/1.1[0m" 404 -
127.0.0.1 - - [01/Dec/2023 10:18:24] "[33mGET /static/fonts/Roboto/Roboto-Bold.woff2 HTTP/1.1[0m" 404 -
127.0.0.1 - - [01/Dec/2023 10:18:25] "[36mGET /static/vendors/js/vendor.bundle.base.js HTTP/1.1[0m" 304 -
127.0.0.1 - - [01/Dec/2023 10:18:25] "[33mGET /static/fonts/Roboto/Roboto-Light.woff2 HTTP/1.1[0m" 404 -
127.0.0.1 - - [01/Dec/2023 10:18:25] "[33mGET /static/fonts/Roboto/Roboto-Regular.woff HTTP/1.1[0m" 404 -
127.0.0.1 - - [01/Dec/2023 10:18:25] "[33mGET /static/fonts/Roboto/Roboto-Bold.woff HTTP/1.1[0m" 404 -
127.0.0.1 - - [01/Dec/2023 10:18:25] "[33mGET /static/fonts/Roboto/Roboto-Light.woff HTTP/1.1[0m" 404 -
127.0.0.1 - - [01/Dec/2023 10:18:25] "[33mGET /static/fonts/Roboto/Roboto-Regular.ttf HTTP/1.1[0m" 404 -
127.0.0.1 - - [01/Dec/2023 10:18:25] "[36mGET /static/js/off-canvas.js HTTP/1.1[0m" 304 -
127.0.0.1 - - [01/Dec/2023 10:18:25] "[36mGET /static/js/hoverable-collapse.js HTTP/1.1[0m" 304 -
127.0.0.1 - - [01/Dec/2023 10:18:25] "[33mGET /static/fonts/Roboto/Roboto-Bold.ttf HTTP/1.1[0m" 404 -
127.0.0.1 - - [01/Dec/2023 10:18:25] "[33mGET /static/fonts/Roboto/Roboto-Light.ttf HTTP/1.1[0m" 404 -
127.0.0.1 - - [01/Dec/2023 10:18:25] "[36mGET /static/js/template.js HTTP/1.1[0m" 304 -
127.0.0.1 - - [01/Dec/2023 10:18:25] "[36mGET /static/js/settings.js HTTP/1.1[0m" 304 -
127.0.0.1 - - [01/Dec/2023 10:18:25] "[36mGET /static/js/todolist.js HTTP/1.1[0m" 304 -
127.0.0.1 - - [01/Dec/2023 10:18:25] "[36mGET /static/vendors/progressbar.js/progressbar.min.js HTTP/1.1[0m" 304 -
127.0.0.1 - - [01/Dec/2023 10:18:25] "[36mGET /static/vendors/chart.js/Chart.min.js HTTP/1.1[0m" 304 -
127.0.0.1 - - [01/Dec/2023 10:18:25] "[36mGET /static/css/maps/vertical-layout-light/style.css.map HTTP/1.1[0m" 304 -
127.0.0.1 - - [01/Dec/2023 10:18:25] "[36mGET /static/vendors/js/bootstrap.min.js.map HTTP/1.1[0m" 304 -
127.0.0.1 - - [01/Dec/2023 10:18:26] "[36mGET /static/vendors/progressbar.js/progressbar.min.js.map HTTP/1.1[0m" 304 -
127.0.0.1 - - [01/Dec/2023 10:18:26] "[36mGET /static/images/enia.png HTTP/1.1[0m" 304 -
127.0.0.1 - - [01/Dec/2023 10:19:45] "GET /test HTTP/1.1" 200 -
127.0.0.1 - - [01/Dec/2023 10:19:45] "[36mGET /static/vendors/typicons.font/font/typicons.css HTTP/1.1[0m" 304 -
127.0.0.1 - - [01/Dec/2023 10:19:45] "[36mGET /static/vendors/css/vendor.bundle.base.css HTTP/1.1[0m" 304 -
127.0.0.1 - - [01/Dec/2023 10:19:45] "[36mGET /static/css/vertical-layout-light/style.css HTTP/1.1[0m" 304 -
127.0.0.1 - - [01/Dec/2023 10:19:45] "GET /static/css/nuovo_sensore.css HTTP/1.1" 200 -
127.0.0.1 - - [01/Dec/2023 10:19:45] "[36mGET /static/images/enia.png HTTP/1.1[0m" 304 -
127.0.0.1 - - [01/Dec/2023 10:19:45] "[36mGET /static/vendors/js/vendor.bundle.base.js HTTP/1.1[0m" 304 -
127.0.0.1 - - [01/Dec/2023 10:19:45] "[36mGET /static/vendors/typicons.font/font/typicons.woff HTTP/1.1[0m" 304 -
127.0.0.1 - - [01/Dec/2023 10:19:45] "[36mGET /static/js/off-canvas.js HTTP/1.1[0m" 304 -
127.0.0.1 - - [01/Dec/2023 10:19:45] "[36mGET /static/js/hoverable-collapse.js HTTP/1.1[0m" 304 -
127.0.0.1 - - [01/Dec/2023 10:19:45] "[36mGET /static/js/template.js HTTP/1.1[0m" 304 -
127.0.0.1 - - [01/Dec/2023 10:19:45] "[36mGET /static/js/settings.js HTTP/1.1[0m" 304 -
127.0.0.1 - - [01/Dec/2023 10:19:45] "[36mGET /static/js/todolist.js HTTP/1.1[0m" 304 -
127.0.0.1 - - [01/Dec/2023 10:19:46] "[33mGET /static/fonts/Roboto/Roboto-Regular.woff2 HTTP/1.1[0m" 404 -
127.0.0.1 - - [01/Dec/2023 10:19:46] "[33mGET /static/fonts/Roboto/Roboto-Bold.woff2 HTTP/1.1[0m" 404 -
127.0.0.1 - - [01/Dec/2023 10:19:46] "[36mGET /static/vendors/progressbar.js/progressbar.min.js HTTP/1.1[0m" 304 -
127.0.0.1 - - [01/Dec/2023 10:19:46] "[33mGET /static/fonts/Roboto/Roboto-Light.woff2 HTTP/1.1[0m" 404 -
127.0.0.1 - - [01/Dec/2023 10:19:46] "[33mGET /static/fonts/Roboto/Roboto-Regular.woff HTTP/1.1[0m" 404 -
127.0.0.1 - - [01/Dec/2023 10:19:46] "[33mGET /static/fonts/Roboto/Roboto-Bold.woff HTTP/1.1[0m" 404 -
127.0.0.1 - - [01/Dec/2023 10:19:46] "[33mGET /static/fonts/Roboto/Roboto-Light.woff HTTP/1.1[0m" 404 -
127.0.0.1 - - [01/Dec/2023 10:19:46] "[36mGET /static/vendors/chart.js/Chart.min.js HTTP/1.1[0m" 304 -
127.0.0.1 - - [01/Dec/2023 10:19:46] "[33mGET /static/fonts/Roboto/Roboto-Regular.ttf HTTP/1.1[0m" 404 -
127.0.0.1 - - [01/Dec/2023 10:19:46] "[33mGET /static/fonts/Roboto/Roboto-Bold.ttf HTTP/1.1[0m" 404 -
127.0.0.1 - - [01/Dec/2023 10:19:46] "[33mGET /static/fonts/Roboto/Roboto-Light.ttf HTTP/1.1[0m" 404 -
127.0.0.1 - - [01/Dec/2023 10:19:46] "[36mGET /static/css/maps/vertical-layout-light/style.css.map HTTP/1.1[0m" 304 -
127.0.0.1 - - [01/Dec/2023 10:19:46] "[36mGET /static/vendors/js/bootstrap.min.js.map HTTP/1.1[0m" 304 -
127.0.0.1 - - [01/Dec/2023 10:19:46] "[36mGET /static/vendors/progressbar.js/progressbar.min.js.map HTTP/1.1[0m" 304 -
127.0.0.1 - - [01/Dec/2023 10:19:47] "[36mGET /static/images/enia.png HTTP/1.1[0m" 304 -
127.0.0.1 - - [01/Dec/2023 10:20:54] "GET /test HTTP/1.1" 200 -
127.0.0.1 - - [01/Dec/2023 10:20:54] "[36mGET /static/vendors/typicons.font/font/typicons.css HTTP/1.1[0m" 304 -
127.0.0.1 - - [01/Dec/2023 10:20:54] "[36mGET /static/vendors/css/vendor.bundle.base.css HTTP/1.1[0m" 304 -
127.0.0.1 - - [01/Dec/2023 10:20:54] "[36mGET /static/css/vertical-layout-light/style.css HTTP/1.1[0m" 304 -
127.0.0.1 - - [01/Dec/2023 10:20:54] "[36mGET /static/images/enia.png HTTP/1.1[0m" 304 -
127.0.0.1 - - [01/Dec/2023 10:20:54] "[36mGET /static/vendors/js/vendor.bundle.base.js HTTP/1.1[0m" 304 -
127.0.0.1 - - [01/Dec/2023 10:20:54] "GET /static/css/nuovo_sensore.css HTTP/1.1" 200 -
127.0.0.1 - - [01/Dec/2023 10:20:55] "[36mGET /static/vendors/typicons.font/font/typicons.woff HTTP/1.1[0m" 304 -
127.0.0.1 - - [01/Dec/2023 10:20:55] "[36mGET /static/js/off-canvas.js HTTP/1.1[0m" 304 -
127.0.0.1 - - [01/Dec/2023 10:20:55] "[36mGET /static/js/hoverable-collapse.js HTTP/1.1[0m" 304 -
127.0.0.1 - - [01/Dec/2023 10:20:55] "[33mGET /static/fonts/Roboto/Roboto-Regular.woff2 HTTP/1.1[0m" 404 -
127.0.0.1 - - [01/Dec/2023 10:20:55] "[36mGET /static/js/template.js HTTP/1.1[0m" 304 -
127.0.0.1 - - [01/Dec/2023 10:20:55] "[33mGET /static/fonts/Roboto/Roboto-Bold.woff2 HTTP/1.1[0m" 404 -
127.0.0.1 - - [01/Dec/2023 10:20:55] "[33mGET /static/fonts/Roboto/Roboto-Light.woff2 HTTP/1.1[0m" 404 -
127.0.0.1 - - [01/Dec/2023 10:20:55] "[33mGET /static/fonts/Roboto/Roboto-Regular.woff HTTP/1.1[0m" 404 -
127.0.0.1 - - [01/Dec/2023 10:20:55] "[36mGET /static/js/settings.js HTTP/1.1[0m" 304 -
127.0.0.1 - - [01/Dec/2023 10:20:55] "[36mGET /static/js/todolist.js HTTP/1.1[0m" 304 -
127.0.0.1 - - [01/Dec/2023 10:20:55] "[36mGET /static/vendors/progressbar.js/progressbar.min.js HTTP/1.1[0m" 304 -
127.0.0.1 - - [01/Dec/2023 10:20:56] "[33mGET /static/fonts/Roboto/Roboto-Regular.ttf HTTP/1.1[0m" 404 -
127.0.0.1 - - [01/Dec/2023 10:20:56] "[33mGET /static/fonts/Roboto/Roboto-Bold.woff HTTP/1.1[0m" 404 -
127.0.0.1 - - [01/Dec/2023 10:20:56] "[33mGET /static/fonts/Roboto/Roboto-Light.woff HTTP/1.1[0m" 404 -
127.0.0.1 - - [01/Dec/2023 10:20:56] "[36mGET /static/vendors/chart.js/Chart.min.js HTTP/1.1[0m" 304 -
127.0.0.1 - - [01/Dec/2023 10:20:56] "[36mGET /static/css/maps/vertical-layout-light/style.css.map HTTP/1.1[0m" 304 -
127.0.0.1 - - [01/Dec/2023 10:20:56] "[36mGET /static/vendors/js/bootstrap.min.js.map HTTP/1.1[0m" 304 -
127.0.0.1 - - [01/Dec/2023 10:20:56] "[36mGET /static/vendors/progressbar.js/progressbar.min.js.map HTTP/1.1[0m" 304 -
127.0.0.1 - - [01/Dec/2023 10:20:56] "[33mGET /static/fonts/Roboto/Roboto-Bold.ttf HTTP/1.1[0m" 404 -
127.0.0.1 - - [01/Dec/2023 10:20:56] "[33mGET /static/fonts/Roboto/Roboto-Light.ttf HTTP/1.1[0m" 404 -
127.0.0.1 - - [01/Dec/2023 10:20:57] "[36mGET /static/images/enia.png HTTP/1.1[0m" 304 -
127.0.0.1 - - [01/Dec/2023 10:21:47] "GET /test HTTP/1.1" 200 -
127.0.0.1 - - [01/Dec/2023 10:21:47] "[36mGET /static/vendors/typicons.font/font/typicons.css HTTP/1.1[0m" 304 -
127.0.0.1 - - [01/Dec/2023 10:21:47] "[36mGET /static/vendors/css/vendor.bundle.base.css HTTP/1.1[0m" 304 -
127.0.0.1 - - [01/Dec/2023 10:21:48] "[36mGET /static/css/vertical-layout-light/style.css HTTP/1.1[0m" 304 -
127.0.0.1 - - [01/Dec/2023 10:21:48] "[36mGET /static/images/enia.png HTTP/1.1[0m" 304 -
127.0.0.1 - - [01/Dec/2023 10:21:48] "[36mGET /static/vendors/js/vendor.bundle.base.js HTTP/1.1[0m" 304 -
127.0.0.1 - - [01/Dec/2023 10:21:48] "GET /static/css/nuovo_sensore.css HTTP/1.1" 200 -
127.0.0.1 - - [01/Dec/2023 10:21:48] "[36mGET /static/js/off-canvas.js HTTP/1.1[0m" 304 -
127.0.0.1 - - [01/Dec/2023 10:21:48] "[36mGET /static/vendors/typicons.font/font/typicons.woff HTTP/1.1[0m" 304 -
127.0.0.1 - - [01/Dec/2023 10:21:48] "[36mGET /static/js/hoverable-collapse.js HTTP/1.1[0m" 304 -
127.0.0.1 - - [01/Dec/2023 10:21:48] "[36mGET /static/js/template.js HTTP/1.1[0m" 304 -
127.0.0.1 - - [01/Dec/2023 10:21:48] "[36mGET /static/js/settings.js HTTP/1.1[0m" 304 -
127.0.0.1 - - [01/Dec/2023 10:21:48] "[36mGET /static/js/todolist.js HTTP/1.1[0m" 304 -
127.0.0.1 - - [01/Dec/2023 10:21:48] "[36mGET /static/vendors/progressbar.js/progressbar.min.js HTTP/1.1[0m" 304 -
127.0.0.1 - - [01/Dec/2023 10:21:48] "[36mGET /static/vendors/chart.js/Chart.min.js HTTP/1.1[0m" 304 -
127.0.0.1 - - [01/Dec/2023 10:21:48] "[36mGET /static/css/maps/vertical-layout-light/style.css.map HTTP/1.1[0m" 304 -
127.0.0.1 - - [01/Dec/2023 10:21:49] "[33mGET /static/fonts/Roboto/Roboto-Regular.woff2 HTTP/1.1[0m" 404 -
127.0.0.1 - - [01/Dec/2023 10:21:49] "[33mGET /static/fonts/Roboto/Roboto-Light.woff2 HTTP/1.1[0m" 404 -
127.0.0.1 - - [01/Dec/2023 10:21:49] "[33mGET /static/fonts/Roboto/Roboto-Bold.woff2 HTTP/1.1[0m" 404 -
127.0.0.1 - - [01/Dec/2023 10:21:49] "[36mGET /static/vendors/js/bootstrap.min.js.map HTTP/1.1[0m" 304 -
127.0.0.1 - - [01/Dec/2023 10:21:49] "[36mGET /static/vendors/progressbar.js/progressbar.min.js.map HTTP/1.1[0m" 304 -
127.0.0.1 - - [01/Dec/2023 10:21:49] "[33mGET /static/fonts/Roboto/Roboto-Bold.woff HTTP/1.1[0m" 404 -
127.0.0.1 - - [01/Dec/2023 10:21:49] "[33mGET /static/fonts/Roboto/Roboto-Light.woff HTTP/1.1[0m" 404 -
127.0.0.1 - - [01/Dec/2023 10:21:49] "[33mGET /static/fonts/Roboto/Roboto-Regular.woff HTTP/1.1[0m" 404 -
127.0.0.1 - - [01/Dec/2023 10:21:49] "[33mGET /static/fonts/Roboto/Roboto-Bold.ttf HTTP/1.1[0m" 404 -
127.0.0.1 - - [01/Dec/2023 10:21:50] "[33mGET /static/fonts/Roboto/Roboto-Light.ttf HTTP/1.1[0m" 404 -
127.0.0.1 - - [01/Dec/2023 10:21:50] "[33mGET /static/fonts/Roboto/Roboto-Regular.ttf HTTP/1.1[0m" 404 -
127.0.0.1 - - [01/Dec/2023 10:21:50] "[36mGET /static/images/enia.png HTTP/1.1[0m" 304 -
127.0.0.1 - - [01/Dec/2023 10:23:10] "GET /test HTTP/1.1" 200 -
127.0.0.1 - - [01/Dec/2023 10:23:10] "[36mGET /static/vendors/typicons.font/font/typicons.css HTTP/1.1[0m" 304 -
127.0.0.1 - - [01/Dec/2023 10:23:10] "[36mGET /static/vendors/css/vendor.bundle.base.css HTTP/1.1[0m" 304 -
127.0.0.1 - - [01/Dec/2023 10:23:11] "[36mGET /static/css/vertical-layout-light/style.css HTTP/1.1[0m" 304 -
127.0.0.1 - - [01/Dec/2023 10:23:11] "GET /static/css/nuovo_sensore.css HTTP/1.1" 200 -
127.0.0.1 - - [01/Dec/2023 10:23:11] "[36mGET /static/images/enia.png HTTP/1.1[0m" 304 -
127.0.0.1 - - [01/Dec/2023 10:23:11] "[36mGET /static/vendors/js/vendor.bundle.base.js HTTP/1.1[0m" 304 -
127.0.0.1 - - [01/Dec/2023 10:23:11] "[36mGET /static/js/hoverable-collapse.js HTTP/1.1[0m" 304 -
127.0.0.1 - - [01/Dec/2023 10:23:11] "[36mGET /static/vendors/progressbar.js/progressbar.min.js HTTP/1.1[0m" 304 -
127.0.0.1 - - [01/Dec/2023 10:23:11] "[36mGET /static/js/off-canvas.js HTTP/1.1[0m" 304 -
127.0.0.1 - - [01/Dec/2023 10:23:11] "[36mGET /static/js/settings.js HTTP/1.1[0m" 304 -
127.0.0.1 - - [01/Dec/2023 10:23:11] "[36mGET /static/js/template.js HTTP/1.1[0m" 304 -
127.0.0.1 - - [01/Dec/2023 10:23:11] "[36mGET /static/js/todolist.js HTTP/1.1[0m" 304 -
127.0.0.1 - - [01/Dec/2023 10:23:11] "[36mGET /static/vendors/chart.js/Chart.min.js HTTP/1.1[0m" 304 -
127.0.0.1 - - [01/Dec/2023 10:23:11] "[36mGET /static/vendors/typicons.font/font/typicons.woff HTTP/1.1[0m" 304 -
127.0.0.1 - - [01/Dec/2023 10:23:11] "[33mGET /static/fonts/Roboto/Roboto-Light.woff2 HTTP/1.1[0m" 404 -
127.0.0.1 - - [01/Dec/2023 10:23:11] "[33mGET /static/fonts/Roboto/Roboto-Regular.woff2 HTTP/1.1[0m" 404 -
127.0.0.1 - - [01/Dec/2023 10:23:11] "[33mGET /static/fonts/Roboto/Roboto-Bold.woff2 HTTP/1.1[0m" 404 -
127.0.0.1 - - [01/Dec/2023 10:23:12] "[33mGET /static/fonts/Roboto/Roboto-Regular.woff HTTP/1.1[0m" 404 -
127.0.0.1 - - [01/Dec/2023 10:23:12] "[33mGET /static/fonts/Roboto/Roboto-Bold.woff HTTP/1.1[0m" 404 -
127.0.0.1 - - [01/Dec/2023 10:23:12] "[33mGET /static/fonts/Roboto/Roboto-Light.woff HTTP/1.1[0m" 404 -
127.0.0.1 - - [01/Dec/2023 10:23:12] "[33mGET /static/fonts/Roboto/Roboto-Regular.ttf HTTP/1.1[0m" 404 -
127.0.0.1 - - [01/Dec/2023 10:23:12] "[33mGET /static/fonts/Roboto/Roboto-Light.ttf HTTP/1.1[0m" 404 -
127.0.0.1 - - [01/Dec/2023 10:23:12] "[33mGET /static/fonts/Roboto/Roboto-Bold.ttf HTTP/1.1[0m" 404 -
127.0.0.1 - - [01/Dec/2023 10:23:12] "[36mGET /static/images/enia.png HTTP/1.1[0m" 304 -
127.0.0.1 - - [01/Dec/2023 10:23:41] "GET /test HTTP/1.1" 200 -
127.0.0.1 - - [01/Dec/2023 10:23:41] "[36mGET /static/vendors/typicons.font/font/typicons.css HTTP/1.1[0m" 304 -
127.0.0.1 - - [01/Dec/2023 10:23:41] "[36mGET /static/vendors/css/vendor.bundle.base.css HTTP/1.1[0m" 304 -
127.0.0.1 - - [01/Dec/2023 10:23:41] "[36mGET /static/css/vertical-layout-light/style.css HTTP/1.1[0m" 304 -
127.0.0.1 - - [01/Dec/2023 10:23:41] "[36mGET /static/css/nuovo_sensore.css HTTP/1.1[0m" 304 -
127.0.0.1 - - [01/Dec/2023 10:23:41] "[36mGET /static/images/enia.png HTTP/1.1[0m" 304 -
127.0.0.1 - - [01/Dec/2023 10:23:41] "[36mGET /static/vendors/js/vendor.bundle.base.js HTTP/1.1[0m" 304 -
127.0.0.1 - - [01/Dec/2023 10:23:41] "[36mGET /static/js/off-canvas.js HTTP/1.1[0m" 304 -
127.0.0.1 - - [01/Dec/2023 10:23:41] "[36mGET /static/js/settings.js HTTP/1.1[0m" 304 -
127.0.0.1 - - [01/Dec/2023 10:23:41] "[36mGET /static/js/template.js HTTP/1.1[0m" 304 -
127.0.0.1 - - [01/Dec/2023 10:23:41] "[36mGET /static/js/hoverable-collapse.js HTTP/1.1[0m" 304 -
127.0.0.1 - - [01/Dec/2023 10:23:41] "[36mGET /static/js/todolist.js HTTP/1.1[0m" 304 -
127.0.0.1 - - [01/Dec/2023 10:23:41] "[36mGET /static/vendors/progressbar.js/progressbar.min.js HTTP/1.1[0m" 304 -
127.0.0.1 - - [01/Dec/2023 10:23:42] "[36mGET /static/vendors/chart.js/Chart.min.js HTTP/1.1[0m" 304 -
127.0.0.1 - - [01/Dec/2023 10:23:42] "[36mGET /static/vendors/typicons.font/font/typicons.woff HTTP/1.1[0m" 304 -
127.0.0.1 - - [01/Dec/2023 10:23:42] "[33mGET /static/fonts/Roboto/Roboto-Regular.woff2 HTTP/1.1[0m" 404 -
127.0.0.1 - - [01/Dec/2023 10:23:42] "[33mGET /static/fonts/Roboto/Roboto-Bold.woff2 HTTP/1.1[0m" 404 -
127.0.0.1 - - [01/Dec/2023 10:23:42] "[33mGET /static/fonts/Roboto/Roboto-Light.woff2 HTTP/1.1[0m" 404 -
127.0.0.1 - - [01/Dec/2023 10:23:42] "[33mGET /static/fonts/Roboto/Roboto-Regular.woff HTTP/1.1[0m" 404 -
127.0.0.1 - - [01/Dec/2023 10:23:42] "[33mGET /static/fonts/Roboto/Roboto-Bold.woff HTTP/1.1[0m" 404 -
127.0.0.1 - - [01/Dec/2023 10:23:42] "[33mGET /static/fonts/Roboto/Roboto-Light.woff HTTP/1.1[0m" 404 -
127.0.0.1 - - [01/Dec/2023 10:23:43] "[33mGET /static/fonts/Roboto/Roboto-Regular.ttf HTTP/1.1[0m" 404 -
127.0.0.1 - - [01/Dec/2023 10:23:43] "[33mGET /static/fonts/Roboto/Roboto-Light.ttf HTTP/1.1[0m" 404 -
127.0.0.1 - - [01/Dec/2023 10:23:43] "[33mGET /static/fonts/Roboto/Roboto-Bold.ttf HTTP/1.1[0m" 404 -
127.0.0.1 - - [01/Dec/2023 10:23:43] "[36mGET /static/images/enia.png HTTP/1.1[0m" 304 -
127.0.0.1 - - [01/Dec/2023 10:25:28] "GET /test HTTP/1.1" 200 -
127.0.0.1 - - [01/Dec/2023 10:25:28] "[36mGET /static/vendors/typicons.font/font/typicons.css HTTP/1.1[0m" 304 -
127.0.0.1 - - [01/Dec/2023 10:25:29] "[36mGET /static/vendors/css/vendor.bundle.base.css HTTP/1.1[0m" 304 -
127.0.0.1 - - [01/Dec/2023 10:25:29] "[36mGET /static/css/vertical-layout-light/style.css HTTP/1.1[0m" 304 -
127.0.0.1 - - [01/Dec/2023 10:25:29] "GET /static/css/nuovo_sensore.css HTTP/1.1" 200 -
127.0.0.1 - - [01/Dec/2023 10:25:29] "[36mGET /static/vendors/js/vendor.bundle.base.js HTTP/1.1[0m" 304 -
127.0.0.1 - - [01/Dec/2023 10:25:29] "[36mGET /static/images/enia.png HTTP/1.1[0m" 304 -
127.0.0.1 - - [01/Dec/2023 10:25:29] "[36mGET /static/js/template.js HTTP/1.1[0m" 304 -
127.0.0.1 - - [01/Dec/2023 10:25:29] "[36mGET /static/js/hoverable-collapse.js HTTP/1.1[0m" 304 -
127.0.0.1 - - [01/Dec/2023 10:25:29] "[36mGET /static/js/off-canvas.js HTTP/1.1[0m" 304 -
127.0.0.1 - - [01/Dec/2023 10:25:29] "[36mGET /static/js/settings.js HTTP/1.1[0m" 304 -
127.0.0.1 - - [01/Dec/2023 10:25:29] "[36mGET /static/js/todolist.js HTTP/1.1[0m" 304 -
127.0.0.1 - - [01/Dec/2023 10:25:29] "[36mGET /static/vendors/progressbar.js/progressbar.min.js HTTP/1.1[0m" 304 -
127.0.0.1 - - [01/Dec/2023 10:25:29] "[36mGET /static/vendors/chart.js/Chart.min.js HTTP/1.1[0m" 304 -
127.0.0.1 - - [01/Dec/2023 10:25:30] "[36mGET /static/vendors/typicons.font/font/typicons.woff HTTP/1.1[0m" 304 -
127.0.0.1 - - [01/Dec/2023 10:25:30] "[33mGET /static/fonts/Roboto/Roboto-Regular.woff2 HTTP/1.1[0m" 404 -
127.0.0.1 - - [01/Dec/2023 10:25:30] "[33mGET /static/fonts/Roboto/Roboto-Bold.woff2 HTTP/1.1[0m" 404 -
127.0.0.1 - - [01/Dec/2023 10:25:30] "[33mGET /static/fonts/Roboto/Roboto-Light.woff2 HTTP/1.1[0m" 404 -
127.0.0.1 - - [01/Dec/2023 10:25:30] "[33mGET /static/fonts/Roboto/Roboto-Regular.woff HTTP/1.1[0m" 404 -
127.0.0.1 - - [01/Dec/2023 10:25:30] "[33mGET /static/fonts/Roboto/Roboto-Bold.woff HTTP/1.1[0m" 404 -
127.0.0.1 - - [01/Dec/2023 10:25:30] "[33mGET /static/fonts/Roboto/Roboto-Light.woff HTTP/1.1[0m" 404 -
127.0.0.1 - - [01/Dec/2023 10:25:30] "[33mGET /static/fonts/Roboto/Roboto-Regular.ttf HTTP/1.1[0m" 404 -
127.0.0.1 - - [01/Dec/2023 10:25:30] "[33mGET /static/fonts/Roboto/Roboto-Light.ttf HTTP/1.1[0m" 404 -
127.0.0.1 - - [01/Dec/2023 10:25:30] "[33mGET /static/fonts/Roboto/Roboto-Bold.ttf HTTP/1.1[0m" 404 -
127.0.0.1 - - [01/Dec/2023 10:25:31] "[36mGET /static/images/enia.png HTTP/1.1[0m" 304 -
127.0.0.1 - - [01/Dec/2023 10:25:38] "[36mGET /static/vendors/typicons.font/font/typicons.css HTTP/1.1[0m" 304 -
127.0.0.1 - - [01/Dec/2023 10:25:38] "[36mGET /static/vendors/css/vendor.bundle.base.css HTTP/1.1[0m" 304 -
127.0.0.1 - - [01/Dec/2023 10:25:38] "[36mGET /static/css/vertical-layout-light/style.css HTTP/1.1[0m" 304 -
127.0.0.1 - - [01/Dec/2023 10:25:38] "[36mGET /static/css/nuovo_sensore.css HTTP/1.1[0m" 304 -
127.0.0.1 - - [01/Dec/2023 10:25:38] "[36mGET /static/vendors/js/bootstrap.min.js.map HTTP/1.1[0m" 304 -
127.0.0.1 - - [01/Dec/2023 10:25:38] "[36mGET /static/vendors/progressbar.js/progressbar.min.js.map HTTP/1.1[0m" 304 -
127.0.0.1 - - [01/Dec/2023 10:25:38] "[36mGET /static/css/maps/vertical-layout-light/style.css.map HTTP/1.1[0m" 304 -
127.0.0.1 - - [01/Dec/2023 10:26:22] "GET /test HTTP/1.1" 200 -
127.0.0.1 - - [01/Dec/2023 10:26:22] "[36mGET /static/vendors/typicons.font/font/typicons.css HTTP/1.1[0m" 304 -
127.0.0.1 - - [01/Dec/2023 10:26:22] "[36mGET /static/vendors/css/vendor.bundle.base.css HTTP/1.1[0m" 304 -
127.0.0.1 - - [01/Dec/2023 10:26:22] "[36mGET /static/css/vertical-layout-light/style.css HTTP/1.1[0m" 304 -
127.0.0.1 - - [01/Dec/2023 10:26:22] "[36mGET /static/css/nuovo_sensore.css HTTP/1.1[0m" 304 -
127.0.0.1 - - [01/Dec/2023 10:26:22] "[36mGET /static/vendors/js/vendor.bundle.base.js HTTP/1.1[0m" 304 -
127.0.0.1 - - [01/Dec/2023 10:26:22] "[36mGET /static/images/enia.png HTTP/1.1[0m" 304 -
127.0.0.1 - - [01/Dec/2023 10:26:22] "[36mGET /static/js/off-canvas.js HTTP/1.1[0m" 304 -
127.0.0.1 - - [01/Dec/2023 10:26:22] "[36mGET /static/js/template.js HTTP/1.1[0m" 304 -
127.0.0.1 - - [01/Dec/2023 10:26:22] "[36mGET /static/js/hoverable-collapse.js HTTP/1.1[0m" 304 -
127.0.0.1 - - [01/Dec/2023 10:26:22] "[36mGET /static/js/settings.js HTTP/1.1[0m" 304 -
127.0.0.1 - - [01/Dec/2023 10:26:22] "[36mGET /static/js/todolist.js HTTP/1.1[0m" 304 -
127.0.0.1 - - [01/Dec/2023 10:26:22] "[36mGET /static/vendors/progressbar.js/progressbar.min.js HTTP/1.1[0m" 304 -
127.0.0.1 - - [01/Dec/2023 10:26:23] "[36mGET /static/vendors/chart.js/Chart.min.js HTTP/1.1[0m" 304 -
127.0.0.1 - - [01/Dec/2023 10:26:23] "[36mGET /static/vendors/typicons.font/font/typicons.woff HTTP/1.1[0m" 304 -
127.0.0.1 - - [01/Dec/2023 10:26:23] "[33mGET /static/fonts/Roboto/Roboto-Bold.woff2 HTTP/1.1[0m" 404 -
127.0.0.1 - - [01/Dec/2023 10:26:23] "[33mGET /static/fonts/Roboto/Roboto-Regular.woff2 HTTP/1.1[0m" 404 -
127.0.0.1 - - [01/Dec/2023 10:26:23] "[33mGET /static/fonts/Roboto/Roboto-Light.woff2 HTTP/1.1[0m" 404 -
127.0.0.1 - - [01/Dec/2023 10:26:23] "[33mGET /static/fonts/Roboto/Roboto-Light.woff HTTP/1.1[0m" 404 -
127.0.0.1 - - [01/Dec/2023 10:26:23] "[33mGET /static/fonts/Roboto/Roboto-Regular.woff HTTP/1.1[0m" 404 -
127.0.0.1 - - [01/Dec/2023 10:26:23] "[33mGET /static/fonts/Roboto/Roboto-Bold.woff HTTP/1.1[0m" 404 -
127.0.0.1 - - [01/Dec/2023 10:26:24] "[33mGET /static/fonts/Roboto/Roboto-Light.ttf HTTP/1.1[0m" 404 -
127.0.0.1 - - [01/Dec/2023 10:26:24] "[33mGET /static/fonts/Roboto/Roboto-Regular.ttf HTTP/1.1[0m" 404 -
127.0.0.1 - - [01/Dec/2023 10:26:24] "[33mGET /static/fonts/Roboto/Roboto-Bold.ttf HTTP/1.1[0m" 404 -
127.0.0.1 - - [01/Dec/2023 10:26:24] "[36mGET /static/images/enia.png HTTP/1.1[0m" 304 -
127.0.0.1 - - [01/Dec/2023 10:30:21] "GET /test HTTP/1.1" 200 -
127.0.0.1 - - [01/Dec/2023 10:30:21] "[36mGET /static/vendors/typicons.font/font/typicons.css HTTP/1.1[0m" 304 -
127.0.0.1 - - [01/Dec/2023 10:30:21] "[36mGET /static/vendors/css/vendor.bundle.base.css HTTP/1.1[0m" 304 -
127.0.0.1 - - [01/Dec/2023 10:30:21] "[36mGET /static/css/vertical-layout-light/style.css HTTP/1.1[0m" 304 -
127.0.0.1 - - [01/Dec/2023 10:30:21] "[36mGET /static/images/enia.png HTTP/1.1[0m" 304 -
127.0.0.1 - - [01/Dec/2023 10:30:21] "[36mGET /static/vendors/js/vendor.bundle.base.js HTTP/1.1[0m" 304 -
127.0.0.1 - - [01/Dec/2023 10:30:21] "GET /static/css/nuovo_sensore.css HTTP/1.1" 200 -
127.0.0.1 - - [01/Dec/2023 10:30:21] "[36mGET /static/js/hoverable-collapse.js HTTP/1.1[0m" 304 -
127.0.0.1 - - [01/Dec/2023 10:30:21] "[36mGET /static/js/off-canvas.js HTTP/1.1[0m" 304 -
127.0.0.1 - - [01/Dec/2023 10:30:21] "[36mGET /static/vendors/typicons.font/font/typicons.woff HTTP/1.1[0m" 304 -
127.0.0.1 - - [01/Dec/2023 10:30:21] "[33mGET /static/fonts/Roboto/Roboto-Regular.woff2 HTTP/1.1[0m" 404 -
127.0.0.1 - - [01/Dec/2023 10:30:21] "[33mGET /static/fonts/Roboto/Roboto-Light.woff2 HTTP/1.1[0m" 404 -
127.0.0.1 - - [01/Dec/2023 10:30:21] "[33mGET /static/fonts/Roboto/Roboto-Bold.woff2 HTTP/1.1[0m" 404 -
127.0.0.1 - - [01/Dec/2023 10:30:21] "[36mGET /static/js/template.js HTTP/1.1[0m" 304 -
127.0.0.1 - - [01/Dec/2023 10:30:21] "[36mGET /static/js/settings.js HTTP/1.1[0m" 304 -
127.0.0.1 - - [01/Dec/2023 10:30:22] "[33mGET /static/fonts/Roboto/Roboto-Regular.woff HTTP/1.1[0m" 404 -
127.0.0.1 - - [01/Dec/2023 10:30:22] "[36mGET /static/js/todolist.js HTTP/1.1[0m" 304 -
127.0.0.1 - - [01/Dec/2023 10:30:22] "[36mGET /static/vendors/chart.js/Chart.min.js HTTP/1.1[0m" 304 -
127.0.0.1 - - [01/Dec/2023 10:30:22] "[33mGET /static/fonts/Roboto/Roboto-Light.woff HTTP/1.1[0m" 404 -
127.0.0.1 - - [01/Dec/2023 10:30:22] "[36mGET /static/vendors/progressbar.js/progressbar.min.js HTTP/1.1[0m" 304 -
127.0.0.1 - - [01/Dec/2023 10:30:22] "[33mGET /static/fonts/Roboto/Roboto-Bold.woff HTTP/1.1[0m" 404 -
127.0.0.1 - - [01/Dec/2023 10:30:22] "[33mGET /static/fonts/Roboto/Roboto-Regular.ttf HTTP/1.1[0m" 404 -
127.0.0.1 - - [01/Dec/2023 10:30:22] "[33mGET /static/fonts/Roboto/Roboto-Light.ttf HTTP/1.1[0m" 404 -
127.0.0.1 - - [01/Dec/2023 10:30:22] "[33mGET /static/fonts/Roboto/Roboto-Bold.ttf HTTP/1.1[0m" 404 -
127.0.0.1 - - [01/Dec/2023 10:30:23] "[36mGET /static/images/enia.png HTTP/1.1[0m" 304 -
127.0.0.1 - - [01/Dec/2023 10:30:34] "GET /test HTTP/1.1" 200 -
127.0.0.1 - - [01/Dec/2023 10:30:34] "[36mGET /static/vendors/typicons.font/font/typicons.css HTTP/1.1[0m" 304 -
127.0.0.1 - - [01/Dec/2023 10:30:34] "[36mGET /static/vendors/css/vendor.bundle.base.css HTTP/1.1[0m" 304 -
127.0.0.1 - - [01/Dec/2023 10:30:35] "[36mGET /static/vendors/js/vendor.bundle.base.js HTTP/1.1[0m" 304 -
127.0.0.1 - - [01/Dec/2023 10:30:35] "[36mGET /static/css/vertical-layout-light/style.css HTTP/1.1[0m" 304 -
127.0.0.1 - - [01/Dec/2023 10:30:35] "[36mGET /static/css/nuovo_sensore.css HTTP/1.1[0m" 304 -
127.0.0.1 - - [01/Dec/2023 10:30:35] "[36mGET /static/images/enia.png HTTP/1.1[0m" 304 -
127.0.0.1 - - [01/Dec/2023 10:30:35] "[36mGET /static/js/off-canvas.js HTTP/1.1[0m" 304 -
127.0.0.1 - - [01/Dec/2023 10:30:35] "[36mGET /static/js/hoverable-collapse.js HTTP/1.1[0m" 304 -
127.0.0.1 - - [01/Dec/2023 10:30:35] "[36mGET /static/vendors/typicons.font/font/typicons.woff HTTP/1.1[0m" 304 -
127.0.0.1 - - [01/Dec/2023 10:30:35] "[36mGET /static/js/template.js HTTP/1.1[0m" 304 -
127.0.0.1 - - [01/Dec/2023 10:30:35] "[36mGET /static/js/settings.js HTTP/1.1[0m" 304 -
127.0.0.1 - - [01/Dec/2023 10:30:35] "[33mGET /static/fonts/Roboto/Roboto-Bold.woff2 HTTP/1.1[0m" 404 -
127.0.0.1 - - [01/Dec/2023 10:30:35] "[33mGET /static/fonts/Roboto/Roboto-Regular.woff2 HTTP/1.1[0m" 404 -
127.0.0.1 - - [01/Dec/2023 10:30:35] "[33mGET /static/fonts/Roboto/Roboto-Light.woff2 HTTP/1.1[0m" 404 -
127.0.0.1 - - [01/Dec/2023 10:30:35] "[33mGET /static/fonts/Roboto/Roboto-Bold.woff HTTP/1.1[0m" 404 -
127.0.0.1 - - [01/Dec/2023 10:30:35] "[33mGET /static/fonts/Roboto/Roboto-Regular.woff HTTP/1.1[0m" 404 -
127.0.0.1 - - [01/Dec/2023 10:30:35] "[33mGET /static/fonts/Roboto/Roboto-Light.woff HTTP/1.1[0m" 404 -
127.0.0.1 - - [01/Dec/2023 10:30:35] "[33mGET /static/fonts/Roboto/Roboto-Bold.ttf HTTP/1.1[0m" 404 -
127.0.0.1 - - [01/Dec/2023 10:30:35] "[33mGET /static/fonts/Roboto/Roboto-Regular.ttf HTTP/1.1[0m" 404 -
127.0.0.1 - - [01/Dec/2023 10:30:36] "[33mGET /static/fonts/Roboto/Roboto-Light.ttf HTTP/1.1[0m" 404 -
127.0.0.1 - - [01/Dec/2023 10:30:36] "[36mGET /static/js/todolist.js HTTP/1.1[0m" 304 -
127.0.0.1 - - [01/Dec/2023 10:30:36] "[36mGET /static/vendors/progressbar.js/progressbar.min.js HTTP/1.1[0m" 304 -
127.0.0.1 - - [01/Dec/2023 10:30:36] "[36mGET /static/vendors/chart.js/Chart.min.js HTTP/1.1[0m" 304 -
127.0.0.1 - - [01/Dec/2023 10:30:36] "[36mGET /static/images/enia.png HTTP/1.1[0m" 304 -
127.0.0.1 - - [01/Dec/2023 10:30:53] "GET /test HTTP/1.1" 200 -
127.0.0.1 - - [01/Dec/2023 10:30:54] "[36mGET /static/vendors/typicons.font/font/typicons.css HTTP/1.1[0m" 304 -
127.0.0.1 - - [01/Dec/2023 10:30:54] "[36mGET /static/vendors/css/vendor.bundle.base.css HTTP/1.1[0m" 304 -
127.0.0.1 - - [01/Dec/2023 10:30:54] "[36mGET /static/css/nuovo_sensore.css HTTP/1.1[0m" 304 -
127.0.0.1 - - [01/Dec/2023 10:30:54] "[36mGET /static/css/vertical-layout-light/style.css HTTP/1.1[0m" 304 -
127.0.0.1 - - [01/Dec/2023 10:30:54] "[36mGET /static/images/enia.png HTTP/1.1[0m" 304 -
127.0.0.1 - - [01/Dec/2023 10:30:54] "[36mGET /static/vendors/js/vendor.bundle.base.js HTTP/1.1[0m" 304 -
127.0.0.1 - - [01/Dec/2023 10:30:54] "[36mGET /static/vendors/typicons.font/font/typicons.woff HTTP/1.1[0m" 304 -
127.0.0.1 - - [01/Dec/2023 10:30:54] "[36mGET /static/js/off-canvas.js HTTP/1.1[0m" 304 -
127.0.0.1 - - [01/Dec/2023 10:30:54] "[36mGET /static/js/hoverable-collapse.js HTTP/1.1[0m" 304 -
127.0.0.1 - - [01/Dec/2023 10:30:54] "[36mGET /static/js/template.js HTTP/1.1[0m" 304 -
127.0.0.1 - - [01/Dec/2023 10:30:54] "[36mGET /static/js/settings.js HTTP/1.1[0m" 304 -
127.0.0.1 - - [01/Dec/2023 10:30:55] "[33mGET /static/fonts/Roboto/Roboto-Light.woff2 HTTP/1.1[0m" 404 -
127.0.0.1 - - [01/Dec/2023 10:30:55] "[33mGET /static/fonts/Roboto/Roboto-Bold.woff2 HTTP/1.1[0m" 404 -
127.0.0.1 - - [01/Dec/2023 10:30:55] "[33mGET /static/fonts/Roboto/Roboto-Regular.woff2 HTTP/1.1[0m" 404 -
127.0.0.1 - - [01/Dec/2023 10:30:55] "[36mGET /static/js/todolist.js HTTP/1.1[0m" 304 -
127.0.0.1 - - [01/Dec/2023 10:30:55] "[33mGET /static/fonts/Roboto/Roboto-Light.woff HTTP/1.1[0m" 404 -
127.0.0.1 - - [01/Dec/2023 10:30:55] "[33mGET /static/fonts/Roboto/Roboto-Bold.woff HTTP/1.1[0m" 404 -
127.0.0.1 - - [01/Dec/2023 10:30:55] "[36mGET /static/vendors/progressbar.js/progressbar.min.js HTTP/1.1[0m" 304 -
127.0.0.1 - - [01/Dec/2023 10:30:55] "[36mGET /static/vendors/chart.js/Chart.min.js HTTP/1.1[0m" 304 -
127.0.0.1 - - [01/Dec/2023 10:30:55] "[33mGET /static/fonts/Roboto/Roboto-Light.ttf HTTP/1.1[0m" 404 -
127.0.0.1 - - [01/Dec/2023 10:30:55] "[33mGET /static/fonts/Roboto/Roboto-Regular.woff HTTP/1.1[0m" 404 -
127.0.0.1 - - [01/Dec/2023 10:30:55] "[33mGET /static/fonts/Roboto/Roboto-Bold.ttf HTTP/1.1[0m" 404 -
127.0.0.1 - - [01/Dec/2023 10:30:56] "[33mGET /static/fonts/Roboto/Roboto-Regular.ttf HTTP/1.1[0m" 404 -
127.0.0.1 - - [01/Dec/2023 10:30:56] "[36mGET /static/images/enia.png HTTP/1.1[0m" 304 -
127.0.0.1 - - [01/Dec/2023 10:31:47] "[36mGET /static/vendors/typicons.font/font/typicons.css HTTP/1.1[0m" 304 -
127.0.0.1 - - [01/Dec/2023 10:31:47] "[36mGET /static/vendors/css/vendor.bundle.base.css HTTP/1.1[0m" 304 -
127.0.0.1 - - [01/Dec/2023 10:31:47] "[36mGET /static/css/nuovo_sensore.css HTTP/1.1[0m" 304 -
127.0.0.1 - - [01/Dec/2023 10:31:47] "[36mGET /static/css/vertical-layout-light/style.css HTTP/1.1[0m" 304 -
127.0.0.1 - - [01/Dec/2023 10:31:48] "[36mGET /static/vendors/js/bootstrap.min.js.map HTTP/1.1[0m" 304 -
127.0.0.1 - - [01/Dec/2023 10:31:48] "[36mGET /static/vendors/progressbar.js/progressbar.min.js.map HTTP/1.1[0m" 304 -
127.0.0.1 - - [01/Dec/2023 10:31:48] "[36mGET /static/css/maps/vertical-layout-light/style.css.map HTTP/1.1[0m" 304 -
127.0.0.1 - - [01/Dec/2023 10:33:10] "GET /test HTTP/1.1" 200 -
127.0.0.1 - - [01/Dec/2023 10:33:10] "[36mGET /static/vendors/typicons.font/font/typicons.css HTTP/1.1[0m" 304 -
127.0.0.1 - - [01/Dec/2023 10:33:10] "[36mGET /static/vendors/css/vendor.bundle.base.css HTTP/1.1[0m" 304 -
127.0.0.1 - - [01/Dec/2023 10:33:10] "[36mGET /static/css/vertical-layout-light/style.css HTTP/1.1[0m" 304 -
127.0.0.1 - - [01/Dec/2023 10:33:10] "[36mGET /static/css/nuovo_sensore.css HTTP/1.1[0m" 304 -
127.0.0.1 - - [01/Dec/2023 10:33:10] "[36mGET /static/vendors/js/vendor.bundle.base.js HTTP/1.1[0m" 304 -
127.0.0.1 - - [01/Dec/2023 10:33:10] "[36mGET /static/images/enia.png HTTP/1.1[0m" 304 -
127.0.0.1 - - [01/Dec/2023 10:33:11] "[36mGET /static/vendors/typicons.font/font/typicons.woff HTTP/1.1[0m" 304 -
127.0.0.1 - - [01/Dec/2023 10:33:11] "[33mGET /static/fonts/Roboto/Roboto-Bold.woff2 HTTP/1.1[0m" 404 -
127.0.0.1 - - [01/Dec/2023 10:33:11] "[36mGET /static/js/off-canvas.js HTTP/1.1[0m" 304 -
127.0.0.1 - - [01/Dec/2023 10:33:11] "[33mGET /static/fonts/Roboto/Roboto-Bold.woff HTTP/1.1[0m" 404 -
127.0.0.1 - - [01/Dec/2023 10:33:11] "[33mGET /static/fonts/Roboto/Roboto-Regular.woff2 HTTP/1.1[0m" 404 -
127.0.0.1 - - [01/Dec/2023 10:33:11] "[33mGET /static/fonts/Roboto/Roboto-Light.woff2 HTTP/1.1[0m" 404 -
127.0.0.1 - - [01/Dec/2023 10:33:11] "[36mGET /static/js/hoverable-collapse.js HTTP/1.1[0m" 304 -
127.0.0.1 - - [01/Dec/2023 10:33:11] "[33mGET /static/fonts/Roboto/Roboto-Bold.ttf HTTP/1.1[0m" 404 -
127.0.0.1 - - [01/Dec/2023 10:33:11] "[33mGET /static/fonts/Roboto/Roboto-Regular.woff HTTP/1.1[0m" 404 -
127.0.0.1 - - [01/Dec/2023 10:33:11] "[36mGET /static/js/template.js HTTP/1.1[0m" 304 -
127.0.0.1 - - [01/Dec/2023 10:33:11] "[36mGET /static/js/settings.js HTTP/1.1[0m" 304 -
127.0.0.1 - - [01/Dec/2023 10:33:11] "[36mGET /static/js/todolist.js HTTP/1.1[0m" 304 -
127.0.0.1 - - [01/Dec/2023 10:33:11] "[36mGET /static/vendors/progressbar.js/progressbar.min.js HTTP/1.1[0m" 304 -
127.0.0.1 - - [01/Dec/2023 10:33:11] "[36mGET /static/vendors/chart.js/Chart.min.js HTTP/1.1[0m" 304 -
127.0.0.1 - - [01/Dec/2023 10:33:11] "[33mGET /static/fonts/Roboto/Roboto-Light.woff HTTP/1.1[0m" 404 -
127.0.0.1 - - [01/Dec/2023 10:33:11] "[33mGET /static/fonts/Roboto/Roboto-Regular.ttf HTTP/1.1[0m" 404 -
127.0.0.1 - - [01/Dec/2023 10:33:12] "[33mGET /static/fonts/Roboto/Roboto-Light.ttf HTTP/1.1[0m" 404 -
127.0.0.1 - - [01/Dec/2023 10:33:12] "[36mGET /static/images/enia.png HTTP/1.1[0m" 304 -
127.0.0.1 - - [01/Dec/2023 10:33:21] "GET /test HTTP/1.1" 200 -
127.0.0.1 - - [01/Dec/2023 10:33:21] "[36mGET /static/vendors/typicons.font/font/typicons.css HTTP/1.1[0m" 304 -
127.0.0.1 - - [01/Dec/2023 10:33:21] "[36mGET /static/vendors/css/vendor.bundle.base.css HTTP/1.1[0m" 304 -
127.0.0.1 - - [01/Dec/2023 10:33:21] "[36mGET /static/css/vertical-layout-light/style.css HTTP/1.1[0m" 304 -
127.0.0.1 - - [01/Dec/2023 10:33:21] "[36mGET /static/images/enia.png HTTP/1.1[0m" 304 -
127.0.0.1 - - [01/Dec/2023 10:33:21] "GET /static/css/nuovo_sensore.css HTTP/1.1" 200 -
127.0.0.1 - - [01/Dec/2023 10:33:21] "[36mGET /static/vendors/js/vendor.bundle.base.js HTTP/1.1[0m" 304 -
127.0.0.1 - - [01/Dec/2023 10:33:21] "[36mGET /static/js/hoverable-collapse.js HTTP/1.1[0m" 304 -
127.0.0.1 - - [01/Dec/2023 10:33:21] "[36mGET /static/js/off-canvas.js HTTP/1.1[0m" 304 -
127.0.0.1 - - [01/Dec/2023 10:33:21] "[36mGET /static/vendors/typicons.font/font/typicons.woff HTTP/1.1[0m" 304 -
127.0.0.1 - - [01/Dec/2023 10:33:21] "[36mGET /static/js/template.js HTTP/1.1[0m" 304 -
127.0.0.1 - - [01/Dec/2023 10:33:21] "[36mGET /static/js/settings.js HTTP/1.1[0m" 304 -
127.0.0.1 - - [01/Dec/2023 10:33:22] "[36mGET /static/js/todolist.js HTTP/1.1[0m" 304 -
127.0.0.1 - - [01/Dec/2023 10:33:22] "[33mGET /static/fonts/Roboto/Roboto-Light.woff2 HTTP/1.1[0m" 404 -
127.0.0.1 - - [01/Dec/2023 10:33:22] "[33mGET /static/fonts/Roboto/Roboto-Bold.woff2 HTTP/1.1[0m" 404 -
127.0.0.1 - - [01/Dec/2023 10:33:22] "[33mGET /static/fonts/Roboto/Roboto-Regular.woff2 HTTP/1.1[0m" 404 -
127.0.0.1 - - [01/Dec/2023 10:33:22] "[36mGET /static/vendors/progressbar.js/progressbar.min.js HTTP/1.1[0m" 304 -
127.0.0.1 - - [01/Dec/2023 10:33:22] "[36mGET /static/vendors/chart.js/Chart.min.js HTTP/1.1[0m" 304 -
127.0.0.1 - - [01/Dec/2023 10:33:22] "[33mGET /static/fonts/Roboto/Roboto-Regular.woff HTTP/1.1[0m" 404 -
127.0.0.1 - - [01/Dec/2023 10:33:22] "[33mGET /static/fonts/Roboto/Roboto-Bold.woff HTTP/1.1[0m" 404 -
127.0.0.1 - - [01/Dec/2023 10:33:22] "[33mGET /static/fonts/Roboto/Roboto-Light.woff HTTP/1.1[0m" 404 -
127.0.0.1 - - [01/Dec/2023 10:33:23] "[33mGET /static/fonts/Roboto/Roboto-Bold.ttf HTTP/1.1[0m" 404 -
127.0.0.1 - - [01/Dec/2023 10:33:23] "[33mGET /static/fonts/Roboto/Roboto-Regular.ttf HTTP/1.1[0m" 404 -
127.0.0.1 - - [01/Dec/2023 10:33:23] "[33mGET /static/fonts/Roboto/Roboto-Light.ttf HTTP/1.1[0m" 404 -
127.0.0.1 - - [01/Dec/2023 10:33:23] "[36mGET /static/images/enia.png HTTP/1.1[0m" 304 -
127.0.0.1 - - [01/Dec/2023 10:33:34] "GET /test HTTP/1.1" 200 -
127.0.0.1 - - [01/Dec/2023 10:33:34] "[36mGET /static/vendors/typicons.font/font/typicons.css HTTP/1.1[0m" 304 -
127.0.0.1 - - [01/Dec/2023 10:33:34] "[36mGET /static/vendors/css/vendor.bundle.base.css HTTP/1.1[0m" 304 -
127.0.0.1 - - [01/Dec/2023 10:33:35] "[36mGET /static/images/enia.png HTTP/1.1[0m" 304 -
127.0.0.1 - - [01/Dec/2023 10:33:35] "[36mGET /static/vendors/js/vendor.bundle.base.js HTTP/1.1[0m" 304 -
127.0.0.1 - - [01/Dec/2023 10:33:35] "[36mGET /static/css/vertical-layout-light/style.css HTTP/1.1[0m" 304 -
127.0.0.1 - - [01/Dec/2023 10:33:35] "GET /static/css/nuovo_sensore.css HTTP/1.1" 200 -
127.0.0.1 - - [01/Dec/2023 10:33:35] "[36mGET /static/js/off-canvas.js HTTP/1.1[0m" 304 -
127.0.0.1 - - [01/Dec/2023 10:33:35] "[36mGET /static/vendors/typicons.font/font/typicons.woff HTTP/1.1[0m" 304 -
127.0.0.1 - - [01/Dec/2023 10:33:35] "[36mGET /static/js/hoverable-collapse.js HTTP/1.1[0m" 304 -
127.0.0.1 - - [01/Dec/2023 10:33:35] "[36mGET /static/js/template.js HTTP/1.1[0m" 304 -
127.0.0.1 - - [01/Dec/2023 10:33:35] "[33mGET /static/fonts/Roboto/Roboto-Bold.woff2 HTTP/1.1[0m" 404 -
127.0.0.1 - - [01/Dec/2023 10:33:35] "[33mGET /static/fonts/Roboto/Roboto-Regular.woff2 HTTP/1.1[0m" 404 -
127.0.0.1 - - [01/Dec/2023 10:33:35] "[33mGET /static/fonts/Roboto/Roboto-Light.woff2 HTTP/1.1[0m" 404 -
127.0.0.1 - - [01/Dec/2023 10:33:35] "[36mGET /static/js/settings.js HTTP/1.1[0m" 304 -
127.0.0.1 - - [01/Dec/2023 10:33:35] "[36mGET /static/vendors/progressbar.js/progressbar.min.js HTTP/1.1[0m" 304 -
127.0.0.1 - - [01/Dec/2023 10:33:35] "[36mGET /static/js/todolist.js HTTP/1.1[0m" 304 -
127.0.0.1 - - [01/Dec/2023 10:33:35] "[36mGET /static/vendors/chart.js/Chart.min.js HTTP/1.1[0m" 304 -
127.0.0.1 - - [01/Dec/2023 10:33:36] "[33mGET /static/fonts/Roboto/Roboto-Bold.woff HTTP/1.1[0m" 404 -
127.0.0.1 - - [01/Dec/2023 10:33:36] "[33mGET /static/fonts/Roboto/Roboto-Light.woff HTTP/1.1[0m" 404 -
127.0.0.1 - - [01/Dec/2023 10:33:36] "[33mGET /static/fonts/Roboto/Roboto-Regular.woff HTTP/1.1[0m" 404 -
127.0.0.1 - - [01/Dec/2023 10:33:36] "[33mGET /static/fonts/Roboto/Roboto-Bold.ttf HTTP/1.1[0m" 404 -
127.0.0.1 - - [01/Dec/2023 10:33:36] "[33mGET /static/fonts/Roboto/Roboto-Light.ttf HTTP/1.1[0m" 404 -
127.0.0.1 - - [01/Dec/2023 10:33:36] "[33mGET /static/fonts/Roboto/Roboto-Regular.ttf HTTP/1.1[0m" 404 -
127.0.0.1 - - [01/Dec/2023 10:33:36] "[36mGET /static/images/enia.png HTTP/1.1[0m" 304 -
127.0.0.1 - - [01/Dec/2023 10:33:42] "GET /test HTTP/1.1" 200 -
127.0.0.1 - - [01/Dec/2023 10:33:42] "[36mGET /static/vendors/typicons.font/font/typicons.css HTTP/1.1[0m" 304 -
127.0.0.1 - - [01/Dec/2023 10:33:43] "[36mGET /static/css/vertical-layout-light/style.css HTTP/1.1[0m" 304 -
127.0.0.1 - - [01/Dec/2023 10:33:43] "[36mGET /static/vendors/css/vendor.bundle.base.css HTTP/1.1[0m" 304 -
127.0.0.1 - - [01/Dec/2023 10:33:43] "[36mGET /static/vendors/js/vendor.bundle.base.js HTTP/1.1[0m" 304 -
127.0.0.1 - - [01/Dec/2023 10:33:43] "[36mGET /static/images/enia.png HTTP/1.1[0m" 304 -
127.0.0.1 - - [01/Dec/2023 10:33:43] "GET /static/css/nuovo_sensore.css HTTP/1.1" 200 -
127.0.0.1 - - [01/Dec/2023 10:33:43] "[36mGET /static/js/off-canvas.js HTTP/1.1[0m" 304 -
127.0.0.1 - - [01/Dec/2023 10:33:43] "[36mGET /static/vendors/typicons.font/font/typicons.woff HTTP/1.1[0m" 304 -
127.0.0.1 - - [01/Dec/2023 10:33:43] "[36mGET /static/js/hoverable-collapse.js HTTP/1.1[0m" 304 -
127.0.0.1 - - [01/Dec/2023 10:33:43] "[36mGET /static/js/template.js HTTP/1.1[0m" 304 -
127.0.0.1 - - [01/Dec/2023 10:33:43] "[33mGET /static/fonts/Roboto/Roboto-Regular.woff2 HTTP/1.1[0m" 404 -
127.0.0.1 - - [01/Dec/2023 10:33:43] "[33mGET /static/fonts/Roboto/Roboto-Light.woff2 HTTP/1.1[0m" 404 -
127.0.0.1 - - [01/Dec/2023 10:33:43] "[33mGET /static/fonts/Roboto/Roboto-Bold.woff2 HTTP/1.1[0m" 404 -
127.0.0.1 - - [01/Dec/2023 10:33:43] "[36mGET /static/js/settings.js HTTP/1.1[0m" 304 -
127.0.0.1 - - [01/Dec/2023 10:33:43] "[36mGET /static/js/todolist.js HTTP/1.1[0m" 304 -
127.0.0.1 - - [01/Dec/2023 10:33:44] "[36mGET /static/vendors/progressbar.js/progressbar.min.js HTTP/1.1[0m" 304 -
127.0.0.1 - - [01/Dec/2023 10:33:44] "[33mGET /static/fonts/Roboto/Roboto-Regular.woff HTTP/1.1[0m" 404 -
127.0.0.1 - - [01/Dec/2023 10:33:44] "[36mGET /static/vendors/chart.js/Chart.min.js HTTP/1.1[0m" 304 -
127.0.0.1 - - [01/Dec/2023 10:33:44] "[33mGET /static/fonts/Roboto/Roboto-Light.woff HTTP/1.1[0m" 404 -
127.0.0.1 - - [01/Dec/2023 10:33:44] "[33mGET /static/fonts/Roboto/Roboto-Bold.woff HTTP/1.1[0m" 404 -
127.0.0.1 - - [01/Dec/2023 10:33:44] "[33mGET /static/fonts/Roboto/Roboto-Regular.ttf HTTP/1.1[0m" 404 -
127.0.0.1 - - [01/Dec/2023 10:33:44] "[33mGET /static/fonts/Roboto/Roboto-Light.ttf HTTP/1.1[0m" 404 -
127.0.0.1 - - [01/Dec/2023 10:33:44] "[33mGET /static/fonts/Roboto/Roboto-Bold.ttf HTTP/1.1[0m" 404 -
127.0.0.1 - - [01/Dec/2023 10:33:45] "[36mGET /static/images/enia.png HTTP/1.1[0m" 304 -
127.0.0.1 - - [01/Dec/2023 10:34:20] "GET /test HTTP/1.1" 200 -
127.0.0.1 - - [01/Dec/2023 10:34:20] "[36mGET /static/vendors/typicons.font/font/typicons.css HTTP/1.1[0m" 304 -
127.0.0.1 - - [01/Dec/2023 10:34:20] "[36mGET /static/vendors/css/vendor.bundle.base.css HTTP/1.1[0m" 304 -
127.0.0.1 - - [01/Dec/2023 10:34:20] "[36mGET /static/css/vertical-layout-light/style.css HTTP/1.1[0m" 304 -
127.0.0.1 - - [01/Dec/2023 10:34:20] "[36mGET /static/images/enia.png HTTP/1.1[0m" 304 -
127.0.0.1 - - [01/Dec/2023 10:34:20] "[36mGET /static/vendors/js/vendor.bundle.base.js HTTP/1.1[0m" 304 -
127.0.0.1 - - [01/Dec/2023 10:34:20] "GET /static/css/nuovo_sensore.css HTTP/1.1" 200 -
127.0.0.1 - - [01/Dec/2023 10:34:20] "[36mGET /static/js/off-canvas.js HTTP/1.1[0m" 304 -
127.0.0.1 - - [01/Dec/2023 10:34:20] "[36mGET /static/js/hoverable-collapse.js HTTP/1.1[0m" 304 -
127.0.0.1 - - [01/Dec/2023 10:34:20] "[36mGET /static/vendors/typicons.font/font/typicons.woff HTTP/1.1[0m" 304 -
127.0.0.1 - - [01/Dec/2023 10:34:21] "[33mGET /static/fonts/Roboto/Roboto-Bold.woff2 HTTP/1.1[0m" 404 -
127.0.0.1 - - [01/Dec/2023 10:34:21] "[36mGET /static/js/template.js HTTP/1.1[0m" 304 -
127.0.0.1 - - [01/Dec/2023 10:34:21] "[33mGET /static/fonts/Roboto/Roboto-Regular.woff2 HTTP/1.1[0m" 404 -
127.0.0.1 - - [01/Dec/2023 10:34:21] "[33mGET /static/fonts/Roboto/Roboto-Light.woff2 HTTP/1.1[0m" 404 -
127.0.0.1 - - [01/Dec/2023 10:34:21] "[33mGET /static/fonts/Roboto/Roboto-Bold.woff HTTP/1.1[0m" 404 -
127.0.0.1 - - [01/Dec/2023 10:34:21] "[33mGET /static/fonts/Roboto/Roboto-Regular.woff HTTP/1.1[0m" 404 -
127.0.0.1 - - [01/Dec/2023 10:34:21] "[33mGET /static/fonts/Roboto/Roboto-Light.woff HTTP/1.1[0m" 404 -
127.0.0.1 - - [01/Dec/2023 10:34:21] "[33mGET /static/fonts/Roboto/Roboto-Bold.ttf HTTP/1.1[0m" 404 -
127.0.0.1 - - [01/Dec/2023 10:34:21] "[36mGET /static/js/settings.js HTTP/1.1[0m" 304 -
127.0.0.1 - - [01/Dec/2023 10:34:21] "[33mGET /static/fonts/Roboto/Roboto-Regular.ttf HTTP/1.1[0m" 404 -
127.0.0.1 - - [01/Dec/2023 10:34:21] "[36mGET /static/js/todolist.js HTTP/1.1[0m" 304 -
127.0.0.1 - - [01/Dec/2023 10:34:21] "[36mGET /static/vendors/progressbar.js/progressbar.min.js HTTP/1.1[0m" 304 -
127.0.0.1 - - [01/Dec/2023 10:34:21] "[36mGET /static/vendors/chart.js/Chart.min.js HTTP/1.1[0m" 304 -
127.0.0.1 - - [01/Dec/2023 10:34:21] "[33mGET /static/fonts/Roboto/Roboto-Light.ttf HTTP/1.1[0m" 404 -
127.0.0.1 - - [01/Dec/2023 10:34:22] "[36mGET /static/images/enia.png HTTP/1.1[0m" 304 -
127.0.0.1 - - [01/Dec/2023 10:35:43] "GET /test HTTP/1.1" 200 -
127.0.0.1 - - [01/Dec/2023 10:35:43] "[36mGET /static/vendors/typicons.font/font/typicons.css HTTP/1.1[0m" 304 -
127.0.0.1 - - [01/Dec/2023 10:35:43] "[36mGET /static/vendors/css/vendor.bundle.base.css HTTP/1.1[0m" 304 -
127.0.0.1 - - [01/Dec/2023 10:35:43] "[36mGET /static/css/vertical-layout-light/style.css HTTP/1.1[0m" 304 -
127.0.0.1 - - [01/Dec/2023 10:35:43] "GET /static/css/nuovo_sensore.css HTTP/1.1" 200 -
127.0.0.1 - - [01/Dec/2023 10:35:43] "[36mGET /static/vendors/js/vendor.bundle.base.js HTTP/1.1[0m" 304 -
127.0.0.1 - - [01/Dec/2023 10:35:43] "[36mGET /static/images/enia.png HTTP/1.1[0m" 304 -
127.0.0.1 - - [01/Dec/2023 10:35:44] "[36mGET /static/js/off-canvas.js HTTP/1.1[0m" 304 -
127.0.0.1 - - [01/Dec/2023 10:35:44] "[36mGET /static/js/hoverable-collapse.js HTTP/1.1[0m" 304 -
127.0.0.1 - - [01/Dec/2023 10:35:44] "[36mGET /static/js/template.js HTTP/1.1[0m" 304 -
127.0.0.1 - - [01/Dec/2023 10:35:44] "[36mGET /static/js/settings.js HTTP/1.1[0m" 304 -
127.0.0.1 - - [01/Dec/2023 10:35:44] "[36mGET /static/js/todolist.js HTTP/1.1[0m" 304 -
127.0.0.1 - - [01/Dec/2023 10:35:44] "[36mGET /static/vendors/progressbar.js/progressbar.min.js HTTP/1.1[0m" 304 -
127.0.0.1 - - [01/Dec/2023 10:35:44] "[36mGET /static/vendors/chart.js/Chart.min.js HTTP/1.1[0m" 304 -
127.0.0.1 - - [01/Dec/2023 10:35:44] "[36mGET /static/vendors/typicons.font/font/typicons.woff HTTP/1.1[0m" 304 -
127.0.0.1 - - [01/Dec/2023 10:35:44] "[33mGET /static/fonts/Roboto/Roboto-Regular.woff2 HTTP/1.1[0m" 404 -
127.0.0.1 - - [01/Dec/2023 10:35:44] "[33mGET /static/fonts/Roboto/Roboto-Bold.woff2 HTTP/1.1[0m" 404 -
127.0.0.1 - - [01/Dec/2023 10:35:44] "[33mGET /static/fonts/Roboto/Roboto-Light.woff2 HTTP/1.1[0m" 404 -
127.0.0.1 - - [01/Dec/2023 10:35:44] "[33mGET /static/fonts/Roboto/Roboto-Regular.woff HTTP/1.1[0m" 404 -
127.0.0.1 - - [01/Dec/2023 10:35:44] "[33mGET /static/fonts/Roboto/Roboto-Light.woff HTTP/1.1[0m" 404 -
127.0.0.1 - - [01/Dec/2023 10:35:44] "[33mGET /static/fonts/Roboto/Roboto-Bold.woff HTTP/1.1[0m" 404 -
127.0.0.1 - - [01/Dec/2023 10:35:45] "[33mGET /static/fonts/Roboto/Roboto-Regular.ttf HTTP/1.1[0m" 404 -
127.0.0.1 - - [01/Dec/2023 10:35:45] "[33mGET /static/fonts/Roboto/Roboto-Light.ttf HTTP/1.1[0m" 404 -
127.0.0.1 - - [01/Dec/2023 10:35:45] "[33mGET /static/fonts/Roboto/Roboto-Bold.ttf HTTP/1.1[0m" 404 -
127.0.0.1 - - [01/Dec/2023 10:35:45] "[36mGET /static/images/enia.png HTTP/1.1[0m" 304 -
127.0.0.1 - - [01/Dec/2023 10:36:05] "GET /test HTTP/1.1" 200 -
127.0.0.1 - - [01/Dec/2023 10:36:05] "[36mGET /static/vendors/typicons.font/font/typicons.css HTTP/1.1[0m" 304 -
127.0.0.1 - - [01/Dec/2023 10:36:05] "[36mGET /static/vendors/css/vendor.bundle.base.css HTTP/1.1[0m" 304 -
127.0.0.1 - - [01/Dec/2023 10:36:05] "[36mGET /static/css/vertical-layout-light/style.css HTTP/1.1[0m" 304 -
127.0.0.1 - - [01/Dec/2023 10:36:05] "[36mGET /static/css/nuovo_sensore.css HTTP/1.1[0m" 304 -
127.0.0.1 - - [01/Dec/2023 10:36:05] "[36mGET /static/images/enia.png HTTP/1.1[0m" 304 -
127.0.0.1 - - [01/Dec/2023 10:36:05] "[36mGET /static/vendors/js/vendor.bundle.base.js HTTP/1.1[0m" 304 -
127.0.0.1 - - [01/Dec/2023 10:36:06] "[36mGET /static/js/hoverable-collapse.js HTTP/1.1[0m" 304 -
127.0.0.1 - - [01/Dec/2023 10:36:06] "[36mGET /static/js/off-canvas.js HTTP/1.1[0m" 304 -
127.0.0.1 - - [01/Dec/2023 10:36:06] "[36mGET /static/js/template.js HTTP/1.1[0m" 304 -
127.0.0.1 - - [01/Dec/2023 10:36:06] "[36mGET /static/js/settings.js HTTP/1.1[0m" 304 -
127.0.0.1 - - [01/Dec/2023 10:36:06] "[36mGET /static/js/todolist.js HTTP/1.1[0m" 304 -
127.0.0.1 - - [01/Dec/2023 10:36:06] "[36mGET /static/vendors/progressbar.js/progressbar.min.js HTTP/1.1[0m" 304 -
127.0.0.1 - - [01/Dec/2023 10:36:06] "[36mGET /static/vendors/chart.js/Chart.min.js HTTP/1.1[0m" 304 -
127.0.0.1 - - [01/Dec/2023 10:36:06] "[36mGET /static/vendors/typicons.font/font/typicons.woff HTTP/1.1[0m" 304 -
127.0.0.1 - - [01/Dec/2023 10:36:06] "[33mGET /static/fonts/Roboto/Roboto-Regular.woff2 HTTP/1.1[0m" 404 -
127.0.0.1 - - [01/Dec/2023 10:36:06] "[33mGET /static/fonts/Roboto/Roboto-Bold.woff2 HTTP/1.1[0m" 404 -
127.0.0.1 - - [01/Dec/2023 10:36:06] "[33mGET /static/fonts/Roboto/Roboto-Light.woff2 HTTP/1.1[0m" 404 -
127.0.0.1 - - [01/Dec/2023 10:36:07] "[33mGET /static/fonts/Roboto/Roboto-Regular.woff HTTP/1.1[0m" 404 -
127.0.0.1 - - [01/Dec/2023 10:36:07] "[33mGET /static/fonts/Roboto/Roboto-Bold.woff HTTP/1.1[0m" 404 -
127.0.0.1 - - [01/Dec/2023 10:36:07] "[33mGET /static/fonts/Roboto/Roboto-Light.woff HTTP/1.1[0m" 404 -
127.0.0.1 - - [01/Dec/2023 10:36:07] "[33mGET /static/fonts/Roboto/Roboto-Regular.ttf HTTP/1.1[0m" 404 -
127.0.0.1 - - [01/Dec/2023 10:36:07] "[33mGET /static/fonts/Roboto/Roboto-Light.ttf HTTP/1.1[0m" 404 -
127.0.0.1 - - [01/Dec/2023 10:36:07] "[33mGET /static/fonts/Roboto/Roboto-Bold.ttf HTTP/1.1[0m" 404 -
127.0.0.1 - - [01/Dec/2023 10:36:07] "[36mGET /static/images/enia.png HTTP/1.1[0m" 304 -
127.0.0.1 - - [01/Dec/2023 10:37:09] "GET /test HTTP/1.1" 200 -
127.0.0.1 - - [01/Dec/2023 10:37:10] "[36mGET /static/vendors/typicons.font/font/typicons.css HTTP/1.1[0m" 304 -
127.0.0.1 - - [01/Dec/2023 10:37:10] "[36mGET /static/vendors/css/vendor.bundle.base.css HTTP/1.1[0m" 304 -
127.0.0.1 - - [01/Dec/2023 10:37:10] "[36mGET /static/css/vertical-layout-light/style.css HTTP/1.1[0m" 304 -
127.0.0.1 - - [01/Dec/2023 10:37:10] "GET /static/css/nuovo_sensore.css HTTP/1.1" 200 -
127.0.0.1 - - [01/Dec/2023 10:37:10] "[36mGET /static/vendors/js/vendor.bundle.base.js HTTP/1.1[0m" 304 -
127.0.0.1 - - [01/Dec/2023 10:37:10] "[36mGET /static/js/off-canvas.js HTTP/1.1[0m" 304 -
127.0.0.1 - - [01/Dec/2023 10:37:10] "[36mGET /static/js/hoverable-collapse.js HTTP/1.1[0m" 304 -
127.0.0.1 - - [01/Dec/2023 10:37:10] "[36mGET /static/images/enia.png HTTP/1.1[0m" 304 -
127.0.0.1 - - [01/Dec/2023 10:37:10] "[36mGET /static/js/settings.js HTTP/1.1[0m" 304 -
127.0.0.1 - - [01/Dec/2023 10:37:10] "[36mGET /static/js/template.js HTTP/1.1[0m" 304 -
127.0.0.1 - - [01/Dec/2023 10:37:10] "[36mGET /static/js/todolist.js HTTP/1.1[0m" 304 -
127.0.0.1 - - [01/Dec/2023 10:37:11] "[36mGET /static/vendors/progressbar.js/progressbar.min.js HTTP/1.1[0m" 304 -
127.0.0.1 - - [01/Dec/2023 10:37:11] "[36mGET /static/vendors/chart.js/Chart.min.js HTTP/1.1[0m" 304 -
127.0.0.1 - - [01/Dec/2023 10:37:11] "[36mGET /static/vendors/typicons.font/font/typicons.woff HTTP/1.1[0m" 304 -
127.0.0.1 - - [01/Dec/2023 10:37:11] "[33mGET /static/fonts/Roboto/Roboto-Regular.woff2 HTTP/1.1[0m" 404 -
127.0.0.1 - - [01/Dec/2023 10:37:11] "[33mGET /static/fonts/Roboto/Roboto-Bold.woff2 HTTP/1.1[0m" 404 -
127.0.0.1 - - [01/Dec/2023 10:37:11] "[33mGET /static/fonts/Roboto/Roboto-Light.woff2 HTTP/1.1[0m" 404 -
127.0.0.1 - - [01/Dec/2023 10:37:11] "[33mGET /static/fonts/Roboto/Roboto-Regular.woff HTTP/1.1[0m" 404 -
127.0.0.1 - - [01/Dec/2023 10:37:11] "[33mGET /static/fonts/Roboto/Roboto-Bold.woff HTTP/1.1[0m" 404 -
127.0.0.1 - - [01/Dec/2023 10:37:11] "[33mGET /static/fonts/Roboto/Roboto-Light.woff HTTP/1.1[0m" 404 -
127.0.0.1 - - [01/Dec/2023 10:37:11] "[33mGET /static/fonts/Roboto/Roboto-Regular.ttf HTTP/1.1[0m" 404 -
127.0.0.1 - - [01/Dec/2023 10:37:11] "[33mGET /static/fonts/Roboto/Roboto-Bold.ttf HTTP/1.1[0m" 404 -
127.0.0.1 - - [01/Dec/2023 10:37:11] "[33mGET /static/fonts/Roboto/Roboto-Light.ttf HTTP/1.1[0m" 404 -
127.0.0.1 - - [01/Dec/2023 10:37:12] "[36mGET /static/images/enia.png HTTP/1.1[0m" 304 -
127.0.0.1 - - [01/Dec/2023 10:37:46] "GET /test HTTP/1.1" 200 -
127.0.0.1 - - [01/Dec/2023 10:37:47] "[36mGET /static/vendors/typicons.font/font/typicons.css HTTP/1.1[0m" 304 -
127.0.0.1 - - [01/Dec/2023 10:37:47] "[36mGET /static/vendors/css/vendor.bundle.base.css HTTP/1.1[0m" 304 -
127.0.0.1 - - [01/Dec/2023 10:37:47] "[36mGET /static/css/vertical-layout-light/style.css HTTP/1.1[0m" 304 -
127.0.0.1 - - [01/Dec/2023 10:37:47] "[36mGET /static/css/nuovo_sensore.css HTTP/1.1[0m" 304 -
127.0.0.1 - - [01/Dec/2023 10:37:47] "[36mGET /static/vendors/js/vendor.bundle.base.js HTTP/1.1[0m" 304 -
127.0.0.1 - - [01/Dec/2023 10:37:47] "[36mGET /static/images/enia.png HTTP/1.1[0m" 304 -
127.0.0.1 - - [01/Dec/2023 10:37:47] "[36mGET /static/js/off-canvas.js HTTP/1.1[0m" 304 -
127.0.0.1 - - [01/Dec/2023 10:37:47] "[36mGET /static/js/template.js HTTP/1.1[0m" 304 -
127.0.0.1 - - [01/Dec/2023 10:37:47] "[36mGET /static/js/hoverable-collapse.js HTTP/1.1[0m" 304 -
127.0.0.1 - - [01/Dec/2023 10:37:47] "[36mGET /static/js/settings.js HTTP/1.1[0m" 304 -
127.0.0.1 - - [01/Dec/2023 10:37:47] "[36mGET /static/js/todolist.js HTTP/1.1[0m" 304 -
127.0.0.1 - - [01/Dec/2023 10:37:47] "[36mGET /static/vendors/progressbar.js/progressbar.min.js HTTP/1.1[0m" 304 -
127.0.0.1 - - [01/Dec/2023 10:37:48] "[36mGET /static/vendors/chart.js/Chart.min.js HTTP/1.1[0m" 304 -
127.0.0.1 - - [01/Dec/2023 10:37:48] "[36mGET /static/vendors/typicons.font/font/typicons.woff HTTP/1.1[0m" 304 -
127.0.0.1 - - [01/Dec/2023 10:37:48] "[33mGET /static/fonts/Roboto/Roboto-Bold.woff2 HTTP/1.1[0m" 404 -
127.0.0.1 - - [01/Dec/2023 10:37:48] "[33mGET /static/fonts/Roboto/Roboto-Regular.woff2 HTTP/1.1[0m" 404 -
127.0.0.1 - - [01/Dec/2023 10:37:48] "[33mGET /static/fonts/Roboto/Roboto-Light.woff2 HTTP/1.1[0m" 404 -
127.0.0.1 - - [01/Dec/2023 10:37:48] "[33mGET /static/fonts/Roboto/Roboto-Regular.woff HTTP/1.1[0m" 404 -
127.0.0.1 - - [01/Dec/2023 10:37:48] "[33mGET /static/fonts/Roboto/Roboto-Light.woff HTTP/1.1[0m" 404 -
127.0.0.1 - - [01/Dec/2023 10:37:48] "[33mGET /static/fonts/Roboto/Roboto-Bold.woff HTTP/1.1[0m" 404 -
127.0.0.1 - - [01/Dec/2023 10:37:48] "[33mGET /static/fonts/Roboto/Roboto-Regular.ttf HTTP/1.1[0m" 404 -
127.0.0.1 - - [01/Dec/2023 10:37:48] "[33mGET /static/fonts/Roboto/Roboto-Bold.ttf HTTP/1.1[0m" 404 -
127.0.0.1 - - [01/Dec/2023 10:37:48] "[33mGET /static/fonts/Roboto/Roboto-Light.ttf HTTP/1.1[0m" 404 -
127.0.0.1 - - [01/Dec/2023 10:37:48] "[36mGET /static/images/enia.png HTTP/1.1[0m" 304 -
127.0.0.1 - - [01/Dec/2023 10:42:43] "GET /test HTTP/1.1" 200 -
127.0.0.1 - - [01/Dec/2023 10:42:43] "[36mGET /static/vendors/typicons.font/font/typicons.css HTTP/1.1[0m" 304 -
127.0.0.1 - - [01/Dec/2023 10:42:43] "[36mGET /static/css/vertical-layout-light/style.css HTTP/1.1[0m" 304 -
127.0.0.1 - - [01/Dec/2023 10:42:43] "[36mGET /static/vendors/js/vendor.bundle.base.js HTTP/1.1[0m" 304 -
127.0.0.1 - - [01/Dec/2023 10:42:43] "[36mGET /static/vendors/css/vendor.bundle.base.css HTTP/1.1[0m" 304 -
127.0.0.1 - - [01/Dec/2023 10:42:43] "[36mGET /static/images/enia.png HTTP/1.1[0m" 304 -
127.0.0.1 - - [01/Dec/2023 10:42:43] "GET /static/css/nuovo_sensore.css HTTP/1.1" 200 -
127.0.0.1 - - [01/Dec/2023 10:42:43] "[36mGET /static/vendors/typicons.font/font/typicons.woff HTTP/1.1[0m" 304 -
127.0.0.1 - - [01/Dec/2023 10:42:43] "[36mGET /static/js/hoverable-collapse.js HTTP/1.1[0m" 304 -
127.0.0.1 - - [01/Dec/2023 10:42:43] "[36mGET /static/js/off-canvas.js HTTP/1.1[0m" 304 -
127.0.0.1 - - [01/Dec/2023 10:42:43] "[33mGET /static/fonts/Roboto/Roboto-Bold.woff2 HTTP/1.1[0m" 404 -
127.0.0.1 - - [01/Dec/2023 10:42:43] "[33mGET /static/fonts/Roboto/Roboto-Regular.woff2 HTTP/1.1[0m" 404 -
127.0.0.1 - - [01/Dec/2023 10:42:43] "[33mGET /static/fonts/Roboto/Roboto-Light.woff2 HTTP/1.1[0m" 404 -
127.0.0.1 - - [01/Dec/2023 10:42:44] "[36mGET /static/js/template.js HTTP/1.1[0m" 304 -
127.0.0.1 - - [01/Dec/2023 10:42:44] "[33mGET /static/fonts/Roboto/Roboto-Bold.woff HTTP/1.1[0m" 404 -
127.0.0.1 - - [01/Dec/2023 10:42:44] "[36mGET /static/js/settings.js HTTP/1.1[0m" 304 -
127.0.0.1 - - [01/Dec/2023 10:42:44] "[33mGET /static/fonts/Roboto/Roboto-Bold.ttf HTTP/1.1[0m" 404 -
127.0.0.1 - - [01/Dec/2023 10:42:44] "[33mGET /static/fonts/Roboto/Roboto-Light.woff HTTP/1.1[0m" 404 -
127.0.0.1 - - [01/Dec/2023 10:42:44] "[33mGET /static/fonts/Roboto/Roboto-Regular.woff HTTP/1.1[0m" 404 -
127.0.0.1 - - [01/Dec/2023 10:42:44] "[33mGET /static/fonts/Roboto/Roboto-Light.ttf HTTP/1.1[0m" 404 -
127.0.0.1 - - [01/Dec/2023 10:42:44] "[36mGET /static/vendors/progressbar.js/progressbar.min.js HTTP/1.1[0m" 304 -
127.0.0.1 - - [01/Dec/2023 10:42:44] "[33mGET /static/fonts/Roboto/Roboto-Regular.ttf HTTP/1.1[0m" 404 -
127.0.0.1 - - [01/Dec/2023 10:42:44] "[36mGET /static/js/todolist.js HTTP/1.1[0m" 304 -
127.0.0.1 - - [01/Dec/2023 10:42:44] "[36mGET /static/vendors/chart.js/Chart.min.js HTTP/1.1[0m" 304 -
127.0.0.1 - - [01/Dec/2023 10:42:45] "[36mGET /static/images/enia.png HTTP/1.1[0m" 304 -
127.0.0.1 - - [01/Dec/2023 11:01:11] "[36mGET /static/vendors/typicons.font/font/typicons.css HTTP/1.1[0m" 304 -
127.0.0.1 - - [01/Dec/2023 11:01:11] "[36mGET /static/vendors/css/vendor.bundle.base.css HTTP/1.1[0m" 304 -
127.0.0.1 - - [01/Dec/2023 11:01:11] "[36mGET /static/css/vertical-layout-light/style.css HTTP/1.1[0m" 304 -
127.0.0.1 - - [01/Dec/2023 11:01:11] "[36mGET /static/css/nuovo_sensore.css HTTP/1.1[0m" 304 -
127.0.0.1 - - [01/Dec/2023 11:01:11] "[36mGET /static/images/enia.png HTTP/1.1[0m" 304 -
127.0.0.1 - - [01/Dec/2023 11:01:11] "[36mGET /static/vendors/js/vendor.bundle.base.js HTTP/1.1[0m" 304 -
127.0.0.1 - - [01/Dec/2023 11:01:11] "[36mGET /static/vendors/typicons.font/font/typicons.woff HTTP/1.1[0m" 304 -
127.0.0.1 - - [01/Dec/2023 11:01:11] "[33mGET /static/fonts/Roboto/Roboto-Bold.woff2 HTTP/1.1[0m" 404 -
127.0.0.1 - - [01/Dec/2023 11:01:11] "[36mGET /static/js/off-canvas.js HTTP/1.1[0m" 304 -
127.0.0.1 - - [01/Dec/2023 11:01:11] "[33mGET /static/fonts/Roboto/Roboto-Regular.woff2 HTTP/1.1[0m" 404 -
127.0.0.1 - - [01/Dec/2023 11:01:11] "[33mGET /static/fonts/Roboto/Roboto-Light.woff2 HTTP/1.1[0m" 404 -
127.0.0.1 - - [01/Dec/2023 11:01:11] "[33mGET /static/fonts/Roboto/Roboto-Bold.woff HTTP/1.1[0m" 404 -
127.0.0.1 - - [01/Dec/2023 11:01:11] "[33mGET /static/fonts/Roboto/Roboto-Regular.woff HTTP/1.1[0m" 404 -
127.0.0.1 - - [01/Dec/2023 11:01:11] "[33mGET /static/fonts/Roboto/Roboto-Light.woff HTTP/1.1[0m" 404 -
127.0.0.1 - - [01/Dec/2023 11:01:11] "[33mGET /static/fonts/Roboto/Roboto-Bold.ttf HTTP/1.1[0m" 404 -
127.0.0.1 - - [01/Dec/2023 11:01:11] "[36mGET /static/js/hoverable-collapse.js HTTP/1.1[0m" 304 -
127.0.0.1 - - [01/Dec/2023 11:01:11] "[33mGET /static/fonts/Roboto/Roboto-Regular.ttf HTTP/1.1[0m" 404 -
127.0.0.1 - - [01/Dec/2023 11:01:12] "[33mGET /static/fonts/Roboto/Roboto-Light.ttf HTTP/1.1[0m" 404 -
127.0.0.1 - - [01/Dec/2023 11:01:12] "[36mGET /static/js/template.js HTTP/1.1[0m" 304 -
127.0.0.1 - - [01/Dec/2023 11:01:12] "[36mGET /static/js/settings.js HTTP/1.1[0m" 304 -
127.0.0.1 - - [01/Dec/2023 11:01:12] "[36mGET /static/js/todolist.js HTTP/1.1[0m" 304 -
127.0.0.1 - - [01/Dec/2023 11:01:12] "[36mGET /static/vendors/progressbar.js/progressbar.min.js HTTP/1.1[0m" 304 -
127.0.0.1 - - [01/Dec/2023 11:01:12] "[36mGET /static/vendors/chart.js/Chart.min.js HTTP/1.1[0m" 304 -
127.0.0.1 - - [01/Dec/2023 11:01:14] "GET /test HTTP/1.1" 200 -
127.0.0.1 - - [01/Dec/2023 11:01:14] "[36mGET /static/vendors/typicons.font/font/typicons.css HTTP/1.1[0m" 304 -
127.0.0.1 - - [01/Dec/2023 11:01:14] "[36mGET /static/vendors/css/vendor.bundle.base.css HTTP/1.1[0m" 304 -
127.0.0.1 - - [01/Dec/2023 11:01:14] "[36mGET /static/vendors/js/vendor.bundle.base.js HTTP/1.1[0m" 304 -
127.0.0.1 - - [01/Dec/2023 11:01:14] "[36mGET /static/css/nuovo_sensore.css HTTP/1.1[0m" 304 -
127.0.0.1 - - [01/Dec/2023 11:01:14] "[36mGET /static/images/enia.png HTTP/1.1[0m" 304 -
127.0.0.1 - - [01/Dec/2023 11:01:14] "[36mGET /static/css/vertical-layout-light/style.css HTTP/1.1[0m" 304 -
127.0.0.1 - - [01/Dec/2023 11:01:14] "[36mGET /static/js/off-canvas.js HTTP/1.1[0m" 304 -
127.0.0.1 - - [01/Dec/2023 11:01:14] "[36mGET /static/vendors/typicons.font/font/typicons.woff HTTP/1.1[0m" 304 -
127.0.0.1 - - [01/Dec/2023 11:01:14] "[36mGET /static/js/hoverable-collapse.js HTTP/1.1[0m" 304 -
127.0.0.1 - - [01/Dec/2023 11:01:14] "[36mGET /static/js/template.js HTTP/1.1[0m" 304 -
127.0.0.1 - - [01/Dec/2023 11:01:14] "[33mGET /static/fonts/Roboto/Roboto-Regular.woff2 HTTP/1.1[0m" 404 -
127.0.0.1 - - [01/Dec/2023 11:01:14] "[33mGET /static/fonts/Roboto/Roboto-Light.woff2 HTTP/1.1[0m" 404 -
127.0.0.1 - - [01/Dec/2023 11:01:14] "[33mGET /static/fonts/Roboto/Roboto-Bold.woff2 HTTP/1.1[0m" 404 -
127.0.0.1 - - [01/Dec/2023 11:01:15] "[33mGET /static/fonts/Roboto/Roboto-Regular.woff HTTP/1.1[0m" 404 -
127.0.0.1 - - [01/Dec/2023 11:01:15] "[36mGET /static/js/settings.js HTTP/1.1[0m" 304 -
127.0.0.1 - - [01/Dec/2023 11:01:15] "[36mGET /static/js/todolist.js HTTP/1.1[0m" 304 -
127.0.0.1 - - [01/Dec/2023 11:01:15] "[36mGET /static/vendors/progressbar.js/progressbar.min.js HTTP/1.1[0m" 304 -
127.0.0.1 - - [01/Dec/2023 11:01:15] "[33mGET /static/fonts/Roboto/Roboto-Light.woff HTTP/1.1[0m" 404 -
127.0.0.1 - - [01/Dec/2023 11:01:15] "[33mGET /static/fonts/Roboto/Roboto-Bold.woff HTTP/1.1[0m" 404 -
127.0.0.1 - - [01/Dec/2023 11:01:15] "[33mGET /static/fonts/Roboto/Roboto-Regular.ttf HTTP/1.1[0m" 404 -
127.0.0.1 - - [01/Dec/2023 11:01:15] "[36mGET /static/vendors/chart.js/Chart.min.js HTTP/1.1[0m" 304 -
127.0.0.1 - - [01/Dec/2023 11:01:15] "[33mGET /static/fonts/Roboto/Roboto-Light.ttf HTTP/1.1[0m" 404 -
127.0.0.1 - - [01/Dec/2023 11:01:15] "[33mGET /static/fonts/Roboto/Roboto-Bold.ttf HTTP/1.1[0m" 404 -
127.0.0.1 - - [01/Dec/2023 11:01:15] "[36mGET /static/images/enia.png HTTP/1.1[0m" 304 -
[31m[1mWARNING: This is a development server. Do not use it in a production deployment. Use a production WSGI server instead.[0m
 * Running on http://localhost:5000
[33mPress CTRL+C to quit[0m
 * Restarting with stat
 * Debugger is active!
 * Debugger PIN: 523-329-823
127.0.0.1 - - [01/Dec/2023 11:14:31] "GET /test HTTP/1.1" 200 -
127.0.0.1 - - [01/Dec/2023 11:14:31] "GET /static/vendors/css/vendor.bundle.base.css HTTP/1.1" 200 -
127.0.0.1 - - [01/Dec/2023 11:14:31] "GET /static/vendors/typicons.font/font/typicons.css HTTP/1.1" 200 -
127.0.0.1 - - [01/Dec/2023 11:14:31] "[36mGET /static/css/nuovo_sensore.css HTTP/1.1[0m" 304 -
127.0.0.1 - - [01/Dec/2023 11:14:31] "GET /static/css/vertical-layout-light/style.css HTTP/1.1" 200 -
127.0.0.1 - - [01/Dec/2023 11:14:31] "GET /static/vendors/js/vendor.bundle.base.js HTTP/1.1" 200 -
127.0.0.1 - - [01/Dec/2023 11:14:31] "GET /static/images/enia.png HTTP/1.1" 200 -
127.0.0.1 - - [01/Dec/2023 11:14:32] "GET /static/js/off-canvas.js HTTP/1.1" 200 -
127.0.0.1 - - [01/Dec/2023 11:14:32] "GET /static/js/template.js HTTP/1.1" 200 -
127.0.0.1 - - [01/Dec/2023 11:14:32] "GET /static/js/hoverable-collapse.js HTTP/1.1" 200 -
127.0.0.1 - - [01/Dec/2023 11:14:32] "GET /static/js/settings.js HTTP/1.1" 200 -
127.0.0.1 - - [01/Dec/2023 11:14:32] "GET /static/js/todolist.js HTTP/1.1" 200 -
127.0.0.1 - - [01/Dec/2023 11:14:32] "GET /static/vendors/progressbar.js/progressbar.min.js HTTP/1.1" 200 -
127.0.0.1 - - [01/Dec/2023 11:14:32] "GET /static/vendors/chart.js/Chart.min.js HTTP/1.1" 200 -
127.0.0.1 - - [01/Dec/2023 11:14:32] "GET /static/vendors/typicons.font/font/typicons.woff HTTP/1.1" 200 -
127.0.0.1 - - [01/Dec/2023 11:14:32] "[33mGET /static/fonts/Roboto/Roboto-Bold.woff2 HTTP/1.1[0m" 404 -
127.0.0.1 - - [01/Dec/2023 11:14:32] "[33mGET /static/fonts/Roboto/Roboto-Regular.woff2 HTTP/1.1[0m" 404 -
127.0.0.1 - - [01/Dec/2023 11:14:32] "[33mGET /static/fonts/Roboto/Roboto-Light.woff2 HTTP/1.1[0m" 404 -
127.0.0.1 - - [01/Dec/2023 11:14:33] "[33mGET /static/fonts/Roboto/Roboto-Bold.woff HTTP/1.1[0m" 404 -
127.0.0.1 - - [01/Dec/2023 11:14:33] "[33mGET /static/fonts/Roboto/Roboto-Regular.woff HTTP/1.1[0m" 404 -
127.0.0.1 - - [01/Dec/2023 11:14:33] "[33mGET /static/fonts/Roboto/Roboto-Light.woff HTTP/1.1[0m" 404 -
127.0.0.1 - - [01/Dec/2023 11:14:33] "[33mGET /static/fonts/Roboto/Roboto-Bold.ttf HTTP/1.1[0m" 404 -
127.0.0.1 - - [01/Dec/2023 11:14:33] "[33mGET /static/fonts/Roboto/Roboto-Regular.ttf HTTP/1.1[0m" 404 -
127.0.0.1 - - [01/Dec/2023 11:14:33] "[33mGET /static/fonts/Roboto/Roboto-Light.ttf HTTP/1.1[0m" 404 -
127.0.0.1 - - [01/Dec/2023 11:14:34] "[36mGET /static/images/enia.png HTTP/1.1[0m" 304 -
127.0.0.1 - - [01/Dec/2023 11:14:42] "[36mGET /static/vendors/typicons.font/font/typicons.css HTTP/1.1[0m" 304 -
127.0.0.1 - - [01/Dec/2023 11:14:42] "[36mGET /static/css/nuovo_sensore.css HTTP/1.1[0m" 304 -
127.0.0.1 - - [01/Dec/2023 11:14:42] "[36mGET /static/css/vertical-layout-light/style.css HTTP/1.1[0m" 304 -
127.0.0.1 - - [01/Dec/2023 11:14:42] "[36mGET /static/vendors/css/vendor.bundle.base.css HTTP/1.1[0m" 304 -
127.0.0.1 - - [01/Dec/2023 11:14:42] "[36mGET /static/vendors/js/bootstrap.min.js.map HTTP/1.1[0m" 304 -
127.0.0.1 - - [01/Dec/2023 11:14:43] "[36mGET /static/vendors/progressbar.js/progressbar.min.js.map HTTP/1.1[0m" 304 -
127.0.0.1 - - [01/Dec/2023 11:14:43] "[36mGET /static/css/maps/vertical-layout-light/style.css.map HTTP/1.1[0m" 304 -
127.0.0.1 - - [01/Dec/2023 11:15:01] "[36mGET /static/css/maps/vertical-layout-light/style.css.map HTTP/1.1[0m" 304 -
127.0.0.1 - - [01/Dec/2023 11:15:01] "[36mGET /static/vendors/js/bootstrap.min.js.map HTTP/1.1[0m" 304 -
127.0.0.1 - - [01/Dec/2023 11:15:01] "[36mGET /static/vendors/progressbar.js/progressbar.min.js.map HTTP/1.1[0m" 304 -
127.0.0.1 - - [01/Dec/2023 11:15:17] "GET /test HTTP/1.1" 200 -
127.0.0.1 - - [01/Dec/2023 11:15:17] "[36mGET /static/vendors/typicons.font/font/typicons.css HTTP/1.1[0m" 304 -
127.0.0.1 - - [01/Dec/2023 11:15:17] "[36mGET /static/vendors/css/vendor.bundle.base.css HTTP/1.1[0m" 304 -
127.0.0.1 - - [01/Dec/2023 11:15:17] "[36mGET /static/css/vertical-layout-light/style.css HTTP/1.1[0m" 304 -
127.0.0.1 - - [01/Dec/2023 11:15:17] "[36mGET /static/css/nuovo_sensore.css HTTP/1.1[0m" 304 -
127.0.0.1 - - [01/Dec/2023 11:15:18] "[36mGET /static/images/enia.png HTTP/1.1[0m" 304 -
127.0.0.1 - - [01/Dec/2023 11:15:18] "[36mGET /static/vendors/js/vendor.bundle.base.js HTTP/1.1[0m" 304 -
127.0.0.1 - - [01/Dec/2023 11:15:18] "[36mGET /static/js/off-canvas.js HTTP/1.1[0m" 304 -
127.0.0.1 - - [01/Dec/2023 11:15:18] "[36mGET /static/js/hoverable-collapse.js HTTP/1.1[0m" 304 -
127.0.0.1 - - [01/Dec/2023 11:15:18] "[36mGET /static/js/settings.js HTTP/1.1[0m" 304 -
127.0.0.1 - - [01/Dec/2023 11:15:18] "[36mGET /static/js/todolist.js HTTP/1.1[0m" 304 -
127.0.0.1 - - [01/Dec/2023 11:15:18] "[36mGET /static/js/template.js HTTP/1.1[0m" 304 -
127.0.0.1 - - [01/Dec/2023 11:15:18] "[36mGET /static/vendors/progressbar.js/progressbar.min.js HTTP/1.1[0m" 304 -
127.0.0.1 - - [01/Dec/2023 11:15:18] "[36mGET /static/css/maps/vertical-layout-light/style.css.map HTTP/1.1[0m" 304 -
127.0.0.1 - - [01/Dec/2023 11:15:18] "[36mGET /static/vendors/chart.js/Chart.min.js HTTP/1.1[0m" 304 -
127.0.0.1 - - [01/Dec/2023 11:15:18] "[36mGET /static/vendors/js/bootstrap.min.js.map HTTP/1.1[0m" 304 -
127.0.0.1 - - [01/Dec/2023 11:15:18] "[36mGET /static/vendors/typicons.font/font/typicons.woff HTTP/1.1[0m" 304 -
127.0.0.1 - - [01/Dec/2023 11:15:18] "[33mGET /static/fonts/Roboto/Roboto-Bold.woff2 HTTP/1.1[0m" 404 -
127.0.0.1 - - [01/Dec/2023 11:15:18] "[33mGET /static/fonts/Roboto/Roboto-Regular.woff2 HTTP/1.1[0m" 404 -
127.0.0.1 - - [01/Dec/2023 11:15:18] "[36mGET /static/vendors/progressbar.js/progressbar.min.js.map HTTP/1.1[0m" 304 -
127.0.0.1 - - [01/Dec/2023 11:15:19] "[33mGET /static/fonts/Roboto/Roboto-Light.woff2 HTTP/1.1[0m" 404 -
127.0.0.1 - - [01/Dec/2023 11:15:19] "[33mGET /static/fonts/Roboto/Roboto-Light.woff HTTP/1.1[0m" 404 -
127.0.0.1 - - [01/Dec/2023 11:15:19] "[33mGET /static/fonts/Roboto/Roboto-Bold.woff HTTP/1.1[0m" 404 -
127.0.0.1 - - [01/Dec/2023 11:15:19] "[33mGET /static/fonts/Roboto/Roboto-Light.ttf HTTP/1.1[0m" 404 -
127.0.0.1 - - [01/Dec/2023 11:15:20] "[33mGET /static/fonts/Roboto/Roboto-Bold.ttf HTTP/1.1[0m" 404 -
127.0.0.1 - - [01/Dec/2023 11:15:20] "[33mGET /static/fonts/Roboto/Roboto-Regular.woff HTTP/1.1[0m" 404 -
127.0.0.1 - - [01/Dec/2023 11:15:20] "[33mGET /static/fonts/Roboto/Roboto-Regular.ttf HTTP/1.1[0m" 404 -
127.0.0.1 - - [01/Dec/2023 11:15:20] "[36mGET /static/images/enia.png HTTP/1.1[0m" 304 -
127.0.0.1 - - [01/Dec/2023 11:16:50] "[36mGET /static/vendors/typicons.font/font/typicons.css HTTP/1.1[0m" 304 -
127.0.0.1 - - [01/Dec/2023 11:16:51] "[36mGET /static/vendors/css/vendor.bundle.base.css HTTP/1.1[0m" 304 -
127.0.0.1 - - [01/Dec/2023 11:16:51] "[36mGET /static/css/nuovo_sensore.css HTTP/1.1[0m" 304 -
127.0.0.1 - - [01/Dec/2023 11:16:51] "[36mGET /static/css/vertical-layout-light/style.css HTTP/1.1[0m" 304 -
127.0.0.1 - - [01/Dec/2023 11:16:51] "[36mGET /static/vendors/progressbar.js/progressbar.min.js.map HTTP/1.1[0m" 304 -
127.0.0.1 - - [01/Dec/2023 11:16:51] "[36mGET /static/vendors/js/bootstrap.min.js.map HTTP/1.1[0m" 304 -
127.0.0.1 - - [01/Dec/2023 11:16:51] "[36mGET /static/css/maps/vertical-layout-light/style.css.map HTTP/1.1[0m" 304 -
127.0.0.1 - - [01/Dec/2023 11:18:42] "GET /test HTTP/1.1" 200 -
127.0.0.1 - - [01/Dec/2023 11:18:42] "[36mGET /static/vendors/typicons.font/font/typicons.css HTTP/1.1[0m" 304 -
127.0.0.1 - - [01/Dec/2023 11:18:42] "[36mGET /static/vendors/css/vendor.bundle.base.css HTTP/1.1[0m" 304 -
127.0.0.1 - - [01/Dec/2023 11:18:43] "[36mGET /static/css/vertical-layout-light/style.css HTTP/1.1[0m" 304 -
127.0.0.1 - - [01/Dec/2023 11:18:43] "[36mGET /static/css/nuovo_sensore.css HTTP/1.1[0m" 304 -
127.0.0.1 - - [01/Dec/2023 11:18:43] "[36mGET /static/images/enia.png HTTP/1.1[0m" 304 -
127.0.0.1 - - [01/Dec/2023 11:18:43] "[36mGET /static/vendors/js/vendor.bundle.base.js HTTP/1.1[0m" 304 -
127.0.0.1 - - [01/Dec/2023 11:18:43] "[36mGET /static/js/hoverable-collapse.js HTTP/1.1[0m" 304 -
127.0.0.1 - - [01/Dec/2023 11:18:43] "[36mGET /static/js/off-canvas.js HTTP/1.1[0m" 304 -
127.0.0.1 - - [01/Dec/2023 11:18:43] "[36mGET /static/js/template.js HTTP/1.1[0m" 304 -
127.0.0.1 - - [01/Dec/2023 11:18:43] "[36mGET /static/js/settings.js HTTP/1.1[0m" 304 -
127.0.0.1 - - [01/Dec/2023 11:18:43] "[36mGET /static/vendors/progressbar.js/progressbar.min.js HTTP/1.1[0m" 304 -
127.0.0.1 - - [01/Dec/2023 11:18:43] "[36mGET /static/js/todolist.js HTTP/1.1[0m" 304 -
127.0.0.1 - - [01/Dec/2023 11:18:43] "[36mGET /static/vendors/chart.js/Chart.min.js HTTP/1.1[0m" 304 -
127.0.0.1 - - [01/Dec/2023 11:18:43] "[36mGET /static/css/maps/vertical-layout-light/style.css.map HTTP/1.1[0m" 304 -
127.0.0.1 - - [01/Dec/2023 11:18:43] "[36mGET /static/vendors/js/bootstrap.min.js.map HTTP/1.1[0m" 304 -
127.0.0.1 - - [01/Dec/2023 11:18:43] "[36mGET /static/vendors/typicons.font/font/typicons.woff HTTP/1.1[0m" 304 -
127.0.0.1 - - [01/Dec/2023 11:18:44] "[36mGET /static/vendors/progressbar.js/progressbar.min.js.map HTTP/1.1[0m" 304 -
127.0.0.1 - - [01/Dec/2023 11:18:44] "[33mGET /static/fonts/Roboto/Roboto-Regular.woff2 HTTP/1.1[0m" 404 -
127.0.0.1 - - [01/Dec/2023 11:18:44] "[33mGET /static/fonts/Roboto/Roboto-Bold.woff2 HTTP/1.1[0m" 404 -
127.0.0.1 - - [01/Dec/2023 11:18:44] "[33mGET /static/fonts/Roboto/Roboto-Light.woff2 HTTP/1.1[0m" 404 -
127.0.0.1 - - [01/Dec/2023 11:18:44] "[33mGET /static/fonts/Roboto/Roboto-Regular.woff HTTP/1.1[0m" 404 -
127.0.0.1 - - [01/Dec/2023 11:18:44] "[33mGET /static/fonts/Roboto/Roboto-Bold.woff HTTP/1.1[0m" 404 -
127.0.0.1 - - [01/Dec/2023 11:18:44] "[33mGET /static/fonts/Roboto/Roboto-Light.woff HTTP/1.1[0m" 404 -
127.0.0.1 - - [01/Dec/2023 11:18:44] "[33mGET /static/fonts/Roboto/Roboto-Regular.ttf HTTP/1.1[0m" 404 -
127.0.0.1 - - [01/Dec/2023 11:18:44] "[33mGET /static/fonts/Roboto/Roboto-Bold.ttf HTTP/1.1[0m" 404 -
127.0.0.1 - - [01/Dec/2023 11:18:44] "[33mGET /static/fonts/Roboto/Roboto-Light.ttf HTTP/1.1[0m" 404 -
127.0.0.1 - - [01/Dec/2023 11:18:44] "[36mGET /static/images/enia.png HTTP/1.1[0m" 304 -
127.0.0.1 - - [01/Dec/2023 11:19:13] "GET /test HTTP/1.1" 200 -
127.0.0.1 - - [01/Dec/2023 11:19:13] "[36mGET /static/vendors/typicons.font/font/typicons.css HTTP/1.1[0m" 304 -
127.0.0.1 - - [01/Dec/2023 11:19:13] "[36mGET /static/vendors/css/vendor.bundle.base.css HTTP/1.1[0m" 304 -
127.0.0.1 - - [01/Dec/2023 11:19:13] "[36mGET /static/css/vertical-layout-light/style.css HTTP/1.1[0m" 304 -
127.0.0.1 - - [01/Dec/2023 11:19:13] "[36mGET /static/css/nuovo_sensore.css HTTP/1.1[0m" 304 -
127.0.0.1 - - [01/Dec/2023 11:19:13] "[36mGET /static/images/enia.png HTTP/1.1[0m" 304 -
127.0.0.1 - - [01/Dec/2023 11:19:13] "[36mGET /static/vendors/js/vendor.bundle.base.js HTTP/1.1[0m" 304 -
127.0.0.1 - - [01/Dec/2023 11:19:13] "[36mGET /static/js/hoverable-collapse.js HTTP/1.1[0m" 304 -
127.0.0.1 - - [01/Dec/2023 11:19:13] "[36mGET /static/js/todolist.js HTTP/1.1[0m" 304 -
127.0.0.1 - - [01/Dec/2023 11:19:13] "[36mGET /static/js/settings.js HTTP/1.1[0m" 304 -
127.0.0.1 - - [01/Dec/2023 11:19:13] "[36mGET /static/js/off-canvas.js HTTP/1.1[0m" 304 -
127.0.0.1 - - [01/Dec/2023 11:19:13] "[36mGET /static/js/template.js HTTP/1.1[0m" 304 -
127.0.0.1 - - [01/Dec/2023 11:19:13] "[36mGET /static/vendors/progressbar.js/progressbar.min.js HTTP/1.1[0m" 304 -
127.0.0.1 - - [01/Dec/2023 11:19:14] "[36mGET /static/vendors/chart.js/Chart.min.js HTTP/1.1[0m" 304 -
127.0.0.1 - - [01/Dec/2023 11:19:14] "[36mGET /static/css/maps/vertical-layout-light/style.css.map HTTP/1.1[0m" 304 -
127.0.0.1 - - [01/Dec/2023 11:19:14] "[36mGET /static/vendors/js/bootstrap.min.js.map HTTP/1.1[0m" 304 -
127.0.0.1 - - [01/Dec/2023 11:19:14] "[36mGET /static/vendors/typicons.font/font/typicons.woff HTTP/1.1[0m" 304 -
127.0.0.1 - - [01/Dec/2023 11:19:14] "[36mGET /static/vendors/progressbar.js/progressbar.min.js.map HTTP/1.1[0m" 304 -
127.0.0.1 - - [01/Dec/2023 11:19:14] "[33mGET /static/fonts/Roboto/Roboto-Regular.woff2 HTTP/1.1[0m" 404 -
127.0.0.1 - - [01/Dec/2023 11:19:14] "[33mGET /static/fonts/Roboto/Roboto-Bold.woff2 HTTP/1.1[0m" 404 -
127.0.0.1 - - [01/Dec/2023 11:19:14] "[33mGET /static/fonts/Roboto/Roboto-Light.woff2 HTTP/1.1[0m" 404 -
127.0.0.1 - - [01/Dec/2023 11:19:14] "[33mGET /static/fonts/Roboto/Roboto-Regular.woff HTTP/1.1[0m" 404 -
127.0.0.1 - - [01/Dec/2023 11:19:14] "[33mGET /static/fonts/Roboto/Roboto-Light.woff HTTP/1.1[0m" 404 -
127.0.0.1 - - [01/Dec/2023 11:19:14] "[33mGET /static/fonts/Roboto/Roboto-Bold.woff HTTP/1.1[0m" 404 -
127.0.0.1 - - [01/Dec/2023 11:19:15] "[33mGET /static/fonts/Roboto/Roboto-Regular.ttf HTTP/1.1[0m" 404 -
127.0.0.1 - - [01/Dec/2023 11:19:15] "[33mGET /static/fonts/Roboto/Roboto-Light.ttf HTTP/1.1[0m" 404 -
127.0.0.1 - - [01/Dec/2023 11:19:15] "[33mGET /static/fonts/Roboto/Roboto-Bold.ttf HTTP/1.1[0m" 404 -
127.0.0.1 - - [01/Dec/2023 11:19:15] "[36mGET /static/images/enia.png HTTP/1.1[0m" 304 -
127.0.0.1 - - [01/Dec/2023 11:19:20] "GET /test HTTP/1.1" 200 -
127.0.0.1 - - [01/Dec/2023 11:19:20] "[36mGET /static/vendors/typicons.font/font/typicons.css HTTP/1.1[0m" 304 -
127.0.0.1 - - [01/Dec/2023 11:19:20] "[36mGET /static/vendors/css/vendor.bundle.base.css HTTP/1.1[0m" 304 -
127.0.0.1 - - [01/Dec/2023 11:19:20] "[36mGET /static/css/vertical-layout-light/style.css HTTP/1.1[0m" 304 -
127.0.0.1 - - [01/Dec/2023 11:19:20] "[36mGET /static/css/nuovo_sensore.css HTTP/1.1[0m" 304 -
127.0.0.1 - - [01/Dec/2023 11:19:20] "[36mGET /static/images/enia.png HTTP/1.1[0m" 304 -
127.0.0.1 - - [01/Dec/2023 11:19:20] "[36mGET /static/vendors/js/vendor.bundle.base.js HTTP/1.1[0m" 304 -
127.0.0.1 - - [01/Dec/2023 11:19:20] "[36mGET /static/js/off-canvas.js HTTP/1.1[0m" 304 -
127.0.0.1 - - [01/Dec/2023 11:19:20] "[36mGET /static/js/hoverable-collapse.js HTTP/1.1[0m" 304 -
127.0.0.1 - - [01/Dec/2023 11:19:20] "[36mGET /static/js/template.js HTTP/1.1[0m" 304 -
127.0.0.1 - - [01/Dec/2023 11:19:20] "[36mGET /static/js/settings.js HTTP/1.1[0m" 304 -
127.0.0.1 - - [01/Dec/2023 11:19:20] "[36mGET /static/js/todolist.js HTTP/1.1[0m" 304 -
127.0.0.1 - - [01/Dec/2023 11:19:20] "[36mGET /static/vendors/progressbar.js/progressbar.min.js HTTP/1.1[0m" 304 -
127.0.0.1 - - [01/Dec/2023 11:19:21] "[36mGET /static/vendors/chart.js/Chart.min.js HTTP/1.1[0m" 304 -
127.0.0.1 - - [01/Dec/2023 11:19:21] "[36mGET /static/css/maps/vertical-layout-light/style.css.map HTTP/1.1[0m" 304 -
127.0.0.1 - - [01/Dec/2023 11:19:21] "[36mGET /static/vendors/js/bootstrap.min.js.map HTTP/1.1[0m" 304 -
127.0.0.1 - - [01/Dec/2023 11:19:21] "[36mGET /static/vendors/typicons.font/font/typicons.woff HTTP/1.1[0m" 304 -
127.0.0.1 - - [01/Dec/2023 11:19:21] "[33mGET /static/fonts/Roboto/Roboto-Regular.woff2 HTTP/1.1[0m" 404 -
127.0.0.1 - - [01/Dec/2023 11:19:21] "[33mGET /static/fonts/Roboto/Roboto-Bold.woff2 HTTP/1.1[0m" 404 -
127.0.0.1 - - [01/Dec/2023 11:19:21] "[36mGET /static/vendors/progressbar.js/progressbar.min.js.map HTTP/1.1[0m" 304 -
127.0.0.1 - - [01/Dec/2023 11:19:21] "[33mGET /static/fonts/Roboto/Roboto-Light.woff2 HTTP/1.1[0m" 404 -
127.0.0.1 - - [01/Dec/2023 11:19:22] "[33mGET /static/fonts/Roboto/Roboto-Bold.woff HTTP/1.1[0m" 404 -
127.0.0.1 - - [01/Dec/2023 11:19:22] "[33mGET /static/fonts/Roboto/Roboto-Regular.woff HTTP/1.1[0m" 404 -
127.0.0.1 - - [01/Dec/2023 11:19:22] "[33mGET /static/fonts/Roboto/Roboto-Light.woff HTTP/1.1[0m" 404 -
127.0.0.1 - - [01/Dec/2023 11:19:22] "[33mGET /static/fonts/Roboto/Roboto-Bold.ttf HTTP/1.1[0m" 404 -
127.0.0.1 - - [01/Dec/2023 11:19:22] "[33mGET /static/fonts/Roboto/Roboto-Regular.ttf HTTP/1.1[0m" 404 -
127.0.0.1 - - [01/Dec/2023 11:19:22] "[33mGET /static/fonts/Roboto/Roboto-Light.ttf HTTP/1.1[0m" 404 -
127.0.0.1 - - [01/Dec/2023 11:19:22] "[36mGET /static/images/enia.png HTTP/1.1[0m" 304 -
127.0.0.1 - - [01/Dec/2023 11:19:56] "GET /test HTTP/1.1" 200 -
127.0.0.1 - - [01/Dec/2023 11:19:56] "[36mGET /static/vendors/typicons.font/font/typicons.css HTTP/1.1[0m" 304 -
127.0.0.1 - - [01/Dec/2023 11:19:56] "[36mGET /static/vendors/css/vendor.bundle.base.css HTTP/1.1[0m" 304 -
127.0.0.1 - - [01/Dec/2023 11:19:56] "[36mGET /static/css/nuovo_sensore.css HTTP/1.1[0m" 304 -
127.0.0.1 - - [01/Dec/2023 11:19:56] "[36mGET /static/css/vertical-layout-light/style.css HTTP/1.1[0m" 304 -
127.0.0.1 - - [01/Dec/2023 11:19:57] "[36mGET /static/images/enia.png HTTP/1.1[0m" 304 -
127.0.0.1 - - [01/Dec/2023 11:19:57] "[36mGET /static/vendors/js/vendor.bundle.base.js HTTP/1.1[0m" 304 -
127.0.0.1 - - [01/Dec/2023 11:19:57] "[36mGET /static/js/off-canvas.js HTTP/1.1[0m" 304 -
127.0.0.1 - - [01/Dec/2023 11:19:57] "[36mGET /static/js/hoverable-collapse.js HTTP/1.1[0m" 304 -
127.0.0.1 - - [01/Dec/2023 11:19:57] "[36mGET /static/js/template.js HTTP/1.1[0m" 304 -
127.0.0.1 - - [01/Dec/2023 11:19:57] "[36mGET /static/js/settings.js HTTP/1.1[0m" 304 -
127.0.0.1 - - [01/Dec/2023 11:19:57] "[36mGET /static/js/todolist.js HTTP/1.1[0m" 304 -
127.0.0.1 - - [01/Dec/2023 11:19:57] "[36mGET /static/vendors/progressbar.js/progressbar.min.js HTTP/1.1[0m" 304 -
127.0.0.1 - - [01/Dec/2023 11:19:57] "[36mGET /static/vendors/chart.js/Chart.min.js HTTP/1.1[0m" 304 -
127.0.0.1 - - [01/Dec/2023 11:19:57] "[36mGET /static/css/maps/vertical-layout-light/style.css.map HTTP/1.1[0m" 304 -
127.0.0.1 - - [01/Dec/2023 11:19:57] "[36mGET /static/vendors/js/bootstrap.min.js.map HTTP/1.1[0m" 304 -
127.0.0.1 - - [01/Dec/2023 11:19:57] "[36mGET /static/vendors/typicons.font/font/typicons.woff HTTP/1.1[0m" 304 -
127.0.0.1 - - [01/Dec/2023 11:19:57] "[33mGET /static/fonts/Roboto/Roboto-Regular.woff2 HTTP/1.1[0m" 404 -
127.0.0.1 - - [01/Dec/2023 11:19:57] "[33mGET /static/fonts/Roboto/Roboto-Bold.woff2 HTTP/1.1[0m" 404 -
127.0.0.1 - - [01/Dec/2023 11:19:57] "[36mGET /static/vendors/progressbar.js/progressbar.min.js.map HTTP/1.1[0m" 304 -
127.0.0.1 - - [01/Dec/2023 11:19:57] "[33mGET /static/fonts/Roboto/Roboto-Light.woff2 HTTP/1.1[0m" 404 -
127.0.0.1 - - [01/Dec/2023 11:19:58] "[33mGET /static/fonts/Roboto/Roboto-Regular.woff HTTP/1.1[0m" 404 -
127.0.0.1 - - [01/Dec/2023 11:19:58] "[33mGET /static/fonts/Roboto/Roboto-Bold.woff HTTP/1.1[0m" 404 -
127.0.0.1 - - [01/Dec/2023 11:19:58] "[33mGET /static/fonts/Roboto/Roboto-Light.woff HTTP/1.1[0m" 404 -
127.0.0.1 - - [01/Dec/2023 11:19:58] "[33mGET /static/fonts/Roboto/Roboto-Regular.ttf HTTP/1.1[0m" 404 -
127.0.0.1 - - [01/Dec/2023 11:19:58] "[33mGET /static/fonts/Roboto/Roboto-Light.ttf HTTP/1.1[0m" 404 -
127.0.0.1 - - [01/Dec/2023 11:19:58] "[33mGET /static/fonts/Roboto/Roboto-Bold.ttf HTTP/1.1[0m" 404 -
127.0.0.1 - - [01/Dec/2023 11:19:58] "[36mGET /static/images/enia.png HTTP/1.1[0m" 304 -
127.0.0.1 - - [01/Dec/2023 11:20:02] "GET /test HTTP/1.1" 200 -
127.0.0.1 - - [01/Dec/2023 11:20:02] "[36mGET /static/vendors/typicons.font/font/typicons.css HTTP/1.1[0m" 304 -
127.0.0.1 - - [01/Dec/2023 11:20:02] "[36mGET /static/vendors/css/vendor.bundle.base.css HTTP/1.1[0m" 304 -
127.0.0.1 - - [01/Dec/2023 11:20:02] "[36mGET /static/css/vertical-layout-light/style.css HTTP/1.1[0m" 304 -
127.0.0.1 - - [01/Dec/2023 11:20:02] "[36mGET /static/css/nuovo_sensore.css HTTP/1.1[0m" 304 -
127.0.0.1 - - [01/Dec/2023 11:20:02] "[36mGET /static/vendors/js/vendor.bundle.base.js HTTP/1.1[0m" 304 -
127.0.0.1 - - [01/Dec/2023 11:20:02] "[36mGET /static/images/enia.png HTTP/1.1[0m" 304 -
127.0.0.1 - - [01/Dec/2023 11:20:02] "[36mGET /static/js/hoverable-collapse.js HTTP/1.1[0m" 304 -
127.0.0.1 - - [01/Dec/2023 11:20:02] "[36mGET /static/js/off-canvas.js HTTP/1.1[0m" 304 -
127.0.0.1 - - [01/Dec/2023 11:20:02] "[36mGET /static/js/template.js HTTP/1.1[0m" 304 -
127.0.0.1 - - [01/Dec/2023 11:20:02] "[36mGET /static/vendors/progressbar.js/progressbar.min.js HTTP/1.1[0m" 304 -
127.0.0.1 - - [01/Dec/2023 11:20:02] "[36mGET /static/js/settings.js HTTP/1.1[0m" 304 -
127.0.0.1 - - [01/Dec/2023 11:20:02] "[36mGET /static/js/todolist.js HTTP/1.1[0m" 304 -
127.0.0.1 - - [01/Dec/2023 11:20:03] "[36mGET /static/vendors/chart.js/Chart.min.js HTTP/1.1[0m" 304 -
127.0.0.1 - - [01/Dec/2023 11:20:03] "[36mGET /static/css/maps/vertical-layout-light/style.css.map HTTP/1.1[0m" 304 -
127.0.0.1 - - [01/Dec/2023 11:20:03] "[36mGET /static/vendors/js/bootstrap.min.js.map HTTP/1.1[0m" 304 -
127.0.0.1 - - [01/Dec/2023 11:20:03] "[36mGET /static/vendors/typicons.font/font/typicons.woff HTTP/1.1[0m" 304 -
127.0.0.1 - - [01/Dec/2023 11:20:03] "[33mGET /static/fonts/Roboto/Roboto-Regular.woff2 HTTP/1.1[0m" 404 -
127.0.0.1 - - [01/Dec/2023 11:20:03] "[33mGET /static/fonts/Roboto/Roboto-Bold.woff2 HTTP/1.1[0m" 404 -
127.0.0.1 - - [01/Dec/2023 11:20:03] "[36mGET /static/vendors/progressbar.js/progressbar.min.js.map HTTP/1.1[0m" 304 -
127.0.0.1 - - [01/Dec/2023 11:20:03] "[33mGET /static/fonts/Roboto/Roboto-Light.woff2 HTTP/1.1[0m" 404 -
127.0.0.1 - - [01/Dec/2023 11:20:04] "[33mGET /static/fonts/Roboto/Roboto-Regular.woff HTTP/1.1[0m" 404 -
127.0.0.1 - - [01/Dec/2023 11:20:04] "[33mGET /static/fonts/Roboto/Roboto-Bold.woff HTTP/1.1[0m" 404 -
127.0.0.1 - - [01/Dec/2023 11:20:04] "[33mGET /static/fonts/Roboto/Roboto-Light.woff HTTP/1.1[0m" 404 -
127.0.0.1 - - [01/Dec/2023 11:20:04] "[33mGET /static/fonts/Roboto/Roboto-Regular.ttf HTTP/1.1[0m" 404 -
127.0.0.1 - - [01/Dec/2023 11:20:04] "[33mGET /static/fonts/Roboto/Roboto-Bold.ttf HTTP/1.1[0m" 404 -
127.0.0.1 - - [01/Dec/2023 11:20:04] "[33mGET /static/fonts/Roboto/Roboto-Light.ttf HTTP/1.1[0m" 404 -
127.0.0.1 - - [01/Dec/2023 11:20:04] "[36mGET /static/images/enia.png HTTP/1.1[0m" 304 -
127.0.0.1 - - [01/Dec/2023 11:20:13] "GET /test HTTP/1.1" 200 -
127.0.0.1 - - [01/Dec/2023 11:20:13] "[36mGET /static/vendors/typicons.font/font/typicons.css HTTP/1.1[0m" 304 -
127.0.0.1 - - [01/Dec/2023 11:20:13] "[36mGET /static/vendors/css/vendor.bundle.base.css HTTP/1.1[0m" 304 -
127.0.0.1 - - [01/Dec/2023 11:20:14] "[36mGET /static/css/vertical-layout-light/style.css HTTP/1.1[0m" 304 -
127.0.0.1 - - [01/Dec/2023 11:20:14] "[36mGET /static/css/nuovo_sensore.css HTTP/1.1[0m" 304 -
127.0.0.1 - - [01/Dec/2023 11:20:14] "[36mGET /static/vendors/js/vendor.bundle.base.js HTTP/1.1[0m" 304 -
127.0.0.1 - - [01/Dec/2023 11:20:14] "[36mGET /static/images/enia.png HTTP/1.1[0m" 304 -
127.0.0.1 - - [01/Dec/2023 11:20:14] "[36mGET /static/js/off-canvas.js HTTP/1.1[0m" 304 -
127.0.0.1 - - [01/Dec/2023 11:20:14] "[36mGET /static/js/hoverable-collapse.js HTTP/1.1[0m" 304 -
127.0.0.1 - - [01/Dec/2023 11:20:14] "[36mGET /static/js/template.js HTTP/1.1[0m" 304 -
127.0.0.1 - - [01/Dec/2023 11:20:14] "[36mGET /static/js/settings.js HTTP/1.1[0m" 304 -
127.0.0.1 - - [01/Dec/2023 11:20:14] "[36mGET /static/vendors/progressbar.js/progressbar.min.js HTTP/1.1[0m" 304 -
127.0.0.1 - - [01/Dec/2023 11:20:14] "[36mGET /static/js/todolist.js HTTP/1.1[0m" 304 -
127.0.0.1 - - [01/Dec/2023 11:20:14] "[36mGET /static/css/maps/vertical-layout-light/style.css.map HTTP/1.1[0m" 304 -
127.0.0.1 - - [01/Dec/2023 11:20:14] "[36mGET /static/vendors/js/bootstrap.min.js.map HTTP/1.1[0m" 304 -
127.0.0.1 - - [01/Dec/2023 11:20:14] "[36mGET /static/vendors/chart.js/Chart.min.js HTTP/1.1[0m" 304 -
127.0.0.1 - - [01/Dec/2023 11:20:14] "[36mGET /static/vendors/typicons.font/font/typicons.woff HTTP/1.1[0m" 304 -
127.0.0.1 - - [01/Dec/2023 11:20:15] "[33mGET /static/fonts/Roboto/Roboto-Regular.woff2 HTTP/1.1[0m" 404 -
127.0.0.1 - - [01/Dec/2023 11:20:15] "[33mGET /static/fonts/Roboto/Roboto-Bold.woff2 HTTP/1.1[0m" 404 -
127.0.0.1 - - [01/Dec/2023 11:20:15] "[36mGET /static/vendors/progressbar.js/progressbar.min.js.map HTTP/1.1[0m" 304 -
127.0.0.1 - - [01/Dec/2023 11:20:15] "[33mGET /static/fonts/Roboto/Roboto-Light.woff2 HTTP/1.1[0m" 404 -
127.0.0.1 - - [01/Dec/2023 11:20:15] "[33mGET /static/fonts/Roboto/Roboto-Bold.woff HTTP/1.1[0m" 404 -
127.0.0.1 - - [01/Dec/2023 11:20:15] "[33mGET /static/fonts/Roboto/Roboto-Regular.woff HTTP/1.1[0m" 404 -
127.0.0.1 - - [01/Dec/2023 11:20:15] "[33mGET /static/fonts/Roboto/Roboto-Light.woff HTTP/1.1[0m" 404 -
127.0.0.1 - - [01/Dec/2023 11:20:15] "[33mGET /static/fonts/Roboto/Roboto-Bold.ttf HTTP/1.1[0m" 404 -
127.0.0.1 - - [01/Dec/2023 11:20:15] "[33mGET /static/fonts/Roboto/Roboto-Regular.ttf HTTP/1.1[0m" 404 -
127.0.0.1 - - [01/Dec/2023 11:20:16] "[33mGET /static/fonts/Roboto/Roboto-Light.ttf HTTP/1.1[0m" 404 -
127.0.0.1 - - [01/Dec/2023 11:20:16] "[36mGET /static/images/enia.png HTTP/1.1[0m" 304 -
127.0.0.1 - - [01/Dec/2023 11:20:59] "GET /test HTTP/1.1" 200 -
127.0.0.1 - - [01/Dec/2023 11:20:59] "[36mGET /static/vendors/typicons.font/font/typicons.css HTTP/1.1[0m" 304 -
127.0.0.1 - - [01/Dec/2023 11:20:59] "[36mGET /static/vendors/css/vendor.bundle.base.css HTTP/1.1[0m" 304 -
127.0.0.1 - - [01/Dec/2023 11:20:59] "[36mGET /static/css/vertical-layout-light/style.css HTTP/1.1[0m" 304 -
127.0.0.1 - - [01/Dec/2023 11:20:59] "[36mGET /static/css/nuovo_sensore.css HTTP/1.1[0m" 304 -
127.0.0.1 - - [01/Dec/2023 11:20:59] "[36mGET /static/images/enia.png HTTP/1.1[0m" 304 -
127.0.0.1 - - [01/Dec/2023 11:20:59] "[36mGET /static/vendors/js/vendor.bundle.base.js HTTP/1.1[0m" 304 -
127.0.0.1 - - [01/Dec/2023 11:21:00] "[36mGET /static/js/off-canvas.js HTTP/1.1[0m" 304 -
127.0.0.1 - - [01/Dec/2023 11:21:00] "[36mGET /static/js/hoverable-collapse.js HTTP/1.1[0m" 304 -
127.0.0.1 - - [01/Dec/2023 11:21:00] "[36mGET /static/js/template.js HTTP/1.1[0m" 304 -
127.0.0.1 - - [01/Dec/2023 11:21:00] "[36mGET /static/vendors/progressbar.js/progressbar.min.js HTTP/1.1[0m" 304 -
127.0.0.1 - - [01/Dec/2023 11:21:00] "[36mGET /static/js/todolist.js HTTP/1.1[0m" 304 -
127.0.0.1 - - [01/Dec/2023 11:21:00] "[36mGET /static/js/settings.js HTTP/1.1[0m" 304 -
127.0.0.1 - - [01/Dec/2023 11:21:00] "[36mGET /static/css/maps/vertical-layout-light/style.css.map HTTP/1.1[0m" 304 -
127.0.0.1 - - [01/Dec/2023 11:21:00] "[36mGET /static/vendors/chart.js/Chart.min.js HTTP/1.1[0m" 304 -
127.0.0.1 - - [01/Dec/2023 11:21:00] "[36mGET /static/vendors/js/bootstrap.min.js.map HTTP/1.1[0m" 304 -
127.0.0.1 - - [01/Dec/2023 11:21:00] "[36mGET /static/vendors/typicons.font/font/typicons.woff HTTP/1.1[0m" 304 -
127.0.0.1 - - [01/Dec/2023 11:21:00] "[33mGET /static/fonts/Roboto/Roboto-Regular.woff2 HTTP/1.1[0m" 404 -
127.0.0.1 - - [01/Dec/2023 11:21:00] "[33mGET /static/fonts/Roboto/Roboto-Bold.woff2 HTTP/1.1[0m" 404 -
127.0.0.1 - - [01/Dec/2023 11:21:00] "[36mGET /static/vendors/progressbar.js/progressbar.min.js.map HTTP/1.1[0m" 304 -
127.0.0.1 - - [01/Dec/2023 11:21:00] "[33mGET /static/fonts/Roboto/Roboto-Light.woff2 HTTP/1.1[0m" 404 -
127.0.0.1 - - [01/Dec/2023 11:21:01] "[33mGET /static/fonts/Roboto/Roboto-Regular.woff HTTP/1.1[0m" 404 -
127.0.0.1 - - [01/Dec/2023 11:21:01] "[33mGET /static/fonts/Roboto/Roboto-Bold.woff HTTP/1.1[0m" 404 -
127.0.0.1 - - [01/Dec/2023 11:21:01] "[33mGET /static/fonts/Roboto/Roboto-Light.woff HTTP/1.1[0m" 404 -
127.0.0.1 - - [01/Dec/2023 11:21:01] "[33mGET /static/fonts/Roboto/Roboto-Regular.ttf HTTP/1.1[0m" 404 -
127.0.0.1 - - [01/Dec/2023 11:21:01] "[33mGET /static/fonts/Roboto/Roboto-Bold.ttf HTTP/1.1[0m" 404 -
127.0.0.1 - - [01/Dec/2023 11:21:01] "[33mGET /static/fonts/Roboto/Roboto-Light.ttf HTTP/1.1[0m" 404 -
127.0.0.1 - - [01/Dec/2023 11:21:01] "[36mGET /static/images/enia.png HTTP/1.1[0m" 304 -
127.0.0.1 - - [01/Dec/2023 11:21:37] "GET /test HTTP/1.1" 200 -
127.0.0.1 - - [01/Dec/2023 11:21:37] "[36mGET /static/vendors/typicons.font/font/typicons.css HTTP/1.1[0m" 304 -
127.0.0.1 - - [01/Dec/2023 11:21:37] "[36mGET /static/vendors/css/vendor.bundle.base.css HTTP/1.1[0m" 304 -
127.0.0.1 - - [01/Dec/2023 11:21:38] "[36mGET /static/css/vertical-layout-light/style.css HTTP/1.1[0m" 304 -
127.0.0.1 - - [01/Dec/2023 11:21:38] "[36mGET /static/css/nuovo_sensore.css HTTP/1.1[0m" 304 -
127.0.0.1 - - [01/Dec/2023 11:21:38] "[36mGET /static/vendors/js/vendor.bundle.base.js HTTP/1.1[0m" 304 -
127.0.0.1 - - [01/Dec/2023 11:21:38] "[36mGET /static/images/enia.png HTTP/1.1[0m" 304 -
127.0.0.1 - - [01/Dec/2023 11:21:38] "[36mGET /static/js/hoverable-collapse.js HTTP/1.1[0m" 304 -
127.0.0.1 - - [01/Dec/2023 11:21:38] "[36mGET /static/js/off-canvas.js HTTP/1.1[0m" 304 -
127.0.0.1 - - [01/Dec/2023 11:21:38] "[36mGET /static/js/template.js HTTP/1.1[0m" 304 -
127.0.0.1 - - [01/Dec/2023 11:21:38] "[36mGET /static/js/settings.js HTTP/1.1[0m" 304 -
127.0.0.1 - - [01/Dec/2023 11:21:38] "[36mGET /static/js/todolist.js HTTP/1.1[0m" 304 -
127.0.0.1 - - [01/Dec/2023 11:21:38] "[36mGET /static/vendors/progressbar.js/progressbar.min.js HTTP/1.1[0m" 304 -
127.0.0.1 - - [01/Dec/2023 11:21:38] "[36mGET /static/vendors/chart.js/Chart.min.js HTTP/1.1[0m" 304 -
127.0.0.1 - - [01/Dec/2023 11:21:38] "[36mGET /static/css/maps/vertical-layout-light/style.css.map HTTP/1.1[0m" 304 -
127.0.0.1 - - [01/Dec/2023 11:21:38] "[36mGET /static/vendors/js/bootstrap.min.js.map HTTP/1.1[0m" 304 -
127.0.0.1 - - [01/Dec/2023 11:21:38] "[36mGET /static/vendors/typicons.font/font/typicons.woff HTTP/1.1[0m" 304 -
127.0.0.1 - - [01/Dec/2023 11:21:38] "[33mGET /static/fonts/Roboto/Roboto-Regular.woff2 HTTP/1.1[0m" 404 -
127.0.0.1 - - [01/Dec/2023 11:21:38] "[33mGET /static/fonts/Roboto/Roboto-Bold.woff2 HTTP/1.1[0m" 404 -
127.0.0.1 - - [01/Dec/2023 11:21:39] "[36mGET /static/vendors/progressbar.js/progressbar.min.js.map HTTP/1.1[0m" 304 -
127.0.0.1 - - [01/Dec/2023 11:21:39] "[33mGET /static/fonts/Roboto/Roboto-Light.woff2 HTTP/1.1[0m" 404 -
127.0.0.1 - - [01/Dec/2023 11:21:39] "[33mGET /static/fonts/Roboto/Roboto-Bold.woff HTTP/1.1[0m" 404 -
127.0.0.1 - - [01/Dec/2023 11:21:39] "[33mGET /static/fonts/Roboto/Roboto-Light.woff HTTP/1.1[0m" 404 -
127.0.0.1 - - [01/Dec/2023 11:21:39] "[33mGET /static/fonts/Roboto/Roboto-Regular.woff HTTP/1.1[0m" 404 -
127.0.0.1 - - [01/Dec/2023 11:21:39] "[33mGET /static/fonts/Roboto/Roboto-Bold.ttf HTTP/1.1[0m" 404 -
127.0.0.1 - - [01/Dec/2023 11:21:39] "[33mGET /static/fonts/Roboto/Roboto-Light.ttf HTTP/1.1[0m" 404 -
127.0.0.1 - - [01/Dec/2023 11:21:39] "[33mGET /static/fonts/Roboto/Roboto-Regular.ttf HTTP/1.1[0m" 404 -
127.0.0.1 - - [01/Dec/2023 11:21:39] "[36mGET /static/images/enia.png HTTP/1.1[0m" 304 -
127.0.0.1 - - [01/Dec/2023 11:22:18] "GET /test HTTP/1.1" 200 -
127.0.0.1 - - [01/Dec/2023 11:22:19] "[36mGET /static/vendors/css/vendor.bundle.base.css HTTP/1.1[0m" 304 -
127.0.0.1 - - [01/Dec/2023 11:22:19] "[36mGET /static/vendors/typicons.font/font/typicons.css HTTP/1.1[0m" 304 -
127.0.0.1 - - [01/Dec/2023 11:22:19] "[36mGET /static/css/vertical-layout-light/style.css HTTP/1.1[0m" 304 -
127.0.0.1 - - [01/Dec/2023 11:22:19] "[36mGET /static/css/nuovo_sensore.css HTTP/1.1[0m" 304 -
127.0.0.1 - - [01/Dec/2023 11:22:19] "[36mGET /static/images/enia.png HTTP/1.1[0m" 304 -
127.0.0.1 - - [01/Dec/2023 11:22:19] "[36mGET /static/vendors/js/vendor.bundle.base.js HTTP/1.1[0m" 304 -
127.0.0.1 - - [01/Dec/2023 11:22:19] "[36mGET /static/js/template.js HTTP/1.1[0m" 304 -
127.0.0.1 - - [01/Dec/2023 11:22:19] "[36mGET /static/js/todolist.js HTTP/1.1[0m" 304 -
127.0.0.1 - - [01/Dec/2023 11:22:19] "[36mGET /static/js/hoverable-collapse.js HTTP/1.1[0m" 304 -
127.0.0.1 - - [01/Dec/2023 11:22:19] "[36mGET /static/js/off-canvas.js HTTP/1.1[0m" 304 -
127.0.0.1 - - [01/Dec/2023 11:22:19] "[36mGET /static/js/settings.js HTTP/1.1[0m" 304 -
127.0.0.1 - - [01/Dec/2023 11:22:19] "[36mGET /static/vendors/progressbar.js/progressbar.min.js HTTP/1.1[0m" 304 -
127.0.0.1 - - [01/Dec/2023 11:22:20] "[36mGET /static/vendors/chart.js/Chart.min.js HTTP/1.1[0m" 304 -
127.0.0.1 - - [01/Dec/2023 11:22:20] "[36mGET /static/vendors/typicons.font/font/typicons.woff HTTP/1.1[0m" 304 -
127.0.0.1 - - [01/Dec/2023 11:22:20] "[33mGET /static/fonts/Roboto/Roboto-Bold.woff2 HTTP/1.1[0m" 404 -
127.0.0.1 - - [01/Dec/2023 11:22:20] "[33mGET /static/fonts/Roboto/Roboto-Light.woff2 HTTP/1.1[0m" 404 -
127.0.0.1 - - [01/Dec/2023 11:22:20] "[33mGET /static/fonts/Roboto/Roboto-Regular.woff2 HTTP/1.1[0m" 404 -
127.0.0.1 - - [01/Dec/2023 11:22:20] "[33mGET /static/fonts/Roboto/Roboto-Bold.woff HTTP/1.1[0m" 404 -
127.0.0.1 - - [01/Dec/2023 11:22:20] "[33mGET /static/fonts/Roboto/Roboto-Regular.woff HTTP/1.1[0m" 404 -
127.0.0.1 - - [01/Dec/2023 11:22:20] "[33mGET /static/fonts/Roboto/Roboto-Light.woff HTTP/1.1[0m" 404 -
127.0.0.1 - - [01/Dec/2023 11:22:20] "[33mGET /static/fonts/Roboto/Roboto-Bold.ttf HTTP/1.1[0m" 404 -
127.0.0.1 - - [01/Dec/2023 11:22:21] "[33mGET /static/fonts/Roboto/Roboto-Regular.ttf HTTP/1.1[0m" 404 -
127.0.0.1 - - [01/Dec/2023 11:22:21] "[33mGET /static/fonts/Roboto/Roboto-Light.ttf HTTP/1.1[0m" 404 -
127.0.0.1 - - [01/Dec/2023 11:22:21] "[36mGET /static/images/enia.png HTTP/1.1[0m" 304 -
127.0.0.1 - - [01/Dec/2023 11:22:45] "GET /test HTTP/1.1" 200 -
127.0.0.1 - - [01/Dec/2023 11:22:45] "[36mGET /static/vendors/typicons.font/font/typicons.css HTTP/1.1[0m" 304 -
127.0.0.1 - - [01/Dec/2023 11:22:45] "[36mGET /static/vendors/css/vendor.bundle.base.css HTTP/1.1[0m" 304 -
127.0.0.1 - - [01/Dec/2023 11:22:45] "[36mGET /static/css/nuovo_sensore.css HTTP/1.1[0m" 304 -
127.0.0.1 - - [01/Dec/2023 11:22:45] "[36mGET /static/css/vertical-layout-light/style.css HTTP/1.1[0m" 304 -
127.0.0.1 - - [01/Dec/2023 11:22:46] "[36mGET /static/vendors/js/vendor.bundle.base.js HTTP/1.1[0m" 304 -
127.0.0.1 - - [01/Dec/2023 11:22:46] "[36mGET /static/images/enia.png HTTP/1.1[0m" 304 -
127.0.0.1 - - [01/Dec/2023 11:22:46] "[36mGET /static/js/off-canvas.js HTTP/1.1[0m" 304 -
127.0.0.1 - - [01/Dec/2023 11:22:46] "[36mGET /static/js/hoverable-collapse.js HTTP/1.1[0m" 304 -
127.0.0.1 - - [01/Dec/2023 11:22:46] "[36mGET /static/js/template.js HTTP/1.1[0m" 304 -
127.0.0.1 - - [01/Dec/2023 11:22:46] "[36mGET /static/js/settings.js HTTP/1.1[0m" 304 -
127.0.0.1 - - [01/Dec/2023 11:22:46] "[36mGET /static/js/todolist.js HTTP/1.1[0m" 304 -
127.0.0.1 - - [01/Dec/2023 11:22:46] "[36mGET /static/vendors/progressbar.js/progressbar.min.js HTTP/1.1[0m" 304 -
127.0.0.1 - - [01/Dec/2023 11:22:46] "[36mGET /static/vendors/chart.js/Chart.min.js HTTP/1.1[0m" 304 -
127.0.0.1 - - [01/Dec/2023 11:22:46] "[36mGET /static/vendors/typicons.font/font/typicons.woff HTTP/1.1[0m" 304 -
127.0.0.1 - - [01/Dec/2023 11:22:46] "[33mGET /static/fonts/Roboto/Roboto-Bold.woff2 HTTP/1.1[0m" 404 -
127.0.0.1 - - [01/Dec/2023 11:22:46] "[33mGET /static/fonts/Roboto/Roboto-Regular.woff2 HTTP/1.1[0m" 404 -
127.0.0.1 - - [01/Dec/2023 11:22:46] "[33mGET /static/fonts/Roboto/Roboto-Light.woff2 HTTP/1.1[0m" 404 -
127.0.0.1 - - [01/Dec/2023 11:22:47] "[33mGET /static/fonts/Roboto/Roboto-Bold.woff HTTP/1.1[0m" 404 -
127.0.0.1 - - [01/Dec/2023 11:22:47] "[33mGET /static/fonts/Roboto/Roboto-Regular.woff HTTP/1.1[0m" 404 -
127.0.0.1 - - [01/Dec/2023 11:22:47] "[33mGET /static/fonts/Roboto/Roboto-Light.woff HTTP/1.1[0m" 404 -
127.0.0.1 - - [01/Dec/2023 11:22:47] "[33mGET /static/fonts/Roboto/Roboto-Bold.ttf HTTP/1.1[0m" 404 -
127.0.0.1 - - [01/Dec/2023 11:22:47] "[33mGET /static/fonts/Roboto/Roboto-Regular.ttf HTTP/1.1[0m" 404 -
127.0.0.1 - - [01/Dec/2023 11:22:47] "[33mGET /static/fonts/Roboto/Roboto-Light.ttf HTTP/1.1[0m" 404 -
127.0.0.1 - - [01/Dec/2023 11:22:47] "[36mGET /static/images/enia.png HTTP/1.1[0m" 304 -
127.0.0.1 - - [01/Dec/2023 11:22:56] "[36mGET /static/vendors/css/vendor.bundle.base.css HTTP/1.1[0m" 304 -
127.0.0.1 - - [01/Dec/2023 11:22:56] "[36mGET /static/css/nuovo_sensore.css HTTP/1.1[0m" 304 -
127.0.0.1 - - [01/Dec/2023 11:22:56] "[36mGET /static/vendors/typicons.font/font/typicons.css HTTP/1.1[0m" 304 -
127.0.0.1 - - [01/Dec/2023 11:22:56] "[36mGET /static/css/vertical-layout-light/style.css HTTP/1.1[0m" 304 -
127.0.0.1 - - [01/Dec/2023 11:22:56] "[36mGET /static/vendors/js/bootstrap.min.js.map HTTP/1.1[0m" 304 -
127.0.0.1 - - [01/Dec/2023 11:22:56] "[36mGET /static/vendors/progressbar.js/progressbar.min.js.map HTTP/1.1[0m" 304 -
127.0.0.1 - - [01/Dec/2023 11:22:56] "[36mGET /static/css/maps/vertical-layout-light/style.css.map HTTP/1.1[0m" 304 -
127.0.0.1 - - [01/Dec/2023 11:24:09] "GET /test HTTP/1.1" 200 -
127.0.0.1 - - [01/Dec/2023 11:24:09] "[36mGET /static/vendors/typicons.font/font/typicons.css HTTP/1.1[0m" 304 -
127.0.0.1 - - [01/Dec/2023 11:24:09] "[36mGET /static/vendors/css/vendor.bundle.base.css HTTP/1.1[0m" 304 -
127.0.0.1 - - [01/Dec/2023 11:24:09] "[36mGET /static/css/vertical-layout-light/style.css HTTP/1.1[0m" 304 -
127.0.0.1 - - [01/Dec/2023 11:24:09] "[36mGET /static/css/nuovo_sensore.css HTTP/1.1[0m" 304 -
127.0.0.1 - - [01/Dec/2023 11:24:09] "[36mGET /static/images/enia.png HTTP/1.1[0m" 304 -
127.0.0.1 - - [01/Dec/2023 11:24:09] "[36mGET /static/vendors/js/vendor.bundle.base.js HTTP/1.1[0m" 304 -
127.0.0.1 - - [01/Dec/2023 11:24:10] "[36mGET /static/js/settings.js HTTP/1.1[0m" 304 -
127.0.0.1 - - [01/Dec/2023 11:24:10] "[36mGET /static/js/hoverable-collapse.js HTTP/1.1[0m" 304 -
127.0.0.1 - - [01/Dec/2023 11:24:10] "[36mGET /static/js/todolist.js HTTP/1.1[0m" 304 -
127.0.0.1 - - [01/Dec/2023 11:24:10] "[36mGET /static/js/template.js HTTP/1.1[0m" 304 -
127.0.0.1 - - [01/Dec/2023 11:24:10] "[36mGET /static/js/off-canvas.js HTTP/1.1[0m" 304 -
127.0.0.1 - - [01/Dec/2023 11:24:10] "[36mGET /static/vendors/progressbar.js/progressbar.min.js HTTP/1.1[0m" 304 -
127.0.0.1 - - [01/Dec/2023 11:24:10] "[36mGET /static/vendors/chart.js/Chart.min.js HTTP/1.1[0m" 304 -
127.0.0.1 - - [01/Dec/2023 11:24:10] "[36mGET /static/css/maps/vertical-layout-light/style.css.map HTTP/1.1[0m" 304 -
127.0.0.1 - - [01/Dec/2023 11:24:10] "[36mGET /static/vendors/js/bootstrap.min.js.map HTTP/1.1[0m" 304 -
127.0.0.1 - - [01/Dec/2023 11:24:10] "[36mGET /static/vendors/typicons.font/font/typicons.woff HTTP/1.1[0m" 304 -
127.0.0.1 - - [01/Dec/2023 11:24:10] "[33mGET /static/fonts/Roboto/Roboto-Bold.woff2 HTTP/1.1[0m" 404 -
127.0.0.1 - - [01/Dec/2023 11:24:10] "[33mGET /static/fonts/Roboto/Roboto-Regular.woff2 HTTP/1.1[0m" 404 -
127.0.0.1 - - [01/Dec/2023 11:24:10] "[36mGET /static/vendors/progressbar.js/progressbar.min.js.map HTTP/1.1[0m" 304 -
127.0.0.1 - - [01/Dec/2023 11:24:11] "[33mGET /static/fonts/Roboto/Roboto-Light.woff2 HTTP/1.1[0m" 404 -
127.0.0.1 - - [01/Dec/2023 11:24:11] "[33mGET /static/fonts/Roboto/Roboto-Regular.woff HTTP/1.1[0m" 404 -
127.0.0.1 - - [01/Dec/2023 11:24:11] "[33mGET /static/fonts/Roboto/Roboto-Bold.woff HTTP/1.1[0m" 404 -
127.0.0.1 - - [01/Dec/2023 11:24:11] "[33mGET /static/fonts/Roboto/Roboto-Light.woff HTTP/1.1[0m" 404 -
127.0.0.1 - - [01/Dec/2023 11:24:11] "[33mGET /static/fonts/Roboto/Roboto-Regular.ttf HTTP/1.1[0m" 404 -
127.0.0.1 - - [01/Dec/2023 11:24:11] "[33mGET /static/fonts/Roboto/Roboto-Bold.ttf HTTP/1.1[0m" 404 -
127.0.0.1 - - [01/Dec/2023 11:24:11] "[33mGET /static/fonts/Roboto/Roboto-Light.ttf HTTP/1.1[0m" 404 -
127.0.0.1 - - [01/Dec/2023 11:24:12] "[36mGET /static/images/enia.png HTTP/1.1[0m" 304 -
127.0.0.1 - - [01/Dec/2023 11:24:48] "GET /test HTTP/1.1" 200 -
127.0.0.1 - - [01/Dec/2023 11:24:48] "[36mGET /static/vendors/typicons.font/font/typicons.css HTTP/1.1[0m" 304 -
127.0.0.1 - - [01/Dec/2023 11:24:48] "[36mGET /static/css/nuovo_sensore.css HTTP/1.1[0m" 304 -
127.0.0.1 - - [01/Dec/2023 11:24:48] "[36mGET /static/vendors/css/vendor.bundle.base.css HTTP/1.1[0m" 304 -
127.0.0.1 - - [01/Dec/2023 11:24:48] "[36mGET /static/css/vertical-layout-light/style.css HTTP/1.1[0m" 304 -
127.0.0.1 - - [01/Dec/2023 11:24:48] "[36mGET /static/vendors/js/vendor.bundle.base.js HTTP/1.1[0m" 304 -
127.0.0.1 - - [01/Dec/2023 11:24:48] "[36mGET /static/images/enia.png HTTP/1.1[0m" 304 -
127.0.0.1 - - [01/Dec/2023 11:24:48] "[36mGET /static/js/off-canvas.js HTTP/1.1[0m" 304 -
127.0.0.1 - - [01/Dec/2023 11:24:48] "[36mGET /static/js/hoverable-collapse.js HTTP/1.1[0m" 304 -
127.0.0.1 - - [01/Dec/2023 11:24:48] "[36mGET /static/js/template.js HTTP/1.1[0m" 304 -
127.0.0.1 - - [01/Dec/2023 11:24:49] "[36mGET /static/js/settings.js HTTP/1.1[0m" 304 -
127.0.0.1 - - [01/Dec/2023 11:24:49] "[36mGET /static/vendors/progressbar.js/progressbar.min.js HTTP/1.1[0m" 304 -
127.0.0.1 - - [01/Dec/2023 11:24:49] "[36mGET /static/js/todolist.js HTTP/1.1[0m" 304 -
127.0.0.1 - - [01/Dec/2023 11:24:49] "[36mGET /static/vendors/chart.js/Chart.min.js HTTP/1.1[0m" 304 -
127.0.0.1 - - [01/Dec/2023 11:24:49] "[36mGET /static/css/maps/vertical-layout-light/style.css.map HTTP/1.1[0m" 304 -
127.0.0.1 - - [01/Dec/2023 11:24:49] "[36mGET /static/vendors/typicons.font/font/typicons.woff HTTP/1.1[0m" 304 -
127.0.0.1 - - [01/Dec/2023 11:24:49] "[36mGET /static/vendors/js/bootstrap.min.js.map HTTP/1.1[0m" 304 -
127.0.0.1 - - [01/Dec/2023 11:24:49] "[36mGET /static/vendors/progressbar.js/progressbar.min.js.map HTTP/1.1[0m" 304 -
127.0.0.1 - - [01/Dec/2023 11:24:49] "[33mGET /static/fonts/Roboto/Roboto-Bold.woff2 HTTP/1.1[0m" 404 -
127.0.0.1 - - [01/Dec/2023 11:24:49] "[33mGET /static/fonts/Roboto/Roboto-Light.woff2 HTTP/1.1[0m" 404 -
127.0.0.1 - - [01/Dec/2023 11:24:49] "[33mGET /static/fonts/Roboto/Roboto-Regular.woff2 HTTP/1.1[0m" 404 -
127.0.0.1 - - [01/Dec/2023 11:24:50] "[33mGET /static/fonts/Roboto/Roboto-Light.woff HTTP/1.1[0m" 404 -
127.0.0.1 - - [01/Dec/2023 11:24:50] "[33mGET /static/fonts/Roboto/Roboto-Regular.woff HTTP/1.1[0m" 404 -
127.0.0.1 - - [01/Dec/2023 11:24:50] "[33mGET /static/fonts/Roboto/Roboto-Bold.woff HTTP/1.1[0m" 404 -
127.0.0.1 - - [01/Dec/2023 11:24:50] "[33mGET /static/fonts/Roboto/Roboto-Light.ttf HTTP/1.1[0m" 404 -
127.0.0.1 - - [01/Dec/2023 11:24:50] "[33mGET /static/fonts/Roboto/Roboto-Bold.ttf HTTP/1.1[0m" 404 -
127.0.0.1 - - [01/Dec/2023 11:24:50] "[33mGET /static/fonts/Roboto/Roboto-Regular.ttf HTTP/1.1[0m" 404 -
127.0.0.1 - - [01/Dec/2023 11:24:50] "[36mGET /static/images/enia.png HTTP/1.1[0m" 304 -
127.0.0.1 - - [01/Dec/2023 11:25:30] "GET /test HTTP/1.1" 200 -
127.0.0.1 - - [01/Dec/2023 11:25:30] "[36mGET /static/vendors/typicons.font/font/typicons.css HTTP/1.1[0m" 304 -
127.0.0.1 - - [01/Dec/2023 11:25:30] "[36mGET /static/vendors/css/vendor.bundle.base.css HTTP/1.1[0m" 304 -
127.0.0.1 - - [01/Dec/2023 11:25:30] "[36mGET /static/css/vertical-layout-light/style.css HTTP/1.1[0m" 304 -
127.0.0.1 - - [01/Dec/2023 11:25:30] "[36mGET /static/css/nuovo_sensore.css HTTP/1.1[0m" 304 -
127.0.0.1 - - [01/Dec/2023 11:25:30] "[36mGET /static/vendors/js/vendor.bundle.base.js HTTP/1.1[0m" 304 -
127.0.0.1 - - [01/Dec/2023 11:25:30] "[36mGET /static/images/enia.png HTTP/1.1[0m" 304 -
127.0.0.1 - - [01/Dec/2023 11:25:31] "[36mGET /static/js/off-canvas.js HTTP/1.1[0m" 304 -
127.0.0.1 - - [01/Dec/2023 11:25:31] "[36mGET /static/js/hoverable-collapse.js HTTP/1.1[0m" 304 -
127.0.0.1 - - [01/Dec/2023 11:25:31] "[36mGET /static/js/template.js HTTP/1.1[0m" 304 -
127.0.0.1 - - [01/Dec/2023 11:25:31] "[36mGET /static/vendors/progressbar.js/progressbar.min.js HTTP/1.1[0m" 304 -
127.0.0.1 - - [01/Dec/2023 11:25:31] "[36mGET /static/js/settings.js HTTP/1.1[0m" 304 -
127.0.0.1 - - [01/Dec/2023 11:25:31] "[36mGET /static/js/todolist.js HTTP/1.1[0m" 304 -
127.0.0.1 - - [01/Dec/2023 11:25:31] "[36mGET /static/vendors/chart.js/Chart.min.js HTTP/1.1[0m" 304 -
127.0.0.1 - - [01/Dec/2023 11:25:31] "[36mGET /static/css/maps/vertical-layout-light/style.css.map HTTP/1.1[0m" 304 -
127.0.0.1 - - [01/Dec/2023 11:25:31] "[36mGET /static/vendors/js/bootstrap.min.js.map HTTP/1.1[0m" 304 -
127.0.0.1 - - [01/Dec/2023 11:25:31] "[36mGET /static/vendors/typicons.font/font/typicons.woff HTTP/1.1[0m" 304 -
127.0.0.1 - - [01/Dec/2023 11:25:31] "[36mGET /static/vendors/progressbar.js/progressbar.min.js.map HTTP/1.1[0m" 304 -
127.0.0.1 - - [01/Dec/2023 11:25:31] "[33mGET /static/fonts/Roboto/Roboto-Regular.woff2 HTTP/1.1[0m" 404 -
127.0.0.1 - - [01/Dec/2023 11:25:31] "[33mGET /static/fonts/Roboto/Roboto-Bold.woff2 HTTP/1.1[0m" 404 -
127.0.0.1 - - [01/Dec/2023 11:25:31] "[33mGET /static/fonts/Roboto/Roboto-Light.woff2 HTTP/1.1[0m" 404 -
127.0.0.1 - - [01/Dec/2023 11:25:32] "[33mGET /static/fonts/Roboto/Roboto-Regular.woff HTTP/1.1[0m" 404 -
127.0.0.1 - - [01/Dec/2023 11:25:32] "[33mGET /static/fonts/Roboto/Roboto-Bold.woff HTTP/1.1[0m" 404 -
127.0.0.1 - - [01/Dec/2023 11:25:32] "[33mGET /static/fonts/Roboto/Roboto-Light.woff HTTP/1.1[0m" 404 -
127.0.0.1 - - [01/Dec/2023 11:25:32] "[33mGET /static/fonts/Roboto/Roboto-Regular.ttf HTTP/1.1[0m" 404 -
127.0.0.1 - - [01/Dec/2023 11:25:32] "[33mGET /static/fonts/Roboto/Roboto-Bold.ttf HTTP/1.1[0m" 404 -
127.0.0.1 - - [01/Dec/2023 11:25:32] "[33mGET /static/fonts/Roboto/Roboto-Light.ttf HTTP/1.1[0m" 404 -
127.0.0.1 - - [01/Dec/2023 11:25:32] "[36mGET /static/images/enia.png HTTP/1.1[0m" 304 -
127.0.0.1 - - [01/Dec/2023 11:25:49] "GET /test HTTP/1.1" 200 -
127.0.0.1 - - [01/Dec/2023 11:25:49] "[36mGET /static/vendors/typicons.font/font/typicons.css HTTP/1.1[0m" 304 -
127.0.0.1 - - [01/Dec/2023 11:25:49] "[36mGET /static/vendors/css/vendor.bundle.base.css HTTP/1.1[0m" 304 -
127.0.0.1 - - [01/Dec/2023 11:25:50] "[36mGET /static/css/vertical-layout-light/style.css HTTP/1.1[0m" 304 -
127.0.0.1 - - [01/Dec/2023 11:25:50] "[36mGET /static/css/nuovo_sensore.css HTTP/1.1[0m" 304 -
127.0.0.1 - - [01/Dec/2023 11:25:50] "[36mGET /static/images/enia.png HTTP/1.1[0m" 304 -
127.0.0.1 - - [01/Dec/2023 11:25:50] "[36mGET /static/vendors/js/vendor.bundle.base.js HTTP/1.1[0m" 304 -
127.0.0.1 - - [01/Dec/2023 11:25:50] "[36mGET /static/js/todolist.js HTTP/1.1[0m" 304 -
127.0.0.1 - - [01/Dec/2023 11:25:50] "[36mGET /static/js/template.js HTTP/1.1[0m" 304 -
127.0.0.1 - - [01/Dec/2023 11:25:50] "[36mGET /static/js/settings.js HTTP/1.1[0m" 304 -
127.0.0.1 - - [01/Dec/2023 11:25:50] "[36mGET /static/js/off-canvas.js HTTP/1.1[0m" 304 -
127.0.0.1 - - [01/Dec/2023 11:25:50] "[36mGET /static/js/hoverable-collapse.js HTTP/1.1[0m" 304 -
127.0.0.1 - - [01/Dec/2023 11:25:50] "[36mGET /static/vendors/progressbar.js/progressbar.min.js HTTP/1.1[0m" 304 -
127.0.0.1 - - [01/Dec/2023 11:25:50] "[36mGET /static/vendors/chart.js/Chart.min.js HTTP/1.1[0m" 304 -
127.0.0.1 - - [01/Dec/2023 11:25:50] "[36mGET /static/vendors/js/bootstrap.min.js.map HTTP/1.1[0m" 304 -
127.0.0.1 - - [01/Dec/2023 11:25:50] "[36mGET /static/css/maps/vertical-layout-light/style.css.map HTTP/1.1[0m" 304 -
127.0.0.1 - - [01/Dec/2023 11:25:50] "[36mGET /static/vendors/typicons.font/font/typicons.woff HTTP/1.1[0m" 304 -
127.0.0.1 - - [01/Dec/2023 11:25:50] "[33mGET /static/fonts/Roboto/Roboto-Bold.woff2 HTTP/1.1[0m" 404 -
127.0.0.1 - - [01/Dec/2023 11:25:50] "[33mGET /static/fonts/Roboto/Roboto-Regular.woff2 HTTP/1.1[0m" 404 -
127.0.0.1 - - [01/Dec/2023 11:25:51] "[36mGET /static/vendors/progressbar.js/progressbar.min.js.map HTTP/1.1[0m" 304 -
127.0.0.1 - - [01/Dec/2023 11:25:51] "[33mGET /static/fonts/Roboto/Roboto-Light.woff2 HTTP/1.1[0m" 404 -
127.0.0.1 - - [01/Dec/2023 11:25:51] "[33mGET /static/fonts/Roboto/Roboto-Bold.woff HTTP/1.1[0m" 404 -
127.0.0.1 - - [01/Dec/2023 11:25:51] "[33mGET /static/fonts/Roboto/Roboto-Regular.woff HTTP/1.1[0m" 404 -
127.0.0.1 - - [01/Dec/2023 11:25:51] "[33mGET /static/fonts/Roboto/Roboto-Light.woff HTTP/1.1[0m" 404 -
127.0.0.1 - - [01/Dec/2023 11:25:52] "[33mGET /static/fonts/Roboto/Roboto-Regular.ttf HTTP/1.1[0m" 404 -
127.0.0.1 - - [01/Dec/2023 11:25:52] "[33mGET /static/fonts/Roboto/Roboto-Bold.ttf HTTP/1.1[0m" 404 -
127.0.0.1 - - [01/Dec/2023 11:25:52] "[33mGET /static/fonts/Roboto/Roboto-Light.ttf HTTP/1.1[0m" 404 -
127.0.0.1 - - [01/Dec/2023 11:25:52] "[36mGET /static/images/enia.png HTTP/1.1[0m" 304 -
127.0.0.1 - - [01/Dec/2023 11:26:20] "GET /test HTTP/1.1" 200 -
127.0.0.1 - - [01/Dec/2023 11:26:20] "[36mGET /static/vendors/typicons.font/font/typicons.css HTTP/1.1[0m" 304 -
127.0.0.1 - - [01/Dec/2023 11:26:20] "[36mGET /static/vendors/css/vendor.bundle.base.css HTTP/1.1[0m" 304 -
127.0.0.1 - - [01/Dec/2023 11:26:21] "[36mGET /static/css/vertical-layout-light/style.css HTTP/1.1[0m" 304 -
127.0.0.1 - - [01/Dec/2023 11:26:21] "[36mGET /static/css/nuovo_sensore.css HTTP/1.1[0m" 304 -
127.0.0.1 - - [01/Dec/2023 11:26:21] "[36mGET /static/vendors/js/vendor.bundle.base.js HTTP/1.1[0m" 304 -
127.0.0.1 - - [01/Dec/2023 11:26:21] "[36mGET /static/images/enia.png HTTP/1.1[0m" 304 -
127.0.0.1 - - [01/Dec/2023 11:26:21] "[36mGET /static/js/off-canvas.js HTTP/1.1[0m" 304 -
127.0.0.1 - - [01/Dec/2023 11:26:21] "[36mGET /static/js/hoverable-collapse.js HTTP/1.1[0m" 304 -
127.0.0.1 - - [01/Dec/2023 11:26:21] "[36mGET /static/js/template.js HTTP/1.1[0m" 304 -
127.0.0.1 - - [01/Dec/2023 11:26:21] "[36mGET /static/js/settings.js HTTP/1.1[0m" 304 -
127.0.0.1 - - [01/Dec/2023 11:26:21] "[36mGET /static/vendors/progressbar.js/progressbar.min.js HTTP/1.1[0m" 304 -
127.0.0.1 - - [01/Dec/2023 11:26:21] "[36mGET /static/js/todolist.js HTTP/1.1[0m" 304 -
127.0.0.1 - - [01/Dec/2023 11:26:21] "[36mGET /static/vendors/chart.js/Chart.min.js HTTP/1.1[0m" 304 -
127.0.0.1 - - [01/Dec/2023 11:26:21] "[36mGET /static/css/maps/vertical-layout-light/style.css.map HTTP/1.1[0m" 304 -
127.0.0.1 - - [01/Dec/2023 11:26:21] "[36mGET /static/vendors/js/bootstrap.min.js.map HTTP/1.1[0m" 304 -
127.0.0.1 - - [01/Dec/2023 11:26:21] "[36mGET /static/vendors/typicons.font/font/typicons.woff HTTP/1.1[0m" 304 -
127.0.0.1 - - [01/Dec/2023 11:26:22] "[36mGET /static/vendors/progressbar.js/progressbar.min.js.map HTTP/1.1[0m" 304 -
127.0.0.1 - - [01/Dec/2023 11:26:22] "[33mGET /static/fonts/Roboto/Roboto-Regular.woff2 HTTP/1.1[0m" 404 -
127.0.0.1 - - [01/Dec/2023 11:26:22] "[33mGET /static/fonts/Roboto/Roboto-Bold.woff2 HTTP/1.1[0m" 404 -
127.0.0.1 - - [01/Dec/2023 11:26:22] "[33mGET /static/fonts/Roboto/Roboto-Light.woff2 HTTP/1.1[0m" 404 -
127.0.0.1 - - [01/Dec/2023 11:26:22] "[33mGET /static/fonts/Roboto/Roboto-Bold.woff HTTP/1.1[0m" 404 -
127.0.0.1 - - [01/Dec/2023 11:26:22] "[33mGET /static/fonts/Roboto/Roboto-Light.woff HTTP/1.1[0m" 404 -
127.0.0.1 - - [01/Dec/2023 11:26:22] "[33mGET /static/fonts/Roboto/Roboto-Regular.woff HTTP/1.1[0m" 404 -
127.0.0.1 - - [01/Dec/2023 11:26:23] "[33mGET /static/fonts/Roboto/Roboto-Bold.ttf HTTP/1.1[0m" 404 -
127.0.0.1 - - [01/Dec/2023 11:26:23] "[33mGET /static/fonts/Roboto/Roboto-Light.ttf HTTP/1.1[0m" 404 -
127.0.0.1 - - [01/Dec/2023 11:26:23] "[33mGET /static/fonts/Roboto/Roboto-Regular.ttf HTTP/1.1[0m" 404 -
127.0.0.1 - - [01/Dec/2023 11:26:24] "[36mGET /static/images/enia.png HTTP/1.1[0m" 304 -
127.0.0.1 - - [01/Dec/2023 11:26:45] "GET /test HTTP/1.1" 200 -
127.0.0.1 - - [01/Dec/2023 11:26:45] "[36mGET /static/vendors/typicons.font/font/typicons.css HTTP/1.1[0m" 304 -
127.0.0.1 - - [01/Dec/2023 11:26:45] "[36mGET /static/vendors/css/vendor.bundle.base.css HTTP/1.1[0m" 304 -
127.0.0.1 - - [01/Dec/2023 11:26:46] "[36mGET /static/css/vertical-layout-light/style.css HTTP/1.1[0m" 304 -
127.0.0.1 - - [01/Dec/2023 11:26:46] "[36mGET /static/css/nuovo_sensore.css HTTP/1.1[0m" 304 -
127.0.0.1 - - [01/Dec/2023 11:26:46] "[36mGET /static/images/enia.png HTTP/1.1[0m" 304 -
127.0.0.1 - - [01/Dec/2023 11:26:46] "[36mGET /static/vendors/js/vendor.bundle.base.js HTTP/1.1[0m" 304 -
127.0.0.1 - - [01/Dec/2023 11:26:46] "[36mGET /static/js/hoverable-collapse.js HTTP/1.1[0m" 304 -
127.0.0.1 - - [01/Dec/2023 11:26:46] "[36mGET /static/js/off-canvas.js HTTP/1.1[0m" 304 -
127.0.0.1 - - [01/Dec/2023 11:26:46] "[36mGET /static/js/todolist.js HTTP/1.1[0m" 304 -
127.0.0.1 - - [01/Dec/2023 11:26:46] "[36mGET /static/js/template.js HTTP/1.1[0m" 304 -
127.0.0.1 - - [01/Dec/2023 11:26:46] "[36mGET /static/vendors/progressbar.js/progressbar.min.js HTTP/1.1[0m" 304 -
127.0.0.1 - - [01/Dec/2023 11:26:46] "[36mGET /static/js/settings.js HTTP/1.1[0m" 304 -
127.0.0.1 - - [01/Dec/2023 11:26:46] "[36mGET /static/vendors/chart.js/Chart.min.js HTTP/1.1[0m" 304 -
127.0.0.1 - - [01/Dec/2023 11:26:46] "[36mGET /static/css/maps/vertical-layout-light/style.css.map HTTP/1.1[0m" 304 -
127.0.0.1 - - [01/Dec/2023 11:26:46] "[36mGET /static/vendors/js/bootstrap.min.js.map HTTP/1.1[0m" 304 -
127.0.0.1 - - [01/Dec/2023 11:26:46] "[36mGET /static/vendors/typicons.font/font/typicons.woff HTTP/1.1[0m" 304 -
127.0.0.1 - - [01/Dec/2023 11:26:46] "[33mGET /static/fonts/Roboto/Roboto-Regular.woff2 HTTP/1.1[0m" 404 -
127.0.0.1 - - [01/Dec/2023 11:26:46] "[33mGET /static/fonts/Roboto/Roboto-Bold.woff2 HTTP/1.1[0m" 404 -
127.0.0.1 - - [01/Dec/2023 11:26:46] "[36mGET /static/vendors/progressbar.js/progressbar.min.js.map HTTP/1.1[0m" 304 -
127.0.0.1 - - [01/Dec/2023 11:26:47] "[33mGET /static/fonts/Roboto/Roboto-Light.woff2 HTTP/1.1[0m" 404 -
127.0.0.1 - - [01/Dec/2023 11:26:47] "[33mGET /static/fonts/Roboto/Roboto-Bold.woff HTTP/1.1[0m" 404 -
127.0.0.1 - - [01/Dec/2023 11:26:47] "[33mGET /static/fonts/Roboto/Roboto-Regular.woff HTTP/1.1[0m" 404 -
127.0.0.1 - - [01/Dec/2023 11:26:47] "[33mGET /static/fonts/Roboto/Roboto-Light.woff HTTP/1.1[0m" 404 -
127.0.0.1 - - [01/Dec/2023 11:26:48] "[33mGET /static/fonts/Roboto/Roboto-Bold.ttf HTTP/1.1[0m" 404 -
127.0.0.1 - - [01/Dec/2023 11:26:48] "[33mGET /static/fonts/Roboto/Roboto-Regular.ttf HTTP/1.1[0m" 404 -
127.0.0.1 - - [01/Dec/2023 11:26:48] "[33mGET /static/fonts/Roboto/Roboto-Light.ttf HTTP/1.1[0m" 404 -
127.0.0.1 - - [01/Dec/2023 11:26:48] "[36mGET /static/images/enia.png HTTP/1.1[0m" 304 -
127.0.0.1 - - [01/Dec/2023 11:26:53] "GET /test HTTP/1.1" 200 -
127.0.0.1 - - [01/Dec/2023 11:26:53] "[36mGET /static/vendors/typicons.font/font/typicons.css HTTP/1.1[0m" 304 -
127.0.0.1 - - [01/Dec/2023 11:26:53] "[36mGET /static/vendors/css/vendor.bundle.base.css HTTP/1.1[0m" 304 -
127.0.0.1 - - [01/Dec/2023 11:26:53] "[36mGET /static/css/nuovo_sensore.css HTTP/1.1[0m" 304 -
127.0.0.1 - - [01/Dec/2023 11:26:53] "[36mGET /static/css/vertical-layout-light/style.css HTTP/1.1[0m" 304 -
127.0.0.1 - - [01/Dec/2023 11:26:53] "[36mGET /static/vendors/js/vendor.bundle.base.js HTTP/1.1[0m" 304 -
127.0.0.1 - - [01/Dec/2023 11:26:53] "[36mGET /static/images/enia.png HTTP/1.1[0m" 304 -
127.0.0.1 - - [01/Dec/2023 11:26:53] "[36mGET /static/js/off-canvas.js HTTP/1.1[0m" 304 -
127.0.0.1 - - [01/Dec/2023 11:26:53] "[36mGET /static/js/hoverable-collapse.js HTTP/1.1[0m" 304 -
127.0.0.1 - - [01/Dec/2023 11:26:54] "[36mGET /static/js/template.js HTTP/1.1[0m" 304 -
127.0.0.1 - - [01/Dec/2023 11:26:54] "[36mGET /static/js/settings.js HTTP/1.1[0m" 304 -
127.0.0.1 - - [01/Dec/2023 11:26:54] "[36mGET /static/js/todolist.js HTTP/1.1[0m" 304 -
127.0.0.1 - - [01/Dec/2023 11:26:54] "[36mGET /static/vendors/progressbar.js/progressbar.min.js HTTP/1.1[0m" 304 -
127.0.0.1 - - [01/Dec/2023 11:26:54] "[36mGET /static/vendors/chart.js/Chart.min.js HTTP/1.1[0m" 304 -
127.0.0.1 - - [01/Dec/2023 11:26:54] "[36mGET /static/css/maps/vertical-layout-light/style.css.map HTTP/1.1[0m" 304 -
127.0.0.1 - - [01/Dec/2023 11:26:54] "[36mGET /static/vendors/typicons.font/font/typicons.woff HTTP/1.1[0m" 304 -
127.0.0.1 - - [01/Dec/2023 11:26:54] "[36mGET /static/vendors/js/bootstrap.min.js.map HTTP/1.1[0m" 304 -
127.0.0.1 - - [01/Dec/2023 11:26:54] "[36mGET /static/vendors/progressbar.js/progressbar.min.js.map HTTP/1.1[0m" 304 -
127.0.0.1 - - [01/Dec/2023 11:26:54] "[33mGET /static/fonts/Roboto/Roboto-Regular.woff2 HTTP/1.1[0m" 404 -
127.0.0.1 - - [01/Dec/2023 11:26:54] "[33mGET /static/fonts/Roboto/Roboto-Bold.woff2 HTTP/1.1[0m" 404 -
127.0.0.1 - - [01/Dec/2023 11:26:54] "[33mGET /static/fonts/Roboto/Roboto-Light.woff2 HTTP/1.1[0m" 404 -
127.0.0.1 - - [01/Dec/2023 11:26:55] "[33mGET /static/fonts/Roboto/Roboto-Light.woff HTTP/1.1[0m" 404 -
127.0.0.1 - - [01/Dec/2023 11:26:55] "[33mGET /static/fonts/Roboto/Roboto-Bold.woff HTTP/1.1[0m" 404 -
127.0.0.1 - - [01/Dec/2023 11:26:55] "[33mGET /static/fonts/Roboto/Roboto-Regular.woff HTTP/1.1[0m" 404 -
127.0.0.1 - - [01/Dec/2023 11:26:55] "[33mGET /static/fonts/Roboto/Roboto-Light.ttf HTTP/1.1[0m" 404 -
127.0.0.1 - - [01/Dec/2023 11:26:55] "[33mGET /static/fonts/Roboto/Roboto-Regular.ttf HTTP/1.1[0m" 404 -
127.0.0.1 - - [01/Dec/2023 11:26:55] "[33mGET /static/fonts/Roboto/Roboto-Bold.ttf HTTP/1.1[0m" 404 -
127.0.0.1 - - [01/Dec/2023 11:26:56] "[36mGET /static/images/enia.png HTTP/1.1[0m" 304 -
127.0.0.1 - - [01/Dec/2023 11:27:08] "GET /test HTTP/1.1" 200 -
127.0.0.1 - - [01/Dec/2023 11:27:08] "[36mGET /static/vendors/typicons.font/font/typicons.css HTTP/1.1[0m" 304 -
127.0.0.1 - - [01/Dec/2023 11:27:08] "[36mGET /static/vendors/css/vendor.bundle.base.css HTTP/1.1[0m" 304 -
127.0.0.1 - - [01/Dec/2023 11:27:08] "[36mGET /static/css/vertical-layout-light/style.css HTTP/1.1[0m" 304 -
127.0.0.1 - - [01/Dec/2023 11:27:08] "[36mGET /static/css/nuovo_sensore.css HTTP/1.1[0m" 304 -
127.0.0.1 - - [01/Dec/2023 11:27:08] "[36mGET /static/images/enia.png HTTP/1.1[0m" 304 -
127.0.0.1 - - [01/Dec/2023 11:27:08] "[36mGET /static/vendors/js/vendor.bundle.base.js HTTP/1.1[0m" 304 -
127.0.0.1 - - [01/Dec/2023 11:27:09] "[36mGET /static/js/settings.js HTTP/1.1[0m" 304 -
127.0.0.1 - - [01/Dec/2023 11:27:09] "[36mGET /static/js/off-canvas.js HTTP/1.1[0m" 304 -
127.0.0.1 - - [01/Dec/2023 11:27:09] "[36mGET /static/js/todolist.js HTTP/1.1[0m" 304 -
127.0.0.1 - - [01/Dec/2023 11:27:09] "[36mGET /static/js/template.js HTTP/1.1[0m" 304 -
127.0.0.1 - - [01/Dec/2023 11:27:09] "[36mGET /static/vendors/progressbar.js/progressbar.min.js HTTP/1.1[0m" 304 -
127.0.0.1 - - [01/Dec/2023 11:27:09] "[36mGET /static/js/hoverable-collapse.js HTTP/1.1[0m" 304 -
127.0.0.1 - - [01/Dec/2023 11:27:09] "[36mGET /static/vendors/chart.js/Chart.min.js HTTP/1.1[0m" 304 -
127.0.0.1 - - [01/Dec/2023 11:27:09] "[36mGET /static/vendors/js/bootstrap.min.js.map HTTP/1.1[0m" 304 -
127.0.0.1 - - [01/Dec/2023 11:27:09] "[36mGET /static/css/maps/vertical-layout-light/style.css.map HTTP/1.1[0m" 304 -
127.0.0.1 - - [01/Dec/2023 11:27:09] "[36mGET /static/vendors/typicons.font/font/typicons.woff HTTP/1.1[0m" 304 -
127.0.0.1 - - [01/Dec/2023 11:27:09] "[36mGET /static/vendors/progressbar.js/progressbar.min.js.map HTTP/1.1[0m" 304 -
127.0.0.1 - - [01/Dec/2023 11:27:10] "[33mGET /static/fonts/Roboto/Roboto-Light.woff2 HTTP/1.1[0m" 404 -
127.0.0.1 - - [01/Dec/2023 11:27:10] "[33mGET /static/fonts/Roboto/Roboto-Regular.woff2 HTTP/1.1[0m" 404 -
127.0.0.1 - - [01/Dec/2023 11:27:10] "[33mGET /static/fonts/Roboto/Roboto-Bold.woff2 HTTP/1.1[0m" 404 -
127.0.0.1 - - [01/Dec/2023 11:27:10] "[33mGET /static/fonts/Roboto/Roboto-Light.woff HTTP/1.1[0m" 404 -
127.0.0.1 - - [01/Dec/2023 11:27:10] "[33mGET /static/fonts/Roboto/Roboto-Bold.woff HTTP/1.1[0m" 404 -
127.0.0.1 - - [01/Dec/2023 11:27:10] "[33mGET /static/fonts/Roboto/Roboto-Regular.woff HTTP/1.1[0m" 404 -
127.0.0.1 - - [01/Dec/2023 11:27:10] "[33mGET /static/fonts/Roboto/Roboto-Light.ttf HTTP/1.1[0m" 404 -
127.0.0.1 - - [01/Dec/2023 11:27:11] "[33mGET /static/fonts/Roboto/Roboto-Bold.ttf HTTP/1.1[0m" 404 -
127.0.0.1 - - [01/Dec/2023 11:27:11] "[33mGET /static/fonts/Roboto/Roboto-Regular.ttf HTTP/1.1[0m" 404 -
127.0.0.1 - - [01/Dec/2023 11:27:11] "[36mGET /static/images/enia.png HTTP/1.1[0m" 304 -
127.0.0.1 - - [01/Dec/2023 11:28:05] "GET /test HTTP/1.1" 200 -
127.0.0.1 - - [01/Dec/2023 11:28:05] "[36mGET /static/vendors/typicons.font/font/typicons.css HTTP/1.1[0m" 304 -
127.0.0.1 - - [01/Dec/2023 11:28:05] "[36mGET /static/vendors/css/vendor.bundle.base.css HTTP/1.1[0m" 304 -
127.0.0.1 - - [01/Dec/2023 11:28:05] "[36mGET /static/css/vertical-layout-light/style.css HTTP/1.1[0m" 304 -
127.0.0.1 - - [01/Dec/2023 11:28:05] "[36mGET /static/css/nuovo_sensore.css HTTP/1.1[0m" 304 -
127.0.0.1 - - [01/Dec/2023 11:28:06] "[36mGET /static/images/enia.png HTTP/1.1[0m" 304 -
127.0.0.1 - - [01/Dec/2023 11:28:06] "[36mGET /static/vendors/js/vendor.bundle.base.js HTTP/1.1[0m" 304 -
127.0.0.1 - - [01/Dec/2023 11:28:06] "[36mGET /static/js/off-canvas.js HTTP/1.1[0m" 304 -
127.0.0.1 - - [01/Dec/2023 11:28:06] "[36mGET /static/js/hoverable-collapse.js HTTP/1.1[0m" 304 -
127.0.0.1 - - [01/Dec/2023 11:28:06] "[36mGET /static/js/template.js HTTP/1.1[0m" 304 -
127.0.0.1 - - [01/Dec/2023 11:28:06] "[36mGET /static/js/settings.js HTTP/1.1[0m" 304 -
127.0.0.1 - - [01/Dec/2023 11:28:06] "[36mGET /static/js/todolist.js HTTP/1.1[0m" 304 -
127.0.0.1 - - [01/Dec/2023 11:28:06] "[36mGET /static/vendors/progressbar.js/progressbar.min.js HTTP/1.1[0m" 304 -
127.0.0.1 - - [01/Dec/2023 11:28:06] "[36mGET /static/vendors/chart.js/Chart.min.js HTTP/1.1[0m" 304 -
127.0.0.1 - - [01/Dec/2023 11:28:06] "[36mGET /static/css/maps/vertical-layout-light/style.css.map HTTP/1.1[0m" 304 -
127.0.0.1 - - [01/Dec/2023 11:28:06] "[36mGET /static/vendors/js/bootstrap.min.js.map HTTP/1.1[0m" 304 -
127.0.0.1 - - [01/Dec/2023 11:28:06] "[36mGET /static/vendors/typicons.font/font/typicons.woff HTTP/1.1[0m" 304 -
127.0.0.1 - - [01/Dec/2023 11:28:06] "[33mGET /static/fonts/Roboto/Roboto-Regular.woff2 HTTP/1.1[0m" 404 -
127.0.0.1 - - [01/Dec/2023 11:28:06] "[33mGET /static/fonts/Roboto/Roboto-Bold.woff2 HTTP/1.1[0m" 404 -
127.0.0.1 - - [01/Dec/2023 11:28:06] "[36mGET /static/vendors/progressbar.js/progressbar.min.js.map HTTP/1.1[0m" 304 -
127.0.0.1 - - [01/Dec/2023 11:28:06] "[33mGET /static/fonts/Roboto/Roboto-Light.woff2 HTTP/1.1[0m" 404 -
127.0.0.1 - - [01/Dec/2023 11:28:07] "[33mGET /static/fonts/Roboto/Roboto-Bold.woff HTTP/1.1[0m" 404 -
127.0.0.1 - - [01/Dec/2023 11:28:07] "[33mGET /static/fonts/Roboto/Roboto-Regular.woff HTTP/1.1[0m" 404 -
127.0.0.1 - - [01/Dec/2023 11:28:07] "[33mGET /static/fonts/Roboto/Roboto-Light.woff HTTP/1.1[0m" 404 -
127.0.0.1 - - [01/Dec/2023 11:28:07] "[33mGET /static/fonts/Roboto/Roboto-Bold.ttf HTTP/1.1[0m" 404 -
127.0.0.1 - - [01/Dec/2023 11:28:07] "[33mGET /static/fonts/Roboto/Roboto-Light.ttf HTTP/1.1[0m" 404 -
127.0.0.1 - - [01/Dec/2023 11:28:07] "[33mGET /static/fonts/Roboto/Roboto-Regular.ttf HTTP/1.1[0m" 404 -
127.0.0.1 - - [01/Dec/2023 11:28:07] "[36mGET /static/images/enia.png HTTP/1.1[0m" 304 -
127.0.0.1 - - [01/Dec/2023 11:28:21] "GET /test HTTP/1.1" 200 -
127.0.0.1 - - [01/Dec/2023 11:28:21] "[36mGET /static/vendors/typicons.font/font/typicons.css HTTP/1.1[0m" 304 -
127.0.0.1 - - [01/Dec/2023 11:28:21] "[36mGET /static/vendors/css/vendor.bundle.base.css HTTP/1.1[0m" 304 -
127.0.0.1 - - [01/Dec/2023 11:28:22] "[36mGET /static/css/vertical-layout-light/style.css HTTP/1.1[0m" 304 -
127.0.0.1 - - [01/Dec/2023 11:28:22] "[36mGET /static/css/nuovo_sensore.css HTTP/1.1[0m" 304 -
127.0.0.1 - - [01/Dec/2023 11:28:22] "[36mGET /static/images/enia.png HTTP/1.1[0m" 304 -
127.0.0.1 - - [01/Dec/2023 11:28:22] "[36mGET /static/vendors/js/vendor.bundle.base.js HTTP/1.1[0m" 304 -
127.0.0.1 - - [01/Dec/2023 11:28:22] "[36mGET /static/js/off-canvas.js HTTP/1.1[0m" 304 -
127.0.0.1 - - [01/Dec/2023 11:28:22] "[36mGET /static/js/hoverable-collapse.js HTTP/1.1[0m" 304 -
127.0.0.1 - - [01/Dec/2023 11:28:22] "[36mGET /static/js/template.js HTTP/1.1[0m" 304 -
127.0.0.1 - - [01/Dec/2023 11:28:22] "[36mGET /static/js/settings.js HTTP/1.1[0m" 304 -
127.0.0.1 - - [01/Dec/2023 11:28:22] "[36mGET /static/vendors/progressbar.js/progressbar.min.js HTTP/1.1[0m" 304 -
127.0.0.1 - - [01/Dec/2023 11:28:22] "[36mGET /static/js/todolist.js HTTP/1.1[0m" 304 -
127.0.0.1 - - [01/Dec/2023 11:28:22] "[36mGET /static/vendors/chart.js/Chart.min.js HTTP/1.1[0m" 304 -
127.0.0.1 - - [01/Dec/2023 11:28:22] "[36mGET /static/css/maps/vertical-layout-light/style.css.map HTTP/1.1[0m" 304 -
127.0.0.1 - - [01/Dec/2023 11:28:22] "[36mGET /static/vendors/js/bootstrap.min.js.map HTTP/1.1[0m" 304 -
127.0.0.1 - - [01/Dec/2023 11:28:22] "[36mGET /static/vendors/typicons.font/font/typicons.woff HTTP/1.1[0m" 304 -
127.0.0.1 - - [01/Dec/2023 11:28:23] "[33mGET /static/fonts/Roboto/Roboto-Regular.woff2 HTTP/1.1[0m" 404 -
127.0.0.1 - - [01/Dec/2023 11:28:23] "[33mGET /static/fonts/Roboto/Roboto-Bold.woff2 HTTP/1.1[0m" 404 -
127.0.0.1 - - [01/Dec/2023 11:28:23] "[36mGET /static/vendors/progressbar.js/progressbar.min.js.map HTTP/1.1[0m" 304 -
127.0.0.1 - - [01/Dec/2023 11:28:23] "[33mGET /static/fonts/Roboto/Roboto-Light.woff2 HTTP/1.1[0m" 404 -
127.0.0.1 - - [01/Dec/2023 11:28:23] "[33mGET /static/fonts/Roboto/Roboto-Bold.woff HTTP/1.1[0m" 404 -
127.0.0.1 - - [01/Dec/2023 11:28:23] "[33mGET /static/fonts/Roboto/Roboto-Regular.woff HTTP/1.1[0m" 404 -
127.0.0.1 - - [01/Dec/2023 11:28:23] "[33mGET /static/fonts/Roboto/Roboto-Light.woff HTTP/1.1[0m" 404 -
127.0.0.1 - - [01/Dec/2023 11:28:24] "[33mGET /static/fonts/Roboto/Roboto-Bold.ttf HTTP/1.1[0m" 404 -
127.0.0.1 - - [01/Dec/2023 11:28:24] "[33mGET /static/fonts/Roboto/Roboto-Regular.ttf HTTP/1.1[0m" 404 -
127.0.0.1 - - [01/Dec/2023 11:28:24] "[33mGET /static/fonts/Roboto/Roboto-Light.ttf HTTP/1.1[0m" 404 -
127.0.0.1 - - [01/Dec/2023 11:28:24] "[36mGET /static/images/enia.png HTTP/1.1[0m" 304 -
127.0.0.1 - - [01/Dec/2023 11:28:34] "GET /test HTTP/1.1" 200 -
127.0.0.1 - - [01/Dec/2023 11:28:34] "[36mGET /static/vendors/typicons.font/font/typicons.css HTTP/1.1[0m" 304 -
127.0.0.1 - - [01/Dec/2023 11:28:34] "[36mGET /static/vendors/css/vendor.bundle.base.css HTTP/1.1[0m" 304 -
127.0.0.1 - - [01/Dec/2023 11:28:34] "[36mGET /static/css/vertical-layout-light/style.css HTTP/1.1[0m" 304 -
127.0.0.1 - - [01/Dec/2023 11:28:34] "[36mGET /static/css/nuovo_sensore.css HTTP/1.1[0m" 304 -
127.0.0.1 - - [01/Dec/2023 11:28:35] "[36mGET /static/images/enia.png HTTP/1.1[0m" 304 -
127.0.0.1 - - [01/Dec/2023 11:28:35] "[36mGET /static/vendors/js/vendor.bundle.base.js HTTP/1.1[0m" 304 -
127.0.0.1 - - [01/Dec/2023 11:28:35] "[36mGET /static/js/off-canvas.js HTTP/1.1[0m" 304 -
127.0.0.1 - - [01/Dec/2023 11:28:35] "[36mGET /static/js/hoverable-collapse.js HTTP/1.1[0m" 304 -
127.0.0.1 - - [01/Dec/2023 11:28:35] "[36mGET /static/js/template.js HTTP/1.1[0m" 304 -
127.0.0.1 - - [01/Dec/2023 11:28:35] "[36mGET /static/js/settings.js HTTP/1.1[0m" 304 -
127.0.0.1 - - [01/Dec/2023 11:28:35] "[36mGET /static/js/todolist.js HTTP/1.1[0m" 304 -
127.0.0.1 - - [01/Dec/2023 11:28:35] "[36mGET /static/vendors/progressbar.js/progressbar.min.js HTTP/1.1[0m" 304 -
127.0.0.1 - - [01/Dec/2023 11:28:35] "[36mGET /static/vendors/chart.js/Chart.min.js HTTP/1.1[0m" 304 -
127.0.0.1 - - [01/Dec/2023 11:28:35] "[36mGET /static/css/maps/vertical-layout-light/style.css.map HTTP/1.1[0m" 304 -
127.0.0.1 - - [01/Dec/2023 11:28:35] "[36mGET /static/vendors/js/bootstrap.min.js.map HTTP/1.1[0m" 304 -
127.0.0.1 - - [01/Dec/2023 11:28:35] "[36mGET /static/vendors/typicons.font/font/typicons.woff HTTP/1.1[0m" 304 -
127.0.0.1 - - [01/Dec/2023 11:28:35] "[36mGET /static/vendors/progressbar.js/progressbar.min.js.map HTTP/1.1[0m" 304 -
127.0.0.1 - - [01/Dec/2023 11:28:35] "[33mGET /static/fonts/Roboto/Roboto-Regular.woff2 HTTP/1.1[0m" 404 -
127.0.0.1 - - [01/Dec/2023 11:28:35] "[33mGET /static/fonts/Roboto/Roboto-Bold.woff2 HTTP/1.1[0m" 404 -
127.0.0.1 - - [01/Dec/2023 11:28:35] "[33mGET /static/fonts/Roboto/Roboto-Light.woff2 HTTP/1.1[0m" 404 -
127.0.0.1 - - [01/Dec/2023 11:28:36] "[33mGET /static/fonts/Roboto/Roboto-Regular.woff HTTP/1.1[0m" 404 -
127.0.0.1 - - [01/Dec/2023 11:28:36] "[33mGET /static/fonts/Roboto/Roboto-Light.woff HTTP/1.1[0m" 404 -
127.0.0.1 - - [01/Dec/2023 11:28:36] "[33mGET /static/fonts/Roboto/Roboto-Bold.woff HTTP/1.1[0m" 404 -
127.0.0.1 - - [01/Dec/2023 11:28:36] "[33mGET /static/fonts/Roboto/Roboto-Regular.ttf HTTP/1.1[0m" 404 -
127.0.0.1 - - [01/Dec/2023 11:28:36] "[33mGET /static/fonts/Roboto/Roboto-Bold.ttf HTTP/1.1[0m" 404 -
127.0.0.1 - - [01/Dec/2023 11:28:36] "[33mGET /static/fonts/Roboto/Roboto-Light.ttf HTTP/1.1[0m" 404 -
127.0.0.1 - - [01/Dec/2023 11:28:36] "[36mGET /static/images/enia.png HTTP/1.1[0m" 304 -
127.0.0.1 - - [01/Dec/2023 11:29:05] "GET /test HTTP/1.1" 200 -
127.0.0.1 - - [01/Dec/2023 11:29:05] "[36mGET /static/vendors/typicons.font/font/typicons.css HTTP/1.1[0m" 304 -
127.0.0.1 - - [01/Dec/2023 11:29:05] "[36mGET /static/vendors/css/vendor.bundle.base.css HTTP/1.1[0m" 304 -
127.0.0.1 - - [01/Dec/2023 11:29:05] "[36mGET /static/css/vertical-layout-light/style.css HTTP/1.1[0m" 304 -
127.0.0.1 - - [01/Dec/2023 11:29:05] "[36mGET /static/css/nuovo_sensore.css HTTP/1.1[0m" 304 -
127.0.0.1 - - [01/Dec/2023 11:29:05] "[36mGET /static/vendors/js/vendor.bundle.base.js HTTP/1.1[0m" 304 -
127.0.0.1 - - [01/Dec/2023 11:29:05] "[36mGET /static/images/enia.png HTTP/1.1[0m" 304 -
127.0.0.1 - - [01/Dec/2023 11:29:06] "[36mGET /static/js/off-canvas.js HTTP/1.1[0m" 304 -
127.0.0.1 - - [01/Dec/2023 11:29:06] "[36mGET /static/js/hoverable-collapse.js HTTP/1.1[0m" 304 -
127.0.0.1 - - [01/Dec/2023 11:29:06] "[36mGET /static/js/template.js HTTP/1.1[0m" 304 -
127.0.0.1 - - [01/Dec/2023 11:29:06] "[36mGET /static/js/settings.js HTTP/1.1[0m" 304 -
127.0.0.1 - - [01/Dec/2023 11:29:06] "[36mGET /static/js/todolist.js HTTP/1.1[0m" 304 -
127.0.0.1 - - [01/Dec/2023 11:29:06] "[36mGET /static/vendors/progressbar.js/progressbar.min.js HTTP/1.1[0m" 304 -
127.0.0.1 - - [01/Dec/2023 11:29:06] "[36mGET /static/vendors/chart.js/Chart.min.js HTTP/1.1[0m" 304 -
127.0.0.1 - - [01/Dec/2023 11:29:06] "[36mGET /static/css/maps/vertical-layout-light/style.css.map HTTP/1.1[0m" 304 -
127.0.0.1 - - [01/Dec/2023 11:29:06] "[36mGET /static/vendors/js/bootstrap.min.js.map HTTP/1.1[0m" 304 -
127.0.0.1 - - [01/Dec/2023 11:29:06] "[36mGET /static/vendors/typicons.font/font/typicons.woff HTTP/1.1[0m" 304 -
127.0.0.1 - - [01/Dec/2023 11:29:06] "[33mGET /static/fonts/Roboto/Roboto-Regular.woff2 HTTP/1.1[0m" 404 -
127.0.0.1 - - [01/Dec/2023 11:29:06] "[33mGET /static/fonts/Roboto/Roboto-Bold.woff2 HTTP/1.1[0m" 404 -
127.0.0.1 - - [01/Dec/2023 11:29:06] "[36mGET /static/vendors/progressbar.js/progressbar.min.js.map HTTP/1.1[0m" 304 -
127.0.0.1 - - [01/Dec/2023 11:29:06] "[33mGET /static/fonts/Roboto/Roboto-Light.woff2 HTTP/1.1[0m" 404 -
127.0.0.1 - - [01/Dec/2023 11:29:07] "[33mGET /static/fonts/Roboto/Roboto-Light.woff HTTP/1.1[0m" 404 -
127.0.0.1 - - [01/Dec/2023 11:29:07] "[33mGET /static/fonts/Roboto/Roboto-Regular.woff HTTP/1.1[0m" 404 -
127.0.0.1 - - [01/Dec/2023 11:29:07] "[33mGET /static/fonts/Roboto/Roboto-Bold.woff HTTP/1.1[0m" 404 -
127.0.0.1 - - [01/Dec/2023 11:29:07] "[33mGET /static/fonts/Roboto/Roboto-Light.ttf HTTP/1.1[0m" 404 -
127.0.0.1 - - [01/Dec/2023 11:29:07] "[33mGET /static/fonts/Roboto/Roboto-Bold.ttf HTTP/1.1[0m" 404 -
127.0.0.1 - - [01/Dec/2023 11:29:07] "[33mGET /static/fonts/Roboto/Roboto-Regular.ttf HTTP/1.1[0m" 404 -
127.0.0.1 - - [01/Dec/2023 11:29:07] "[36mGET /static/images/enia.png HTTP/1.1[0m" 304 -
127.0.0.1 - - [01/Dec/2023 11:29:15] "GET /test HTTP/1.1" 200 -
127.0.0.1 - - [01/Dec/2023 11:29:15] "[36mGET /static/vendors/typicons.font/font/typicons.css HTTP/1.1[0m" 304 -
127.0.0.1 - - [01/Dec/2023 11:29:16] "[36mGET /static/vendors/css/vendor.bundle.base.css HTTP/1.1[0m" 304 -
127.0.0.1 - - [01/Dec/2023 11:29:16] "[36mGET /static/css/nuovo_sensore.css HTTP/1.1[0m" 304 -
127.0.0.1 - - [01/Dec/2023 11:29:16] "[36mGET /static/css/vertical-layout-light/style.css HTTP/1.1[0m" 304 -
127.0.0.1 - - [01/Dec/2023 11:29:16] "[36mGET /static/images/enia.png HTTP/1.1[0m" 304 -
127.0.0.1 - - [01/Dec/2023 11:29:16] "[36mGET /static/vendors/js/vendor.bundle.base.js HTTP/1.1[0m" 304 -
127.0.0.1 - - [01/Dec/2023 11:29:16] "[36mGET /static/js/off-canvas.js HTTP/1.1[0m" 304 -
127.0.0.1 - - [01/Dec/2023 11:29:16] "[36mGET /static/js/hoverable-collapse.js HTTP/1.1[0m" 304 -
127.0.0.1 - - [01/Dec/2023 11:29:16] "[36mGET /static/js/template.js HTTP/1.1[0m" 304 -
127.0.0.1 - - [01/Dec/2023 11:29:16] "[36mGET /static/js/settings.js HTTP/1.1[0m" 304 -
127.0.0.1 - - [01/Dec/2023 11:29:16] "[36mGET /static/vendors/progressbar.js/progressbar.min.js HTTP/1.1[0m" 304 -
127.0.0.1 - - [01/Dec/2023 11:29:16] "[36mGET /static/js/todolist.js HTTP/1.1[0m" 304 -
127.0.0.1 - - [01/Dec/2023 11:29:16] "[36mGET /static/css/maps/vertical-layout-light/style.css.map HTTP/1.1[0m" 304 -
127.0.0.1 - - [01/Dec/2023 11:29:16] "[36mGET /static/vendors/chart.js/Chart.min.js HTTP/1.1[0m" 304 -
127.0.0.1 - - [01/Dec/2023 11:29:16] "[36mGET /static/vendors/js/bootstrap.min.js.map HTTP/1.1[0m" 304 -
127.0.0.1 - - [01/Dec/2023 11:29:16] "[36mGET /static/vendors/typicons.font/font/typicons.woff HTTP/1.1[0m" 304 -
127.0.0.1 - - [01/Dec/2023 11:29:17] "[33mGET /static/fonts/Roboto/Roboto-Bold.woff2 HTTP/1.1[0m" 404 -
127.0.0.1 - - [01/Dec/2023 11:29:17] "[33mGET /static/fonts/Roboto/Roboto-Regular.woff2 HTTP/1.1[0m" 404 -
127.0.0.1 - - [01/Dec/2023 11:29:17] "[36mGET /static/vendors/progressbar.js/progressbar.min.js.map HTTP/1.1[0m" 304 -
127.0.0.1 - - [01/Dec/2023 11:29:17] "[33mGET /static/fonts/Roboto/Roboto-Light.woff2 HTTP/1.1[0m" 404 -
127.0.0.1 - - [01/Dec/2023 11:29:17] "[33mGET /static/fonts/Roboto/Roboto-Regular.woff HTTP/1.1[0m" 404 -
127.0.0.1 - - [01/Dec/2023 11:29:17] "[33mGET /static/fonts/Roboto/Roboto-Light.woff HTTP/1.1[0m" 404 -
127.0.0.1 - - [01/Dec/2023 11:29:17] "[33mGET /static/fonts/Roboto/Roboto-Bold.woff HTTP/1.1[0m" 404 -
127.0.0.1 - - [01/Dec/2023 11:29:18] "[33mGET /static/fonts/Roboto/Roboto-Regular.ttf HTTP/1.1[0m" 404 -
127.0.0.1 - - [01/Dec/2023 11:29:18] "[33mGET /static/fonts/Roboto/Roboto-Bold.ttf HTTP/1.1[0m" 404 -
127.0.0.1 - - [01/Dec/2023 11:29:18] "[33mGET /static/fonts/Roboto/Roboto-Light.ttf HTTP/1.1[0m" 404 -
127.0.0.1 - - [01/Dec/2023 11:29:18] "[36mGET /static/images/enia.png HTTP/1.1[0m" 304 -
127.0.0.1 - - [01/Dec/2023 11:29:44] "GET /test HTTP/1.1" 200 -
127.0.0.1 - - [01/Dec/2023 11:29:45] "[36mGET /static/vendors/typicons.font/font/typicons.css HTTP/1.1[0m" 304 -
127.0.0.1 - - [01/Dec/2023 11:29:45] "[36mGET /static/vendors/css/vendor.bundle.base.css HTTP/1.1[0m" 304 -
127.0.0.1 - - [01/Dec/2023 11:29:45] "[36mGET /static/css/vertical-layout-light/style.css HTTP/1.1[0m" 304 -
127.0.0.1 - - [01/Dec/2023 11:29:45] "[36mGET /static/css/nuovo_sensore.css HTTP/1.1[0m" 304 -
127.0.0.1 - - [01/Dec/2023 11:29:45] "[36mGET /static/images/enia.png HTTP/1.1[0m" 304 -
127.0.0.1 - - [01/Dec/2023 11:29:45] "[36mGET /static/vendors/js/vendor.bundle.base.js HTTP/1.1[0m" 304 -
127.0.0.1 - - [01/Dec/2023 11:29:45] "[36mGET /static/js/off-canvas.js HTTP/1.1[0m" 304 -
127.0.0.1 - - [01/Dec/2023 11:29:45] "[36mGET /static/js/hoverable-collapse.js HTTP/1.1[0m" 304 -
127.0.0.1 - - [01/Dec/2023 11:29:45] "[36mGET /static/js/template.js HTTP/1.1[0m" 304 -
127.0.0.1 - - [01/Dec/2023 11:29:45] "[36mGET /static/js/settings.js HTTP/1.1[0m" 304 -
127.0.0.1 - - [01/Dec/2023 11:29:45] "[36mGET /static/vendors/progressbar.js/progressbar.min.js HTTP/1.1[0m" 304 -
127.0.0.1 - - [01/Dec/2023 11:29:45] "[36mGET /static/js/todolist.js HTTP/1.1[0m" 304 -
127.0.0.1 - - [01/Dec/2023 11:29:46] "[36mGET /static/vendors/chart.js/Chart.min.js HTTP/1.1[0m" 304 -
127.0.0.1 - - [01/Dec/2023 11:29:46] "[36mGET /static/css/maps/vertical-layout-light/style.css.map HTTP/1.1[0m" 304 -
127.0.0.1 - - [01/Dec/2023 11:29:46] "[36mGET /static/vendors/js/bootstrap.min.js.map HTTP/1.1[0m" 304 -
127.0.0.1 - - [01/Dec/2023 11:29:46] "[36mGET /static/vendors/typicons.font/font/typicons.woff HTTP/1.1[0m" 304 -
127.0.0.1 - - [01/Dec/2023 11:29:46] "[33mGET /static/fonts/Roboto/Roboto-Bold.woff2 HTTP/1.1[0m" 404 -
127.0.0.1 - - [01/Dec/2023 11:29:46] "[33mGET /static/fonts/Roboto/Roboto-Regular.woff2 HTTP/1.1[0m" 404 -
127.0.0.1 - - [01/Dec/2023 11:29:46] "[36mGET /static/vendors/progressbar.js/progressbar.min.js.map HTTP/1.1[0m" 304 -
127.0.0.1 - - [01/Dec/2023 11:29:46] "[33mGET /static/fonts/Roboto/Roboto-Light.woff2 HTTP/1.1[0m" 404 -
127.0.0.1 - - [01/Dec/2023 11:29:46] "[33mGET /static/fonts/Roboto/Roboto-Regular.woff HTTP/1.1[0m" 404 -
127.0.0.1 - - [01/Dec/2023 11:29:46] "[33mGET /static/fonts/Roboto/Roboto-Light.woff HTTP/1.1[0m" 404 -
127.0.0.1 - - [01/Dec/2023 11:29:46] "[33mGET /static/fonts/Roboto/Roboto-Bold.woff HTTP/1.1[0m" 404 -
127.0.0.1 - - [01/Dec/2023 11:29:47] "[33mGET /static/fonts/Roboto/Roboto-Regular.ttf HTTP/1.1[0m" 404 -
127.0.0.1 - - [01/Dec/2023 11:29:47] "[33mGET /static/fonts/Roboto/Roboto-Bold.ttf HTTP/1.1[0m" 404 -
127.0.0.1 - - [01/Dec/2023 11:29:47] "[33mGET /static/fonts/Roboto/Roboto-Light.ttf HTTP/1.1[0m" 404 -
127.0.0.1 - - [01/Dec/2023 11:29:47] "[36mGET /static/images/enia.png HTTP/1.1[0m" 304 -
127.0.0.1 - - [01/Dec/2023 11:30:04] "GET /test HTTP/1.1" 200 -
127.0.0.1 - - [01/Dec/2023 11:30:04] "[36mGET /static/vendors/typicons.font/font/typicons.css HTTP/1.1[0m" 304 -
127.0.0.1 - - [01/Dec/2023 11:30:04] "[36mGET /static/vendors/css/vendor.bundle.base.css HTTP/1.1[0m" 304 -
127.0.0.1 - - [01/Dec/2023 11:30:04] "[36mGET /static/css/nuovo_sensore.css HTTP/1.1[0m" 304 -
127.0.0.1 - - [01/Dec/2023 11:30:04] "[36mGET /static/css/vertical-layout-light/style.css HTTP/1.1[0m" 304 -
127.0.0.1 - - [01/Dec/2023 11:30:04] "[36mGET /static/images/enia.png HTTP/1.1[0m" 304 -
127.0.0.1 - - [01/Dec/2023 11:30:04] "[36mGET /static/vendors/js/vendor.bundle.base.js HTTP/1.1[0m" 304 -
127.0.0.1 - - [01/Dec/2023 11:30:05] "[36mGET /static/js/off-canvas.js HTTP/1.1[0m" 304 -
127.0.0.1 - - [01/Dec/2023 11:30:05] "[36mGET /static/js/hoverable-collapse.js HTTP/1.1[0m" 304 -
127.0.0.1 - - [01/Dec/2023 11:30:05] "[36mGET /static/js/template.js HTTP/1.1[0m" 304 -
127.0.0.1 - - [01/Dec/2023 11:30:05] "[36mGET /static/js/settings.js HTTP/1.1[0m" 304 -
127.0.0.1 - - [01/Dec/2023 11:30:05] "[36mGET /static/js/todolist.js HTTP/1.1[0m" 304 -
127.0.0.1 - - [01/Dec/2023 11:30:05] "[36mGET /static/vendors/progressbar.js/progressbar.min.js HTTP/1.1[0m" 304 -
127.0.0.1 - - [01/Dec/2023 11:30:05] "[36mGET /static/css/maps/vertical-layout-light/style.css.map HTTP/1.1[0m" 304 -
127.0.0.1 - - [01/Dec/2023 11:30:05] "[36mGET /static/vendors/chart.js/Chart.min.js HTTP/1.1[0m" 304 -
127.0.0.1 - - [01/Dec/2023 11:30:05] "[36mGET /static/vendors/js/bootstrap.min.js.map HTTP/1.1[0m" 304 -
127.0.0.1 - - [01/Dec/2023 11:30:05] "[36mGET /static/vendors/typicons.font/font/typicons.woff HTTP/1.1[0m" 304 -
127.0.0.1 - - [01/Dec/2023 11:30:05] "[33mGET /static/fonts/Roboto/Roboto-Regular.woff2 HTTP/1.1[0m" 404 -
127.0.0.1 - - [01/Dec/2023 11:30:05] "[33mGET /static/fonts/Roboto/Roboto-Bold.woff2 HTTP/1.1[0m" 404 -
127.0.0.1 - - [01/Dec/2023 11:30:05] "[36mGET /static/vendors/progressbar.js/progressbar.min.js.map HTTP/1.1[0m" 304 -
127.0.0.1 - - [01/Dec/2023 11:30:05] "[33mGET /static/fonts/Roboto/Roboto-Light.woff2 HTTP/1.1[0m" 404 -
127.0.0.1 - - [01/Dec/2023 11:30:06] "[33mGET /static/fonts/Roboto/Roboto-Light.woff HTTP/1.1[0m" 404 -
127.0.0.1 - - [01/Dec/2023 11:30:06] "[33mGET /static/fonts/Roboto/Roboto-Bold.woff HTTP/1.1[0m" 404 -
127.0.0.1 - - [01/Dec/2023 11:30:06] "[33mGET /static/fonts/Roboto/Roboto-Regular.woff HTTP/1.1[0m" 404 -
127.0.0.1 - - [01/Dec/2023 11:30:06] "[33mGET /static/fonts/Roboto/Roboto-Light.ttf HTTP/1.1[0m" 404 -
127.0.0.1 - - [01/Dec/2023 11:30:06] "[33mGET /static/fonts/Roboto/Roboto-Regular.ttf HTTP/1.1[0m" 404 -
127.0.0.1 - - [01/Dec/2023 11:30:06] "[33mGET /static/fonts/Roboto/Roboto-Bold.ttf HTTP/1.1[0m" 404 -
127.0.0.1 - - [01/Dec/2023 11:30:06] "[36mGET /static/images/enia.png HTTP/1.1[0m" 304 -
127.0.0.1 - - [01/Dec/2023 11:30:37] "GET /test HTTP/1.1" 200 -
127.0.0.1 - - [01/Dec/2023 11:30:37] "[36mGET /static/vendors/typicons.font/font/typicons.css HTTP/1.1[0m" 304 -
127.0.0.1 - - [01/Dec/2023 11:30:37] "[36mGET /static/vendors/css/vendor.bundle.base.css HTTP/1.1[0m" 304 -
127.0.0.1 - - [01/Dec/2023 11:30:37] "[36mGET /static/css/vertical-layout-light/style.css HTTP/1.1[0m" 304 -
127.0.0.1 - - [01/Dec/2023 11:30:37] "[36mGET /static/css/nuovo_sensore.css HTTP/1.1[0m" 304 -
127.0.0.1 - - [01/Dec/2023 11:30:37] "[36mGET /static/vendors/js/vendor.bundle.base.js HTTP/1.1[0m" 304 -
127.0.0.1 - - [01/Dec/2023 11:30:37] "[36mGET /static/images/enia.png HTTP/1.1[0m" 304 -
127.0.0.1 - - [01/Dec/2023 11:30:37] "[36mGET /static/js/off-canvas.js HTTP/1.1[0m" 304 -
127.0.0.1 - - [01/Dec/2023 11:30:37] "[36mGET /static/js/hoverable-collapse.js HTTP/1.1[0m" 304 -
127.0.0.1 - - [01/Dec/2023 11:30:38] "[36mGET /static/js/template.js HTTP/1.1[0m" 304 -
127.0.0.1 - - [01/Dec/2023 11:30:38] "[36mGET /static/vendors/progressbar.js/progressbar.min.js HTTP/1.1[0m" 304 -
127.0.0.1 - - [01/Dec/2023 11:30:38] "[36mGET /static/js/todolist.js HTTP/1.1[0m" 304 -
127.0.0.1 - - [01/Dec/2023 11:30:38] "[36mGET /static/js/settings.js HTTP/1.1[0m" 304 -
127.0.0.1 - - [01/Dec/2023 11:30:38] "[36mGET /static/vendors/chart.js/Chart.min.js HTTP/1.1[0m" 304 -
127.0.0.1 - - [01/Dec/2023 11:30:38] "[36mGET /static/css/maps/vertical-layout-light/style.css.map HTTP/1.1[0m" 304 -
127.0.0.1 - - [01/Dec/2023 11:30:38] "[36mGET /static/vendors/js/bootstrap.min.js.map HTTP/1.1[0m" 304 -
127.0.0.1 - - [01/Dec/2023 11:30:38] "[36mGET /static/vendors/typicons.font/font/typicons.woff HTTP/1.1[0m" 304 -
127.0.0.1 - - [01/Dec/2023 11:30:38] "[33mGET /static/fonts/Roboto/Roboto-Regular.woff2 HTTP/1.1[0m" 404 -
127.0.0.1 - - [01/Dec/2023 11:30:38] "[33mGET /static/fonts/Roboto/Roboto-Bold.woff2 HTTP/1.1[0m" 404 -
127.0.0.1 - - [01/Dec/2023 11:30:38] "[36mGET /static/vendors/progressbar.js/progressbar.min.js.map HTTP/1.1[0m" 304 -
127.0.0.1 - - [01/Dec/2023 11:30:38] "[33mGET /static/fonts/Roboto/Roboto-Light.woff2 HTTP/1.1[0m" 404 -
127.0.0.1 - - [01/Dec/2023 11:30:39] "[33mGET /static/fonts/Roboto/Roboto-Bold.woff HTTP/1.1[0m" 404 -
127.0.0.1 - - [01/Dec/2023 11:30:39] "[33mGET /static/fonts/Roboto/Roboto-Regular.woff HTTP/1.1[0m" 404 -
127.0.0.1 - - [01/Dec/2023 11:30:39] "[33mGET /static/fonts/Roboto/Roboto-Light.woff HTTP/1.1[0m" 404 -
127.0.0.1 - - [01/Dec/2023 11:30:39] "[33mGET /static/fonts/Roboto/Roboto-Bold.ttf HTTP/1.1[0m" 404 -
127.0.0.1 - - [01/Dec/2023 11:30:40] "[33mGET /static/fonts/Roboto/Roboto-Light.ttf HTTP/1.1[0m" 404 -
127.0.0.1 - - [01/Dec/2023 11:30:40] "[33mGET /static/fonts/Roboto/Roboto-Regular.ttf HTTP/1.1[0m" 404 -
127.0.0.1 - - [01/Dec/2023 11:30:40] "[36mGET /static/images/enia.png HTTP/1.1[0m" 304 -
127.0.0.1 - - [01/Dec/2023 11:30:50] "GET /test HTTP/1.1" 200 -
127.0.0.1 - - [01/Dec/2023 11:30:50] "[36mGET /static/vendors/typicons.font/font/typicons.css HTTP/1.1[0m" 304 -
127.0.0.1 - - [01/Dec/2023 11:30:50] "[36mGET /static/vendors/css/vendor.bundle.base.css HTTP/1.1[0m" 304 -
127.0.0.1 - - [01/Dec/2023 11:30:50] "[36mGET /static/css/vertical-layout-light/style.css HTTP/1.1[0m" 304 -
127.0.0.1 - - [01/Dec/2023 11:30:50] "[36mGET /static/css/nuovo_sensore.css HTTP/1.1[0m" 304 -
127.0.0.1 - - [01/Dec/2023 11:30:50] "[36mGET /static/images/enia.png HTTP/1.1[0m" 304 -
127.0.0.1 - - [01/Dec/2023 11:30:50] "[36mGET /static/vendors/js/vendor.bundle.base.js HTTP/1.1[0m" 304 -
127.0.0.1 - - [01/Dec/2023 11:30:51] "[36mGET /static/js/hoverable-collapse.js HTTP/1.1[0m" 304 -
127.0.0.1 - - [01/Dec/2023 11:30:51] "[36mGET /static/js/off-canvas.js HTTP/1.1[0m" 304 -
127.0.0.1 - - [01/Dec/2023 11:30:51] "[36mGET /static/js/template.js HTTP/1.1[0m" 304 -
127.0.0.1 - - [01/Dec/2023 11:30:51] "[36mGET /static/js/todolist.js HTTP/1.1[0m" 304 -
127.0.0.1 - - [01/Dec/2023 11:30:51] "[36mGET /static/vendors/progressbar.js/progressbar.min.js HTTP/1.1[0m" 304 -
127.0.0.1 - - [01/Dec/2023 11:30:51] "[36mGET /static/js/settings.js HTTP/1.1[0m" 304 -
127.0.0.1 - - [01/Dec/2023 11:30:51] "[36mGET /static/css/maps/vertical-layout-light/style.css.map HTTP/1.1[0m" 304 -
127.0.0.1 - - [01/Dec/2023 11:30:51] "[36mGET /static/vendors/chart.js/Chart.min.js HTTP/1.1[0m" 304 -
127.0.0.1 - - [01/Dec/2023 11:30:51] "[36mGET /static/vendors/js/bootstrap.min.js.map HTTP/1.1[0m" 304 -
127.0.0.1 - - [01/Dec/2023 11:30:51] "[36mGET /static/vendors/typicons.font/font/typicons.woff HTTP/1.1[0m" 304 -
127.0.0.1 - - [01/Dec/2023 11:30:51] "[33mGET /static/fonts/Roboto/Roboto-Bold.woff2 HTTP/1.1[0m" 404 -
127.0.0.1 - - [01/Dec/2023 11:30:51] "[33mGET /static/fonts/Roboto/Roboto-Regular.woff2 HTTP/1.1[0m" 404 -
127.0.0.1 - - [01/Dec/2023 11:30:51] "[36mGET /static/vendors/progressbar.js/progressbar.min.js.map HTTP/1.1[0m" 304 -
127.0.0.1 - - [01/Dec/2023 11:30:51] "[33mGET /static/fonts/Roboto/Roboto-Light.woff2 HTTP/1.1[0m" 404 -
127.0.0.1 - - [01/Dec/2023 11:30:52] "[33mGET /static/fonts/Roboto/Roboto-Bold.woff HTTP/1.1[0m" 404 -
127.0.0.1 - - [01/Dec/2023 11:30:52] "[33mGET /static/fonts/Roboto/Roboto-Light.woff HTTP/1.1[0m" 404 -
127.0.0.1 - - [01/Dec/2023 11:30:52] "[33mGET /static/fonts/Roboto/Roboto-Regular.woff HTTP/1.1[0m" 404 -
127.0.0.1 - - [01/Dec/2023 11:30:52] "[33mGET /static/fonts/Roboto/Roboto-Bold.ttf HTTP/1.1[0m" 404 -
127.0.0.1 - - [01/Dec/2023 11:30:52] "[33mGET /static/fonts/Roboto/Roboto-Light.ttf HTTP/1.1[0m" 404 -
127.0.0.1 - - [01/Dec/2023 11:30:52] "[33mGET /static/fonts/Roboto/Roboto-Regular.ttf HTTP/1.1[0m" 404 -
127.0.0.1 - - [01/Dec/2023 11:30:52] "[36mGET /static/images/enia.png HTTP/1.1[0m" 304 -
127.0.0.1 - - [01/Dec/2023 11:32:35] "GET /test HTTP/1.1" 200 -
127.0.0.1 - - [01/Dec/2023 11:32:35] "[36mGET /static/vendors/typicons.font/font/typicons.css HTTP/1.1[0m" 304 -
127.0.0.1 - - [01/Dec/2023 11:32:36] "[36mGET /static/vendors/css/vendor.bundle.base.css HTTP/1.1[0m" 304 -
127.0.0.1 - - [01/Dec/2023 11:32:36] "[36mGET /static/vendors/typicons.font/font/typicons.woff HTTP/1.1[0m" 304 -
127.0.0.1 - - [01/Dec/2023 11:32:36] "[36mGET /static/css/nuovo_sensore.css HTTP/1.1[0m" 304 -
127.0.0.1 - - [01/Dec/2023 11:32:36] "[36mGET /static/css/vertical-layout-light/style.css HTTP/1.1[0m" 304 -
127.0.0.1 - - [01/Dec/2023 11:32:36] "[36mGET /static/images/enia.png HTTP/1.1[0m" 304 -
127.0.0.1 - - [01/Dec/2023 11:32:36] "[33mGET /static/fonts/Roboto/Roboto-Regular.woff2 HTTP/1.1[0m" 404 -
127.0.0.1 - - [01/Dec/2023 11:32:36] "[33mGET /static/fonts/Roboto/Roboto-Bold.woff2 HTTP/1.1[0m" 404 -
127.0.0.1 - - [01/Dec/2023 11:32:36] "[36mGET /static/vendors/js/vendor.bundle.base.js HTTP/1.1[0m" 304 -
127.0.0.1 - - [01/Dec/2023 11:32:36] "[33mGET /static/fonts/Roboto/Roboto-Light.woff2 HTTP/1.1[0m" 404 -
127.0.0.1 - - [01/Dec/2023 11:32:36] "[33mGET /static/fonts/Roboto/Roboto-Regular.woff HTTP/1.1[0m" 404 -
127.0.0.1 - - [01/Dec/2023 11:32:36] "[33mGET /static/fonts/Roboto/Roboto-Bold.woff HTTP/1.1[0m" 404 -
127.0.0.1 - - [01/Dec/2023 11:32:36] "[33mGET /static/fonts/Roboto/Roboto-Regular.ttf HTTP/1.1[0m" 404 -
127.0.0.1 - - [01/Dec/2023 11:32:36] "[33mGET /static/fonts/Roboto/Roboto-Light.woff HTTP/1.1[0m" 404 -
127.0.0.1 - - [01/Dec/2023 11:32:36] "[36mGET /static/js/off-canvas.js HTTP/1.1[0m" 304 -
127.0.0.1 - - [01/Dec/2023 11:32:36] "[33mGET /static/fonts/Roboto/Roboto-Bold.ttf HTTP/1.1[0m" 404 -
127.0.0.1 - - [01/Dec/2023 11:32:36] "[36mGET /static/js/hoverable-collapse.js HTTP/1.1[0m" 304 -
127.0.0.1 - - [01/Dec/2023 11:32:36] "[33mGET /static/fonts/Roboto/Roboto-Light.ttf HTTP/1.1[0m" 404 -
127.0.0.1 - - [01/Dec/2023 11:32:37] "[36mGET /static/js/template.js HTTP/1.1[0m" 304 -
127.0.0.1 - - [01/Dec/2023 11:32:37] "[36mGET /static/js/settings.js HTTP/1.1[0m" 304 -
127.0.0.1 - - [01/Dec/2023 11:32:37] "[36mGET /static/js/todolist.js HTTP/1.1[0m" 304 -
127.0.0.1 - - [01/Dec/2023 11:32:37] "[36mGET /static/vendors/progressbar.js/progressbar.min.js HTTP/1.1[0m" 304 -
127.0.0.1 - - [01/Dec/2023 11:32:37] "[36mGET /static/vendors/chart.js/Chart.min.js HTTP/1.1[0m" 304 -
127.0.0.1 - - [01/Dec/2023 11:32:37] "[36mGET /static/css/maps/vertical-layout-light/style.css.map HTTP/1.1[0m" 304 -
127.0.0.1 - - [01/Dec/2023 11:32:37] "[36mGET /static/vendors/js/bootstrap.min.js.map HTTP/1.1[0m" 304 -
127.0.0.1 - - [01/Dec/2023 11:32:37] "[36mGET /static/vendors/progressbar.js/progressbar.min.js.map HTTP/1.1[0m" 304 -
127.0.0.1 - - [01/Dec/2023 11:32:38] "[36mGET /static/images/enia.png HTTP/1.1[0m" 304 -
127.0.0.1 - - [01/Dec/2023 11:32:52] "GET /test HTTP/1.1" 200 -
127.0.0.1 - - [01/Dec/2023 11:32:52] "[36mGET /static/vendors/typicons.font/font/typicons.css HTTP/1.1[0m" 304 -
127.0.0.1 - - [01/Dec/2023 11:32:52] "[36mGET /static/vendors/css/vendor.bundle.base.css HTTP/1.1[0m" 304 -
127.0.0.1 - - [01/Dec/2023 11:32:52] "[36mGET /static/vendors/typicons.font/font/typicons.woff HTTP/1.1[0m" 304 -
127.0.0.1 - - [01/Dec/2023 11:32:52] "[36mGET /static/css/vertical-layout-light/style.css HTTP/1.1[0m" 304 -
127.0.0.1 - - [01/Dec/2023 11:32:52] "[36mGET /static/css/nuovo_sensore.css HTTP/1.1[0m" 304 -
127.0.0.1 - - [01/Dec/2023 11:32:52] "[36mGET /static/images/enia.png HTTP/1.1[0m" 304 -
127.0.0.1 - - [01/Dec/2023 11:32:53] "[33mGET /static/fonts/Roboto/Roboto-Regular.woff2 HTTP/1.1[0m" 404 -
127.0.0.1 - - [01/Dec/2023 11:32:53] "[33mGET /static/fonts/Roboto/Roboto-Bold.woff2 HTTP/1.1[0m" 404 -
127.0.0.1 - - [01/Dec/2023 11:32:53] "[36mGET /static/vendors/js/vendor.bundle.base.js HTTP/1.1[0m" 304 -
127.0.0.1 - - [01/Dec/2023 11:32:53] "[33mGET /static/fonts/Roboto/Roboto-Bold.woff HTTP/1.1[0m" 404 -
127.0.0.1 - - [01/Dec/2023 11:32:53] "[33mGET /static/fonts/Roboto/Roboto-Light.woff2 HTTP/1.1[0m" 404 -
127.0.0.1 - - [01/Dec/2023 11:32:53] "[33mGET /static/fonts/Roboto/Roboto-Regular.woff HTTP/1.1[0m" 404 -
127.0.0.1 - - [01/Dec/2023 11:32:53] "[33mGET /static/fonts/Roboto/Roboto-Bold.ttf HTTP/1.1[0m" 404 -
127.0.0.1 - - [01/Dec/2023 11:32:53] "[33mGET /static/fonts/Roboto/Roboto-Light.woff HTTP/1.1[0m" 404 -
127.0.0.1 - - [01/Dec/2023 11:32:53] "[33mGET /static/fonts/Roboto/Roboto-Regular.ttf HTTP/1.1[0m" 404 -
127.0.0.1 - - [01/Dec/2023 11:32:53] "[36mGET /static/js/hoverable-collapse.js HTTP/1.1[0m" 304 -
127.0.0.1 - - [01/Dec/2023 11:32:53] "[36mGET /static/js/off-canvas.js HTTP/1.1[0m" 304 -
127.0.0.1 - - [01/Dec/2023 11:32:53] "[33mGET /static/fonts/Roboto/Roboto-Light.ttf HTTP/1.1[0m" 404 -
127.0.0.1 - - [01/Dec/2023 11:32:53] "[36mGET /static/js/template.js HTTP/1.1[0m" 304 -
127.0.0.1 - - [01/Dec/2023 11:32:53] "[36mGET /static/js/settings.js HTTP/1.1[0m" 304 -
127.0.0.1 - - [01/Dec/2023 11:32:53] "[36mGET /static/js/todolist.js HTTP/1.1[0m" 304 -
127.0.0.1 - - [01/Dec/2023 11:32:53] "[36mGET /static/vendors/progressbar.js/progressbar.min.js HTTP/1.1[0m" 304 -
127.0.0.1 - - [01/Dec/2023 11:32:53] "[36mGET /static/vendors/chart.js/Chart.min.js HTTP/1.1[0m" 304 -
127.0.0.1 - - [01/Dec/2023 11:32:54] "[36mGET /static/css/maps/vertical-layout-light/style.css.map HTTP/1.1[0m" 304 -
127.0.0.1 - - [01/Dec/2023 11:32:54] "[36mGET /static/vendors/js/bootstrap.min.js.map HTTP/1.1[0m" 304 -
127.0.0.1 - - [01/Dec/2023 11:32:54] "[36mGET /static/vendors/progressbar.js/progressbar.min.js.map HTTP/1.1[0m" 304 -
127.0.0.1 - - [01/Dec/2023 11:32:54] "[36mGET /static/images/enia.png HTTP/1.1[0m" 304 -
127.0.0.1 - - [01/Dec/2023 11:33:34] "GET /test HTTP/1.1" 200 -
127.0.0.1 - - [01/Dec/2023 11:33:34] "[36mGET /static/vendors/typicons.font/font/typicons.css HTTP/1.1[0m" 304 -
127.0.0.1 - - [01/Dec/2023 11:33:34] "[36mGET /static/vendors/css/vendor.bundle.base.css HTTP/1.1[0m" 304 -
127.0.0.1 - - [01/Dec/2023 11:33:35] "[36mGET /static/css/vertical-layout-light/style.css HTTP/1.1[0m" 304 -
127.0.0.1 - - [01/Dec/2023 11:33:35] "[36mGET /static/css/nuovo_sensore.css HTTP/1.1[0m" 304 -
127.0.0.1 - - [01/Dec/2023 11:33:35] "[36mGET /static/images/enia.png HTTP/1.1[0m" 304 -
127.0.0.1 - - [01/Dec/2023 11:33:35] "[36mGET /static/vendors/typicons.font/font/typicons.woff HTTP/1.1[0m" 304 -
127.0.0.1 - - [01/Dec/2023 11:33:35] "[33mGET /static/fonts/Roboto/Roboto-Bold.woff2 HTTP/1.1[0m" 404 -
127.0.0.1 - - [01/Dec/2023 11:33:35] "[33mGET /static/fonts/Roboto/Roboto-Regular.woff2 HTTP/1.1[0m" 404 -
127.0.0.1 - - [01/Dec/2023 11:33:35] "[33mGET /static/fonts/Roboto/Roboto-Light.woff2 HTTP/1.1[0m" 404 -
127.0.0.1 - - [01/Dec/2023 11:33:35] "[36mGET /static/vendors/js/vendor.bundle.base.js HTTP/1.1[0m" 304 -
127.0.0.1 - - [01/Dec/2023 11:33:35] "[33mGET /static/fonts/Roboto/Roboto-Bold.woff HTTP/1.1[0m" 404 -
127.0.0.1 - - [01/Dec/2023 11:33:35] "[33mGET /static/fonts/Roboto/Roboto-Regular.woff HTTP/1.1[0m" 404 -
127.0.0.1 - - [01/Dec/2023 11:33:35] "[33mGET /static/fonts/Roboto/Roboto-Bold.ttf HTTP/1.1[0m" 404 -
127.0.0.1 - - [01/Dec/2023 11:33:35] "[33mGET /static/fonts/Roboto/Roboto-Light.woff HTTP/1.1[0m" 404 -
127.0.0.1 - - [01/Dec/2023 11:33:35] "[36mGET /static/js/off-canvas.js HTTP/1.1[0m" 304 -
127.0.0.1 - - [01/Dec/2023 11:33:35] "[36mGET /static/js/hoverable-collapse.js HTTP/1.1[0m" 304 -
127.0.0.1 - - [01/Dec/2023 11:33:35] "[33mGET /static/fonts/Roboto/Roboto-Light.ttf HTTP/1.1[0m" 404 -
127.0.0.1 - - [01/Dec/2023 11:33:35] "[33mGET /static/fonts/Roboto/Roboto-Regular.ttf HTTP/1.1[0m" 404 -
127.0.0.1 - - [01/Dec/2023 11:33:36] "[36mGET /static/js/template.js HTTP/1.1[0m" 304 -
127.0.0.1 - - [01/Dec/2023 11:33:36] "[36mGET /static/js/settings.js HTTP/1.1[0m" 304 -
127.0.0.1 - - [01/Dec/2023 11:33:36] "[36mGET /static/js/todolist.js HTTP/1.1[0m" 304 -
127.0.0.1 - - [01/Dec/2023 11:33:36] "[36mGET /static/vendors/progressbar.js/progressbar.min.js HTTP/1.1[0m" 304 -
127.0.0.1 - - [01/Dec/2023 11:33:36] "[36mGET /static/vendors/chart.js/Chart.min.js HTTP/1.1[0m" 304 -
127.0.0.1 - - [01/Dec/2023 11:33:36] "[36mGET /static/css/maps/vertical-layout-light/style.css.map HTTP/1.1[0m" 304 -
127.0.0.1 - - [01/Dec/2023 11:33:36] "[36mGET /static/vendors/js/bootstrap.min.js.map HTTP/1.1[0m" 304 -
127.0.0.1 - - [01/Dec/2023 11:33:36] "[36mGET /static/vendors/progressbar.js/progressbar.min.js.map HTTP/1.1[0m" 304 -
127.0.0.1 - - [01/Dec/2023 11:33:37] "[36mGET /static/images/enia.png HTTP/1.1[0m" 304 -
127.0.0.1 - - [01/Dec/2023 11:34:14] "GET /test HTTP/1.1" 200 -
127.0.0.1 - - [01/Dec/2023 11:34:14] "[36mGET /static/vendors/typicons.font/font/typicons.css HTTP/1.1[0m" 304 -
127.0.0.1 - - [01/Dec/2023 11:34:14] "[36mGET /static/vendors/css/vendor.bundle.base.css HTTP/1.1[0m" 304 -
127.0.0.1 - - [01/Dec/2023 11:34:15] "[36mGET /static/css/vertical-layout-light/style.css HTTP/1.1[0m" 304 -
127.0.0.1 - - [01/Dec/2023 11:34:15] "[36mGET /static/css/nuovo_sensore.css HTTP/1.1[0m" 304 -
127.0.0.1 - - [01/Dec/2023 11:34:15] "[36mGET /static/vendors/typicons.font/font/typicons.woff HTTP/1.1[0m" 304 -
127.0.0.1 - - [01/Dec/2023 11:34:15] "[36mGET /static/images/enia.png HTTP/1.1[0m" 304 -
127.0.0.1 - - [01/Dec/2023 11:34:15] "[33mGET /static/fonts/Roboto/Roboto-Regular.woff2 HTTP/1.1[0m" 404 -
127.0.0.1 - - [01/Dec/2023 11:34:15] "[33mGET /static/fonts/Roboto/Roboto-Bold.woff2 HTTP/1.1[0m" 404 -
127.0.0.1 - - [01/Dec/2023 11:34:15] "[36mGET /static/vendors/js/vendor.bundle.base.js HTTP/1.1[0m" 304 -
127.0.0.1 - - [01/Dec/2023 11:34:15] "[33mGET /static/fonts/Roboto/Roboto-Light.woff2 HTTP/1.1[0m" 404 -
127.0.0.1 - - [01/Dec/2023 11:34:15] "[33mGET /static/fonts/Roboto/Roboto-Bold.woff HTTP/1.1[0m" 404 -
127.0.0.1 - - [01/Dec/2023 11:34:15] "[33mGET /static/fonts/Roboto/Roboto-Regular.woff HTTP/1.1[0m" 404 -
127.0.0.1 - - [01/Dec/2023 11:34:15] "[33mGET /static/fonts/Roboto/Roboto-Bold.ttf HTTP/1.1[0m" 404 -
127.0.0.1 - - [01/Dec/2023 11:34:15] "[33mGET /static/fonts/Roboto/Roboto-Light.woff HTTP/1.1[0m" 404 -
127.0.0.1 - - [01/Dec/2023 11:34:15] "[36mGET /static/js/off-canvas.js HTTP/1.1[0m" 304 -
127.0.0.1 - - [01/Dec/2023 11:34:15] "[36mGET /static/js/hoverable-collapse.js HTTP/1.1[0m" 304 -
127.0.0.1 - - [01/Dec/2023 11:34:15] "[33mGET /static/fonts/Roboto/Roboto-Regular.ttf HTTP/1.1[0m" 404 -
127.0.0.1 - - [01/Dec/2023 11:34:15] "[33mGET /static/fonts/Roboto/Roboto-Light.ttf HTTP/1.1[0m" 404 -
127.0.0.1 - - [01/Dec/2023 11:34:16] "[36mGET /static/js/todolist.js HTTP/1.1[0m" 304 -
127.0.0.1 - - [01/Dec/2023 11:34:16] "[36mGET /static/js/settings.js HTTP/1.1[0m" 304 -
127.0.0.1 - - [01/Dec/2023 11:34:16] "[36mGET /static/js/template.js HTTP/1.1[0m" 304 -
127.0.0.1 - - [01/Dec/2023 11:34:16] "[36mGET /static/vendors/progressbar.js/progressbar.min.js HTTP/1.1[0m" 304 -
127.0.0.1 - - [01/Dec/2023 11:34:16] "[36mGET /static/vendors/chart.js/Chart.min.js HTTP/1.1[0m" 304 -
127.0.0.1 - - [01/Dec/2023 11:34:16] "[36mGET /static/css/maps/vertical-layout-light/style.css.map HTTP/1.1[0m" 304 -
127.0.0.1 - - [01/Dec/2023 11:34:16] "[36mGET /static/vendors/js/bootstrap.min.js.map HTTP/1.1[0m" 304 -
127.0.0.1 - - [01/Dec/2023 11:34:16] "[36mGET /static/vendors/progressbar.js/progressbar.min.js.map HTTP/1.1[0m" 304 -
127.0.0.1 - - [01/Dec/2023 11:34:16] "[36mGET /static/images/enia.png HTTP/1.1[0m" 304 -
127.0.0.1 - - [01/Dec/2023 11:34:21] "GET /test HTTP/1.1" 200 -
127.0.0.1 - - [01/Dec/2023 11:34:21] "[36mGET /static/vendors/typicons.font/font/typicons.css HTTP/1.1[0m" 304 -
127.0.0.1 - - [01/Dec/2023 11:34:21] "[36mGET /static/vendors/css/vendor.bundle.base.css HTTP/1.1[0m" 304 -
127.0.0.1 - - [01/Dec/2023 11:34:21] "[36mGET /static/css/nuovo_sensore.css HTTP/1.1[0m" 304 -
127.0.0.1 - - [01/Dec/2023 11:34:21] "[36mGET /static/vendors/js/vendor.bundle.base.js HTTP/1.1[0m" 304 -
127.0.0.1 - - [01/Dec/2023 11:34:21] "[36mGET /static/css/vertical-layout-light/style.css HTTP/1.1[0m" 304 -
127.0.0.1 - - [01/Dec/2023 11:34:21] "[36mGET /static/images/enia.png HTTP/1.1[0m" 304 -
127.0.0.1 - - [01/Dec/2023 11:34:22] "[36mGET /static/vendors/typicons.font/font/typicons.woff HTTP/1.1[0m" 304 -
127.0.0.1 - - [01/Dec/2023 11:34:22] "[36mGET /static/js/off-canvas.js HTTP/1.1[0m" 304 -
127.0.0.1 - - [01/Dec/2023 11:34:22] "[36mGET /static/js/hoverable-collapse.js HTTP/1.1[0m" 304 -
127.0.0.1 - - [01/Dec/2023 11:34:22] "[33mGET /static/fonts/Roboto/Roboto-Light.woff2 HTTP/1.1[0m" 404 -
127.0.0.1 - - [01/Dec/2023 11:34:22] "[33mGET /static/fonts/Roboto/Roboto-Bold.woff2 HTTP/1.1[0m" 404 -
127.0.0.1 - - [01/Dec/2023 11:34:22] "[33mGET /static/fonts/Roboto/Roboto-Regular.woff2 HTTP/1.1[0m" 404 -
127.0.0.1 - - [01/Dec/2023 11:34:22] "[33mGET /static/fonts/Roboto/Roboto-Light.woff HTTP/1.1[0m" 404 -
127.0.0.1 - - [01/Dec/2023 11:34:22] "[33mGET /static/fonts/Roboto/Roboto-Regular.woff HTTP/1.1[0m" 404 -
127.0.0.1 - - [01/Dec/2023 11:34:22] "[33mGET /static/fonts/Roboto/Roboto-Bold.woff HTTP/1.1[0m" 404 -
127.0.0.1 - - [01/Dec/2023 11:34:22] "[36mGET /static/js/template.js HTTP/1.1[0m" 304 -
127.0.0.1 - - [01/Dec/2023 11:34:22] "[36mGET /static/js/settings.js HTTP/1.1[0m" 304 -
127.0.0.1 - - [01/Dec/2023 11:34:22] "[33mGET /static/fonts/Roboto/Roboto-Light.ttf HTTP/1.1[0m" 404 -
127.0.0.1 - - [01/Dec/2023 11:34:22] "[36mGET /static/vendors/chart.js/Chart.min.js HTTP/1.1[0m" 304 -
127.0.0.1 - - [01/Dec/2023 11:34:22] "[36mGET /static/js/todolist.js HTTP/1.1[0m" 304 -
127.0.0.1 - - [01/Dec/2023 11:34:22] "[33mGET /static/fonts/Roboto/Roboto-Regular.ttf HTTP/1.1[0m" 404 -
127.0.0.1 - - [01/Dec/2023 11:34:22] "[36mGET /static/vendors/progressbar.js/progressbar.min.js HTTP/1.1[0m" 304 -
127.0.0.1 - - [01/Dec/2023 11:34:22] "[33mGET /static/fonts/Roboto/Roboto-Bold.ttf HTTP/1.1[0m" 404 -
127.0.0.1 - - [01/Dec/2023 11:34:22] "[36mGET /static/css/maps/vertical-layout-light/style.css.map HTTP/1.1[0m" 304 -
127.0.0.1 - - [01/Dec/2023 11:34:23] "[36mGET /static/vendors/js/bootstrap.min.js.map HTTP/1.1[0m" 304 -
127.0.0.1 - - [01/Dec/2023 11:34:23] "[36mGET /static/vendors/progressbar.js/progressbar.min.js.map HTTP/1.1[0m" 304 -
127.0.0.1 - - [01/Dec/2023 11:34:23] "[36mGET /static/images/enia.png HTTP/1.1[0m" 304 -
127.0.0.1 - - [01/Dec/2023 11:34:37] "GET /test HTTP/1.1" 200 -
127.0.0.1 - - [01/Dec/2023 11:34:37] "[36mGET /static/vendors/typicons.font/font/typicons.css HTTP/1.1[0m" 304 -
127.0.0.1 - - [01/Dec/2023 11:34:37] "[36mGET /static/vendors/css/vendor.bundle.base.css HTTP/1.1[0m" 304 -
127.0.0.1 - - [01/Dec/2023 11:34:37] "[36mGET /static/css/nuovo_sensore.css HTTP/1.1[0m" 304 -
127.0.0.1 - - [01/Dec/2023 11:34:37] "[36mGET /static/vendors/typicons.font/font/typicons.woff HTTP/1.1[0m" 304 -
127.0.0.1 - - [01/Dec/2023 11:34:37] "[36mGET /static/images/enia.png HTTP/1.1[0m" 304 -
127.0.0.1 - - [01/Dec/2023 11:34:37] "[36mGET /static/css/vertical-layout-light/style.css HTTP/1.1[0m" 304 -
127.0.0.1 - - [01/Dec/2023 11:34:37] "[33mGET /static/fonts/Roboto/Roboto-Regular.woff2 HTTP/1.1[0m" 404 -
127.0.0.1 - - [01/Dec/2023 11:34:37] "[33mGET /static/fonts/Roboto/Roboto-Bold.woff2 HTTP/1.1[0m" 404 -
127.0.0.1 - - [01/Dec/2023 11:34:37] "[36mGET /static/vendors/js/vendor.bundle.base.js HTTP/1.1[0m" 304 -
127.0.0.1 - - [01/Dec/2023 11:34:37] "[36mGET /static/js/off-canvas.js HTTP/1.1[0m" 304 -
127.0.0.1 - - [01/Dec/2023 11:34:37] "[36mGET /static/js/hoverable-collapse.js HTTP/1.1[0m" 304 -
127.0.0.1 - - [01/Dec/2023 11:34:38] "[33mGET /static/fonts/Roboto/Roboto-Light.woff2 HTTP/1.1[0m" 404 -
127.0.0.1 - - [01/Dec/2023 11:34:38] "[36mGET /static/js/template.js HTTP/1.1[0m" 304 -
127.0.0.1 - - [01/Dec/2023 11:34:38] "[36mGET /static/js/settings.js HTTP/1.1[0m" 304 -
127.0.0.1 - - [01/Dec/2023 11:34:38] "[36mGET /static/js/todolist.js HTTP/1.1[0m" 304 -
127.0.0.1 - - [01/Dec/2023 11:34:38] "[33mGET /static/fonts/Roboto/Roboto-Bold.woff HTTP/1.1[0m" 404 -
127.0.0.1 - - [01/Dec/2023 11:34:38] "[33mGET /static/fonts/Roboto/Roboto-Regular.woff HTTP/1.1[0m" 404 -
127.0.0.1 - - [01/Dec/2023 11:34:38] "[36mGET /static/vendors/progressbar.js/progressbar.min.js HTTP/1.1[0m" 304 -
127.0.0.1 - - [01/Dec/2023 11:34:38] "[33mGET /static/fonts/Roboto/Roboto-Light.woff HTTP/1.1[0m" 404 -
127.0.0.1 - - [01/Dec/2023 11:34:38] "[36mGET /static/vendors/chart.js/Chart.min.js HTTP/1.1[0m" 304 -
127.0.0.1 - - [01/Dec/2023 11:34:38] "[36mGET /static/css/maps/vertical-layout-light/style.css.map HTTP/1.1[0m" 304 -
127.0.0.1 - - [01/Dec/2023 11:34:38] "[33mGET /static/fonts/Roboto/Roboto-Bold.ttf HTTP/1.1[0m" 404 -
127.0.0.1 - - [01/Dec/2023 11:34:38] "[33mGET /static/fonts/Roboto/Roboto-Regular.ttf HTTP/1.1[0m" 404 -
127.0.0.1 - - [01/Dec/2023 11:34:38] "[36mGET /static/vendors/js/bootstrap.min.js.map HTTP/1.1[0m" 304 -
127.0.0.1 - - [01/Dec/2023 11:34:39] "[36mGET /static/vendors/progressbar.js/progressbar.min.js.map HTTP/1.1[0m" 304 -
127.0.0.1 - - [01/Dec/2023 11:34:39] "[33mGET /static/fonts/Roboto/Roboto-Light.ttf HTTP/1.1[0m" 404 -
127.0.0.1 - - [01/Dec/2023 11:34:39] "[36mGET /static/images/enia.png HTTP/1.1[0m" 304 -
127.0.0.1 - - [01/Dec/2023 11:35:38] "GET /test HTTP/1.1" 200 -
127.0.0.1 - - [01/Dec/2023 11:35:38] "[36mGET /static/vendors/typicons.font/font/typicons.css HTTP/1.1[0m" 304 -
127.0.0.1 - - [01/Dec/2023 11:35:38] "[36mGET /static/vendors/css/vendor.bundle.base.css HTTP/1.1[0m" 304 -
127.0.0.1 - - [01/Dec/2023 11:35:38] "[36mGET /static/css/vertical-layout-light/style.css HTTP/1.1[0m" 304 -
127.0.0.1 - - [01/Dec/2023 11:35:38] "[36mGET /static/css/nuovo_sensore.css HTTP/1.1[0m" 304 -
127.0.0.1 - - [01/Dec/2023 11:35:38] "[36mGET /static/vendors/typicons.font/font/typicons.woff HTTP/1.1[0m" 304 -
127.0.0.1 - - [01/Dec/2023 11:35:38] "[36mGET /static/images/enia.png HTTP/1.1[0m" 304 -
127.0.0.1 - - [01/Dec/2023 11:35:38] "[33mGET /static/fonts/Roboto/Roboto-Regular.woff2 HTTP/1.1[0m" 404 -
127.0.0.1 - - [01/Dec/2023 11:35:38] "[33mGET /static/fonts/Roboto/Roboto-Bold.woff2 HTTP/1.1[0m" 404 -
127.0.0.1 - - [01/Dec/2023 11:35:38] "[36mGET /static/vendors/js/vendor.bundle.base.js HTTP/1.1[0m" 304 -
127.0.0.1 - - [01/Dec/2023 11:35:38] "[36mGET /static/js/off-canvas.js HTTP/1.1[0m" 304 -
127.0.0.1 - - [01/Dec/2023 11:35:38] "[36mGET /static/js/hoverable-collapse.js HTTP/1.1[0m" 304 -
127.0.0.1 - - [01/Dec/2023 11:35:39] "[33mGET /static/fonts/Roboto/Roboto-Light.woff2 HTTP/1.1[0m" 404 -
127.0.0.1 - - [01/Dec/2023 11:35:39] "[33mGET /static/fonts/Roboto/Roboto-Bold.woff HTTP/1.1[0m" 404 -
127.0.0.1 - - [01/Dec/2023 11:35:39] "[36mGET /static/js/settings.js HTTP/1.1[0m" 304 -
127.0.0.1 - - [01/Dec/2023 11:35:39] "[36mGET /static/js/template.js HTTP/1.1[0m" 304 -
127.0.0.1 - - [01/Dec/2023 11:35:39] "[33mGET /static/fonts/Roboto/Roboto-Regular.woff HTTP/1.1[0m" 404 -
127.0.0.1 - - [01/Dec/2023 11:35:39] "[33mGET /static/fonts/Roboto/Roboto-Light.woff HTTP/1.1[0m" 404 -
127.0.0.1 - - [01/Dec/2023 11:35:39] "[33mGET /static/fonts/Roboto/Roboto-Bold.ttf HTTP/1.1[0m" 404 -
127.0.0.1 - - [01/Dec/2023 11:35:39] "[36mGET /static/vendors/progressbar.js/progressbar.min.js HTTP/1.1[0m" 304 -
127.0.0.1 - - [01/Dec/2023 11:35:39] "[36mGET /static/js/todolist.js HTTP/1.1[0m" 304 -
127.0.0.1 - - [01/Dec/2023 11:35:39] "[36mGET /static/vendors/chart.js/Chart.min.js HTTP/1.1[0m" 304 -
127.0.0.1 - - [01/Dec/2023 11:35:39] "[36mGET /static/css/maps/vertical-layout-light/style.css.map HTTP/1.1[0m" 304 -
127.0.0.1 - - [01/Dec/2023 11:35:39] "[33mGET /static/fonts/Roboto/Roboto-Light.ttf HTTP/1.1[0m" 404 -
127.0.0.1 - - [01/Dec/2023 11:35:39] "[33mGET /static/fonts/Roboto/Roboto-Regular.ttf HTTP/1.1[0m" 404 -
127.0.0.1 - - [01/Dec/2023 11:35:39] "[36mGET /static/vendors/js/bootstrap.min.js.map HTTP/1.1[0m" 304 -
127.0.0.1 - - [01/Dec/2023 11:35:39] "[36mGET /static/vendors/progressbar.js/progressbar.min.js.map HTTP/1.1[0m" 304 -
127.0.0.1 - - [01/Dec/2023 11:35:40] "[36mGET /static/images/enia.png HTTP/1.1[0m" 304 -
127.0.0.1 - - [01/Dec/2023 11:36:45] "GET /test HTTP/1.1" 200 -
127.0.0.1 - - [01/Dec/2023 11:36:46] "[36mGET /static/vendors/typicons.font/font/typicons.css HTTP/1.1[0m" 304 -
127.0.0.1 - - [01/Dec/2023 11:36:46] "[36mGET /static/vendors/css/vendor.bundle.base.css HTTP/1.1[0m" 304 -
127.0.0.1 - - [01/Dec/2023 11:36:46] "[36mGET /static/css/vertical-layout-light/style.css HTTP/1.1[0m" 304 -
127.0.0.1 - - [01/Dec/2023 11:36:46] "[36mGET /static/css/nuovo_sensore.css HTTP/1.1[0m" 304 -
127.0.0.1 - - [01/Dec/2023 11:36:46] "[36mGET /static/images/enia.png HTTP/1.1[0m" 304 -
127.0.0.1 - - [01/Dec/2023 11:36:46] "[36mGET /static/vendors/js/vendor.bundle.base.js HTTP/1.1[0m" 304 -
127.0.0.1 - - [01/Dec/2023 11:36:46] "[36mGET /static/js/off-canvas.js HTTP/1.1[0m" 304 -
127.0.0.1 - - [01/Dec/2023 11:36:46] "[36mGET /static/vendors/typicons.font/font/typicons.woff HTTP/1.1[0m" 304 -
127.0.0.1 - - [01/Dec/2023 11:36:46] "[36mGET /static/js/hoverable-collapse.js HTTP/1.1[0m" 304 -
127.0.0.1 - - [01/Dec/2023 11:36:46] "[33mGET /static/fonts/Roboto/Roboto-Bold.woff2 HTTP/1.1[0m" 404 -
127.0.0.1 - - [01/Dec/2023 11:36:46] "[33mGET /static/fonts/Roboto/Roboto-Regular.woff2 HTTP/1.1[0m" 404 -
127.0.0.1 - - [01/Dec/2023 11:36:46] "[33mGET /static/fonts/Roboto/Roboto-Light.woff2 HTTP/1.1[0m" 404 -
127.0.0.1 - - [01/Dec/2023 11:36:46] "[33mGET /static/fonts/Roboto/Roboto-Bold.woff HTTP/1.1[0m" 404 -
127.0.0.1 - - [01/Dec/2023 11:36:46] "[33mGET /static/fonts/Roboto/Roboto-Regular.woff HTTP/1.1[0m" 404 -
127.0.0.1 - - [01/Dec/2023 11:36:47] "[33mGET /static/fonts/Roboto/Roboto-Light.woff HTTP/1.1[0m" 404 -
127.0.0.1 - - [01/Dec/2023 11:36:47] "[36mGET /static/js/template.js HTTP/1.1[0m" 304 -
127.0.0.1 - - [01/Dec/2023 11:36:47] "[33mGET /static/fonts/Roboto/Roboto-Bold.ttf HTTP/1.1[0m" 404 -
127.0.0.1 - - [01/Dec/2023 11:36:47] "[33mGET /static/fonts/Roboto/Roboto-Regular.ttf HTTP/1.1[0m" 404 -
127.0.0.1 - - [01/Dec/2023 11:36:47] "[36mGET /static/js/settings.js HTTP/1.1[0m" 304 -
127.0.0.1 - - [01/Dec/2023 11:36:47] "[33mGET /static/fonts/Roboto/Roboto-Light.ttf HTTP/1.1[0m" 404 -
127.0.0.1 - - [01/Dec/2023 11:36:47] "[36mGET /static/js/todolist.js HTTP/1.1[0m" 304 -
127.0.0.1 - - [01/Dec/2023 11:36:47] "[36mGET /static/vendors/progressbar.js/progressbar.min.js HTTP/1.1[0m" 304 -
127.0.0.1 - - [01/Dec/2023 11:36:47] "[36mGET /static/vendors/chart.js/Chart.min.js HTTP/1.1[0m" 304 -
127.0.0.1 - - [01/Dec/2023 11:36:47] "[36mGET /static/css/maps/vertical-layout-light/style.css.map HTTP/1.1[0m" 304 -
127.0.0.1 - - [01/Dec/2023 11:36:47] "[36mGET /static/vendors/js/bootstrap.min.js.map HTTP/1.1[0m" 304 -
127.0.0.1 - - [01/Dec/2023 11:36:47] "[36mGET /static/vendors/progressbar.js/progressbar.min.js.map HTTP/1.1[0m" 304 -
127.0.0.1 - - [01/Dec/2023 11:36:48] "[36mGET /static/images/enia.png HTTP/1.1[0m" 304 -
127.0.0.1 - - [01/Dec/2023 11:37:15] "GET /test HTTP/1.1" 200 -
127.0.0.1 - - [01/Dec/2023 11:37:15] "[36mGET /static/vendors/typicons.font/font/typicons.css HTTP/1.1[0m" 304 -
127.0.0.1 - - [01/Dec/2023 11:37:15] "[36mGET /static/vendors/css/vendor.bundle.base.css HTTP/1.1[0m" 304 -
127.0.0.1 - - [01/Dec/2023 11:37:15] "[36mGET /static/css/vertical-layout-light/style.css HTTP/1.1[0m" 304 -
127.0.0.1 - - [01/Dec/2023 11:37:15] "[36mGET /static/css/nuovo_sensore.css HTTP/1.1[0m" 304 -
127.0.0.1 - - [01/Dec/2023 11:37:15] "[36mGET /static/vendors/typicons.font/font/typicons.woff HTTP/1.1[0m" 304 -
127.0.0.1 - - [01/Dec/2023 11:37:15] "[36mGET /static/images/enia.png HTTP/1.1[0m" 304 -
127.0.0.1 - - [01/Dec/2023 11:37:16] "[36mGET /static/vendors/js/vendor.bundle.base.js HTTP/1.1[0m" 304 -
127.0.0.1 - - [01/Dec/2023 11:37:16] "[36mGET /static/js/off-canvas.js HTTP/1.1[0m" 304 -
127.0.0.1 - - [01/Dec/2023 11:37:16] "[33mGET /static/fonts/Roboto/Roboto-Regular.woff2 HTTP/1.1[0m" 404 -
127.0.0.1 - - [01/Dec/2023 11:37:16] "[33mGET /static/fonts/Roboto/Roboto-Bold.woff2 HTTP/1.1[0m" 404 -
127.0.0.1 - - [01/Dec/2023 11:37:16] "[36mGET /static/js/hoverable-collapse.js HTTP/1.1[0m" 304 -
127.0.0.1 - - [01/Dec/2023 11:37:16] "[33mGET /static/fonts/Roboto/Roboto-Light.woff2 HTTP/1.1[0m" 404 -
127.0.0.1 - - [01/Dec/2023 11:37:16] "[36mGET /static/js/template.js HTTP/1.1[0m" 304 -
127.0.0.1 - - [01/Dec/2023 11:37:16] "[36mGET /static/js/settings.js HTTP/1.1[0m" 304 -
127.0.0.1 - - [01/Dec/2023 11:37:16] "[33mGET /static/fonts/Roboto/Roboto-Regular.woff HTTP/1.1[0m" 404 -
127.0.0.1 - - [01/Dec/2023 11:37:16] "[33mGET /static/fonts/Roboto/Roboto-Bold.woff HTTP/1.1[0m" 404 -
127.0.0.1 - - [01/Dec/2023 11:37:16] "[36mGET /static/js/todolist.js HTTP/1.1[0m" 304 -
127.0.0.1 - - [01/Dec/2023 11:37:16] "[33mGET /static/fonts/Roboto/Roboto-Light.woff HTTP/1.1[0m" 404 -
127.0.0.1 - - [01/Dec/2023 11:37:16] "[36mGET /static/vendors/progressbar.js/progressbar.min.js HTTP/1.1[0m" 304 -
127.0.0.1 - - [01/Dec/2023 11:37:16] "[36mGET /static/vendors/chart.js/Chart.min.js HTTP/1.1[0m" 304 -
127.0.0.1 - - [01/Dec/2023 11:37:16] "[33mGET /static/fonts/Roboto/Roboto-Light.ttf HTTP/1.1[0m" 404 -
127.0.0.1 - - [01/Dec/2023 11:37:16] "[36mGET /static/css/maps/vertical-layout-light/style.css.map HTTP/1.1[0m" 304 -
127.0.0.1 - - [01/Dec/2023 11:37:16] "[33mGET /static/fonts/Roboto/Roboto-Regular.ttf HTTP/1.1[0m" 404 -
127.0.0.1 - - [01/Dec/2023 11:37:16] "[33mGET /static/fonts/Roboto/Roboto-Bold.ttf HTTP/1.1[0m" 404 -
127.0.0.1 - - [01/Dec/2023 11:37:17] "[36mGET /static/vendors/js/bootstrap.min.js.map HTTP/1.1[0m" 304 -
127.0.0.1 - - [01/Dec/2023 11:37:17] "[36mGET /static/vendors/progressbar.js/progressbar.min.js.map HTTP/1.1[0m" 304 -
127.0.0.1 - - [01/Dec/2023 11:37:17] "[36mGET /static/images/enia.png HTTP/1.1[0m" 304 -
127.0.0.1 - - [01/Dec/2023 11:37:30] "GET /test HTTP/1.1" 200 -
127.0.0.1 - - [01/Dec/2023 11:37:30] "[36mGET /static/vendors/typicons.font/font/typicons.css HTTP/1.1[0m" 304 -
127.0.0.1 - - [01/Dec/2023 11:37:30] "[36mGET /static/vendors/css/vendor.bundle.base.css HTTP/1.1[0m" 304 -
127.0.0.1 - - [01/Dec/2023 11:37:30] "[36mGET /static/css/nuovo_sensore.css HTTP/1.1[0m" 304 -
127.0.0.1 - - [01/Dec/2023 11:37:30] "[36mGET /static/css/vertical-layout-light/style.css HTTP/1.1[0m" 304 -
127.0.0.1 - - [01/Dec/2023 11:37:30] "[36mGET /static/vendors/typicons.font/font/typicons.woff HTTP/1.1[0m" 304 -
127.0.0.1 - - [01/Dec/2023 11:37:30] "[36mGET /static/images/enia.png HTTP/1.1[0m" 304 -
127.0.0.1 - - [01/Dec/2023 11:37:30] "[33mGET /static/fonts/Roboto/Roboto-Bold.woff2 HTTP/1.1[0m" 404 -
127.0.0.1 - - [01/Dec/2023 11:37:30] "[33mGET /static/fonts/Roboto/Roboto-Regular.woff2 HTTP/1.1[0m" 404 -
127.0.0.1 - - [01/Dec/2023 11:37:30] "[36mGET /static/js/hoverable-collapse.js HTTP/1.1[0m" 304 -
127.0.0.1 - - [01/Dec/2023 11:37:30] "[36mGET /static/js/off-canvas.js HTTP/1.1[0m" 304 -
127.0.0.1 - - [01/Dec/2023 11:37:30] "[36mGET /static/vendors/js/vendor.bundle.base.js HTTP/1.1[0m" 304 -
127.0.0.1 - - [01/Dec/2023 11:37:30] "[33mGET /static/fonts/Roboto/Roboto-Light.woff2 HTTP/1.1[0m" 404 -
127.0.0.1 - - [01/Dec/2023 11:37:31] "[33mGET /static/fonts/Roboto/Roboto-Regular.woff HTTP/1.1[0m" 404 -
127.0.0.1 - - [01/Dec/2023 11:37:31] "[33mGET /static/fonts/Roboto/Roboto-Bold.woff HTTP/1.1[0m" 404 -
127.0.0.1 - - [01/Dec/2023 11:37:31] "[36mGET /static/js/template.js HTTP/1.1[0m" 304 -
127.0.0.1 - - [01/Dec/2023 11:37:31] "[36mGET /static/js/settings.js HTTP/1.1[0m" 304 -
127.0.0.1 - - [01/Dec/2023 11:37:31] "[36mGET /static/js/todolist.js HTTP/1.1[0m" 304 -
127.0.0.1 - - [01/Dec/2023 11:37:31] "[33mGET /static/fonts/Roboto/Roboto-Light.woff HTTP/1.1[0m" 404 -
127.0.0.1 - - [01/Dec/2023 11:37:31] "[36mGET /static/vendors/progressbar.js/progressbar.min.js HTTP/1.1[0m" 304 -
127.0.0.1 - - [01/Dec/2023 11:37:31] "[36mGET /static/vendors/chart.js/Chart.min.js HTTP/1.1[0m" 304 -
127.0.0.1 - - [01/Dec/2023 11:37:31] "[33mGET /static/fonts/Roboto/Roboto-Regular.ttf HTTP/1.1[0m" 404 -
127.0.0.1 - - [01/Dec/2023 11:37:31] "[36mGET /static/css/maps/vertical-layout-light/style.css.map HTTP/1.1[0m" 304 -
127.0.0.1 - - [01/Dec/2023 11:37:31] "[33mGET /static/fonts/Roboto/Roboto-Bold.ttf HTTP/1.1[0m" 404 -
127.0.0.1 - - [01/Dec/2023 11:37:31] "[33mGET /static/fonts/Roboto/Roboto-Light.ttf HTTP/1.1[0m" 404 -
127.0.0.1 - - [01/Dec/2023 11:37:31] "[36mGET /static/vendors/js/bootstrap.min.js.map HTTP/1.1[0m" 304 -
127.0.0.1 - - [01/Dec/2023 11:37:31] "[36mGET /static/vendors/progressbar.js/progressbar.min.js.map HTTP/1.1[0m" 304 -
127.0.0.1 - - [01/Dec/2023 11:37:32] "[36mGET /static/images/enia.png HTTP/1.1[0m" 304 -
127.0.0.1 - - [01/Dec/2023 11:43:31] "GET /test HTTP/1.1" 200 -
127.0.0.1 - - [01/Dec/2023 11:43:31] "[36mGET /static/vendors/css/vendor.bundle.base.css HTTP/1.1[0m" 304 -
127.0.0.1 - - [01/Dec/2023 11:43:32] "[36mGET /static/css/vertical-layout-light/style.css HTTP/1.1[0m" 304 -
127.0.0.1 - - [01/Dec/2023 11:43:32] "[36mGET /static/vendors/typicons.font/font/typicons.css HTTP/1.1[0m" 304 -
127.0.0.1 - - [01/Dec/2023 11:43:32] "[36mGET /static/css/nuovo_sensore.css HTTP/1.1[0m" 304 -
127.0.0.1 - - [01/Dec/2023 11:43:32] "[36mGET /static/vendors/js/vendor.bundle.base.js HTTP/1.1[0m" 304 -
127.0.0.1 - - [01/Dec/2023 11:43:32] "[36mGET /static/images/enia.png HTTP/1.1[0m" 304 -
127.0.0.1 - - [01/Dec/2023 11:43:32] "[33mGET /static/fonts/Roboto/Roboto-Regular.woff2 HTTP/1.1[0m" 404 -
127.0.0.1 - - [01/Dec/2023 11:43:32] "[33mGET /static/fonts/Roboto/Roboto-Bold.woff2 HTTP/1.1[0m" 404 -
127.0.0.1 - - [01/Dec/2023 11:43:32] "[36mGET /static/vendors/typicons.font/font/typicons.woff HTTP/1.1[0m" 304 -
127.0.0.1 - - [01/Dec/2023 11:43:32] "[33mGET /static/fonts/Roboto/Roboto-Light.woff2 HTTP/1.1[0m" 404 -
127.0.0.1 - - [01/Dec/2023 11:43:32] "[33mGET /static/fonts/Roboto/Roboto-Regular.woff HTTP/1.1[0m" 404 -
127.0.0.1 - - [01/Dec/2023 11:43:32] "[33mGET /static/fonts/Roboto/Roboto-Bold.woff HTTP/1.1[0m" 404 -
127.0.0.1 - - [01/Dec/2023 11:43:32] "[33mGET /static/fonts/Roboto/Roboto-Regular.ttf HTTP/1.1[0m" 404 -
127.0.0.1 - - [01/Dec/2023 11:43:32] "[33mGET /static/fonts/Roboto/Roboto-Light.woff HTTP/1.1[0m" 404 -
127.0.0.1 - - [01/Dec/2023 11:43:32] "[33mGET /static/fonts/Roboto/Roboto-Bold.ttf HTTP/1.1[0m" 404 -
127.0.0.1 - - [01/Dec/2023 11:43:32] "[36mGET /static/js/off-canvas.js HTTP/1.1[0m" 304 -
127.0.0.1 - - [01/Dec/2023 11:43:32] "[36mGET /static/js/hoverable-collapse.js HTTP/1.1[0m" 304 -
127.0.0.1 - - [01/Dec/2023 11:43:32] "[33mGET /static/fonts/Roboto/Roboto-Light.ttf HTTP/1.1[0m" 404 -
127.0.0.1 - - [01/Dec/2023 11:43:33] "[36mGET /static/js/template.js HTTP/1.1[0m" 304 -
127.0.0.1 - - [01/Dec/2023 11:43:33] "[36mGET /static/js/settings.js HTTP/1.1[0m" 304 -
127.0.0.1 - - [01/Dec/2023 11:43:33] "[36mGET /static/js/todolist.js HTTP/1.1[0m" 304 -
127.0.0.1 - - [01/Dec/2023 11:43:33] "[36mGET /static/vendors/progressbar.js/progressbar.min.js HTTP/1.1[0m" 304 -
127.0.0.1 - - [01/Dec/2023 11:43:33] "[36mGET /static/vendors/chart.js/Chart.min.js HTTP/1.1[0m" 304 -
127.0.0.1 - - [01/Dec/2023 11:43:33] "[36mGET /static/css/maps/vertical-layout-light/style.css.map HTTP/1.1[0m" 304 -
127.0.0.1 - - [01/Dec/2023 11:43:33] "[36mGET /static/vendors/js/bootstrap.min.js.map HTTP/1.1[0m" 304 -
127.0.0.1 - - [01/Dec/2023 11:43:33] "[36mGET /static/vendors/progressbar.js/progressbar.min.js.map HTTP/1.1[0m" 304 -
127.0.0.1 - - [01/Dec/2023 11:43:33] "[36mGET /static/images/enia.png HTTP/1.1[0m" 304 -
127.0.0.1 - - [01/Dec/2023 11:43:58] "GET /test HTTP/1.1" 200 -
127.0.0.1 - - [01/Dec/2023 11:43:58] "[36mGET /static/vendors/typicons.font/font/typicons.css HTTP/1.1[0m" 304 -
127.0.0.1 - - [01/Dec/2023 11:43:58] "[36mGET /static/vendors/css/vendor.bundle.base.css HTTP/1.1[0m" 304 -
127.0.0.1 - - [01/Dec/2023 11:43:58] "[36mGET /static/css/nuovo_sensore.css HTTP/1.1[0m" 304 -
127.0.0.1 - - [01/Dec/2023 11:43:58] "[36mGET /static/css/vertical-layout-light/style.css HTTP/1.1[0m" 304 -
127.0.0.1 - - [01/Dec/2023 11:43:58] "[36mGET /static/vendors/typicons.font/font/typicons.woff HTTP/1.1[0m" 304 -
127.0.0.1 - - [01/Dec/2023 11:43:58] "[36mGET /static/images/enia.png HTTP/1.1[0m" 304 -
127.0.0.1 - - [01/Dec/2023 11:43:58] "[33mGET /static/fonts/Roboto/Roboto-Regular.woff2 HTTP/1.1[0m" 404 -
127.0.0.1 - - [01/Dec/2023 11:43:58] "[33mGET /static/fonts/Roboto/Roboto-Bold.woff2 HTTP/1.1[0m" 404 -
127.0.0.1 - - [01/Dec/2023 11:43:59] "[33mGET /static/fonts/Roboto/Roboto-Light.woff2 HTTP/1.1[0m" 404 -
127.0.0.1 - - [01/Dec/2023 11:43:59] "[33mGET /static/fonts/Roboto/Roboto-Regular.woff HTTP/1.1[0m" 404 -
127.0.0.1 - - [01/Dec/2023 11:43:59] "[33mGET /static/fonts/Roboto/Roboto-Bold.woff HTTP/1.1[0m" 404 -
127.0.0.1 - - [01/Dec/2023 11:43:59] "[36mGET /static/vendors/js/vendor.bundle.base.js HTTP/1.1[0m" 304 -
127.0.0.1 - - [01/Dec/2023 11:43:59] "[33mGET /static/fonts/Roboto/Roboto-Light.woff HTTP/1.1[0m" 404 -
127.0.0.1 - - [01/Dec/2023 11:43:59] "[33mGET /static/fonts/Roboto/Roboto-Regular.ttf HTTP/1.1[0m" 404 -
127.0.0.1 - - [01/Dec/2023 11:43:59] "[36mGET /static/js/off-canvas.js HTTP/1.1[0m" 304 -
127.0.0.1 - - [01/Dec/2023 11:43:59] "[36mGET /static/js/hoverable-collapse.js HTTP/1.1[0m" 304 -
127.0.0.1 - - [01/Dec/2023 11:43:59] "[33mGET /static/fonts/Roboto/Roboto-Light.ttf HTTP/1.1[0m" 404 -
127.0.0.1 - - [01/Dec/2023 11:43:59] "[33mGET /static/fonts/Roboto/Roboto-Bold.ttf HTTP/1.1[0m" 404 -
127.0.0.1 - - [01/Dec/2023 11:43:59] "[36mGET /static/js/template.js HTTP/1.1[0m" 304 -
127.0.0.1 - - [01/Dec/2023 11:43:59] "[36mGET /static/js/settings.js HTTP/1.1[0m" 304 -
127.0.0.1 - - [01/Dec/2023 11:43:59] "[36mGET /static/js/todolist.js HTTP/1.1[0m" 304 -
127.0.0.1 - - [01/Dec/2023 11:43:59] "[36mGET /static/vendors/progressbar.js/progressbar.min.js HTTP/1.1[0m" 304 -
127.0.0.1 - - [01/Dec/2023 11:43:59] "[36mGET /static/vendors/chart.js/Chart.min.js HTTP/1.1[0m" 304 -
127.0.0.1 - - [01/Dec/2023 11:43:59] "[36mGET /static/css/maps/vertical-layout-light/style.css.map HTTP/1.1[0m" 304 -
127.0.0.1 - - [01/Dec/2023 11:43:59] "[36mGET /static/vendors/js/bootstrap.min.js.map HTTP/1.1[0m" 304 -
127.0.0.1 - - [01/Dec/2023 11:44:00] "[36mGET /static/vendors/progressbar.js/progressbar.min.js.map HTTP/1.1[0m" 304 -
127.0.0.1 - - [01/Dec/2023 11:44:00] "[36mGET /static/images/enia.png HTTP/1.1[0m" 304 -
127.0.0.1 - - [01/Dec/2023 11:45:26] "GET /test HTTP/1.1" 200 -
127.0.0.1 - - [01/Dec/2023 11:45:26] "[36mGET /static/vendors/typicons.font/font/typicons.css HTTP/1.1[0m" 304 -
127.0.0.1 - - [01/Dec/2023 11:45:26] "[36mGET /static/vendors/css/vendor.bundle.base.css HTTP/1.1[0m" 304 -
127.0.0.1 - - [01/Dec/2023 11:45:26] "[36mGET /static/css/vertical-layout-light/style.css HTTP/1.1[0m" 304 -
127.0.0.1 - - [01/Dec/2023 11:45:26] "[36mGET /static/css/nuovo_sensore.css HTTP/1.1[0m" 304 -
127.0.0.1 - - [01/Dec/2023 11:45:26] "[36mGET /static/images/enia.png HTTP/1.1[0m" 304 -
127.0.0.1 - - [01/Dec/2023 11:45:26] "[36mGET /static/vendors/js/vendor.bundle.base.js HTTP/1.1[0m" 304 -
127.0.0.1 - - [01/Dec/2023 11:45:26] "[36mGET /static/vendors/typicons.font/font/typicons.woff HTTP/1.1[0m" 304 -
127.0.0.1 - - [01/Dec/2023 11:45:26] "[33mGET /static/fonts/Roboto/Roboto-Bold.woff2 HTTP/1.1[0m" 404 -
127.0.0.1 - - [01/Dec/2023 11:45:26] "[36mGET /static/js/off-canvas.js HTTP/1.1[0m" 304 -
127.0.0.1 - - [01/Dec/2023 11:45:26] "[33mGET /static/fonts/Roboto/Roboto-Light.woff2 HTTP/1.1[0m" 404 -
127.0.0.1 - - [01/Dec/2023 11:45:26] "[33mGET /static/fonts/Roboto/Roboto-Regular.woff2 HTTP/1.1[0m" 404 -
127.0.0.1 - - [01/Dec/2023 11:45:26] "[33mGET /static/fonts/Roboto/Roboto-Bold.woff HTTP/1.1[0m" 404 -
127.0.0.1 - - [01/Dec/2023 11:45:27] "[33mGET /static/fonts/Roboto/Roboto-Light.woff HTTP/1.1[0m" 404 -
127.0.0.1 - - [01/Dec/2023 11:45:27] "[33mGET /static/fonts/Roboto/Roboto-Regular.woff HTTP/1.1[0m" 404 -
127.0.0.1 - - [01/Dec/2023 11:45:27] "[36mGET /static/js/hoverable-collapse.js HTTP/1.1[0m" 304 -
127.0.0.1 - - [01/Dec/2023 11:45:27] "[33mGET /static/fonts/Roboto/Roboto-Bold.ttf HTTP/1.1[0m" 404 -
127.0.0.1 - - [01/Dec/2023 11:45:27] "[33mGET /static/fonts/Roboto/Roboto-Regular.ttf HTTP/1.1[0m" 404 -
127.0.0.1 - - [01/Dec/2023 11:45:27] "[33mGET /static/fonts/Roboto/Roboto-Light.ttf HTTP/1.1[0m" 404 -
127.0.0.1 - - [01/Dec/2023 11:45:27] "[36mGET /static/js/template.js HTTP/1.1[0m" 304 -
127.0.0.1 - - [01/Dec/2023 11:45:27] "[36mGET /static/js/settings.js HTTP/1.1[0m" 304 -
127.0.0.1 - - [01/Dec/2023 11:45:27] "[36mGET /static/js/todolist.js HTTP/1.1[0m" 304 -
127.0.0.1 - - [01/Dec/2023 11:45:27] "[36mGET /static/vendors/progressbar.js/progressbar.min.js HTTP/1.1[0m" 304 -
127.0.0.1 - - [01/Dec/2023 11:45:27] "[36mGET /static/vendors/chart.js/Chart.min.js HTTP/1.1[0m" 304 -
127.0.0.1 - - [01/Dec/2023 11:45:28] "[36mGET /static/images/enia.png HTTP/1.1[0m" 304 -
127.0.0.1 - - [01/Dec/2023 11:46:28] "GET /test HTTP/1.1" 200 -
127.0.0.1 - - [01/Dec/2023 11:46:28] "[36mGET /static/vendors/typicons.font/font/typicons.css HTTP/1.1[0m" 304 -
127.0.0.1 - - [01/Dec/2023 11:46:28] "[36mGET /static/vendors/css/vendor.bundle.base.css HTTP/1.1[0m" 304 -
127.0.0.1 - - [01/Dec/2023 11:46:28] "[36mGET /static/css/nuovo_sensore.css HTTP/1.1[0m" 304 -
127.0.0.1 - - [01/Dec/2023 11:46:28] "[36mGET /static/images/enia.png HTTP/1.1[0m" 304 -
127.0.0.1 - - [01/Dec/2023 11:46:28] "[36mGET /static/css/vertical-layout-light/style.css HTTP/1.1[0m" 304 -
127.0.0.1 - - [01/Dec/2023 11:46:28] "[36mGET /static/vendors/js/vendor.bundle.base.js HTTP/1.1[0m" 304 -
127.0.0.1 - - [01/Dec/2023 11:46:28] "[36mGET /static/js/off-canvas.js HTTP/1.1[0m" 304 -
127.0.0.1 - - [01/Dec/2023 11:46:28] "[36mGET /static/vendors/typicons.font/font/typicons.woff HTTP/1.1[0m" 304 -
127.0.0.1 - - [01/Dec/2023 11:46:28] "[36mGET /static/js/hoverable-collapse.js HTTP/1.1[0m" 304 -
127.0.0.1 - - [01/Dec/2023 11:46:28] "[36mGET /static/js/template.js HTTP/1.1[0m" 304 -
127.0.0.1 - - [01/Dec/2023 11:46:28] "[33mGET /static/fonts/Roboto/Roboto-Bold.woff2 HTTP/1.1[0m" 404 -
127.0.0.1 - - [01/Dec/2023 11:46:28] "[33mGET /static/fonts/Roboto/Roboto-Regular.woff2 HTTP/1.1[0m" 404 -
127.0.0.1 - - [01/Dec/2023 11:46:28] "[33mGET /static/fonts/Roboto/Roboto-Light.woff2 HTTP/1.1[0m" 404 -
127.0.0.1 - - [01/Dec/2023 11:46:28] "[33mGET /static/fonts/Roboto/Roboto-Bold.woff HTTP/1.1[0m" 404 -
127.0.0.1 - - [01/Dec/2023 11:46:29] "[33mGET /static/fonts/Roboto/Roboto-Light.woff HTTP/1.1[0m" 404 -
127.0.0.1 - - [01/Dec/2023 11:46:29] "[33mGET /static/fonts/Roboto/Roboto-Regular.woff HTTP/1.1[0m" 404 -
127.0.0.1 - - [01/Dec/2023 11:46:29] "[36mGET /static/js/settings.js HTTP/1.1[0m" 304 -
127.0.0.1 - - [01/Dec/2023 11:46:29] "[36mGET /static/js/todolist.js HTTP/1.1[0m" 304 -
127.0.0.1 - - [01/Dec/2023 11:46:29] "[33mGET /static/fonts/Roboto/Roboto-Bold.ttf HTTP/1.1[0m" 404 -
127.0.0.1 - - [01/Dec/2023 11:46:29] "[33mGET /static/fonts/Roboto/Roboto-Light.ttf HTTP/1.1[0m" 404 -
127.0.0.1 - - [01/Dec/2023 11:46:29] "[36mGET /static/vendors/progressbar.js/progressbar.min.js HTTP/1.1[0m" 304 -
127.0.0.1 - - [01/Dec/2023 11:46:29] "[36mGET /static/vendors/chart.js/Chart.min.js HTTP/1.1[0m" 304 -
127.0.0.1 - - [01/Dec/2023 11:46:29] "[33mGET /static/fonts/Roboto/Roboto-Regular.ttf HTTP/1.1[0m" 404 -
127.0.0.1 - - [01/Dec/2023 11:46:29] "[36mGET /static/images/enia.png HTTP/1.1[0m" 304 -
127.0.0.1 - - [01/Dec/2023 11:46:51] "GET /test HTTP/1.1" 200 -
127.0.0.1 - - [01/Dec/2023 11:46:51] "[36mGET /static/vendors/typicons.font/font/typicons.css HTTP/1.1[0m" 304 -
127.0.0.1 - - [01/Dec/2023 11:46:51] "[36mGET /static/vendors/css/vendor.bundle.base.css HTTP/1.1[0m" 304 -
127.0.0.1 - - [01/Dec/2023 11:46:51] "[36mGET /static/vendors/js/vendor.bundle.base.js HTTP/1.1[0m" 304 -
127.0.0.1 - - [01/Dec/2023 11:46:51] "[36mGET /static/images/enia.png HTTP/1.1[0m" 304 -
127.0.0.1 - - [01/Dec/2023 11:46:51] "[36mGET /static/css/nuovo_sensore.css HTTP/1.1[0m" 304 -
127.0.0.1 - - [01/Dec/2023 11:46:51] "[36mGET /static/css/vertical-layout-light/style.css HTTP/1.1[0m" 304 -
127.0.0.1 - - [01/Dec/2023 11:46:51] "[36mGET /static/js/off-canvas.js HTTP/1.1[0m" 304 -
127.0.0.1 - - [01/Dec/2023 11:46:52] "[36mGET /static/vendors/typicons.font/font/typicons.woff HTTP/1.1[0m" 304 -
127.0.0.1 - - [01/Dec/2023 11:46:52] "[36mGET /static/js/hoverable-collapse.js HTTP/1.1[0m" 304 -
127.0.0.1 - - [01/Dec/2023 11:46:52] "[36mGET /static/js/template.js HTTP/1.1[0m" 304 -
127.0.0.1 - - [01/Dec/2023 11:46:52] "[33mGET /static/fonts/Roboto/Roboto-Bold.woff2 HTTP/1.1[0m" 404 -
127.0.0.1 - - [01/Dec/2023 11:46:52] "[33mGET /static/fonts/Roboto/Roboto-Regular.woff2 HTTP/1.1[0m" 404 -
127.0.0.1 - - [01/Dec/2023 11:46:52] "[33mGET /static/fonts/Roboto/Roboto-Light.woff2 HTTP/1.1[0m" 404 -
127.0.0.1 - - [01/Dec/2023 11:46:52] "[33mGET /static/fonts/Roboto/Roboto-Bold.woff HTTP/1.1[0m" 404 -
127.0.0.1 - - [01/Dec/2023 11:46:52] "[33mGET /static/fonts/Roboto/Roboto-Regular.woff HTTP/1.1[0m" 404 -
127.0.0.1 - - [01/Dec/2023 11:46:52] "[36mGET /static/js/settings.js HTTP/1.1[0m" 304 -
127.0.0.1 - - [01/Dec/2023 11:46:52] "[33mGET /static/fonts/Roboto/Roboto-Light.woff HTTP/1.1[0m" 404 -
127.0.0.1 - - [01/Dec/2023 11:46:52] "[33mGET /static/fonts/Roboto/Roboto-Regular.ttf HTTP/1.1[0m" 404 -
127.0.0.1 - - [01/Dec/2023 11:46:52] "[33mGET /static/fonts/Roboto/Roboto-Bold.ttf HTTP/1.1[0m" 404 -
127.0.0.1 - - [01/Dec/2023 11:46:52] "[33mGET /static/fonts/Roboto/Roboto-Light.ttf HTTP/1.1[0m" 404 -
127.0.0.1 - - [01/Dec/2023 11:46:52] "[36mGET /static/js/todolist.js HTTP/1.1[0m" 304 -
127.0.0.1 - - [01/Dec/2023 11:46:52] "[36mGET /static/vendors/progressbar.js/progressbar.min.js HTTP/1.1[0m" 304 -
127.0.0.1 - - [01/Dec/2023 11:46:52] "[36mGET /static/vendors/chart.js/Chart.min.js HTTP/1.1[0m" 304 -
127.0.0.1 - - [01/Dec/2023 11:46:53] "[36mGET /static/images/enia.png HTTP/1.1[0m" 304 -
127.0.0.1 - - [01/Dec/2023 11:47:13] "GET /test HTTP/1.1" 200 -
127.0.0.1 - - [01/Dec/2023 11:47:13] "[36mGET /static/vendors/typicons.font/font/typicons.css HTTP/1.1[0m" 304 -
127.0.0.1 - - [01/Dec/2023 11:47:13] "[36mGET /static/vendors/css/vendor.bundle.base.css HTTP/1.1[0m" 304 -
127.0.0.1 - - [01/Dec/2023 11:47:13] "[36mGET /static/css/vertical-layout-light/style.css HTTP/1.1[0m" 304 -
127.0.0.1 - - [01/Dec/2023 11:47:13] "[36mGET /static/css/nuovo_sensore.css HTTP/1.1[0m" 304 -
127.0.0.1 - - [01/Dec/2023 11:47:13] "[36mGET /static/images/enia.png HTTP/1.1[0m" 304 -
127.0.0.1 - - [01/Dec/2023 11:47:13] "[36mGET /static/vendors/js/vendor.bundle.base.js HTTP/1.1[0m" 304 -
127.0.0.1 - - [01/Dec/2023 11:47:13] "[36mGET /static/js/off-canvas.js HTTP/1.1[0m" 304 -
127.0.0.1 - - [01/Dec/2023 11:47:13] "[36mGET /static/vendors/typicons.font/font/typicons.woff HTTP/1.1[0m" 304 -
127.0.0.1 - - [01/Dec/2023 11:47:13] "[36mGET /static/js/hoverable-collapse.js HTTP/1.1[0m" 304 -
127.0.0.1 - - [01/Dec/2023 11:47:13] "[33mGET /static/fonts/Roboto/Roboto-Bold.woff2 HTTP/1.1[0m" 404 -
127.0.0.1 - - [01/Dec/2023 11:47:13] "[36mGET /static/js/template.js HTTP/1.1[0m" 304 -
127.0.0.1 - - [01/Dec/2023 11:47:13] "[33mGET /static/fonts/Roboto/Roboto-Regular.woff2 HTTP/1.1[0m" 404 -
127.0.0.1 - - [01/Dec/2023 11:47:13] "[33mGET /static/fonts/Roboto/Roboto-Light.woff2 HTTP/1.1[0m" 404 -
127.0.0.1 - - [01/Dec/2023 11:47:13] "[33mGET /static/fonts/Roboto/Roboto-Bold.woff HTTP/1.1[0m" 404 -
127.0.0.1 - - [01/Dec/2023 11:47:14] "[36mGET /static/js/todolist.js HTTP/1.1[0m" 304 -
127.0.0.1 - - [01/Dec/2023 11:47:14] "[36mGET /static/js/settings.js HTTP/1.1[0m" 304 -
127.0.0.1 - - [01/Dec/2023 11:47:14] "[33mGET /static/fonts/Roboto/Roboto-Regular.woff HTTP/1.1[0m" 404 -
127.0.0.1 - - [01/Dec/2023 11:47:14] "[33mGET /static/fonts/Roboto/Roboto-Light.woff HTTP/1.1[0m" 404 -
127.0.0.1 - - [01/Dec/2023 11:47:14] "[33mGET /static/fonts/Roboto/Roboto-Bold.ttf HTTP/1.1[0m" 404 -
127.0.0.1 - - [01/Dec/2023 11:47:14] "[33mGET /static/fonts/Roboto/Roboto-Regular.ttf HTTP/1.1[0m" 404 -
127.0.0.1 - - [01/Dec/2023 11:47:14] "[36mGET /static/vendors/progressbar.js/progressbar.min.js HTTP/1.1[0m" 304 -
127.0.0.1 - - [01/Dec/2023 11:47:14] "[36mGET /static/vendors/chart.js/Chart.min.js HTTP/1.1[0m" 304 -
127.0.0.1 - - [01/Dec/2023 11:47:14] "[33mGET /static/fonts/Roboto/Roboto-Light.ttf HTTP/1.1[0m" 404 -
127.0.0.1 - - [01/Dec/2023 11:47:14] "[36mGET /static/images/enia.png HTTP/1.1[0m" 304 -
127.0.0.1 - - [01/Dec/2023 11:47:26] "[36mGET /static/css/vertical-layout-light/style.css HTTP/1.1[0m" 304 -
127.0.0.1 - - [01/Dec/2023 11:47:26] "[36mGET /static/vendors/typicons.font/font/typicons.css HTTP/1.1[0m" 304 -
127.0.0.1 - - [01/Dec/2023 11:47:26] "[36mGET /static/vendors/css/vendor.bundle.base.css HTTP/1.1[0m" 304 -
127.0.0.1 - - [01/Dec/2023 11:47:26] "[36mGET /static/css/nuovo_sensore.css HTTP/1.1[0m" 304 -
127.0.0.1 - - [01/Dec/2023 11:47:26] "[36mGET /static/vendors/js/bootstrap.min.js.map HTTP/1.1[0m" 304 -
127.0.0.1 - - [01/Dec/2023 11:47:26] "[36mGET /static/vendors/progressbar.js/progressbar.min.js.map HTTP/1.1[0m" 304 -
127.0.0.1 - - [01/Dec/2023 11:47:26] "[36mGET /static/css/maps/vertical-layout-light/style.css.map HTTP/1.1[0m" 304 -
127.0.0.1 - - [01/Dec/2023 11:47:53] "GET /test HTTP/1.1" 200 -
127.0.0.1 - - [01/Dec/2023 11:47:53] "[36mGET /static/vendors/typicons.font/font/typicons.css HTTP/1.1[0m" 304 -
127.0.0.1 - - [01/Dec/2023 11:47:53] "[36mGET /static/vendors/css/vendor.bundle.base.css HTTP/1.1[0m" 304 -
127.0.0.1 - - [01/Dec/2023 11:47:54] "[36mGET /static/css/vertical-layout-light/style.css HTTP/1.1[0m" 304 -
127.0.0.1 - - [01/Dec/2023 11:47:54] "[36mGET /static/css/nuovo_sensore.css HTTP/1.1[0m" 304 -
127.0.0.1 - - [01/Dec/2023 11:47:54] "[36mGET /static/vendors/js/vendor.bundle.base.js HTTP/1.1[0m" 304 -
127.0.0.1 - - [01/Dec/2023 11:47:54] "[36mGET /static/images/enia.png HTTP/1.1[0m" 304 -
127.0.0.1 - - [01/Dec/2023 11:47:54] "[36mGET /static/vendors/typicons.font/font/typicons.woff HTTP/1.1[0m" 304 -
127.0.0.1 - - [01/Dec/2023 11:47:54] "[33mGET /static/fonts/Roboto/Roboto-Regular.woff2 HTTP/1.1[0m" 404 -
127.0.0.1 - - [01/Dec/2023 11:47:54] "[36mGET /static/js/off-canvas.js HTTP/1.1[0m" 304 -
127.0.0.1 - - [01/Dec/2023 11:47:54] "[36mGET /static/js/hoverable-collapse.js HTTP/1.1[0m" 304 -
127.0.0.1 - - [01/Dec/2023 11:47:54] "[33mGET /static/fonts/Roboto/Roboto-Bold.woff2 HTTP/1.1[0m" 404 -
127.0.0.1 - - [01/Dec/2023 11:47:54] "[33mGET /static/fonts/Roboto/Roboto-Light.woff2 HTTP/1.1[0m" 404 -
127.0.0.1 - - [01/Dec/2023 11:47:54] "[33mGET /static/fonts/Roboto/Roboto-Regular.woff HTTP/1.1[0m" 404 -
127.0.0.1 - - [01/Dec/2023 11:47:54] "[33mGET /static/fonts/Roboto/Roboto-Bold.woff HTTP/1.1[0m" 404 -
127.0.0.1 - - [01/Dec/2023 11:47:54] "[33mGET /static/fonts/Roboto/Roboto-Light.woff HTTP/1.1[0m" 404 -
127.0.0.1 - - [01/Dec/2023 11:47:54] "[33mGET /static/fonts/Roboto/Roboto-Bold.ttf HTTP/1.1[0m" 404 -
127.0.0.1 - - [01/Dec/2023 11:47:54] "[33mGET /static/fonts/Roboto/Roboto-Regular.ttf HTTP/1.1[0m" 404 -
127.0.0.1 - - [01/Dec/2023 11:47:54] "[36mGET /static/js/template.js HTTP/1.1[0m" 304 -
127.0.0.1 - - [01/Dec/2023 11:47:55] "[33mGET /static/fonts/Roboto/Roboto-Light.ttf HTTP/1.1[0m" 404 -
127.0.0.1 - - [01/Dec/2023 11:47:55] "[36mGET /static/js/settings.js HTTP/1.1[0m" 304 -
127.0.0.1 - - [01/Dec/2023 11:47:55] "[36mGET /static/js/todolist.js HTTP/1.1[0m" 304 -
127.0.0.1 - - [01/Dec/2023 11:47:55] "[36mGET /static/vendors/progressbar.js/progressbar.min.js HTTP/1.1[0m" 304 -
127.0.0.1 - - [01/Dec/2023 11:47:55] "[36mGET /static/vendors/chart.js/Chart.min.js HTTP/1.1[0m" 304 -
127.0.0.1 - - [01/Dec/2023 11:47:55] "[36mGET /static/css/maps/vertical-layout-light/style.css.map HTTP/1.1[0m" 304 -
127.0.0.1 - - [01/Dec/2023 11:47:55] "[36mGET /static/vendors/js/bootstrap.min.js.map HTTP/1.1[0m" 304 -
127.0.0.1 - - [01/Dec/2023 11:47:55] "[36mGET /static/vendors/progressbar.js/progressbar.min.js.map HTTP/1.1[0m" 304 -
127.0.0.1 - - [01/Dec/2023 11:47:55] "[36mGET /static/images/enia.png HTTP/1.1[0m" 304 -
127.0.0.1 - - [01/Dec/2023 11:48:19] "GET /test HTTP/1.1" 200 -
127.0.0.1 - - [01/Dec/2023 11:48:19] "[36mGET /static/vendors/typicons.font/font/typicons.css HTTP/1.1[0m" 304 -
127.0.0.1 - - [01/Dec/2023 11:48:19] "[36mGET /static/vendors/css/vendor.bundle.base.css HTTP/1.1[0m" 304 -
127.0.0.1 - - [01/Dec/2023 11:48:19] "[36mGET /static/css/vertical-layout-light/style.css HTTP/1.1[0m" 304 -
127.0.0.1 - - [01/Dec/2023 11:48:19] "[36mGET /static/css/nuovo_sensore.css HTTP/1.1[0m" 304 -
127.0.0.1 - - [01/Dec/2023 11:48:19] "[36mGET /static/vendors/typicons.font/font/typicons.woff HTTP/1.1[0m" 304 -
127.0.0.1 - - [01/Dec/2023 11:48:19] "[36mGET /static/images/enia.png HTTP/1.1[0m" 304 -
127.0.0.1 - - [01/Dec/2023 11:48:19] "[33mGET /static/fonts/Roboto/Roboto-Regular.woff2 HTTP/1.1[0m" 404 -
127.0.0.1 - - [01/Dec/2023 11:48:19] "[33mGET /static/fonts/Roboto/Roboto-Bold.woff2 HTTP/1.1[0m" 404 -
127.0.0.1 - - [01/Dec/2023 11:48:19] "[36mGET /static/vendors/js/vendor.bundle.base.js HTTP/1.1[0m" 304 -
127.0.0.1 - - [01/Dec/2023 11:48:19] "[33mGET /static/fonts/Roboto/Roboto-Bold.woff HTTP/1.1[0m" 404 -
127.0.0.1 - - [01/Dec/2023 11:48:19] "[33mGET /static/fonts/Roboto/Roboto-Light.woff2 HTTP/1.1[0m" 404 -
127.0.0.1 - - [01/Dec/2023 11:48:19] "[33mGET /static/fonts/Roboto/Roboto-Regular.woff HTTP/1.1[0m" 404 -
127.0.0.1 - - [01/Dec/2023 11:48:20] "[33mGET /static/fonts/Roboto/Roboto-Bold.ttf HTTP/1.1[0m" 404 -
127.0.0.1 - - [01/Dec/2023 11:48:20] "[33mGET /static/fonts/Roboto/Roboto-Light.woff HTTP/1.1[0m" 404 -
127.0.0.1 - - [01/Dec/2023 11:48:20] "[33mGET /static/fonts/Roboto/Roboto-Regular.ttf HTTP/1.1[0m" 404 -
127.0.0.1 - - [01/Dec/2023 11:48:20] "[36mGET /static/js/hoverable-collapse.js HTTP/1.1[0m" 304 -
127.0.0.1 - - [01/Dec/2023 11:48:20] "[36mGET /static/js/off-canvas.js HTTP/1.1[0m" 304 -
127.0.0.1 - - [01/Dec/2023 11:48:20] "[33mGET /static/fonts/Roboto/Roboto-Light.ttf HTTP/1.1[0m" 404 -
127.0.0.1 - - [01/Dec/2023 11:48:20] "[36mGET /static/js/template.js HTTP/1.1[0m" 304 -
127.0.0.1 - - [01/Dec/2023 11:48:20] "[36mGET /static/js/settings.js HTTP/1.1[0m" 304 -
127.0.0.1 - - [01/Dec/2023 11:48:20] "[36mGET /static/js/todolist.js HTTP/1.1[0m" 304 -
127.0.0.1 - - [01/Dec/2023 11:48:20] "[36mGET /static/vendors/progressbar.js/progressbar.min.js HTTP/1.1[0m" 304 -
127.0.0.1 - - [01/Dec/2023 11:48:20] "[36mGET /static/vendors/chart.js/Chart.min.js HTTP/1.1[0m" 304 -
127.0.0.1 - - [01/Dec/2023 11:48:20] "[36mGET /static/css/maps/vertical-layout-light/style.css.map HTTP/1.1[0m" 304 -
127.0.0.1 - - [01/Dec/2023 11:48:20] "[36mGET /static/vendors/js/bootstrap.min.js.map HTTP/1.1[0m" 304 -
127.0.0.1 - - [01/Dec/2023 11:48:20] "[36mGET /static/vendors/progressbar.js/progressbar.min.js.map HTTP/1.1[0m" 304 -
127.0.0.1 - - [01/Dec/2023 11:48:21] "[36mGET /static/images/enia.png HTTP/1.1[0m" 304 -
127.0.0.1 - - [01/Dec/2023 11:48:48] "GET /test HTTP/1.1" 200 -
127.0.0.1 - - [01/Dec/2023 11:48:48] "[36mGET /static/vendors/typicons.font/font/typicons.css HTTP/1.1[0m" 304 -
127.0.0.1 - - [01/Dec/2023 11:48:48] "[36mGET /static/vendors/css/vendor.bundle.base.css HTTP/1.1[0m" 304 -
127.0.0.1 - - [01/Dec/2023 11:48:49] "[36mGET /static/css/nuovo_sensore.css HTTP/1.1[0m" 304 -
127.0.0.1 - - [01/Dec/2023 11:48:49] "[36mGET /static/images/enia.png HTTP/1.1[0m" 304 -
127.0.0.1 - - [01/Dec/2023 11:48:49] "[36mGET /static/css/vertical-layout-light/style.css HTTP/1.1[0m" 304 -
127.0.0.1 - - [01/Dec/2023 11:48:49] "[36mGET /static/vendors/typicons.font/font/typicons.woff HTTP/1.1[0m" 304 -
127.0.0.1 - - [01/Dec/2023 11:48:49] "[33mGET /static/fonts/Roboto/Roboto-Regular.woff2 HTTP/1.1[0m" 404 -
127.0.0.1 - - [01/Dec/2023 11:48:49] "[33mGET /static/fonts/Roboto/Roboto-Bold.woff2 HTTP/1.1[0m" 404 -
127.0.0.1 - - [01/Dec/2023 11:48:49] "[36mGET /static/vendors/js/vendor.bundle.base.js HTTP/1.1[0m" 304 -
127.0.0.1 - - [01/Dec/2023 11:48:49] "[33mGET /static/fonts/Roboto/Roboto-Light.woff2 HTTP/1.1[0m" 404 -
127.0.0.1 - - [01/Dec/2023 11:48:49] "[33mGET /static/fonts/Roboto/Roboto-Bold.woff HTTP/1.1[0m" 404 -
127.0.0.1 - - [01/Dec/2023 11:48:49] "[33mGET /static/fonts/Roboto/Roboto-Regular.woff HTTP/1.1[0m" 404 -
127.0.0.1 - - [01/Dec/2023 11:48:49] "[33mGET /static/fonts/Roboto/Roboto-Light.woff HTTP/1.1[0m" 404 -
127.0.0.1 - - [01/Dec/2023 11:48:49] "[33mGET /static/fonts/Roboto/Roboto-Bold.ttf HTTP/1.1[0m" 404 -
127.0.0.1 - - [01/Dec/2023 11:48:49] "[33mGET /static/fonts/Roboto/Roboto-Regular.ttf HTTP/1.1[0m" 404 -
127.0.0.1 - - [01/Dec/2023 11:48:49] "[36mGET /static/js/off-canvas.js HTTP/1.1[0m" 304 -
127.0.0.1 - - [01/Dec/2023 11:48:49] "[36mGET /static/js/hoverable-collapse.js HTTP/1.1[0m" 304 -
127.0.0.1 - - [01/Dec/2023 11:48:49] "[33mGET /static/fonts/Roboto/Roboto-Light.ttf HTTP/1.1[0m" 404 -
127.0.0.1 - - [01/Dec/2023 11:48:50] "[36mGET /static/js/template.js HTTP/1.1[0m" 304 -
127.0.0.1 - - [01/Dec/2023 11:48:50] "[36mGET /static/js/settings.js HTTP/1.1[0m" 304 -
127.0.0.1 - - [01/Dec/2023 11:48:50] "[36mGET /static/js/todolist.js HTTP/1.1[0m" 304 -
127.0.0.1 - - [01/Dec/2023 11:48:50] "[36mGET /static/vendors/progressbar.js/progressbar.min.js HTTP/1.1[0m" 304 -
127.0.0.1 - - [01/Dec/2023 11:48:50] "[36mGET /static/vendors/chart.js/Chart.min.js HTTP/1.1[0m" 304 -
127.0.0.1 - - [01/Dec/2023 11:48:50] "[36mGET /static/css/maps/vertical-layout-light/style.css.map HTTP/1.1[0m" 304 -
127.0.0.1 - - [01/Dec/2023 11:48:50] "[36mGET /static/vendors/js/bootstrap.min.js.map HTTP/1.1[0m" 304 -
127.0.0.1 - - [01/Dec/2023 11:48:50] "[36mGET /static/images/enia.png HTTP/1.1[0m" 304 -
127.0.0.1 - - [01/Dec/2023 11:48:50] "[36mGET /static/vendors/progressbar.js/progressbar.min.js.map HTTP/1.1[0m" 304 -
127.0.0.1 - - [01/Dec/2023 11:49:47] "GET /test HTTP/1.1" 200 -
127.0.0.1 - - [01/Dec/2023 11:49:47] "[36mGET /static/vendors/typicons.font/font/typicons.css HTTP/1.1[0m" 304 -
127.0.0.1 - - [01/Dec/2023 11:49:47] "[36mGET /static/vendors/css/vendor.bundle.base.css HTTP/1.1[0m" 304 -
127.0.0.1 - - [01/Dec/2023 11:49:47] "[36mGET /static/css/nuovo_sensore.css HTTP/1.1[0m" 304 -
127.0.0.1 - - [01/Dec/2023 11:49:47] "[36mGET /static/css/vertical-layout-light/style.css HTTP/1.1[0m" 304 -
127.0.0.1 - - [01/Dec/2023 11:49:47] "[36mGET /static/vendors/typicons.font/font/typicons.woff HTTP/1.1[0m" 304 -
127.0.0.1 - - [01/Dec/2023 11:49:47] "[36mGET /static/images/enia.png HTTP/1.1[0m" 304 -
127.0.0.1 - - [01/Dec/2023 11:49:47] "[33mGET /static/fonts/Roboto/Roboto-Bold.woff2 HTTP/1.1[0m" 404 -
127.0.0.1 - - [01/Dec/2023 11:49:47] "[33mGET /static/fonts/Roboto/Roboto-Regular.woff2 HTTP/1.1[0m" 404 -
127.0.0.1 - - [01/Dec/2023 11:49:47] "[33mGET /static/fonts/Roboto/Roboto-Light.woff2 HTTP/1.1[0m" 404 -
127.0.0.1 - - [01/Dec/2023 11:49:47] "[36mGET /static/vendors/js/vendor.bundle.base.js HTTP/1.1[0m" 304 -
127.0.0.1 - - [01/Dec/2023 11:49:47] "[33mGET /static/fonts/Roboto/Roboto-Bold.woff HTTP/1.1[0m" 404 -
127.0.0.1 - - [01/Dec/2023 11:49:47] "[33mGET /static/fonts/Roboto/Roboto-Regular.woff HTTP/1.1[0m" 404 -
127.0.0.1 - - [01/Dec/2023 11:49:48] "[33mGET /static/fonts/Roboto/Roboto-Bold.ttf HTTP/1.1[0m" 404 -
127.0.0.1 - - [01/Dec/2023 11:49:48] "[33mGET /static/fonts/Roboto/Roboto-Light.woff HTTP/1.1[0m" 404 -
127.0.0.1 - - [01/Dec/2023 11:49:48] "[36mGET /static/js/off-canvas.js HTTP/1.1[0m" 304 -
127.0.0.1 - - [01/Dec/2023 11:49:48] "[33mGET /static/fonts/Roboto/Roboto-Regular.ttf HTTP/1.1[0m" 404 -
127.0.0.1 - - [01/Dec/2023 11:49:48] "[36mGET /static/js/hoverable-collapse.js HTTP/1.1[0m" 304 -
127.0.0.1 - - [01/Dec/2023 11:49:48] "[33mGET /static/fonts/Roboto/Roboto-Light.ttf HTTP/1.1[0m" 404 -
127.0.0.1 - - [01/Dec/2023 11:49:48] "[36mGET /static/js/template.js HTTP/1.1[0m" 304 -
127.0.0.1 - - [01/Dec/2023 11:49:48] "[36mGET /static/js/settings.js HTTP/1.1[0m" 304 -
127.0.0.1 - - [01/Dec/2023 11:49:48] "[36mGET /static/js/todolist.js HTTP/1.1[0m" 304 -
127.0.0.1 - - [01/Dec/2023 11:49:48] "[36mGET /static/vendors/progressbar.js/progressbar.min.js HTTP/1.1[0m" 304 -
127.0.0.1 - - [01/Dec/2023 11:49:48] "[36mGET /static/vendors/chart.js/Chart.min.js HTTP/1.1[0m" 304 -
127.0.0.1 - - [01/Dec/2023 11:49:48] "[36mGET /static/css/maps/vertical-layout-light/style.css.map HTTP/1.1[0m" 304 -
127.0.0.1 - - [01/Dec/2023 11:49:48] "[36mGET /static/vendors/js/bootstrap.min.js.map HTTP/1.1[0m" 304 -
127.0.0.1 - - [01/Dec/2023 11:49:48] "[36mGET /static/vendors/progressbar.js/progressbar.min.js.map HTTP/1.1[0m" 304 -
127.0.0.1 - - [01/Dec/2023 11:49:49] "[36mGET /static/images/enia.png HTTP/1.1[0m" 304 -
127.0.0.1 - - [01/Dec/2023 11:50:30] "GET /test HTTP/1.1" 200 -
127.0.0.1 - - [01/Dec/2023 11:50:31] "[36mGET /static/vendors/typicons.font/font/typicons.css HTTP/1.1[0m" 304 -
127.0.0.1 - - [01/Dec/2023 11:50:31] "[36mGET /static/vendors/css/vendor.bundle.base.css HTTP/1.1[0m" 304 -
127.0.0.1 - - [01/Dec/2023 11:50:31] "[36mGET /static/css/vertical-layout-light/style.css HTTP/1.1[0m" 304 -
127.0.0.1 - - [01/Dec/2023 11:50:31] "[36mGET /static/vendors/typicons.font/font/typicons.woff HTTP/1.1[0m" 304 -
127.0.0.1 - - [01/Dec/2023 11:50:31] "GET /static/css/nuovo_sensore.css HTTP/1.1" 200 -
127.0.0.1 - - [01/Dec/2023 11:50:31] "[36mGET /static/images/enia.png HTTP/1.1[0m" 304 -
127.0.0.1 - - [01/Dec/2023 11:50:31] "[33mGET /static/fonts/Roboto/Roboto-Regular.woff2 HTTP/1.1[0m" 404 -
127.0.0.1 - - [01/Dec/2023 11:50:31] "[33mGET /static/fonts/Roboto/Roboto-Bold.woff2 HTTP/1.1[0m" 404 -
127.0.0.1 - - [01/Dec/2023 11:50:31] "[36mGET /static/vendors/js/vendor.bundle.base.js HTTP/1.1[0m" 304 -
127.0.0.1 - - [01/Dec/2023 11:50:31] "[33mGET /static/fonts/Roboto/Roboto-Light.woff2 HTTP/1.1[0m" 404 -
127.0.0.1 - - [01/Dec/2023 11:50:31] "[33mGET /static/fonts/Roboto/Roboto-Regular.woff HTTP/1.1[0m" 404 -
127.0.0.1 - - [01/Dec/2023 11:50:31] "[33mGET /static/fonts/Roboto/Roboto-Bold.woff HTTP/1.1[0m" 404 -
127.0.0.1 - - [01/Dec/2023 11:50:31] "[33mGET /static/fonts/Roboto/Roboto-Regular.ttf HTTP/1.1[0m" 404 -
127.0.0.1 - - [01/Dec/2023 11:50:31] "[33mGET /static/fonts/Roboto/Roboto-Light.woff HTTP/1.1[0m" 404 -
127.0.0.1 - - [01/Dec/2023 11:50:32] "[36mGET /static/js/off-canvas.js HTTP/1.1[0m" 304 -
127.0.0.1 - - [01/Dec/2023 11:50:32] "[36mGET /static/js/hoverable-collapse.js HTTP/1.1[0m" 304 -
127.0.0.1 - - [01/Dec/2023 11:50:32] "[33mGET /static/fonts/Roboto/Roboto-Bold.ttf HTTP/1.1[0m" 404 -
127.0.0.1 - - [01/Dec/2023 11:50:32] "[33mGET /static/fonts/Roboto/Roboto-Light.ttf HTTP/1.1[0m" 404 -
127.0.0.1 - - [01/Dec/2023 11:50:32] "[36mGET /static/js/settings.js HTTP/1.1[0m" 304 -
127.0.0.1 - - [01/Dec/2023 11:50:32] "[36mGET /static/js/template.js HTTP/1.1[0m" 304 -
127.0.0.1 - - [01/Dec/2023 11:50:32] "[36mGET /static/js/todolist.js HTTP/1.1[0m" 304 -
127.0.0.1 - - [01/Dec/2023 11:50:32] "[36mGET /static/vendors/progressbar.js/progressbar.min.js HTTP/1.1[0m" 304 -
127.0.0.1 - - [01/Dec/2023 11:50:32] "[36mGET /static/vendors/chart.js/Chart.min.js HTTP/1.1[0m" 304 -
127.0.0.1 - - [01/Dec/2023 11:50:32] "[36mGET /static/css/maps/vertical-layout-light/style.css.map HTTP/1.1[0m" 304 -
127.0.0.1 - - [01/Dec/2023 11:50:32] "[36mGET /static/vendors/js/bootstrap.min.js.map HTTP/1.1[0m" 304 -
127.0.0.1 - - [01/Dec/2023 11:50:32] "[36mGET /static/vendors/progressbar.js/progressbar.min.js.map HTTP/1.1[0m" 304 -
127.0.0.1 - - [01/Dec/2023 11:50:33] "[36mGET /static/images/enia.png HTTP/1.1[0m" 304 -
127.0.0.1 - - [01/Dec/2023 11:50:45] "GET /test HTTP/1.1" 200 -
127.0.0.1 - - [01/Dec/2023 11:50:45] "[36mGET /static/vendors/typicons.font/font/typicons.css HTTP/1.1[0m" 304 -
127.0.0.1 - - [01/Dec/2023 11:50:45] "[36mGET /static/vendors/css/vendor.bundle.base.css HTTP/1.1[0m" 304 -
127.0.0.1 - - [01/Dec/2023 11:50:45] "[36mGET /static/css/vertical-layout-light/style.css HTTP/1.1[0m" 304 -
127.0.0.1 - - [01/Dec/2023 11:50:45] "[36mGET /static/css/nuovo_sensore.css HTTP/1.1[0m" 304 -
127.0.0.1 - - [01/Dec/2023 11:50:45] "[36mGET /static/vendors/typicons.font/font/typicons.woff HTTP/1.1[0m" 304 -
127.0.0.1 - - [01/Dec/2023 11:50:45] "[36mGET /static/images/enia.png HTTP/1.1[0m" 304 -
127.0.0.1 - - [01/Dec/2023 11:50:45] "[33mGET /static/fonts/Roboto/Roboto-Regular.woff2 HTTP/1.1[0m" 404 -
127.0.0.1 - - [01/Dec/2023 11:50:45] "[33mGET /static/fonts/Roboto/Roboto-Bold.woff2 HTTP/1.1[0m" 404 -
127.0.0.1 - - [01/Dec/2023 11:50:46] "[36mGET /static/vendors/js/vendor.bundle.base.js HTTP/1.1[0m" 304 -
127.0.0.1 - - [01/Dec/2023 11:50:46] "[33mGET /static/fonts/Roboto/Roboto-Bold.woff HTTP/1.1[0m" 404 -
127.0.0.1 - - [01/Dec/2023 11:50:46] "[33mGET /static/fonts/Roboto/Roboto-Light.woff2 HTTP/1.1[0m" 404 -
127.0.0.1 - - [01/Dec/2023 11:50:46] "[33mGET /static/fonts/Roboto/Roboto-Regular.woff HTTP/1.1[0m" 404 -
127.0.0.1 - - [01/Dec/2023 11:50:46] "[33mGET /static/fonts/Roboto/Roboto-Bold.ttf HTTP/1.1[0m" 404 -
127.0.0.1 - - [01/Dec/2023 11:50:46] "[33mGET /static/fonts/Roboto/Roboto-Light.woff HTTP/1.1[0m" 404 -
127.0.0.1 - - [01/Dec/2023 11:50:46] "[33mGET /static/fonts/Roboto/Roboto-Regular.ttf HTTP/1.1[0m" 404 -
127.0.0.1 - - [01/Dec/2023 11:50:46] "[36mGET /static/js/off-canvas.js HTTP/1.1[0m" 304 -
127.0.0.1 - - [01/Dec/2023 11:50:46] "[36mGET /static/js/hoverable-collapse.js HTTP/1.1[0m" 304 -
127.0.0.1 - - [01/Dec/2023 11:50:46] "[33mGET /static/fonts/Roboto/Roboto-Light.ttf HTTP/1.1[0m" 404 -
127.0.0.1 - - [01/Dec/2023 11:50:46] "[36mGET /static/js/template.js HTTP/1.1[0m" 304 -
127.0.0.1 - - [01/Dec/2023 11:50:46] "[36mGET /static/js/settings.js HTTP/1.1[0m" 304 -
127.0.0.1 - - [01/Dec/2023 11:50:46] "[36mGET /static/vendors/progressbar.js/progressbar.min.js HTTP/1.1[0m" 304 -
127.0.0.1 - - [01/Dec/2023 11:50:46] "[36mGET /static/js/todolist.js HTTP/1.1[0m" 304 -
127.0.0.1 - - [01/Dec/2023 11:50:46] "[36mGET /static/vendors/chart.js/Chart.min.js HTTP/1.1[0m" 304 -
127.0.0.1 - - [01/Dec/2023 11:50:46] "[36mGET /static/css/maps/vertical-layout-light/style.css.map HTTP/1.1[0m" 304 -
127.0.0.1 - - [01/Dec/2023 11:50:46] "[36mGET /static/vendors/js/bootstrap.min.js.map HTTP/1.1[0m" 304 -
127.0.0.1 - - [01/Dec/2023 11:50:47] "[36mGET /static/vendors/progressbar.js/progressbar.min.js.map HTTP/1.1[0m" 304 -
127.0.0.1 - - [01/Dec/2023 11:50:47] "[36mGET /static/images/enia.png HTTP/1.1[0m" 304 -
127.0.0.1 - - [01/Dec/2023 11:52:17] "GET /static/images/sprinkler.png HTTP/1.1" 200 -
127.0.0.1 - - [01/Dec/2023 12:39:16] "[36mGET /static/vendors/typicons.font/font/typicons.css HTTP/1.1[0m" 304 -
127.0.0.1 - - [01/Dec/2023 12:39:16] "[36mGET /static/vendors/css/vendor.bundle.base.css HTTP/1.1[0m" 304 -
127.0.0.1 - - [01/Dec/2023 12:39:16] "[36mGET /static/css/nuovo_sensore.css HTTP/1.1[0m" 304 -
127.0.0.1 - - [01/Dec/2023 12:39:16] "[36mGET /static/vendors/js/vendor.bundle.base.js HTTP/1.1[0m" 304 -
127.0.0.1 - - [01/Dec/2023 12:39:16] "[36mGET /static/css/vertical-layout-light/style.css HTTP/1.1[0m" 304 -
127.0.0.1 - - [01/Dec/2023 12:39:16] "[36mGET /static/images/enia.png HTTP/1.1[0m" 304 -
127.0.0.1 - - [01/Dec/2023 12:39:16] "[36mGET /static/vendors/typicons.font/font/typicons.woff HTTP/1.1[0m" 304 -
127.0.0.1 - - [01/Dec/2023 12:39:16] "[36mGET /static/js/off-canvas.js HTTP/1.1[0m" 304 -
127.0.0.1 - - [01/Dec/2023 12:39:16] "[36mGET /static/js/hoverable-collapse.js HTTP/1.1[0m" 304 -
127.0.0.1 - - [01/Dec/2023 12:39:16] "[36mGET /static/js/template.js HTTP/1.1[0m" 304 -
127.0.0.1 - - [01/Dec/2023 12:39:17] "[33mGET /static/fonts/Roboto/Roboto-Regular.woff2 HTTP/1.1[0m" 404 -
127.0.0.1 - - [01/Dec/2023 12:39:17] "[33mGET /static/fonts/Roboto/Roboto-Bold.woff2 HTTP/1.1[0m" 404 -
127.0.0.1 - - [01/Dec/2023 12:39:17] "[33mGET /static/fonts/Roboto/Roboto-Bold.woff HTTP/1.1[0m" 404 -
127.0.0.1 - - [01/Dec/2023 12:39:17] "[33mGET /static/fonts/Roboto/Roboto-Regular.woff HTTP/1.1[0m" 404 -
127.0.0.1 - - [01/Dec/2023 12:39:17] "[33mGET /static/fonts/Roboto/Roboto-Bold.ttf HTTP/1.1[0m" 404 -
127.0.0.1 - - [01/Dec/2023 12:39:17] "[33mGET /static/fonts/Roboto/Roboto-Light.woff2 HTTP/1.1[0m" 404 -
127.0.0.1 - - [01/Dec/2023 12:39:17] "[36mGET /static/js/settings.js HTTP/1.1[0m" 304 -
127.0.0.1 - - [01/Dec/2023 12:39:17] "[33mGET /static/fonts/Roboto/Roboto-Regular.ttf HTTP/1.1[0m" 404 -
127.0.0.1 - - [01/Dec/2023 12:39:17] "[36mGET /static/js/todolist.js HTTP/1.1[0m" 304 -
127.0.0.1 - - [01/Dec/2023 12:39:17] "[33mGET /static/fonts/Roboto/Roboto-Light.woff HTTP/1.1[0m" 404 -
127.0.0.1 - - [01/Dec/2023 12:39:17] "[36mGET /static/vendors/progressbar.js/progressbar.min.js HTTP/1.1[0m" 304 -
127.0.0.1 - - [01/Dec/2023 12:39:17] "[33mGET /static/fonts/Roboto/Roboto-Light.ttf HTTP/1.1[0m" 404 -
127.0.0.1 - - [01/Dec/2023 12:39:17] "[36mGET /static/vendors/chart.js/Chart.min.js HTTP/1.1[0m" 304 -
127.0.0.1 - - [01/Dec/2023 12:39:22] "GET /test HTTP/1.1" 200 -
127.0.0.1 - - [01/Dec/2023 12:39:23] "[36mGET /static/vendors/typicons.font/font/typicons.css HTTP/1.1[0m" 304 -
127.0.0.1 - - [01/Dec/2023 12:39:23] "[36mGET /static/css/vertical-layout-light/style.css HTTP/1.1[0m" 304 -
127.0.0.1 - - [01/Dec/2023 12:39:23] "[36mGET /static/css/nuovo_sensore.css HTTP/1.1[0m" 304 -
127.0.0.1 - - [01/Dec/2023 12:39:23] "[36mGET /static/images/enia.png HTTP/1.1[0m" 304 -
127.0.0.1 - - [01/Dec/2023 12:39:23] "[36mGET /static/vendors/js/vendor.bundle.base.js HTTP/1.1[0m" 304 -
127.0.0.1 - - [01/Dec/2023 12:39:23] "[36mGET /static/vendors/css/vendor.bundle.base.css HTTP/1.1[0m" 304 -
127.0.0.1 - - [01/Dec/2023 12:39:23] "[33mGET /static/fonts/Roboto/Roboto-Bold.woff2 HTTP/1.1[0m" 404 -
127.0.0.1 - - [01/Dec/2023 12:39:23] "[36mGET /static/js/off-canvas.js HTTP/1.1[0m" 304 -
127.0.0.1 - - [01/Dec/2023 12:39:23] "[36mGET /static/js/hoverable-collapse.js HTTP/1.1[0m" 304 -
127.0.0.1 - - [01/Dec/2023 12:39:23] "[33mGET /static/fonts/Roboto/Roboto-Regular.woff2 HTTP/1.1[0m" 404 -
127.0.0.1 - - [01/Dec/2023 12:39:23] "[33mGET /static/fonts/Roboto/Roboto-Light.woff2 HTTP/1.1[0m" 404 -
127.0.0.1 - - [01/Dec/2023 12:39:23] "[33mGET /static/fonts/Roboto/Roboto-Bold.woff HTTP/1.1[0m" 404 -
127.0.0.1 - - [01/Dec/2023 12:39:23] "[33mGET /static/fonts/Roboto/Roboto-Regular.woff HTTP/1.1[0m" 404 -
127.0.0.1 - - [01/Dec/2023 12:39:23] "[33mGET /static/fonts/Roboto/Roboto-Light.woff HTTP/1.1[0m" 404 -
127.0.0.1 - - [01/Dec/2023 12:39:23] "[33mGET /static/fonts/Roboto/Roboto-Bold.ttf HTTP/1.1[0m" 404 -
127.0.0.1 - - [01/Dec/2023 12:39:23] "[36mGET /static/js/template.js HTTP/1.1[0m" 304 -
127.0.0.1 - - [01/Dec/2023 12:39:23] "[36mGET /static/js/settings.js HTTP/1.1[0m" 304 -
127.0.0.1 - - [01/Dec/2023 12:39:23] "[33mGET /static/fonts/Roboto/Roboto-Regular.ttf HTTP/1.1[0m" 404 -
127.0.0.1 - - [01/Dec/2023 12:39:24] "[33mGET /static/fonts/Roboto/Roboto-Light.ttf HTTP/1.1[0m" 404 -
127.0.0.1 - - [01/Dec/2023 12:39:24] "[36mGET /static/js/todolist.js HTTP/1.1[0m" 304 -
127.0.0.1 - - [01/Dec/2023 12:39:24] "[36mGET /static/vendors/progressbar.js/progressbar.min.js HTTP/1.1[0m" 304 -
127.0.0.1 - - [01/Dec/2023 12:39:24] "[36mGET /static/vendors/chart.js/Chart.min.js HTTP/1.1[0m" 304 -
127.0.0.1 - - [01/Dec/2023 12:39:24] "[36mGET /static/images/enia.png HTTP/1.1[0m" 304 -
127.0.0.1 - - [01/Dec/2023 12:39:35] "[36mGET /static/vendors/typicons.font/font/typicons.css HTTP/1.1[0m" 304 -
127.0.0.1 - - [01/Dec/2023 12:39:35] "[36mGET /static/vendors/css/vendor.bundle.base.css HTTP/1.1[0m" 304 -
127.0.0.1 - - [01/Dec/2023 12:39:35] "[36mGET /static/css/vertical-layout-light/style.css HTTP/1.1[0m" 304 -
127.0.0.1 - - [01/Dec/2023 12:39:35] "[36mGET /static/css/nuovo_sensore.css HTTP/1.1[0m" 304 -
127.0.0.1 - - [01/Dec/2023 12:39:35] "[36mGET /static/vendors/js/bootstrap.min.js.map HTTP/1.1[0m" 304 -
127.0.0.1 - - [01/Dec/2023 12:39:36] "[36mGET /static/css/maps/vertical-layout-light/style.css.map HTTP/1.1[0m" 304 -
127.0.0.1 - - [01/Dec/2023 12:39:36] "[36mGET /static/vendors/progressbar.js/progressbar.min.js.map HTTP/1.1[0m" 304 -
127.0.0.1 - - [01/Dec/2023 12:49:15] "GET /test HTTP/1.1" 200 -
127.0.0.1 - - [01/Dec/2023 12:49:15] "[36mGET /static/vendors/typicons.font/font/typicons.css HTTP/1.1[0m" 304 -
127.0.0.1 - - [01/Dec/2023 12:49:15] "[36mGET /static/vendors/css/vendor.bundle.base.css HTTP/1.1[0m" 304 -
127.0.0.1 - - [01/Dec/2023 12:49:15] "[36mGET /static/css/vertical-layout-light/style.css HTTP/1.1[0m" 304 -
127.0.0.1 - - [01/Dec/2023 12:49:15] "[36mGET /static/css/nuovo_sensore.css HTTP/1.1[0m" 304 -
127.0.0.1 - - [01/Dec/2023 12:49:15] "[36mGET /static/vendors/js/vendor.bundle.base.js HTTP/1.1[0m" 304 -
127.0.0.1 - - [01/Dec/2023 12:49:15] "[36mGET /static/images/enia.png HTTP/1.1[0m" 304 -
127.0.0.1 - - [01/Dec/2023 12:49:16] "[36mGET /static/vendors/typicons.font/font/typicons.woff HTTP/1.1[0m" 304 -
127.0.0.1 - - [01/Dec/2023 12:49:16] "[33mGET /static/fonts/Roboto/Roboto-Regular.woff2 HTTP/1.1[0m" 404 -
127.0.0.1 - - [01/Dec/2023 12:49:16] "[36mGET /static/js/off-canvas.js HTTP/1.1[0m" 304 -
127.0.0.1 - - [01/Dec/2023 12:49:16] "[33mGET /static/fonts/Roboto/Roboto-Light.woff2 HTTP/1.1[0m" 404 -
127.0.0.1 - - [01/Dec/2023 12:49:16] "[33mGET /static/fonts/Roboto/Roboto-Bold.woff2 HTTP/1.1[0m" 404 -
127.0.0.1 - - [01/Dec/2023 12:49:16] "[33mGET /static/fonts/Roboto/Roboto-Regular.woff HTTP/1.1[0m" 404 -
127.0.0.1 - - [01/Dec/2023 12:49:16] "[33mGET /static/fonts/Roboto/Roboto-Light.woff HTTP/1.1[0m" 404 -
127.0.0.1 - - [01/Dec/2023 12:49:16] "[33mGET /static/fonts/Roboto/Roboto-Bold.woff HTTP/1.1[0m" 404 -
127.0.0.1 - - [01/Dec/2023 12:49:16] "[33mGET /static/fonts/Roboto/Roboto-Regular.ttf HTTP/1.1[0m" 404 -
127.0.0.1 - - [01/Dec/2023 12:49:16] "[36mGET /static/js/hoverable-collapse.js HTTP/1.1[0m" 304 -
127.0.0.1 - - [01/Dec/2023 12:49:16] "[33mGET /static/fonts/Roboto/Roboto-Light.ttf HTTP/1.1[0m" 404 -
127.0.0.1 - - [01/Dec/2023 12:49:16] "[33mGET /static/fonts/Roboto/Roboto-Bold.ttf HTTP/1.1[0m" 404 -
127.0.0.1 - - [01/Dec/2023 12:49:16] "[36mGET /static/js/template.js HTTP/1.1[0m" 304 -
127.0.0.1 - - [01/Dec/2023 12:49:16] "[36mGET /static/js/settings.js HTTP/1.1[0m" 304 -
127.0.0.1 - - [01/Dec/2023 12:49:16] "[36mGET /static/js/todolist.js HTTP/1.1[0m" 304 -
127.0.0.1 - - [01/Dec/2023 12:49:16] "[36mGET /static/vendors/progressbar.js/progressbar.min.js HTTP/1.1[0m" 304 -
127.0.0.1 - - [01/Dec/2023 12:49:16] "[36mGET /static/vendors/chart.js/Chart.min.js HTTP/1.1[0m" 304 -
127.0.0.1 - - [01/Dec/2023 12:49:16] "[36mGET /static/css/maps/vertical-layout-light/style.css.map HTTP/1.1[0m" 304 -
127.0.0.1 - - [01/Dec/2023 12:49:17] "[36mGET /static/vendors/js/bootstrap.min.js.map HTTP/1.1[0m" 304 -
127.0.0.1 - - [01/Dec/2023 12:49:17] "[36mGET /static/vendors/progressbar.js/progressbar.min.js.map HTTP/1.1[0m" 304 -
127.0.0.1 - - [01/Dec/2023 12:49:17] "[36mGET /static/images/enia.png HTTP/1.1[0m" 304 -
127.0.0.1 - - [01/Dec/2023 12:49:22] "[36mGET /static/images/sprinkler.png HTTP/1.1[0m" 304 -
[31m[1mWARNING: This is a development server. Do not use it in a production deployment. Use a production WSGI server instead.[0m
 * Running on http://localhost:5000
[33mPress CTRL+C to quit[0m
 * Restarting with stat
 * Debugger is active!
 * Debugger PIN: 523-329-823
127.0.0.1 - - [01/Dec/2023 17:54:12] "GET /test HTTP/1.1" 200 -
127.0.0.1 - - [01/Dec/2023 17:54:13] "[36mGET /static/vendors/typicons.font/font/typicons.css HTTP/1.1[0m" 304 -
127.0.0.1 - - [01/Dec/2023 17:54:13] "[36mGET /static/css/vertical-layout-light/style.css HTTP/1.1[0m" 304 -
127.0.0.1 - - [01/Dec/2023 17:54:13] "[36mGET /static/vendors/css/vendor.bundle.base.css HTTP/1.1[0m" 304 -
127.0.0.1 - - [01/Dec/2023 17:54:13] "[36mGET /static/css/nuovo_sensore.css HTTP/1.1[0m" 304 -
127.0.0.1 - - [01/Dec/2023 17:54:13] "[36mGET /static/images/enia.png HTTP/1.1[0m" 304 -
127.0.0.1 - - [01/Dec/2023 17:54:13] "[36mGET /static/vendors/js/vendor.bundle.base.js HTTP/1.1[0m" 304 -
127.0.0.1 - - [01/Dec/2023 17:54:13] "[36mGET /static/js/off-canvas.js HTTP/1.1[0m" 304 -
127.0.0.1 - - [01/Dec/2023 17:54:13] "[36mGET /static/js/hoverable-collapse.js HTTP/1.1[0m" 304 -
127.0.0.1 - - [01/Dec/2023 17:54:13] "[36mGET /static/js/template.js HTTP/1.1[0m" 304 -
127.0.0.1 - - [01/Dec/2023 17:54:13] "[36mGET /static/js/settings.js HTTP/1.1[0m" 304 -
127.0.0.1 - - [01/Dec/2023 17:54:13] "[36mGET /static/js/todolist.js HTTP/1.1[0m" 304 -
127.0.0.1 - - [01/Dec/2023 17:54:13] "[36mGET /static/vendors/progressbar.js/progressbar.min.js HTTP/1.1[0m" 304 -
127.0.0.1 - - [01/Dec/2023 17:54:14] "[36mGET /static/vendors/typicons.font/font/typicons.woff HTTP/1.1[0m" 304 -
127.0.0.1 - - [01/Dec/2023 17:54:14] "[33mGET /static/fonts/Roboto/Roboto-Bold.woff2 HTTP/1.1[0m" 404 -
127.0.0.1 - - [01/Dec/2023 17:54:14] "[33mGET /static/fonts/Roboto/Roboto-Regular.woff2 HTTP/1.1[0m" 404 -
127.0.0.1 - - [01/Dec/2023 17:54:14] "[33mGET /static/fonts/Roboto/Roboto-Light.woff2 HTTP/1.1[0m" 404 -
127.0.0.1 - - [01/Dec/2023 17:54:14] "[36mGET /static/vendors/chart.js/Chart.min.js HTTP/1.1[0m" 304 -
127.0.0.1 - - [01/Dec/2023 17:54:14] "[33mGET /static/fonts/Roboto/Roboto-Bold.woff HTTP/1.1[0m" 404 -
127.0.0.1 - - [01/Dec/2023 17:54:14] "[33mGET /static/fonts/Roboto/Roboto-Regular.woff HTTP/1.1[0m" 404 -
127.0.0.1 - - [01/Dec/2023 17:54:14] "[33mGET /static/fonts/Roboto/Roboto-Light.woff HTTP/1.1[0m" 404 -
127.0.0.1 - - [01/Dec/2023 17:54:15] "[33mGET /static/fonts/Roboto/Roboto-Light.ttf HTTP/1.1[0m" 404 -
127.0.0.1 - - [01/Dec/2023 17:54:15] "[33mGET /static/fonts/Roboto/Roboto-Regular.ttf HTTP/1.1[0m" 404 -
127.0.0.1 - - [01/Dec/2023 17:54:15] "[33mGET /static/fonts/Roboto/Roboto-Bold.ttf HTTP/1.1[0m" 404 -
127.0.0.1 - - [01/Dec/2023 17:54:24] "[36mGET /static/images/sprinkler.png HTTP/1.1[0m" 304 -
127.0.0.1 - - [01/Dec/2023 17:54:37] "[36mGET /static/vendors/typicons.font/font/typicons.css HTTP/1.1[0m" 304 -
127.0.0.1 - - [01/Dec/2023 17:54:37] "[36mGET /static/vendors/css/vendor.bundle.base.css HTTP/1.1[0m" 304 -
127.0.0.1 - - [01/Dec/2023 17:54:37] "[36mGET /static/css/nuovo_sensore.css HTTP/1.1[0m" 304 -
127.0.0.1 - - [01/Dec/2023 17:54:37] "[36mGET /static/css/vertical-layout-light/style.css HTTP/1.1[0m" 304 -
127.0.0.1 - - [01/Dec/2023 17:54:38] "[36mGET /static/vendors/js/bootstrap.min.js.map HTTP/1.1[0m" 304 -
127.0.0.1 - - [01/Dec/2023 17:54:38] "[36mGET /static/vendors/progressbar.js/progressbar.min.js.map HTTP/1.1[0m" 304 -
127.0.0.1 - - [01/Dec/2023 17:54:38] "[36mGET /static/css/maps/vertical-layout-light/style.css.map HTTP/1.1[0m" 304 -
127.0.0.1 - - [01/Dec/2023 17:59:57] "GET /test HTTP/1.1" 200 -
127.0.0.1 - - [01/Dec/2023 17:59:57] "[36mGET /static/vendors/typicons.font/font/typicons.css HTTP/1.1[0m" 304 -
127.0.0.1 - - [01/Dec/2023 17:59:57] "[36mGET /static/vendors/css/vendor.bundle.base.css HTTP/1.1[0m" 304 -
127.0.0.1 - - [01/Dec/2023 17:59:57] "[36mGET /static/css/nuovo_sensore.css HTTP/1.1[0m" 304 -
127.0.0.1 - - [01/Dec/2023 17:59:57] "[36mGET /static/images/enia.png HTTP/1.1[0m" 304 -
127.0.0.1 - - [01/Dec/2023 17:59:57] "[36mGET /static/css/vertical-layout-light/style.css HTTP/1.1[0m" 304 -
127.0.0.1 - - [01/Dec/2023 17:59:57] "[36mGET /static/vendors/js/vendor.bundle.base.js HTTP/1.1[0m" 304 -
127.0.0.1 - - [01/Dec/2023 17:59:58] "[36mGET /static/vendors/typicons.font/font/typicons.woff HTTP/1.1[0m" 304 -
127.0.0.1 - - [01/Dec/2023 17:59:58] "[33mGET /static/fonts/Roboto/Roboto-Bold.woff2 HTTP/1.1[0m" 404 -
127.0.0.1 - - [01/Dec/2023 17:59:58] "[33mGET /static/fonts/Roboto/Roboto-Light.woff2 HTTP/1.1[0m" 404 -
127.0.0.1 - - [01/Dec/2023 17:59:58] "[33mGET /static/fonts/Roboto/Roboto-Regular.woff2 HTTP/1.1[0m" 404 -
127.0.0.1 - - [01/Dec/2023 17:59:58] "[33mGET /static/fonts/Roboto/Roboto-Bold.woff HTTP/1.1[0m" 404 -
127.0.0.1 - - [01/Dec/2023 17:59:58] "[36mGET /static/js/off-canvas.js HTTP/1.1[0m" 304 -
127.0.0.1 - - [01/Dec/2023 17:59:58] "[33mGET /static/fonts/Roboto/Roboto-Light.woff HTTP/1.1[0m" 404 -
127.0.0.1 - - [01/Dec/2023 17:59:58] "[33mGET /static/fonts/Roboto/Roboto-Regular.woff HTTP/1.1[0m" 404 -
127.0.0.1 - - [01/Dec/2023 17:59:58] "[33mGET /static/fonts/Roboto/Roboto-Bold.ttf HTTP/1.1[0m" 404 -
127.0.0.1 - - [01/Dec/2023 17:59:58] "[33mGET /static/fonts/Roboto/Roboto-Light.ttf HTTP/1.1[0m" 404 -
127.0.0.1 - - [01/Dec/2023 17:59:58] "[33mGET /static/fonts/Roboto/Roboto-Regular.ttf HTTP/1.1[0m" 404 -
127.0.0.1 - - [01/Dec/2023 17:59:58] "[36mGET /static/js/hoverable-collapse.js HTTP/1.1[0m" 304 -
127.0.0.1 - - [01/Dec/2023 17:59:58] "[36mGET /static/js/template.js HTTP/1.1[0m" 304 -
127.0.0.1 - - [01/Dec/2023 17:59:58] "[36mGET /static/js/settings.js HTTP/1.1[0m" 304 -
127.0.0.1 - - [01/Dec/2023 17:59:58] "[36mGET /static/js/todolist.js HTTP/1.1[0m" 304 -
127.0.0.1 - - [01/Dec/2023 17:59:58] "[36mGET /static/vendors/progressbar.js/progressbar.min.js HTTP/1.1[0m" 304 -
127.0.0.1 - - [01/Dec/2023 17:59:58] "[36mGET /static/vendors/chart.js/Chart.min.js HTTP/1.1[0m" 304 -
127.0.0.1 - - [01/Dec/2023 17:59:58] "[36mGET /static/css/maps/vertical-layout-light/style.css.map HTTP/1.1[0m" 304 -
127.0.0.1 - - [01/Dec/2023 17:59:59] "[36mGET /static/vendors/js/bootstrap.min.js.map HTTP/1.1[0m" 304 -
127.0.0.1 - - [01/Dec/2023 17:59:59] "[36mGET /static/vendors/progressbar.js/progressbar.min.js.map HTTP/1.1[0m" 304 -
127.0.0.1 - - [01/Dec/2023 17:59:59] "[36mGET /static/images/enia.png HTTP/1.1[0m" 304 -
127.0.0.1 - - [01/Dec/2023 18:01:04] "GET /test HTTP/1.1" 200 -
127.0.0.1 - - [01/Dec/2023 18:01:04] "[36mGET /static/vendors/typicons.font/font/typicons.css HTTP/1.1[0m" 304 -
127.0.0.1 - - [01/Dec/2023 18:01:04] "[36mGET /static/vendors/css/vendor.bundle.base.css HTTP/1.1[0m" 304 -
127.0.0.1 - - [01/Dec/2023 18:01:05] "[36mGET /static/css/vertical-layout-light/style.css HTTP/1.1[0m" 304 -
127.0.0.1 - - [01/Dec/2023 18:01:05] "[36mGET /static/css/nuovo_sensore.css HTTP/1.1[0m" 304 -
127.0.0.1 - - [01/Dec/2023 18:01:05] "[36mGET /static/images/enia.png HTTP/1.1[0m" 304 -
127.0.0.1 - - [01/Dec/2023 18:01:05] "[36mGET /static/vendors/js/vendor.bundle.base.js HTTP/1.1[0m" 304 -
127.0.0.1 - - [01/Dec/2023 18:01:05] "[36mGET /static/vendors/typicons.font/font/typicons.woff HTTP/1.1[0m" 304 -
127.0.0.1 - - [01/Dec/2023 18:01:05] "[36mGET /static/js/off-canvas.js HTTP/1.1[0m" 304 -
127.0.0.1 - - [01/Dec/2023 18:01:05] "[36mGET /static/js/hoverable-collapse.js HTTP/1.1[0m" 304 -
127.0.0.1 - - [01/Dec/2023 18:01:05] "[36mGET /static/js/template.js HTTP/1.1[0m" 304 -
127.0.0.1 - - [01/Dec/2023 18:01:05] "[36mGET /static/js/settings.js HTTP/1.1[0m" 304 -
127.0.0.1 - - [01/Dec/2023 18:01:05] "[36mGET /static/js/todolist.js HTTP/1.1[0m" 304 -
127.0.0.1 - - [01/Dec/2023 18:01:05] "[33mGET /static/fonts/Roboto/Roboto-Regular.woff2 HTTP/1.1[0m" 404 -
127.0.0.1 - - [01/Dec/2023 18:01:05] "[33mGET /static/fonts/Roboto/Roboto-Bold.woff2 HTTP/1.1[0m" 404 -
127.0.0.1 - - [01/Dec/2023 18:01:05] "[33mGET /static/fonts/Roboto/Roboto-Light.woff2 HTTP/1.1[0m" 404 -
127.0.0.1 - - [01/Dec/2023 18:01:05] "[33mGET /static/fonts/Roboto/Roboto-Regular.woff HTTP/1.1[0m" 404 -
127.0.0.1 - - [01/Dec/2023 18:01:05] "[33mGET /static/fonts/Roboto/Roboto-Bold.woff HTTP/1.1[0m" 404 -
127.0.0.1 - - [01/Dec/2023 18:01:05] "[36mGET /static/vendors/progressbar.js/progressbar.min.js HTTP/1.1[0m" 304 -
127.0.0.1 - - [01/Dec/2023 18:01:06] "[33mGET /static/fonts/Roboto/Roboto-Light.woff HTTP/1.1[0m" 404 -
127.0.0.1 - - [01/Dec/2023 18:01:06] "[33mGET /static/fonts/Roboto/Roboto-Regular.ttf HTTP/1.1[0m" 404 -
127.0.0.1 - - [01/Dec/2023 18:01:06] "[33mGET /static/fonts/Roboto/Roboto-Bold.ttf HTTP/1.1[0m" 404 -
127.0.0.1 - - [01/Dec/2023 18:01:06] "[33mGET /static/fonts/Roboto/Roboto-Light.ttf HTTP/1.1[0m" 404 -
127.0.0.1 - - [01/Dec/2023 18:01:06] "[36mGET /static/vendors/chart.js/Chart.min.js HTTP/1.1[0m" 304 -
127.0.0.1 - - [01/Dec/2023 18:01:06] "[36mGET /static/css/maps/vertical-layout-light/style.css.map HTTP/1.1[0m" 304 -
127.0.0.1 - - [01/Dec/2023 18:01:06] "[36mGET /static/vendors/js/bootstrap.min.js.map HTTP/1.1[0m" 304 -
127.0.0.1 - - [01/Dec/2023 18:01:06] "[36mGET /static/vendors/progressbar.js/progressbar.min.js.map HTTP/1.1[0m" 304 -
127.0.0.1 - - [01/Dec/2023 18:01:07] "[36mGET /static/images/enia.png HTTP/1.1[0m" 304 -
127.0.0.1 - - [01/Dec/2023 18:01:50] "GET /test HTTP/1.1" 200 -
127.0.0.1 - - [01/Dec/2023 18:01:51] "[36mGET /static/vendors/typicons.font/font/typicons.css HTTP/1.1[0m" 304 -
127.0.0.1 - - [01/Dec/2023 18:01:51] "[36mGET /static/images/enia.png HTTP/1.1[0m" 304 -
127.0.0.1 - - [01/Dec/2023 18:01:51] "[36mGET /static/vendors/css/vendor.bundle.base.css HTTP/1.1[0m" 304 -
127.0.0.1 - - [01/Dec/2023 18:01:51] "[36mGET /static/css/nuovo_sensore.css HTTP/1.1[0m" 304 -
127.0.0.1 - - [01/Dec/2023 18:01:51] "[36mGET /static/css/vertical-layout-light/style.css HTTP/1.1[0m" 304 -
127.0.0.1 - - [01/Dec/2023 18:01:51] "[36mGET /static/vendors/js/vendor.bundle.base.js HTTP/1.1[0m" 304 -
127.0.0.1 - - [01/Dec/2023 18:01:51] "[36mGET /static/vendors/typicons.font/font/typicons.woff HTTP/1.1[0m" 304 -
127.0.0.1 - - [01/Dec/2023 18:01:51] "[33mGET /static/fonts/Roboto/Roboto-Bold.woff2 HTTP/1.1[0m" 404 -
127.0.0.1 - - [01/Dec/2023 18:01:51] "[33mGET /static/fonts/Roboto/Roboto-Regular.woff2 HTTP/1.1[0m" 404 -
127.0.0.1 - - [01/Dec/2023 18:01:51] "[33mGET /static/fonts/Roboto/Roboto-Light.woff2 HTTP/1.1[0m" 404 -
127.0.0.1 - - [01/Dec/2023 18:01:51] "[36mGET /static/js/off-canvas.js HTTP/1.1[0m" 304 -
127.0.0.1 - - [01/Dec/2023 18:01:51] "[36mGET /static/js/hoverable-collapse.js HTTP/1.1[0m" 304 -
127.0.0.1 - - [01/Dec/2023 18:01:51] "[33mGET /static/fonts/Roboto/Roboto-Bold.woff HTTP/1.1[0m" 404 -
127.0.0.1 - - [01/Dec/2023 18:01:52] "[33mGET /static/fonts/Roboto/Roboto-Regular.woff HTTP/1.1[0m" 404 -
127.0.0.1 - - [01/Dec/2023 18:01:52] "[33mGET /static/fonts/Roboto/Roboto-Light.woff HTTP/1.1[0m" 404 -
127.0.0.1 - - [01/Dec/2023 18:01:52] "[33mGET /static/fonts/Roboto/Roboto-Bold.ttf HTTP/1.1[0m" 404 -
127.0.0.1 - - [01/Dec/2023 18:01:52] "[33mGET /static/fonts/Roboto/Roboto-Regular.ttf HTTP/1.1[0m" 404 -
127.0.0.1 - - [01/Dec/2023 18:01:52] "[33mGET /static/fonts/Roboto/Roboto-Light.ttf HTTP/1.1[0m" 404 -
127.0.0.1 - - [01/Dec/2023 18:01:52] "[36mGET /static/js/template.js HTTP/1.1[0m" 304 -
127.0.0.1 - - [01/Dec/2023 18:01:52] "[36mGET /static/js/settings.js HTTP/1.1[0m" 304 -
127.0.0.1 - - [01/Dec/2023 18:01:52] "[36mGET /static/js/todolist.js HTTP/1.1[0m" 304 -
127.0.0.1 - - [01/Dec/2023 18:01:52] "[36mGET /static/vendors/progressbar.js/progressbar.min.js HTTP/1.1[0m" 304 -
127.0.0.1 - - [01/Dec/2023 18:01:52] "[36mGET /static/vendors/chart.js/Chart.min.js HTTP/1.1[0m" 304 -
127.0.0.1 - - [01/Dec/2023 18:01:52] "[36mGET /static/css/maps/vertical-layout-light/style.css.map HTTP/1.1[0m" 304 -
127.0.0.1 - - [01/Dec/2023 18:01:52] "[36mGET /static/vendors/js/bootstrap.min.js.map HTTP/1.1[0m" 304 -
127.0.0.1 - - [01/Dec/2023 18:01:52] "[36mGET /static/vendors/progressbar.js/progressbar.min.js.map HTTP/1.1[0m" 304 -
127.0.0.1 - - [01/Dec/2023 18:01:53] "[36mGET /static/images/enia.png HTTP/1.1[0m" 304 -
127.0.0.1 - - [01/Dec/2023 18:02:12] "[36mGET /static/vendors/typicons.font/font/typicons.css HTTP/1.1[0m" 304 -
127.0.0.1 - - [01/Dec/2023 18:02:12] "[36mGET /static/vendors/css/vendor.bundle.base.css HTTP/1.1[0m" 304 -
127.0.0.1 - - [01/Dec/2023 18:02:12] "[36mGET /static/css/vertical-layout-light/style.css HTTP/1.1[0m" 304 -
127.0.0.1 - - [01/Dec/2023 18:02:12] "[36mGET /static/css/nuovo_sensore.css HTTP/1.1[0m" 304 -
127.0.0.1 - - [01/Dec/2023 18:02:12] "[36mGET /static/vendors/js/bootstrap.min.js.map HTTP/1.1[0m" 304 -
127.0.0.1 - - [01/Dec/2023 18:02:12] "[36mGET /static/vendors/progressbar.js/progressbar.min.js.map HTTP/1.1[0m" 304 -
127.0.0.1 - - [01/Dec/2023 18:02:13] "[36mGET /static/css/maps/vertical-layout-light/style.css.map HTTP/1.1[0m" 304 -
127.0.0.1 - - [01/Dec/2023 18:05:04] "GET /test HTTP/1.1" 200 -
127.0.0.1 - - [01/Dec/2023 18:05:04] "[36mGET /static/vendors/typicons.font/font/typicons.css HTTP/1.1[0m" 304 -
127.0.0.1 - - [01/Dec/2023 18:05:04] "[36mGET /static/vendors/css/vendor.bundle.base.css HTTP/1.1[0m" 304 -
127.0.0.1 - - [01/Dec/2023 18:05:05] "[36mGET /static/css/vertical-layout-light/style.css HTTP/1.1[0m" 304 -
127.0.0.1 - - [01/Dec/2023 18:05:05] "[36mGET /static/css/nuovo_sensore.css HTTP/1.1[0m" 304 -
127.0.0.1 - - [01/Dec/2023 18:05:05] "[36mGET /static/images/enia.png HTTP/1.1[0m" 304 -
127.0.0.1 - - [01/Dec/2023 18:05:05] "[36mGET /static/vendors/js/vendor.bundle.base.js HTTP/1.1[0m" 304 -
127.0.0.1 - - [01/Dec/2023 18:05:05] "[36mGET /static/js/off-canvas.js HTTP/1.1[0m" 304 -
127.0.0.1 - - [01/Dec/2023 18:05:05] "[36mGET /static/js/hoverable-collapse.js HTTP/1.1[0m" 304 -
127.0.0.1 - - [01/Dec/2023 18:05:05] "[36mGET /static/vendors/typicons.font/font/typicons.woff HTTP/1.1[0m" 304 -
127.0.0.1 - - [01/Dec/2023 18:05:05] "[33mGET /static/fonts/Roboto/Roboto-Bold.woff2 HTTP/1.1[0m" 404 -
127.0.0.1 - - [01/Dec/2023 18:05:05] "[33mGET /static/fonts/Roboto/Roboto-Regular.woff2 HTTP/1.1[0m" 404 -
127.0.0.1 - - [01/Dec/2023 18:05:05] "[33mGET /static/fonts/Roboto/Roboto-Light.woff2 HTTP/1.1[0m" 404 -
127.0.0.1 - - [01/Dec/2023 18:05:05] "[33mGET /static/fonts/Roboto/Roboto-Bold.woff HTTP/1.1[0m" 404 -
127.0.0.1 - - [01/Dec/2023 18:05:05] "[33mGET /static/fonts/Roboto/Roboto-Regular.woff HTTP/1.1[0m" 404 -
127.0.0.1 - - [01/Dec/2023 18:05:05] "[33mGET /static/fonts/Roboto/Roboto-Light.woff HTTP/1.1[0m" 404 -
127.0.0.1 - - [01/Dec/2023 18:05:05] "[33mGET /static/fonts/Roboto/Roboto-Bold.ttf HTTP/1.1[0m" 404 -
127.0.0.1 - - [01/Dec/2023 18:05:05] "[33mGET /static/fonts/Roboto/Roboto-Regular.ttf HTTP/1.1[0m" 404 -
127.0.0.1 - - [01/Dec/2023 18:05:05] "[33mGET /static/fonts/Roboto/Roboto-Light.ttf HTTP/1.1[0m" 404 -
127.0.0.1 - - [01/Dec/2023 18:05:06] "[36mGET /static/js/template.js HTTP/1.1[0m" 304 -
127.0.0.1 - - [01/Dec/2023 18:05:06] "[36mGET /static/js/settings.js HTTP/1.1[0m" 304 -
127.0.0.1 - - [01/Dec/2023 18:05:06] "[36mGET /static/js/todolist.js HTTP/1.1[0m" 304 -
127.0.0.1 - - [01/Dec/2023 18:05:06] "[36mGET /static/vendors/progressbar.js/progressbar.min.js HTTP/1.1[0m" 304 -
127.0.0.1 - - [01/Dec/2023 18:05:06] "[36mGET /static/vendors/chart.js/Chart.min.js HTTP/1.1[0m" 304 -
127.0.0.1 - - [01/Dec/2023 18:05:06] "[36mGET /static/css/maps/vertical-layout-light/style.css.map HTTP/1.1[0m" 304 -
127.0.0.1 - - [01/Dec/2023 18:05:06] "[36mGET /static/vendors/js/bootstrap.min.js.map HTTP/1.1[0m" 304 -
127.0.0.1 - - [01/Dec/2023 18:05:06] "[36mGET /static/vendors/progressbar.js/progressbar.min.js.map HTTP/1.1[0m" 304 -
127.0.0.1 - - [01/Dec/2023 18:05:07] "[36mGET /static/images/enia.png HTTP/1.1[0m" 304 -
127.0.0.1 - - [01/Dec/2023 18:05:09] "[36mGET /static/images/sprinkler.png HTTP/1.1[0m" 304 -
 * Detected change in 'c:\\Users\\gerar\\Clone git\\Tirocinio\\Tirocinio\\src\\main_route.py', reloading
 * Restarting with stat
 * Debugger is active!
 * Debugger PIN: 523-329-823
 * Detected change in 'c:\\Users\\gerar\\Clone git\\Tirocinio\\Tirocinio\\src\\load_DB\\main_load.py', reloading
 * Restarting with stat
 * Debugger is active!
 * Debugger PIN: 523-329-823
 * Detected change in 'c:\\Users\\gerar\\Clone git\\Tirocinio\\Tirocinio\\src\\main_route.py', reloading
 * Restarting with stat
 * Debugger is active!
 * Debugger PIN: 523-329-823
 * Detected change in 'c:\\Users\\gerar\\Clone git\\Tirocinio\\Tirocinio\\src\\main_route.py', reloading
 * Restarting with stat
 * Debugger is active!
 * Debugger PIN: 523-329-823
127.0.0.1 - - [01/Dec/2023 18:16:58] "GET /test HTTP/1.1" 200 -
127.0.0.1 - - [01/Dec/2023 18:16:59] "[36mGET /static/vendors/typicons.font/font/typicons.css HTTP/1.1[0m" 304 -
127.0.0.1 - - [01/Dec/2023 18:16:59] "[36mGET /static/vendors/css/vendor.bundle.base.css HTTP/1.1[0m" 304 -
127.0.0.1 - - [01/Dec/2023 18:16:59] "[36mGET /static/css/vertical-layout-light/style.css HTTP/1.1[0m" 304 -
127.0.0.1 - - [01/Dec/2023 18:16:59] "[36mGET /static/css/nuovo_sensore.css HTTP/1.1[0m" 304 -
127.0.0.1 - - [01/Dec/2023 18:16:59] "[36mGET /static/images/enia.png HTTP/1.1[0m" 304 -
127.0.0.1 - - [01/Dec/2023 18:16:59] "[36mGET /static/vendors/js/vendor.bundle.base.js HTTP/1.1[0m" 304 -
127.0.0.1 - - [01/Dec/2023 18:16:59] "[36mGET /static/vendors/typicons.font/font/typicons.woff HTTP/1.1[0m" 304 -
127.0.0.1 - - [01/Dec/2023 18:16:59] "[36mGET /static/js/off-canvas.js HTTP/1.1[0m" 304 -
127.0.0.1 - - [01/Dec/2023 18:16:59] "[33mGET /static/fonts/Roboto/Roboto-Regular.woff2 HTTP/1.1[0m" 404 -
127.0.0.1 - - [01/Dec/2023 18:16:59] "[33mGET /static/fonts/Roboto/Roboto-Light.woff2 HTTP/1.1[0m" 404 -
127.0.0.1 - - [01/Dec/2023 18:16:59] "[33mGET /static/fonts/Roboto/Roboto-Bold.woff2 HTTP/1.1[0m" 404 -
127.0.0.1 - - [01/Dec/2023 18:16:59] "[36mGET /static/js/hoverable-collapse.js HTTP/1.1[0m" 304 -
127.0.0.1 - - [01/Dec/2023 18:16:59] "[33mGET /static/fonts/Roboto/Roboto-Regular.woff HTTP/1.1[0m" 404 -
127.0.0.1 - - [01/Dec/2023 18:17:00] "[33mGET /static/fonts/Roboto/Roboto-Light.woff HTTP/1.1[0m" 404 -
127.0.0.1 - - [01/Dec/2023 18:17:00] "[33mGET /static/fonts/Roboto/Roboto-Bold.woff HTTP/1.1[0m" 404 -
127.0.0.1 - - [01/Dec/2023 18:17:00] "[33mGET /static/fonts/Roboto/Roboto-Regular.ttf HTTP/1.1[0m" 404 -
127.0.0.1 - - [01/Dec/2023 18:17:00] "[36mGET /static/js/settings.js HTTP/1.1[0m" 304 -
127.0.0.1 - - [01/Dec/2023 18:17:00] "[36mGET /static/js/template.js HTTP/1.1[0m" 304 -
127.0.0.1 - - [01/Dec/2023 18:17:00] "[33mGET /static/fonts/Roboto/Roboto-Light.ttf HTTP/1.1[0m" 404 -
127.0.0.1 - - [01/Dec/2023 18:17:00] "[33mGET /static/fonts/Roboto/Roboto-Bold.ttf HTTP/1.1[0m" 404 -
127.0.0.1 - - [01/Dec/2023 18:17:00] "[36mGET /static/js/todolist.js HTTP/1.1[0m" 304 -
127.0.0.1 - - [01/Dec/2023 18:17:00] "[36mGET /static/vendors/progressbar.js/progressbar.min.js HTTP/1.1[0m" 304 -
127.0.0.1 - - [01/Dec/2023 18:17:00] "[36mGET /static/vendors/chart.js/Chart.min.js HTTP/1.1[0m" 304 -
127.0.0.1 - - [01/Dec/2023 18:17:00] "[36mGET /static/css/maps/vertical-layout-light/style.css.map HTTP/1.1[0m" 304 -
127.0.0.1 - - [01/Dec/2023 18:17:00] "[36mGET /static/vendors/js/bootstrap.min.js.map HTTP/1.1[0m" 304 -
127.0.0.1 - - [01/Dec/2023 18:17:00] "[36mGET /static/vendors/progressbar.js/progressbar.min.js.map HTTP/1.1[0m" 304 -
127.0.0.1 - - [01/Dec/2023 18:17:01] "[36mGET /static/images/enia.png HTTP/1.1[0m" 304 -
127.0.0.1 - - [01/Dec/2023 18:17:09] "[36mGET /static/images/sprinkler.png HTTP/1.1[0m" 304 -
127.0.0.1 - - [01/Dec/2023 18:17:11] "[35m[1mPOST /aggiungiSensore HTTP/1.1[0m" 500 -
127.0.0.1 - - [01/Dec/2023 18:17:15] "[35m[1mPOST /aggiungiSensore HTTP/1.1[0m" 500 -
 * Detected change in 'c:\\Users\\gerar\\Clone git\\Tirocinio\\Tirocinio\\src\\main_route.py', reloading
 * Restarting with stat
 * Debugger is active!
 * Debugger PIN: 523-329-823
 * Detected change in 'c:\\Users\\gerar\\Clone git\\Tirocinio\\Tirocinio\\src\\main_route.py', reloading
 * Restarting with stat
 * Debugger is active!
 * Debugger PIN: 523-329-823
127.0.0.1 - - [01/Dec/2023 18:19:34] "[35m[1mGET /test HTTP/1.1[0m" 500 -
127.0.0.1 - - [01/Dec/2023 18:19:34] "[36mGET /test?__debugger__=yes&cmd=resource&f=style.css HTTP/1.1[0m" 304 -
127.0.0.1 - - [01/Dec/2023 18:19:34] "[36mGET /test?__debugger__=yes&cmd=resource&f=debugger.js HTTP/1.1[0m" 304 -
127.0.0.1 - - [01/Dec/2023 18:19:35] "[36mGET /test?__debugger__=yes&cmd=resource&f=console.png HTTP/1.1[0m" 304 -
127.0.0.1 - - [01/Dec/2023 18:19:35] "[36mGET /test?__debugger__=yes&cmd=resource&f=console.png HTTP/1.1[0m" 304 -
 * Detected change in 'c:\\Users\\gerar\\Clone git\\Tirocinio\\Tirocinio\\src\\main_route.py', reloading
 * Restarting with stat
 * Debugger is active!
 * Debugger PIN: 523-329-823
127.0.0.1 - - [01/Dec/2023 18:19:47] "[33mGET /test HTTP/1.1[0m" 404 -
127.0.0.1 - - [01/Dec/2023 18:19:48] "[36mGET /static/css/custom_error.css HTTP/1.1[0m" 304 -
127.0.0.1 - - [01/Dec/2023 18:19:48] "[36mGET /static/images/backToTheHomepage.png HTTP/1.1[0m" 304 -
127.0.0.1 - - [01/Dec/2023 18:19:48] "[36mGET /static/images/Delorean.png HTTP/1.1[0m" 304 -
127.0.0.1 - - [01/Dec/2023 18:19:49] "[33mGET /static/images/top.ico HTTP/1.1[0m" 404 -
127.0.0.1 - - [01/Dec/2023 18:20:01] "[32mGET /aggiungiSensore HTTP/1.1[0m" 302 -
127.0.0.1 - - [01/Dec/2023 18:20:02] "GET /login?next=%2FaggiungiSensore HTTP/1.1" 200 -
127.0.0.1 - - [01/Dec/2023 18:20:02] "[36mGET /static/css/auth.css HTTP/1.1[0m" 304 -
127.0.0.1 - - [01/Dec/2023 18:20:02] "[36mGET /static/javascript/auth.js HTTP/1.1[0m" 304 -
127.0.0.1 - - [01/Dec/2023 18:20:14] "[32mPOST /login?next=%2FaggiungiSensore HTTP/1.1[0m" 302 -
127.0.0.1 - - [01/Dec/2023 18:20:15] "[35m[1mGET /aggiungiSensore HTTP/1.1[0m" 500 -
127.0.0.1 - - [01/Dec/2023 18:20:15] "GET /aggiungiSensore?__debugger__=yes&cmd=resource&f=style.css HTTP/1.1" 200 -
127.0.0.1 - - [01/Dec/2023 18:20:15] "GET /aggiungiSensore?__debugger__=yes&cmd=resource&f=debugger.js HTTP/1.1" 200 -
127.0.0.1 - - [01/Dec/2023 18:20:15] "GET /aggiungiSensore?__debugger__=yes&cmd=resource&f=console.png HTTP/1.1" 200 -
127.0.0.1 - - [01/Dec/2023 18:20:16] "[36mGET /aggiungiSensore?__debugger__=yes&cmd=resource&f=console.png HTTP/1.1[0m" 304 -
 * Detected change in 'c:\\Users\\gerar\\Clone git\\Tirocinio\\Tirocinio\\src\\main_route.py', reloading
 * Restarting with stat
 * Debugger is active!
 * Debugger PIN: 523-329-823
127.0.0.1 - - [01/Dec/2023 18:20:31] "[35m[1mGET /aggiungiSensore HTTP/1.1[0m" 500 -
127.0.0.1 - - [01/Dec/2023 18:20:31] "[36mGET /aggiungiSensore?__debugger__=yes&cmd=resource&f=style.css HTTP/1.1[0m" 304 -
127.0.0.1 - - [01/Dec/2023 18:20:31] "[36mGET /aggiungiSensore?__debugger__=yes&cmd=resource&f=debugger.js HTTP/1.1[0m" 304 -
127.0.0.1 - - [01/Dec/2023 18:20:32] "[36mGET /aggiungiSensore?__debugger__=yes&cmd=resource&f=console.png HTTP/1.1[0m" 304 -
127.0.0.1 - - [01/Dec/2023 18:20:32] "[36mGET /aggiungiSensore?__debugger__=yes&cmd=resource&f=console.png HTTP/1.1[0m" 304 -
127.0.0.1 - - [01/Dec/2023 18:20:38] "[33mGET /aggiungaSensore HTTP/1.1[0m" 404 -
127.0.0.1 - - [01/Dec/2023 18:20:39] "[36mGET /static/css/custom_error.css HTTP/1.1[0m" 304 -
127.0.0.1 - - [01/Dec/2023 18:20:39] "[36mGET /static/images/Delorean.png HTTP/1.1[0m" 304 -
127.0.0.1 - - [01/Dec/2023 18:20:39] "[36mGET /static/images/backToTheHomepage.png HTTP/1.1[0m" 304 -
 * Detected change in 'c:\\Users\\gerar\\Clone git\\Tirocinio\\Tirocinio\\src\\main_route.py', reloading
 * Restarting with stat
 * Debugger is active!
 * Debugger PIN: 523-329-823
127.0.0.1 - - [01/Dec/2023 18:21:55] "[35m[1mGET /aggiungiSensore HTTP/1.1[0m" 500 -
127.0.0.1 - - [01/Dec/2023 18:21:55] "[36mGET /aggiungiSensore?__debugger__=yes&cmd=resource&f=style.css HTTP/1.1[0m" 304 -
127.0.0.1 - - [01/Dec/2023 18:21:55] "[36mGET /aggiungiSensore?__debugger__=yes&cmd=resource&f=debugger.js HTTP/1.1[0m" 304 -
127.0.0.1 - - [01/Dec/2023 18:21:56] "[36mGET /aggiungiSensore?__debugger__=yes&cmd=resource&f=console.png HTTP/1.1[0m" 304 -
 * Detected change in 'c:\\Users\\gerar\\Clone git\\Tirocinio\\Tirocinio\\src\\main_route.py', reloading
 * Restarting with stat
 * Debugger is active!
 * Debugger PIN: 523-329-823
127.0.0.1 - - [01/Dec/2023 18:22:13] "GET /aggiungiSensore HTTP/1.1" 200 -
127.0.0.1 - - [01/Dec/2023 18:22:14] "[36mGET /static/vendors/css/vendor.bundle.base.css HTTP/1.1[0m" 304 -
127.0.0.1 - - [01/Dec/2023 18:22:14] "[36mGET /static/vendors/typicons.font/font/typicons.css HTTP/1.1[0m" 304 -
127.0.0.1 - - [01/Dec/2023 18:22:14] "[36mGET /static/css/vertical-layout-light/style.css HTTP/1.1[0m" 304 -
127.0.0.1 - - [01/Dec/2023 18:22:14] "[36mGET /static/css/nuovo_sensore.css HTTP/1.1[0m" 304 -
127.0.0.1 - - [01/Dec/2023 18:22:14] "[36mGET /static/images/enia.png HTTP/1.1[0m" 304 -
127.0.0.1 - - [01/Dec/2023 18:22:14] "[36mGET /static/vendors/js/vendor.bundle.base.js HTTP/1.1[0m" 304 -
127.0.0.1 - - [01/Dec/2023 18:22:14] "[36mGET /static/vendors/typicons.font/font/typicons.woff HTTP/1.1[0m" 304 -
127.0.0.1 - - [01/Dec/2023 18:22:14] "[33mGET /static/fonts/Roboto/Roboto-Bold.woff2 HTTP/1.1[0m" 404 -
127.0.0.1 - - [01/Dec/2023 18:22:14] "[36mGET /static/js/off-canvas.js HTTP/1.1[0m" 304 -
127.0.0.1 - - [01/Dec/2023 18:22:14] "[36mGET /static/js/hoverable-collapse.js HTTP/1.1[0m" 304 -
127.0.0.1 - - [01/Dec/2023 18:22:15] "[33mGET /static/fonts/Roboto/Roboto-Bold.woff HTTP/1.1[0m" 404 -
127.0.0.1 - - [01/Dec/2023 18:22:15] "[36mGET /static/js/template.js HTTP/1.1[0m" 304 -
127.0.0.1 - - [01/Dec/2023 18:22:15] "[36mGET /static/js/settings.js HTTP/1.1[0m" 304 -
127.0.0.1 - - [01/Dec/2023 18:22:15] "[36mGET /static/js/todolist.js HTTP/1.1[0m" 304 -
127.0.0.1 - - [01/Dec/2023 18:22:15] "[33mGET /static/fonts/Roboto/Roboto-Regular.woff2 HTTP/1.1[0m" 404 -
127.0.0.1 - - [01/Dec/2023 18:22:15] "[33mGET /static/fonts/Roboto/Roboto-Light.woff2 HTTP/1.1[0m" 404 -
127.0.0.1 - - [01/Dec/2023 18:22:15] "[36mGET /static/vendors/progressbar.js/progressbar.min.js HTTP/1.1[0m" 304 -
127.0.0.1 - - [01/Dec/2023 18:22:15] "[33mGET /static/fonts/Roboto/Roboto-Regular.woff HTTP/1.1[0m" 404 -
127.0.0.1 - - [01/Dec/2023 18:22:15] "[33mGET /static/fonts/Roboto/Roboto-Bold.ttf HTTP/1.1[0m" 404 -
127.0.0.1 - - [01/Dec/2023 18:22:15] "[33mGET /static/fonts/Roboto/Roboto-Light.woff HTTP/1.1[0m" 404 -
127.0.0.1 - - [01/Dec/2023 18:22:15] "[36mGET /static/vendors/chart.js/Chart.min.js HTTP/1.1[0m" 304 -
127.0.0.1 - - [01/Dec/2023 18:22:15] "[36mGET /static/css/maps/vertical-layout-light/style.css.map HTTP/1.1[0m" 304 -
127.0.0.1 - - [01/Dec/2023 18:22:15] "[36mGET /static/vendors/js/bootstrap.min.js.map HTTP/1.1[0m" 304 -
127.0.0.1 - - [01/Dec/2023 18:22:15] "[36mGET /static/vendors/progressbar.js/progressbar.min.js.map HTTP/1.1[0m" 304 -
127.0.0.1 - - [01/Dec/2023 18:22:15] "[33mGET /static/fonts/Roboto/Roboto-Regular.ttf HTTP/1.1[0m" 404 -
127.0.0.1 - - [01/Dec/2023 18:22:15] "[33mGET /static/fonts/Roboto/Roboto-Light.ttf HTTP/1.1[0m" 404 -
127.0.0.1 - - [01/Dec/2023 18:22:16] "[36mGET /static/images/enia.png HTTP/1.1[0m" 304 -
127.0.0.1 - - [01/Dec/2023 18:22:21] "[36mGET /static/images/sprinkler.png HTTP/1.1[0m" 304 -
127.0.0.1 - - [01/Dec/2023 18:22:24] "POST /aggiungiSensore HTTP/1.1" 200 -
127.0.0.1 - - [01/Dec/2023 18:30:00] "GET /aggiungiSensore HTTP/1.1" 200 -
127.0.0.1 - - [01/Dec/2023 18:30:00] "[36mGET /static/vendors/typicons.font/font/typicons.css HTTP/1.1[0m" 304 -
127.0.0.1 - - [01/Dec/2023 18:30:00] "[36mGET /static/vendors/css/vendor.bundle.base.css HTTP/1.1[0m" 304 -
127.0.0.1 - - [01/Dec/2023 18:30:00] "[36mGET /static/css/vertical-layout-light/style.css HTTP/1.1[0m" 304 -
127.0.0.1 - - [01/Dec/2023 18:30:00] "[36mGET /static/css/nuovo_sensore.css HTTP/1.1[0m" 304 -
127.0.0.1 - - [01/Dec/2023 18:30:00] "[36mGET /static/images/enia.png HTTP/1.1[0m" 304 -
127.0.0.1 - - [01/Dec/2023 18:30:00] "[36mGET /static/vendors/js/vendor.bundle.base.js HTTP/1.1[0m" 304 -
127.0.0.1 - - [01/Dec/2023 18:30:01] "[36mGET /static/vendors/typicons.font/font/typicons.woff HTTP/1.1[0m" 304 -
127.0.0.1 - - [01/Dec/2023 18:30:01] "[36mGET /static/js/off-canvas.js HTTP/1.1[0m" 304 -
127.0.0.1 - - [01/Dec/2023 18:30:01] "[36mGET /static/js/hoverable-collapse.js HTTP/1.1[0m" 304 -
127.0.0.1 - - [01/Dec/2023 18:30:01] "[33mGET /static/fonts/Roboto/Roboto-Bold.woff2 HTTP/1.1[0m" 404 -
127.0.0.1 - - [01/Dec/2023 18:30:01] "[33mGET /static/fonts/Roboto/Roboto-Regular.woff2 HTTP/1.1[0m" 404 -
127.0.0.1 - - [01/Dec/2023 18:30:01] "[33mGET /static/fonts/Roboto/Roboto-Light.woff2 HTTP/1.1[0m" 404 -
127.0.0.1 - - [01/Dec/2023 18:30:01] "[36mGET /static/js/template.js HTTP/1.1[0m" 304 -
127.0.0.1 - - [01/Dec/2023 18:30:01] "[36mGET /static/js/settings.js HTTP/1.1[0m" 304 -
127.0.0.1 - - [01/Dec/2023 18:30:01] "[36mGET /static/js/todolist.js HTTP/1.1[0m" 304 -
127.0.0.1 - - [01/Dec/2023 18:30:01] "[33mGET /static/fonts/Roboto/Roboto-Regular.woff HTTP/1.1[0m" 404 -
127.0.0.1 - - [01/Dec/2023 18:30:01] "[33mGET /static/fonts/Roboto/Roboto-Bold.woff HTTP/1.1[0m" 404 -
127.0.0.1 - - [01/Dec/2023 18:30:01] "[33mGET /static/fonts/Roboto/Roboto-Light.woff HTTP/1.1[0m" 404 -
127.0.0.1 - - [01/Dec/2023 18:30:02] "[33mGET /static/fonts/Roboto/Roboto-Regular.ttf HTTP/1.1[0m" 404 -
127.0.0.1 - - [01/Dec/2023 18:30:02] "[33mGET /static/fonts/Roboto/Roboto-Bold.ttf HTTP/1.1[0m" 404 -
127.0.0.1 - - [01/Dec/2023 18:30:02] "[33mGET /static/fonts/Roboto/Roboto-Light.ttf HTTP/1.1[0m" 404 -
127.0.0.1 - - [01/Dec/2023 18:30:02] "[36mGET /static/vendors/progressbar.js/progressbar.min.js HTTP/1.1[0m" 304 -
127.0.0.1 - - [01/Dec/2023 18:30:02] "[36mGET /static/vendors/chart.js/Chart.min.js HTTP/1.1[0m" 304 -
127.0.0.1 - - [01/Dec/2023 18:30:02] "[36mGET /static/css/maps/vertical-layout-light/style.css.map HTTP/1.1[0m" 304 -
127.0.0.1 - - [01/Dec/2023 18:30:02] "[36mGET /static/vendors/js/bootstrap.min.js.map HTTP/1.1[0m" 304 -
127.0.0.1 - - [01/Dec/2023 18:30:02] "[36mGET /static/vendors/progressbar.js/progressbar.min.js.map HTTP/1.1[0m" 304 -
127.0.0.1 - - [01/Dec/2023 18:30:03] "[36mGET /static/images/enia.png HTTP/1.1[0m" 304 -
127.0.0.1 - - [01/Dec/2023 18:30:09] "[36mGET /static/images/sprinkler.png HTTP/1.1[0m" 304 -
127.0.0.1 - - [01/Dec/2023 18:30:12] "POST /aggiungiSensore HTTP/1.1" 200 -
 * Detected change in 'c:\\Users\\gerar\\Clone git\\Tirocinio\\Tirocinio\\src\\main_route.py', reloading
 * Restarting with stat
 * Debugger is active!
 * Debugger PIN: 523-329-823
 * Detected change in 'c:\\Users\\gerar\\Clone git\\Tirocinio\\Tirocinio\\src\\main_route.py', reloading
 * Restarting with stat
 * Debugger is active!
 * Debugger PIN: 523-329-823
 * Detected change in 'c:\\Users\\gerar\\Clone git\\Tirocinio\\Tirocinio\\src\\main_route.py', reloading
 * Restarting with stat
 * Debugger is active!
 * Debugger PIN: 523-329-823
127.0.0.1 - - [01/Dec/2023 18:31:25] "GET /aggiungiSensore HTTP/1.1" 200 -
127.0.0.1 - - [01/Dec/2023 18:31:26] "[36mGET /static/vendors/typicons.font/font/typicons.css HTTP/1.1[0m" 304 -
127.0.0.1 - - [01/Dec/2023 18:31:26] "[36mGET /static/vendors/css/vendor.bundle.base.css HTTP/1.1[0m" 304 -
127.0.0.1 - - [01/Dec/2023 18:31:26] "[36mGET /static/css/vertical-layout-light/style.css HTTP/1.1[0m" 304 -
127.0.0.1 - - [01/Dec/2023 18:31:26] "[36mGET /static/images/enia.png HTTP/1.1[0m" 304 -
127.0.0.1 - - [01/Dec/2023 18:31:26] "[36mGET /static/css/nuovo_sensore.css HTTP/1.1[0m" 304 -
127.0.0.1 - - [01/Dec/2023 18:31:26] "[36mGET /static/vendors/js/vendor.bundle.base.js HTTP/1.1[0m" 304 -
127.0.0.1 - - [01/Dec/2023 18:31:26] "[36mGET /static/js/off-canvas.js HTTP/1.1[0m" 304 -
127.0.0.1 - - [01/Dec/2023 18:31:26] "[36mGET /static/js/hoverable-collapse.js HTTP/1.1[0m" 304 -
127.0.0.1 - - [01/Dec/2023 18:31:26] "[36mGET /static/js/template.js HTTP/1.1[0m" 304 -
127.0.0.1 - - [01/Dec/2023 18:31:26] "[36mGET /static/vendors/typicons.font/font/typicons.woff HTTP/1.1[0m" 304 -
127.0.0.1 - - [01/Dec/2023 18:31:26] "[33mGET /static/fonts/Roboto/Roboto-Regular.woff2 HTTP/1.1[0m" 404 -
127.0.0.1 - - [01/Dec/2023 18:31:27] "[36mGET /static/js/settings.js HTTP/1.1[0m" 304 -
127.0.0.1 - - [01/Dec/2023 18:31:27] "[33mGET /static/fonts/Roboto/Roboto-Light.woff2 HTTP/1.1[0m" 404 -
127.0.0.1 - - [01/Dec/2023 18:31:27] "[36mGET /static/js/todolist.js HTTP/1.1[0m" 304 -
127.0.0.1 - - [01/Dec/2023 18:31:27] "[33mGET /static/fonts/Roboto/Roboto-Light.woff HTTP/1.1[0m" 404 -
127.0.0.1 - - [01/Dec/2023 18:31:27] "[33mGET /static/fonts/Roboto/Roboto-Bold.woff2 HTTP/1.1[0m" 404 -
127.0.0.1 - - [01/Dec/2023 18:31:27] "[36mGET /static/vendors/progressbar.js/progressbar.min.js HTTP/1.1[0m" 304 -
127.0.0.1 - - [01/Dec/2023 18:31:27] "[33mGET /static/fonts/Roboto/Roboto-Light.ttf HTTP/1.1[0m" 404 -
127.0.0.1 - - [01/Dec/2023 18:31:27] "[36mGET /static/vendors/chart.js/Chart.min.js HTTP/1.1[0m" 304 -
127.0.0.1 - - [01/Dec/2023 18:31:27] "[33mGET /static/fonts/Roboto/Roboto-Bold.woff HTTP/1.1[0m" 404 -
127.0.0.1 - - [01/Dec/2023 18:31:27] "[36mGET /static/css/maps/vertical-layout-light/style.css.map HTTP/1.1[0m" 304 -
127.0.0.1 - - [01/Dec/2023 18:31:27] "[36mGET /static/vendors/js/bootstrap.min.js.map HTTP/1.1[0m" 304 -
127.0.0.1 - - [01/Dec/2023 18:31:27] "[33mGET /static/fonts/Roboto/Roboto-Bold.ttf HTTP/1.1[0m" 404 -
127.0.0.1 - - [01/Dec/2023 18:31:27] "[33mGET /static/fonts/Roboto/Roboto-Regular.woff HTTP/1.1[0m" 404 -
127.0.0.1 - - [01/Dec/2023 18:31:28] "[36mGET /static/vendors/progressbar.js/progressbar.min.js.map HTTP/1.1[0m" 304 -
127.0.0.1 - - [01/Dec/2023 18:31:28] "[33mGET /static/fonts/Roboto/Roboto-Regular.ttf HTTP/1.1[0m" 404 -
127.0.0.1 - - [01/Dec/2023 18:31:28] "[36mGET /static/images/enia.png HTTP/1.1[0m" 304 -
127.0.0.1 - - [01/Dec/2023 18:31:31] "[36mGET /static/images/sprinkler.png HTTP/1.1[0m" 304 -
127.0.0.1 - - [01/Dec/2023 18:31:33] "POST /aggiungiSensore HTTP/1.1" 200 -
[31m[1mWARNING: This is a development server. Do not use it in a production deployment. Use a production WSGI server instead.[0m
 * Running on http://localhost:5000
[33mPress CTRL+C to quit[0m
 * Restarting with stat
 * Debugger is active!
 * Debugger PIN: 523-329-823
127.0.0.1 - - [03/Dec/2023 11:23:34] "GET / HTTP/1.1" 200 -
127.0.0.1 - - [03/Dec/2023 11:23:35] "GET /static/css/home.css HTTP/1.1" 200 -
127.0.0.1 - - [03/Dec/2023 11:23:39] "GET /login HTTP/1.1" 200 -
127.0.0.1 - - [03/Dec/2023 11:23:39] "GET /static/css/auth.css HTTP/1.1" 200 -
127.0.0.1 - - [03/Dec/2023 11:23:39] "GET /static/javascript/auth.js HTTP/1.1" 200 -
127.0.0.1 - - [03/Dec/2023 11:23:40] "[33mGET /static/images/top.ico HTTP/1.1[0m" 404 -
127.0.0.1 - - [03/Dec/2023 11:23:49] "[32mPOST /login HTTP/1.1[0m" 302 -
127.0.0.1 - - [03/Dec/2023 11:23:49] "GET /listaSensori HTTP/1.1" 200 -
127.0.0.1 - - [03/Dec/2023 11:23:50] "GET /static/vendors/css/vendor.bundle.base.css HTTP/1.1" 200 -
127.0.0.1 - - [03/Dec/2023 11:23:50] "GET /static/images/enia.png HTTP/1.1" 200 -
127.0.0.1 - - [03/Dec/2023 11:23:50] "GET /static/css/vertical-layout-light/style.css HTTP/1.1" 200 -
127.0.0.1 - - [03/Dec/2023 11:23:50] "GET /static/vendors/typicons.font/font/typicons.css HTTP/1.1" 200 -
127.0.0.1 - - [03/Dec/2023 11:23:50] "GET /static/js/off-canvas.js HTTP/1.1" 200 -
127.0.0.1 - - [03/Dec/2023 11:23:50] "GET /static/vendors/js/vendor.bundle.base.js HTTP/1.1" 200 -
127.0.0.1 - - [03/Dec/2023 11:23:50] "GET /static/vendors/typicons.font/font/typicons.woff HTTP/1.1" 200 -
127.0.0.1 - - [03/Dec/2023 11:23:50] "GET /static/js/hoverable-collapse.js HTTP/1.1" 200 -
127.0.0.1 - - [03/Dec/2023 11:23:50] "[33mGET /static/fonts/Roboto/Roboto-Bold.woff2 HTTP/1.1[0m" 404 -
127.0.0.1 - - [03/Dec/2023 11:23:50] "[33mGET /static/fonts/Roboto/Roboto-Bold.woff HTTP/1.1[0m" 404 -
127.0.0.1 - - [03/Dec/2023 11:23:50] "[33mGET /static/fonts/Roboto/Roboto-Bold.ttf HTTP/1.1[0m" 404 -
127.0.0.1 - - [03/Dec/2023 11:23:50] "GET /static/js/template.js HTTP/1.1" 200 -
127.0.0.1 - - [03/Dec/2023 11:23:50] "[33mGET /static/fonts/Roboto/Roboto-Light.woff2 HTTP/1.1[0m" 404 -
127.0.0.1 - - [03/Dec/2023 11:23:51] "GET /static/js/settings.js HTTP/1.1" 200 -
127.0.0.1 - - [03/Dec/2023 11:23:51] "[33mGET /static/fonts/Roboto/Roboto-Regular.woff2 HTTP/1.1[0m" 404 -
127.0.0.1 - - [03/Dec/2023 11:23:51] "[33mGET /static/fonts/Roboto/Roboto-Light.woff HTTP/1.1[0m" 404 -
127.0.0.1 - - [03/Dec/2023 11:23:51] "GET /static/js/todolist.js HTTP/1.1" 200 -
127.0.0.1 - - [03/Dec/2023 11:23:51] "[33mGET /static/fonts/Roboto/Roboto-Regular.woff HTTP/1.1[0m" 404 -
127.0.0.1 - - [03/Dec/2023 11:23:51] "[33mGET /static/fonts/Roboto/Roboto-Light.ttf HTTP/1.1[0m" 404 -
127.0.0.1 - - [03/Dec/2023 11:23:51] "GET /static/vendors/progressbar.js/progressbar.min.js HTTP/1.1" 200 -
127.0.0.1 - - [03/Dec/2023 11:23:51] "[33mGET /static/fonts/Roboto/Roboto-Regular.ttf HTTP/1.1[0m" 404 -
127.0.0.1 - - [03/Dec/2023 11:23:51] "GET /static/vendors/chart.js/Chart.min.js HTTP/1.1" 200 -
127.0.0.1 - - [03/Dec/2023 11:23:58] "GET /aggiungiSensore HTTP/1.1" 200 -
127.0.0.1 - - [03/Dec/2023 11:23:58] "[36mGET /static/vendors/typicons.font/font/typicons.css HTTP/1.1[0m" 304 -
127.0.0.1 - - [03/Dec/2023 11:23:58] "[36mGET /static/vendors/css/vendor.bundle.base.css HTTP/1.1[0m" 304 -
127.0.0.1 - - [03/Dec/2023 11:23:58] "[36mGET /static/css/vertical-layout-light/style.css HTTP/1.1[0m" 304 -
127.0.0.1 - - [03/Dec/2023 11:23:58] "[36mGET /static/images/enia.png HTTP/1.1[0m" 304 -
127.0.0.1 - - [03/Dec/2023 11:23:58] "GET /static/css/nuovo_sensore.css HTTP/1.1" 200 -
127.0.0.1 - - [03/Dec/2023 11:23:58] "[36mGET /static/vendors/js/vendor.bundle.base.js HTTP/1.1[0m" 304 -
127.0.0.1 - - [03/Dec/2023 11:23:58] "[36mGET /static/js/off-canvas.js HTTP/1.1[0m" 304 -
127.0.0.1 - - [03/Dec/2023 11:23:58] "[36mGET /static/js/hoverable-collapse.js HTTP/1.1[0m" 304 -
127.0.0.1 - - [03/Dec/2023 11:23:59] "[36mGET /static/vendors/typicons.font/font/typicons.woff HTTP/1.1[0m" 304 -
127.0.0.1 - - [03/Dec/2023 11:23:59] "[36mGET /static/js/template.js HTTP/1.1[0m" 304 -
127.0.0.1 - - [03/Dec/2023 11:23:59] "[36mGET /static/js/settings.js HTTP/1.1[0m" 304 -
127.0.0.1 - - [03/Dec/2023 11:23:59] "[33mGET /static/fonts/Roboto/Roboto-Light.woff2 HTTP/1.1[0m" 404 -
127.0.0.1 - - [03/Dec/2023 11:23:59] "[33mGET /static/fonts/Roboto/Roboto-Bold.woff2 HTTP/1.1[0m" 404 -
127.0.0.1 - - [03/Dec/2023 11:23:59] "[33mGET /static/fonts/Roboto/Roboto-Regular.woff2 HTTP/1.1[0m" 404 -
127.0.0.1 - - [03/Dec/2023 11:23:59] "[33mGET /static/fonts/Roboto/Roboto-Light.woff HTTP/1.1[0m" 404 -
127.0.0.1 - - [03/Dec/2023 11:23:59] "[33mGET /static/fonts/Roboto/Roboto-Bold.woff HTTP/1.1[0m" 404 -
127.0.0.1 - - [03/Dec/2023 11:23:59] "[33mGET /static/fonts/Roboto/Roboto-Regular.woff HTTP/1.1[0m" 404 -
127.0.0.1 - - [03/Dec/2023 11:23:59] "[33mGET /static/fonts/Roboto/Roboto-Bold.ttf HTTP/1.1[0m" 404 -
127.0.0.1 - - [03/Dec/2023 11:23:59] "[33mGET /static/fonts/Roboto/Roboto-Light.ttf HTTP/1.1[0m" 404 -
127.0.0.1 - - [03/Dec/2023 11:23:59] "[33mGET /static/fonts/Roboto/Roboto-Regular.ttf HTTP/1.1[0m" 404 -
127.0.0.1 - - [03/Dec/2023 11:23:59] "[36mGET /static/js/todolist.js HTTP/1.1[0m" 304 -
127.0.0.1 - - [03/Dec/2023 11:23:59] "[36mGET /static/vendors/progressbar.js/progressbar.min.js HTTP/1.1[0m" 304 -
127.0.0.1 - - [03/Dec/2023 11:23:59] "[36mGET /static/vendors/chart.js/Chart.min.js HTTP/1.1[0m" 304 -
127.0.0.1 - - [03/Dec/2023 11:24:17] "[36mGET /static/images/enia.png HTTP/1.1[0m" 304 -
127.0.0.1 - - [03/Dec/2023 11:24:19] "GET /static/images/sprinkler.png HTTP/1.1" 200 -
127.0.0.1 - - [03/Dec/2023 11:24:23] "POST /aggiungiSensore HTTP/1.1" 200 -
127.0.0.1 - - [03/Dec/2023 11:24:39] "[35m[1mGET /listaSensori HTTP/1.1[0m" 500 -
127.0.0.1 - - [03/Dec/2023 11:24:39] "GET /listaSensori?__debugger__=yes&cmd=resource&f=style.css HTTP/1.1" 200 -
127.0.0.1 - - [03/Dec/2023 11:24:39] "GET /listaSensori?__debugger__=yes&cmd=resource&f=debugger.js HTTP/1.1" 200 -
127.0.0.1 - - [03/Dec/2023 11:24:40] "GET /listaSensori?__debugger__=yes&cmd=resource&f=console.png HTTP/1.1" 200 -
127.0.0.1 - - [03/Dec/2023 11:24:40] "[36mGET /listaSensori?__debugger__=yes&cmd=resource&f=console.png HTTP/1.1[0m" 304 -
 * Detected change in 'c:\\Users\\gerar\\Clone git\\Tirocinio\\Tirocinio\\src\\main_route.py', reloading
 * Restarting with stat
 * Debugger is active!
 * Debugger PIN: 523-329-823
127.0.0.1 - - [03/Dec/2023 11:36:31] "[35m[1mGET /listaSensori HTTP/1.1[0m" 500 -
127.0.0.1 - - [03/Dec/2023 11:36:31] "[36mGET /listaSensori?__debugger__=yes&cmd=resource&f=style.css HTTP/1.1[0m" 304 -
127.0.0.1 - - [03/Dec/2023 11:36:31] "[36mGET /listaSensori?__debugger__=yes&cmd=resource&f=debugger.js HTTP/1.1[0m" 304 -
127.0.0.1 - - [03/Dec/2023 11:36:32] "[36mGET /listaSensori?__debugger__=yes&cmd=resource&f=console.png HTTP/1.1[0m" 304 -
127.0.0.1 - - [03/Dec/2023 11:36:32] "[36mGET /listaSensori?__debugger__=yes&cmd=resource&f=console.png HTTP/1.1[0m" 304 -
127.0.0.1 - - [03/Dec/2023 11:36:33] "GET /aggiungiSensore HTTP/1.1" 200 -
127.0.0.1 - - [03/Dec/2023 11:36:37] "[36mGET /static/images/sprinkler.png HTTP/1.1[0m" 304 -
127.0.0.1 - - [03/Dec/2023 11:36:40] "POST /aggiungiSensore HTTP/1.1" 200 -
127.0.0.1 - - [03/Dec/2023 11:37:04] "[36mGET /static/vendors/typicons.font/font/typicons.css HTTP/1.1[0m" 304 -
127.0.0.1 - - [03/Dec/2023 11:37:04] "[36mGET /static/vendors/css/vendor.bundle.base.css HTTP/1.1[0m" 304 -
127.0.0.1 - - [03/Dec/2023 11:37:04] "[36mGET /static/css/nuovo_sensore.css HTTP/1.1[0m" 304 -
127.0.0.1 - - [03/Dec/2023 11:37:04] "[36mGET /static/css/vertical-layout-light/style.css HTTP/1.1[0m" 304 -
127.0.0.1 - - [03/Dec/2023 11:37:05] "GET /static/vendors/progressbar.js/progressbar.min.js.map HTTP/1.1" 200 -
127.0.0.1 - - [03/Dec/2023 11:37:05] "GET /static/vendors/js/bootstrap.min.js.map HTTP/1.1" 200 -
127.0.0.1 - - [03/Dec/2023 11:37:05] "GET /static/css/maps/vertical-layout-light/style.css.map HTTP/1.1" 200 -
127.0.0.1 - - [03/Dec/2023 11:37:29] "GET /aggiungiSensore HTTP/1.1" 200 -
127.0.0.1 - - [03/Dec/2023 11:37:29] "[36mGET /static/vendors/typicons.font/font/typicons.css HTTP/1.1[0m" 304 -
127.0.0.1 - - [03/Dec/2023 11:37:30] "[36mGET /static/css/vertical-layout-light/style.css HTTP/1.1[0m" 304 -
127.0.0.1 - - [03/Dec/2023 11:37:30] "[36mGET /static/vendors/css/vendor.bundle.base.css HTTP/1.1[0m" 304 -
127.0.0.1 - - [03/Dec/2023 11:37:30] "[36mGET /static/css/nuovo_sensore.css HTTP/1.1[0m" 304 -
127.0.0.1 - - [03/Dec/2023 11:37:30] "[36mGET /static/images/enia.png HTTP/1.1[0m" 304 -
127.0.0.1 - - [03/Dec/2023 11:37:30] "[36mGET /static/vendors/js/vendor.bundle.base.js HTTP/1.1[0m" 304 -
127.0.0.1 - - [03/Dec/2023 11:37:30] "[36mGET /static/vendors/typicons.font/font/typicons.woff HTTP/1.1[0m" 304 -
127.0.0.1 - - [03/Dec/2023 11:37:30] "[36mGET /static/js/off-canvas.js HTTP/1.1[0m" 304 -
127.0.0.1 - - [03/Dec/2023 11:37:30] "[36mGET /static/js/hoverable-collapse.js HTTP/1.1[0m" 304 -
127.0.0.1 - - [03/Dec/2023 11:37:30] "[33mGET /static/fonts/Roboto/Roboto-Bold.woff2 HTTP/1.1[0m" 404 -
127.0.0.1 - - [03/Dec/2023 11:37:30] "[36mGET /static/js/template.js HTTP/1.1[0m" 304 -
127.0.0.1 - - [03/Dec/2023 11:37:30] "[36mGET /static/js/settings.js HTTP/1.1[0m" 304 -
127.0.0.1 - - [03/Dec/2023 11:37:31] "[33mGET /static/fonts/Roboto/Roboto-Bold.woff HTTP/1.1[0m" 404 -
127.0.0.1 - - [03/Dec/2023 11:37:31] "[36mGET /static/js/todolist.js HTTP/1.1[0m" 304 -
127.0.0.1 - - [03/Dec/2023 11:37:31] "[36mGET /static/vendors/progressbar.js/progressbar.min.js HTTP/1.1[0m" 304 -
127.0.0.1 - - [03/Dec/2023 11:37:31] "[33mGET /static/fonts/Roboto/Roboto-Bold.ttf HTTP/1.1[0m" 404 -
127.0.0.1 - - [03/Dec/2023 11:37:31] "[36mGET /static/vendors/chart.js/Chart.min.js HTTP/1.1[0m" 304 -
127.0.0.1 - - [03/Dec/2023 11:37:31] "[33mGET /static/fonts/Roboto/Roboto-Regular.woff2 HTTP/1.1[0m" 404 -
127.0.0.1 - - [03/Dec/2023 11:37:31] "[33mGET /static/fonts/Roboto/Roboto-Light.woff2 HTTP/1.1[0m" 404 -
127.0.0.1 - - [03/Dec/2023 11:37:31] "[33mGET /static/fonts/Roboto/Roboto-Regular.woff HTTP/1.1[0m" 404 -
127.0.0.1 - - [03/Dec/2023 11:37:31] "[33mGET /static/fonts/Roboto/Roboto-Light.woff HTTP/1.1[0m" 404 -
127.0.0.1 - - [03/Dec/2023 11:37:31] "[36mGET /static/css/maps/vertical-layout-light/style.css.map HTTP/1.1[0m" 304 -
127.0.0.1 - - [03/Dec/2023 11:37:31] "[36mGET /static/vendors/js/bootstrap.min.js.map HTTP/1.1[0m" 304 -
127.0.0.1 - - [03/Dec/2023 11:37:31] "[36mGET /static/vendors/progressbar.js/progressbar.min.js.map HTTP/1.1[0m" 304 -
127.0.0.1 - - [03/Dec/2023 11:37:32] "[33mGET /static/fonts/Roboto/Roboto-Light.ttf HTTP/1.1[0m" 404 -
127.0.0.1 - - [03/Dec/2023 11:37:32] "[33mGET /static/fonts/Roboto/Roboto-Regular.ttf HTTP/1.1[0m" 404 -
127.0.0.1 - - [03/Dec/2023 11:37:32] "[36mGET /static/images/enia.png HTTP/1.1[0m" 304 -
127.0.0.1 - - [03/Dec/2023 11:37:33] "[36mGET /static/images/sprinkler.png HTTP/1.1[0m" 304 -
127.0.0.1 - - [03/Dec/2023 11:37:35] "POST /aggiungiSensore HTTP/1.1" 200 -
 * Detected change in 'c:\\Users\\gerar\\Clone git\\Tirocinio\\Tirocinio\\src\\main_route.py', reloading
 * Restarting with stat
 * Debugger is active!
 * Debugger PIN: 523-329-823
127.0.0.1 - - [03/Dec/2023 11:38:29] "GET /aggiungiSensore HTTP/1.1" 200 -
127.0.0.1 - - [03/Dec/2023 11:38:30] "[36mGET /static/vendors/css/vendor.bundle.base.css HTTP/1.1[0m" 304 -
127.0.0.1 - - [03/Dec/2023 11:38:30] "[36mGET /static/vendors/typicons.font/font/typicons.css HTTP/1.1[0m" 304 -
127.0.0.1 - - [03/Dec/2023 11:38:30] "[36mGET /static/css/nuovo_sensore.css HTTP/1.1[0m" 304 -
127.0.0.1 - - [03/Dec/2023 11:38:30] "[36mGET /static/images/enia.png HTTP/1.1[0m" 304 -
127.0.0.1 - - [03/Dec/2023 11:38:30] "[36mGET /static/css/vertical-layout-light/style.css HTTP/1.1[0m" 304 -
127.0.0.1 - - [03/Dec/2023 11:38:30] "[36mGET /static/vendors/js/vendor.bundle.base.js HTTP/1.1[0m" 304 -
127.0.0.1 - - [03/Dec/2023 11:38:30] "[36mGET /static/vendors/typicons.font/font/typicons.woff HTTP/1.1[0m" 304 -
127.0.0.1 - - [03/Dec/2023 11:38:30] "[36mGET /static/js/off-canvas.js HTTP/1.1[0m" 304 -
127.0.0.1 - - [03/Dec/2023 11:38:30] "[36mGET /static/js/hoverable-collapse.js HTTP/1.1[0m" 304 -
127.0.0.1 - - [03/Dec/2023 11:38:30] "[33mGET /static/fonts/Roboto/Roboto-Regular.woff2 HTTP/1.1[0m" 404 -
127.0.0.1 - - [03/Dec/2023 11:38:30] "[36mGET /static/js/template.js HTTP/1.1[0m" 304 -
127.0.0.1 - - [03/Dec/2023 11:38:30] "[36mGET /static/js/settings.js HTTP/1.1[0m" 304 -
127.0.0.1 - - [03/Dec/2023 11:38:30] "[36mGET /static/js/todolist.js HTTP/1.1[0m" 304 -
127.0.0.1 - - [03/Dec/2023 11:38:30] "[33mGET /static/fonts/Roboto/Roboto-Regular.woff HTTP/1.1[0m" 404 -
127.0.0.1 - - [03/Dec/2023 11:38:31] "[33mGET /static/fonts/Roboto/Roboto-Bold.woff2 HTTP/1.1[0m" 404 -
127.0.0.1 - - [03/Dec/2023 11:38:31] "[36mGET /static/vendors/progressbar.js/progressbar.min.js HTTP/1.1[0m" 304 -
127.0.0.1 - - [03/Dec/2023 11:38:31] "[33mGET /static/fonts/Roboto/Roboto-Light.woff2 HTTP/1.1[0m" 404 -
127.0.0.1 - - [03/Dec/2023 11:38:31] "[36mGET /static/vendors/chart.js/Chart.min.js HTTP/1.1[0m" 304 -
127.0.0.1 - - [03/Dec/2023 11:38:31] "[36mGET /static/css/maps/vertical-layout-light/style.css.map HTTP/1.1[0m" 304 -
127.0.0.1 - - [03/Dec/2023 11:38:31] "[33mGET /static/fonts/Roboto/Roboto-Regular.ttf HTTP/1.1[0m" 404 -
127.0.0.1 - - [03/Dec/2023 11:38:31] "[33mGET /static/fonts/Roboto/Roboto-Bold.woff HTTP/1.1[0m" 404 -
127.0.0.1 - - [03/Dec/2023 11:38:31] "[36mGET /static/vendors/js/bootstrap.min.js.map HTTP/1.1[0m" 304 -
127.0.0.1 - - [03/Dec/2023 11:38:31] "[36mGET /static/vendors/progressbar.js/progressbar.min.js.map HTTP/1.1[0m" 304 -
127.0.0.1 - - [03/Dec/2023 11:38:31] "[33mGET /static/fonts/Roboto/Roboto-Light.woff HTTP/1.1[0m" 404 -
127.0.0.1 - - [03/Dec/2023 11:38:32] "[33mGET /static/fonts/Roboto/Roboto-Light.ttf HTTP/1.1[0m" 404 -
127.0.0.1 - - [03/Dec/2023 11:38:32] "[33mGET /static/fonts/Roboto/Roboto-Bold.ttf HTTP/1.1[0m" 404 -
127.0.0.1 - - [03/Dec/2023 11:38:34] "[36mGET /static/images/enia.png HTTP/1.1[0m" 304 -
127.0.0.1 - - [03/Dec/2023 11:38:36] "[36mGET /static/images/sprinkler.png HTTP/1.1[0m" 304 -
127.0.0.1 - - [03/Dec/2023 11:38:39] "POST /aggiungiSensore HTTP/1.1" 200 -
127.0.0.1 - - [03/Dec/2023 11:38:44] "[35m[1mGET /listaSensori HTTP/1.1[0m" 500 -
127.0.0.1 - - [03/Dec/2023 11:38:44] "[36mGET /listaSensori?__debugger__=yes&cmd=resource&f=style.css HTTP/1.1[0m" 304 -
127.0.0.1 - - [03/Dec/2023 11:38:44] "[36mGET /listaSensori?__debugger__=yes&cmd=resource&f=debugger.js HTTP/1.1[0m" 304 -
127.0.0.1 - - [03/Dec/2023 11:38:44] "[36mGET /listaSensori?__debugger__=yes&cmd=resource&f=console.png HTTP/1.1[0m" 304 -
 * Detected change in 'c:\\Users\\gerar\\Clone git\\Tirocinio\\Tirocinio\\src\\main_route.py', reloading
 * Restarting with stat
 * Debugger is active!
 * Debugger PIN: 523-329-823
127.0.0.1 - - [03/Dec/2023 11:44:34] "[35m[1mGET /listaSensori HTTP/1.1[0m" 500 -
127.0.0.1 - - [03/Dec/2023 11:44:34] "[36mGET /listaSensori?__debugger__=yes&cmd=resource&f=style.css HTTP/1.1[0m" 304 -
127.0.0.1 - - [03/Dec/2023 11:44:34] "[36mGET /listaSensori?__debugger__=yes&cmd=resource&f=debugger.js HTTP/1.1[0m" 304 -
127.0.0.1 - - [03/Dec/2023 11:44:34] "[36mGET /listaSensori?__debugger__=yes&cmd=resource&f=console.png HTTP/1.1[0m" 304 -
127.0.0.1 - - [03/Dec/2023 11:44:35] "[36mGET /listaSensori?__debugger__=yes&cmd=resource&f=console.png HTTP/1.1[0m" 304 -
127.0.0.1 - - [03/Dec/2023 11:44:58] "GET /listaSensori HTTP/1.1" 200 -
127.0.0.1 - - [03/Dec/2023 11:44:58] "[36mGET /static/vendors/typicons.font/font/typicons.css HTTP/1.1[0m" 304 -
127.0.0.1 - - [03/Dec/2023 11:44:58] "[36mGET /static/vendors/css/vendor.bundle.base.css HTTP/1.1[0m" 304 -
127.0.0.1 - - [03/Dec/2023 11:44:58] "[36mGET /static/css/vertical-layout-light/style.css HTTP/1.1[0m" 304 -
127.0.0.1 - - [03/Dec/2023 11:44:58] "[36mGET /static/vendors/js/vendor.bundle.base.js HTTP/1.1[0m" 304 -
127.0.0.1 - - [03/Dec/2023 11:44:58] "[36mGET /static/images/enia.png HTTP/1.1[0m" 304 -
127.0.0.1 - - [03/Dec/2023 11:44:58] "[36mGET /static/js/off-canvas.js HTTP/1.1[0m" 304 -
127.0.0.1 - - [03/Dec/2023 11:44:58] "[36mGET /static/js/hoverable-collapse.js HTTP/1.1[0m" 304 -
127.0.0.1 - - [03/Dec/2023 11:44:58] "[36mGET /static/js/template.js HTTP/1.1[0m" 304 -
127.0.0.1 - - [03/Dec/2023 11:44:58] "[36mGET /static/js/settings.js HTTP/1.1[0m" 304 -
127.0.0.1 - - [03/Dec/2023 11:44:59] "[36mGET /static/js/todolist.js HTTP/1.1[0m" 304 -
127.0.0.1 - - [03/Dec/2023 11:44:59] "[36mGET /static/vendors/progressbar.js/progressbar.min.js HTTP/1.1[0m" 304 -
127.0.0.1 - - [03/Dec/2023 11:44:59] "[36mGET /static/vendors/chart.js/Chart.min.js HTTP/1.1[0m" 304 -
127.0.0.1 - - [03/Dec/2023 11:44:59] "[36mGET /static/css/maps/vertical-layout-light/style.css.map HTTP/1.1[0m" 304 -
127.0.0.1 - - [03/Dec/2023 11:44:59] "[36mGET /static/vendors/js/bootstrap.min.js.map HTTP/1.1[0m" 304 -
127.0.0.1 - - [03/Dec/2023 11:44:59] "[36mGET /static/vendors/typicons.font/font/typicons.woff HTTP/1.1[0m" 304 -
127.0.0.1 - - [03/Dec/2023 11:44:59] "[36mGET /static/vendors/progressbar.js/progressbar.min.js.map HTTP/1.1[0m" 304 -
127.0.0.1 - - [03/Dec/2023 11:44:59] "[33mGET /static/fonts/Roboto/Roboto-Regular.woff2 HTTP/1.1[0m" 404 -
127.0.0.1 - - [03/Dec/2023 11:45:00] "[33mGET /static/fonts/Roboto/Roboto-Bold.woff2 HTTP/1.1[0m" 404 -
127.0.0.1 - - [03/Dec/2023 11:45:00] "[33mGET /static/fonts/Roboto/Roboto-Light.woff2 HTTP/1.1[0m" 404 -
127.0.0.1 - - [03/Dec/2023 11:45:04] "[33mGET /static/fonts/Roboto/Roboto-Regular.woff HTTP/1.1[0m" 404 -
127.0.0.1 - - [03/Dec/2023 11:45:04] "[33mGET /static/fonts/Roboto/Roboto-Bold.woff HTTP/1.1[0m" 404 -
127.0.0.1 - - [03/Dec/2023 11:45:04] "[33mGET /static/fonts/Roboto/Roboto-Light.woff HTTP/1.1[0m" 404 -
127.0.0.1 - - [03/Dec/2023 11:45:04] "[33mGET /static/fonts/Roboto/Roboto-Regular.ttf HTTP/1.1[0m" 404 -
127.0.0.1 - - [03/Dec/2023 11:45:05] "[33mGET /static/fonts/Roboto/Roboto-Bold.ttf HTTP/1.1[0m" 404 -
127.0.0.1 - - [03/Dec/2023 11:45:05] "[33mGET /static/fonts/Roboto/Roboto-Light.ttf HTTP/1.1[0m" 404 -
127.0.0.1 - - [03/Dec/2023 11:45:05] "[36mGET /static/images/enia.png HTTP/1.1[0m" 304 -
127.0.0.1 - - [03/Dec/2023 11:45:07] "GET /aggiungiSensore HTTP/1.1" 200 -
127.0.0.1 - - [03/Dec/2023 11:45:07] "[36mGET /static/vendors/typicons.font/font/typicons.css HTTP/1.1[0m" 304 -
127.0.0.1 - - [03/Dec/2023 11:45:08] "[36mGET /static/vendors/css/vendor.bundle.base.css HTTP/1.1[0m" 304 -
127.0.0.1 - - [03/Dec/2023 11:45:08] "[36mGET /static/css/nuovo_sensore.css HTTP/1.1[0m" 304 -
127.0.0.1 - - [03/Dec/2023 11:45:08] "[36mGET /static/css/vertical-layout-light/style.css HTTP/1.1[0m" 304 -
127.0.0.1 - - [03/Dec/2023 11:45:08] "[36mGET /static/vendors/js/vendor.bundle.base.js HTTP/1.1[0m" 304 -
127.0.0.1 - - [03/Dec/2023 11:45:08] "[36mGET /static/images/enia.png HTTP/1.1[0m" 304 -
127.0.0.1 - - [03/Dec/2023 11:45:08] "[36mGET /static/js/off-canvas.js HTTP/1.1[0m" 304 -
127.0.0.1 - - [03/Dec/2023 11:45:08] "[36mGET /static/js/hoverable-collapse.js HTTP/1.1[0m" 304 -
127.0.0.1 - - [03/Dec/2023 11:45:08] "[36mGET /static/js/template.js HTTP/1.1[0m" 304 -
127.0.0.1 - - [03/Dec/2023 11:45:08] "[36mGET /static/js/settings.js HTTP/1.1[0m" 304 -
127.0.0.1 - - [03/Dec/2023 11:45:08] "[36mGET /static/js/todolist.js HTTP/1.1[0m" 304 -
127.0.0.1 - - [03/Dec/2023 11:45:08] "[36mGET /static/vendors/progressbar.js/progressbar.min.js HTTP/1.1[0m" 304 -
127.0.0.1 - - [03/Dec/2023 11:45:08] "[36mGET /static/vendors/chart.js/Chart.min.js HTTP/1.1[0m" 304 -
127.0.0.1 - - [03/Dec/2023 11:45:08] "[36mGET /static/css/maps/vertical-layout-light/style.css.map HTTP/1.1[0m" 304 -
127.0.0.1 - - [03/Dec/2023 11:45:09] "[36mGET /static/vendors/js/bootstrap.min.js.map HTTP/1.1[0m" 304 -
127.0.0.1 - - [03/Dec/2023 11:45:09] "[36mGET /static/vendors/typicons.font/font/typicons.woff HTTP/1.1[0m" 304 -
127.0.0.1 - - [03/Dec/2023 11:45:09] "[36mGET /static/vendors/progressbar.js/progressbar.min.js.map HTTP/1.1[0m" 304 -
127.0.0.1 - - [03/Dec/2023 11:45:09] "[33mGET /static/fonts/Roboto/Roboto-Bold.woff2 HTTP/1.1[0m" 404 -
127.0.0.1 - - [03/Dec/2023 11:45:09] "[33mGET /static/fonts/Roboto/Roboto-Regular.woff2 HTTP/1.1[0m" 404 -
127.0.0.1 - - [03/Dec/2023 11:45:09] "[33mGET /static/fonts/Roboto/Roboto-Light.woff2 HTTP/1.1[0m" 404 -
127.0.0.1 - - [03/Dec/2023 11:45:09] "[33mGET /static/fonts/Roboto/Roboto-Bold.woff HTTP/1.1[0m" 404 -
127.0.0.1 - - [03/Dec/2023 11:45:09] "[33mGET /static/fonts/Roboto/Roboto-Regular.woff HTTP/1.1[0m" 404 -
127.0.0.1 - - [03/Dec/2023 11:45:09] "[33mGET /static/fonts/Roboto/Roboto-Light.woff HTTP/1.1[0m" 404 -
127.0.0.1 - - [03/Dec/2023 11:45:10] "[33mGET /static/fonts/Roboto/Roboto-Bold.ttf HTTP/1.1[0m" 404 -
127.0.0.1 - - [03/Dec/2023 11:45:10] "[33mGET /static/fonts/Roboto/Roboto-Regular.ttf HTTP/1.1[0m" 404 -
127.0.0.1 - - [03/Dec/2023 11:45:10] "[33mGET /static/fonts/Roboto/Roboto-Light.ttf HTTP/1.1[0m" 404 -
127.0.0.1 - - [03/Dec/2023 11:45:17] "[36mGET /static/images/sprinkler.png HTTP/1.1[0m" 304 -
127.0.0.1 - - [03/Dec/2023 11:45:19] "POST /aggiungiSensore HTTP/1.1" 200 -
 * Detected change in 'c:\\Users\\gerar\\Clone git\\Tirocinio\\Tirocinio\\src\\main_route.py', reloading
 * Restarting with stat
 * Debugger is active!
 * Debugger PIN: 523-329-823
127.0.0.1 - - [03/Dec/2023 11:45:42] "GET /aggiungiSensore HTTP/1.1" 200 -
127.0.0.1 - - [03/Dec/2023 11:45:42] "[36mGET /static/vendors/typicons.font/font/typicons.css HTTP/1.1[0m" 304 -
127.0.0.1 - - [03/Dec/2023 11:45:42] "[36mGET /static/vendors/css/vendor.bundle.base.css HTTP/1.1[0m" 304 -
127.0.0.1 - - [03/Dec/2023 11:45:43] "[36mGET /static/css/vertical-layout-light/style.css HTTP/1.1[0m" 304 -
127.0.0.1 - - [03/Dec/2023 11:45:43] "[36mGET /static/css/nuovo_sensore.css HTTP/1.1[0m" 304 -
127.0.0.1 - - [03/Dec/2023 11:45:43] "[36mGET /static/images/enia.png HTTP/1.1[0m" 304 -
127.0.0.1 - - [03/Dec/2023 11:45:43] "[36mGET /static/vendors/js/vendor.bundle.base.js HTTP/1.1[0m" 304 -
127.0.0.1 - - [03/Dec/2023 11:45:43] "[36mGET /static/js/off-canvas.js HTTP/1.1[0m" 304 -
127.0.0.1 - - [03/Dec/2023 11:45:43] "[36mGET /static/js/hoverable-collapse.js HTTP/1.1[0m" 304 -
127.0.0.1 - - [03/Dec/2023 11:45:43] "[36mGET /static/js/template.js HTTP/1.1[0m" 304 -
127.0.0.1 - - [03/Dec/2023 11:45:43] "[36mGET /static/js/settings.js HTTP/1.1[0m" 304 -
127.0.0.1 - - [03/Dec/2023 11:45:43] "[36mGET /static/js/todolist.js HTTP/1.1[0m" 304 -
127.0.0.1 - - [03/Dec/2023 11:45:43] "[36mGET /static/vendors/progressbar.js/progressbar.min.js HTTP/1.1[0m" 304 -
127.0.0.1 - - [03/Dec/2023 11:45:43] "[36mGET /static/css/maps/vertical-layout-light/style.css.map HTTP/1.1[0m" 304 -
127.0.0.1 - - [03/Dec/2023 11:45:43] "[36mGET /static/vendors/chart.js/Chart.min.js HTTP/1.1[0m" 304 -
127.0.0.1 - - [03/Dec/2023 11:45:43] "[36mGET /static/vendors/js/bootstrap.min.js.map HTTP/1.1[0m" 304 -
127.0.0.1 - - [03/Dec/2023 11:45:43] "[36mGET /static/vendors/typicons.font/font/typicons.woff HTTP/1.1[0m" 304 -
127.0.0.1 - - [03/Dec/2023 11:45:43] "[33mGET /static/fonts/Roboto/Roboto-Regular.woff2 HTTP/1.1[0m" 404 -
127.0.0.1 - - [03/Dec/2023 11:45:44] "[36mGET /static/vendors/progressbar.js/progressbar.min.js.map HTTP/1.1[0m" 304 -
127.0.0.1 - - [03/Dec/2023 11:45:44] "[33mGET /static/fonts/Roboto/Roboto-Light.woff2 HTTP/1.1[0m" 404 -
127.0.0.1 - - [03/Dec/2023 11:45:44] "[33mGET /static/fonts/Roboto/Roboto-Bold.woff2 HTTP/1.1[0m" 404 -
127.0.0.1 - - [03/Dec/2023 11:45:44] "[33mGET /static/fonts/Roboto/Roboto-Regular.woff HTTP/1.1[0m" 404 -
127.0.0.1 - - [03/Dec/2023 11:45:44] "[33mGET /static/fonts/Roboto/Roboto-Light.woff HTTP/1.1[0m" 404 -
127.0.0.1 - - [03/Dec/2023 11:45:44] "[33mGET /static/fonts/Roboto/Roboto-Bold.woff HTTP/1.1[0m" 404 -
127.0.0.1 - - [03/Dec/2023 11:45:44] "[33mGET /static/fonts/Roboto/Roboto-Light.ttf HTTP/1.1[0m" 404 -
127.0.0.1 - - [03/Dec/2023 11:45:44] "[33mGET /static/fonts/Roboto/Roboto-Regular.ttf HTTP/1.1[0m" 404 -
127.0.0.1 - - [03/Dec/2023 11:45:45] "[33mGET /static/fonts/Roboto/Roboto-Bold.ttf HTTP/1.1[0m" 404 -
127.0.0.1 - - [03/Dec/2023 11:45:45] "[36mGET /static/images/enia.png HTTP/1.1[0m" 304 -
127.0.0.1 - - [03/Dec/2023 11:45:55] "[36mGET /static/images/sprinkler.png HTTP/1.1[0m" 304 -
127.0.0.1 - - [03/Dec/2023 11:45:57] "POST /aggiungiSensore HTTP/1.1" 200 -
127.0.0.1 - - [03/Dec/2023 11:46:04] "[35m[1mGET /listaSensori HTTP/1.1[0m" 500 -
127.0.0.1 - - [03/Dec/2023 11:46:04] "[36mGET /listaSensori?__debugger__=yes&cmd=resource&f=style.css HTTP/1.1[0m" 304 -
127.0.0.1 - - [03/Dec/2023 11:46:04] "[36mGET /listaSensori?__debugger__=yes&cmd=resource&f=debugger.js HTTP/1.1[0m" 304 -
127.0.0.1 - - [03/Dec/2023 11:46:04] "[36mGET /listaSensori?__debugger__=yes&cmd=resource&f=console.png HTTP/1.1[0m" 304 -
127.0.0.1 - - [03/Dec/2023 11:46:05] "[36mGET /listaSensori?__debugger__=yes&cmd=resource&f=console.png HTTP/1.1[0m" 304 -
 * Detected change in 'c:\\Users\\gerar\\Clone git\\Tirocinio\\Tirocinio\\src\\main_route.py', reloading
 * Restarting with stat
 * Debugger is active!
 * Debugger PIN: 523-329-823
127.0.0.1 - - [03/Dec/2023 11:48:37] "GET /listaSensori HTTP/1.1" 200 -
127.0.0.1 - - [03/Dec/2023 11:48:37] "[36mGET /static/vendors/typicons.font/font/typicons.css HTTP/1.1[0m" 304 -
127.0.0.1 - - [03/Dec/2023 11:48:37] "[36mGET /static/vendors/css/vendor.bundle.base.css HTTP/1.1[0m" 304 -
127.0.0.1 - - [03/Dec/2023 11:48:37] "[36mGET /static/css/vertical-layout-light/style.css HTTP/1.1[0m" 304 -
127.0.0.1 - - [03/Dec/2023 11:48:37] "[36mGET /static/images/enia.png HTTP/1.1[0m" 304 -
127.0.0.1 - - [03/Dec/2023 11:48:37] "[36mGET /static/vendors/js/vendor.bundle.base.js HTTP/1.1[0m" 304 -
127.0.0.1 - - [03/Dec/2023 11:48:37] "[36mGET /static/js/off-canvas.js HTTP/1.1[0m" 304 -
127.0.0.1 - - [03/Dec/2023 11:48:37] "[36mGET /static/js/hoverable-collapse.js HTTP/1.1[0m" 304 -
127.0.0.1 - - [03/Dec/2023 11:48:37] "[36mGET /static/js/template.js HTTP/1.1[0m" 304 -
127.0.0.1 - - [03/Dec/2023 11:48:37] "[36mGET /static/js/settings.js HTTP/1.1[0m" 304 -
127.0.0.1 - - [03/Dec/2023 11:48:38] "[36mGET /static/js/todolist.js HTTP/1.1[0m" 304 -
127.0.0.1 - - [03/Dec/2023 11:48:38] "[36mGET /static/vendors/progressbar.js/progressbar.min.js HTTP/1.1[0m" 304 -
127.0.0.1 - - [03/Dec/2023 11:48:38] "[36mGET /static/vendors/chart.js/Chart.min.js HTTP/1.1[0m" 304 -
127.0.0.1 - - [03/Dec/2023 11:48:38] "[36mGET /static/css/maps/vertical-layout-light/style.css.map HTTP/1.1[0m" 304 -
127.0.0.1 - - [03/Dec/2023 11:48:38] "[36mGET /static/vendors/js/bootstrap.min.js.map HTTP/1.1[0m" 304 -
127.0.0.1 - - [03/Dec/2023 11:48:38] "[36mGET /static/vendors/typicons.font/font/typicons.woff HTTP/1.1[0m" 304 -
127.0.0.1 - - [03/Dec/2023 11:48:38] "[33mGET /static/fonts/Roboto/Roboto-Bold.woff2 HTTP/1.1[0m" 404 -
127.0.0.1 - - [03/Dec/2023 11:48:38] "[36mGET /static/vendors/progressbar.js/progressbar.min.js.map HTTP/1.1[0m" 304 -
127.0.0.1 - - [03/Dec/2023 11:48:38] "[33mGET /static/fonts/Roboto/Roboto-Light.woff2 HTTP/1.1[0m" 404 -
127.0.0.1 - - [03/Dec/2023 11:48:38] "[33mGET /static/fonts/Roboto/Roboto-Regular.woff2 HTTP/1.1[0m" 404 -
127.0.0.1 - - [03/Dec/2023 11:48:41] "[33mGET /static/fonts/Roboto/Roboto-Bold.woff HTTP/1.1[0m" 404 -
127.0.0.1 - - [03/Dec/2023 11:48:41] "[33mGET /static/fonts/Roboto/Roboto-Light.woff HTTP/1.1[0m" 404 -
127.0.0.1 - - [03/Dec/2023 11:48:41] "[33mGET /static/fonts/Roboto/Roboto-Regular.woff HTTP/1.1[0m" 404 -
127.0.0.1 - - [03/Dec/2023 11:48:41] "[33mGET /static/fonts/Roboto/Roboto-Bold.ttf HTTP/1.1[0m" 404 -
127.0.0.1 - - [03/Dec/2023 11:48:41] "[33mGET /static/fonts/Roboto/Roboto-Light.ttf HTTP/1.1[0m" 404 -
127.0.0.1 - - [03/Dec/2023 11:48:42] "[33mGET /static/fonts/Roboto/Roboto-Regular.ttf HTTP/1.1[0m" 404 -
127.0.0.1 - - [03/Dec/2023 11:48:42] "[36mGET /static/images/enia.png HTTP/1.1[0m" 304 -
127.0.0.1 - - [03/Dec/2023 11:48:44] "GET /aggiungiSensore HTTP/1.1" 200 -
127.0.0.1 - - [03/Dec/2023 11:48:44] "[36mGET /static/vendors/typicons.font/font/typicons.css HTTP/1.1[0m" 304 -
127.0.0.1 - - [03/Dec/2023 11:48:44] "[36mGET /static/vendors/css/vendor.bundle.base.css HTTP/1.1[0m" 304 -
127.0.0.1 - - [03/Dec/2023 11:48:44] "[36mGET /static/css/nuovo_sensore.css HTTP/1.1[0m" 304 -
127.0.0.1 - - [03/Dec/2023 11:48:44] "[36mGET /static/css/vertical-layout-light/style.css HTTP/1.1[0m" 304 -
127.0.0.1 - - [03/Dec/2023 11:48:45] "[36mGET /static/vendors/js/vendor.bundle.base.js HTTP/1.1[0m" 304 -
127.0.0.1 - - [03/Dec/2023 11:48:45] "[36mGET /static/images/enia.png HTTP/1.1[0m" 304 -
127.0.0.1 - - [03/Dec/2023 11:48:45] "[36mGET /static/js/off-canvas.js HTTP/1.1[0m" 304 -
127.0.0.1 - - [03/Dec/2023 11:48:45] "[36mGET /static/js/hoverable-collapse.js HTTP/1.1[0m" 304 -
127.0.0.1 - - [03/Dec/2023 11:48:45] "[36mGET /static/js/template.js HTTP/1.1[0m" 304 -
127.0.0.1 - - [03/Dec/2023 11:48:45] "[36mGET /static/js/todolist.js HTTP/1.1[0m" 304 -
127.0.0.1 - - [03/Dec/2023 11:48:45] "[36mGET /static/js/settings.js HTTP/1.1[0m" 304 -
127.0.0.1 - - [03/Dec/2023 11:48:45] "[36mGET /static/vendors/progressbar.js/progressbar.min.js HTTP/1.1[0m" 304 -
127.0.0.1 - - [03/Dec/2023 11:48:45] "[36mGET /static/css/maps/vertical-layout-light/style.css.map HTTP/1.1[0m" 304 -
127.0.0.1 - - [03/Dec/2023 11:48:45] "[36mGET /static/vendors/chart.js/Chart.min.js HTTP/1.1[0m" 304 -
127.0.0.1 - - [03/Dec/2023 11:48:45] "[36mGET /static/vendors/js/bootstrap.min.js.map HTTP/1.1[0m" 304 -
127.0.0.1 - - [03/Dec/2023 11:48:45] "[36mGET /static/vendors/typicons.font/font/typicons.woff HTTP/1.1[0m" 304 -
127.0.0.1 - - [03/Dec/2023 11:48:45] "[36mGET /static/vendors/progressbar.js/progressbar.min.js.map HTTP/1.1[0m" 304 -
127.0.0.1 - - [03/Dec/2023 11:48:45] "[33mGET /static/fonts/Roboto/Roboto-Regular.woff2 HTTP/1.1[0m" 404 -
127.0.0.1 - - [03/Dec/2023 11:48:45] "[33mGET /static/fonts/Roboto/Roboto-Bold.woff2 HTTP/1.1[0m" 404 -
127.0.0.1 - - [03/Dec/2023 11:48:46] "[33mGET /static/fonts/Roboto/Roboto-Regular.woff HTTP/1.1[0m" 404 -
127.0.0.1 - - [03/Dec/2023 11:48:46] "[33mGET /static/fonts/Roboto/Roboto-Bold.woff HTTP/1.1[0m" 404 -
127.0.0.1 - - [03/Dec/2023 11:48:46] "[33mGET /static/fonts/Roboto/Roboto-Light.woff2 HTTP/1.1[0m" 404 -
127.0.0.1 - - [03/Dec/2023 11:48:46] "[33mGET /static/fonts/Roboto/Roboto-Regular.ttf HTTP/1.1[0m" 404 -
127.0.0.1 - - [03/Dec/2023 11:48:46] "[33mGET /static/fonts/Roboto/Roboto-Bold.ttf HTTP/1.1[0m" 404 -
127.0.0.1 - - [03/Dec/2023 11:48:47] "[33mGET /static/fonts/Roboto/Roboto-Light.woff HTTP/1.1[0m" 404 -
127.0.0.1 - - [03/Dec/2023 11:48:47] "[33mGET /static/fonts/Roboto/Roboto-Light.ttf HTTP/1.1[0m" 404 -
127.0.0.1 - - [03/Dec/2023 11:48:48] "[36mGET /static/images/sprinkler.png HTTP/1.1[0m" 304 -
127.0.0.1 - - [03/Dec/2023 11:48:50] "POST /aggiungiSensore HTTP/1.1" 200 -
127.0.0.1 - - [03/Dec/2023 11:49:12] "GET /aggiungiSensore HTTP/1.1" 200 -
127.0.0.1 - - [03/Dec/2023 11:49:12] "[36mGET /static/vendors/typicons.font/font/typicons.css HTTP/1.1[0m" 304 -
127.0.0.1 - - [03/Dec/2023 11:49:12] "[36mGET /static/vendors/css/vendor.bundle.base.css HTTP/1.1[0m" 304 -
127.0.0.1 - - [03/Dec/2023 11:49:12] "[36mGET /static/css/vertical-layout-light/style.css HTTP/1.1[0m" 304 -
127.0.0.1 - - [03/Dec/2023 11:49:12] "[36mGET /static/css/nuovo_sensore.css HTTP/1.1[0m" 304 -
127.0.0.1 - - [03/Dec/2023 11:49:12] "[36mGET /static/vendors/js/vendor.bundle.base.js HTTP/1.1[0m" 304 -
127.0.0.1 - - [03/Dec/2023 11:49:12] "[36mGET /static/images/enia.png HTTP/1.1[0m" 304 -
127.0.0.1 - - [03/Dec/2023 11:49:12] "[36mGET /static/js/off-canvas.js HTTP/1.1[0m" 304 -
127.0.0.1 - - [03/Dec/2023 11:49:12] "[36mGET /static/js/hoverable-collapse.js HTTP/1.1[0m" 304 -
127.0.0.1 - - [03/Dec/2023 11:49:12] "[36mGET /static/js/template.js HTTP/1.1[0m" 304 -
127.0.0.1 - - [03/Dec/2023 11:49:13] "[36mGET /static/js/settings.js HTTP/1.1[0m" 304 -
127.0.0.1 - - [03/Dec/2023 11:49:13] "[36mGET /static/js/todolist.js HTTP/1.1[0m" 304 -
127.0.0.1 - - [03/Dec/2023 11:49:13] "[36mGET /static/vendors/progressbar.js/progressbar.min.js HTTP/1.1[0m" 304 -
127.0.0.1 - - [03/Dec/2023 11:49:13] "[36mGET /static/css/maps/vertical-layout-light/style.css.map HTTP/1.1[0m" 304 -
127.0.0.1 - - [03/Dec/2023 11:49:13] "[36mGET /static/vendors/chart.js/Chart.min.js HTTP/1.1[0m" 304 -
127.0.0.1 - - [03/Dec/2023 11:49:13] "[36mGET /static/vendors/js/bootstrap.min.js.map HTTP/1.1[0m" 304 -
127.0.0.1 - - [03/Dec/2023 11:49:13] "[36mGET /static/vendors/typicons.font/font/typicons.woff HTTP/1.1[0m" 304 -
127.0.0.1 - - [03/Dec/2023 11:49:13] "[33mGET /static/fonts/Roboto/Roboto-Bold.woff2 HTTP/1.1[0m" 404 -
127.0.0.1 - - [03/Dec/2023 11:49:13] "[33mGET /static/fonts/Roboto/Roboto-Regular.woff2 HTTP/1.1[0m" 404 -
127.0.0.1 - - [03/Dec/2023 11:49:13] "[36mGET /static/vendors/progressbar.js/progressbar.min.js.map HTTP/1.1[0m" 304 -
127.0.0.1 - - [03/Dec/2023 11:49:13] "[33mGET /static/fonts/Roboto/Roboto-Light.woff2 HTTP/1.1[0m" 404 -
127.0.0.1 - - [03/Dec/2023 11:49:14] "[33mGET /static/fonts/Roboto/Roboto-Light.woff HTTP/1.1[0m" 404 -
127.0.0.1 - - [03/Dec/2023 11:49:14] "[33mGET /static/fonts/Roboto/Roboto-Bold.woff HTTP/1.1[0m" 404 -
127.0.0.1 - - [03/Dec/2023 11:49:14] "[33mGET /static/fonts/Roboto/Roboto-Regular.woff HTTP/1.1[0m" 404 -
127.0.0.1 - - [03/Dec/2023 11:49:14] "[33mGET /static/fonts/Roboto/Roboto-Light.ttf HTTP/1.1[0m" 404 -
127.0.0.1 - - [03/Dec/2023 11:49:14] "[33mGET /static/fonts/Roboto/Roboto-Bold.ttf HTTP/1.1[0m" 404 -
127.0.0.1 - - [03/Dec/2023 11:49:14] "[33mGET /static/fonts/Roboto/Roboto-Regular.ttf HTTP/1.1[0m" 404 -
127.0.0.1 - - [03/Dec/2023 11:49:14] "[36mGET /static/images/enia.png HTTP/1.1[0m" 304 -
127.0.0.1 - - [03/Dec/2023 11:49:24] "GET /aggiungiSensore HTTP/1.1" 200 -
127.0.0.1 - - [03/Dec/2023 11:49:24] "[36mGET /static/vendors/typicons.font/font/typicons.css HTTP/1.1[0m" 304 -
127.0.0.1 - - [03/Dec/2023 11:49:24] "[36mGET /static/vendors/css/vendor.bundle.base.css HTTP/1.1[0m" 304 -
127.0.0.1 - - [03/Dec/2023 11:49:24] "[36mGET /static/css/vertical-layout-light/style.css HTTP/1.1[0m" 304 -
127.0.0.1 - - [03/Dec/2023 11:49:24] "[36mGET /static/css/nuovo_sensore.css HTTP/1.1[0m" 304 -
127.0.0.1 - - [03/Dec/2023 11:49:24] "[36mGET /static/images/enia.png HTTP/1.1[0m" 304 -
127.0.0.1 - - [03/Dec/2023 11:49:24] "[36mGET /static/vendors/js/vendor.bundle.base.js HTTP/1.1[0m" 304 -
127.0.0.1 - - [03/Dec/2023 11:49:25] "[36mGET /static/js/hoverable-collapse.js HTTP/1.1[0m" 304 -
127.0.0.1 - - [03/Dec/2023 11:49:25] "[36mGET /static/js/off-canvas.js HTTP/1.1[0m" 304 -
127.0.0.1 - - [03/Dec/2023 11:49:25] "[36mGET /static/js/template.js HTTP/1.1[0m" 304 -
127.0.0.1 - - [03/Dec/2023 11:49:25] "[36mGET /static/js/settings.js HTTP/1.1[0m" 304 -
127.0.0.1 - - [03/Dec/2023 11:49:25] "[36mGET /static/js/todolist.js HTTP/1.1[0m" 304 -
127.0.0.1 - - [03/Dec/2023 11:49:25] "[36mGET /static/vendors/progressbar.js/progressbar.min.js HTTP/1.1[0m" 304 -
127.0.0.1 - - [03/Dec/2023 11:49:25] "[36mGET /static/css/maps/vertical-layout-light/style.css.map HTTP/1.1[0m" 304 -
127.0.0.1 - - [03/Dec/2023 11:49:25] "[36mGET /static/vendors/typicons.font/font/typicons.woff HTTP/1.1[0m" 304 -
127.0.0.1 - - [03/Dec/2023 11:49:25] "[36mGET /static/vendors/chart.js/Chart.min.js HTTP/1.1[0m" 304 -
127.0.0.1 - - [03/Dec/2023 11:49:25] "[36mGET /static/vendors/js/bootstrap.min.js.map HTTP/1.1[0m" 304 -
127.0.0.1 - - [03/Dec/2023 11:49:25] "[36mGET /static/vendors/progressbar.js/progressbar.min.js.map HTTP/1.1[0m" 304 -
127.0.0.1 - - [03/Dec/2023 11:49:25] "[33mGET /static/fonts/Roboto/Roboto-Regular.woff2 HTTP/1.1[0m" 404 -
127.0.0.1 - - [03/Dec/2023 11:49:25] "[33mGET /static/fonts/Roboto/Roboto-Bold.woff2 HTTP/1.1[0m" 404 -
127.0.0.1 - - [03/Dec/2023 11:49:25] "[33mGET /static/fonts/Roboto/Roboto-Light.woff2 HTTP/1.1[0m" 404 -
127.0.0.1 - - [03/Dec/2023 11:49:26] "[33mGET /static/fonts/Roboto/Roboto-Regular.woff HTTP/1.1[0m" 404 -
127.0.0.1 - - [03/Dec/2023 11:49:26] "[33mGET /static/fonts/Roboto/Roboto-Light.woff HTTP/1.1[0m" 404 -
127.0.0.1 - - [03/Dec/2023 11:49:26] "[33mGET /static/fonts/Roboto/Roboto-Bold.woff HTTP/1.1[0m" 404 -
127.0.0.1 - - [03/Dec/2023 11:49:26] "[33mGET /static/fonts/Roboto/Roboto-Regular.ttf HTTP/1.1[0m" 404 -
127.0.0.1 - - [03/Dec/2023 11:49:26] "[33mGET /static/fonts/Roboto/Roboto-Light.ttf HTTP/1.1[0m" 404 -
127.0.0.1 - - [03/Dec/2023 11:49:26] "[33mGET /static/fonts/Roboto/Roboto-Bold.ttf HTTP/1.1[0m" 404 -
127.0.0.1 - - [03/Dec/2023 11:49:26] "[36mGET /static/images/enia.png HTTP/1.1[0m" 304 -
127.0.0.1 - - [03/Dec/2023 11:49:34] "[36mGET /static/vendors/typicons.font/font/typicons.css HTTP/1.1[0m" 304 -
127.0.0.1 - - [03/Dec/2023 11:49:34] "[36mGET /static/vendors/css/vendor.bundle.base.css HTTP/1.1[0m" 304 -
127.0.0.1 - - [03/Dec/2023 11:49:34] "[36mGET /static/css/vertical-layout-light/style.css HTTP/1.1[0m" 304 -
127.0.0.1 - - [03/Dec/2023 11:49:34] "[36mGET /static/css/nuovo_sensore.css HTTP/1.1[0m" 304 -
127.0.0.1 - - [03/Dec/2023 11:49:44] "GET /aggiungiSensore HTTP/1.1" 200 -
127.0.0.1 - - [03/Dec/2023 11:49:44] "[36mGET /static/vendors/typicons.font/font/typicons.css HTTP/1.1[0m" 304 -
127.0.0.1 - - [03/Dec/2023 11:49:44] "[36mGET /static/vendors/css/vendor.bundle.base.css HTTP/1.1[0m" 304 -
127.0.0.1 - - [03/Dec/2023 11:49:44] "[36mGET /static/css/vertical-layout-light/style.css HTTP/1.1[0m" 304 -
127.0.0.1 - - [03/Dec/2023 11:49:44] "[36mGET /static/css/nuovo_sensore.css HTTP/1.1[0m" 304 -
127.0.0.1 - - [03/Dec/2023 11:49:44] "[36mGET /static/images/enia.png HTTP/1.1[0m" 304 -
127.0.0.1 - - [03/Dec/2023 11:49:44] "[36mGET /static/vendors/js/vendor.bundle.base.js HTTP/1.1[0m" 304 -
127.0.0.1 - - [03/Dec/2023 11:49:44] "[36mGET /static/js/off-canvas.js HTTP/1.1[0m" 304 -
127.0.0.1 - - [03/Dec/2023 11:49:44] "[36mGET /static/js/hoverable-collapse.js HTTP/1.1[0m" 304 -
127.0.0.1 - - [03/Dec/2023 11:49:44] "[36mGET /static/js/template.js HTTP/1.1[0m" 304 -
127.0.0.1 - - [03/Dec/2023 11:49:44] "[36mGET /static/js/settings.js HTTP/1.1[0m" 304 -
127.0.0.1 - - [03/Dec/2023 11:49:44] "[36mGET /static/vendors/progressbar.js/progressbar.min.js HTTP/1.1[0m" 304 -
127.0.0.1 - - [03/Dec/2023 11:49:44] "[36mGET /static/js/todolist.js HTTP/1.1[0m" 304 -
127.0.0.1 - - [03/Dec/2023 11:49:45] "[36mGET /static/css/maps/vertical-layout-light/style.css.map HTTP/1.1[0m" 304 -
127.0.0.1 - - [03/Dec/2023 11:49:45] "[36mGET /static/vendors/chart.js/Chart.min.js HTTP/1.1[0m" 304 -
127.0.0.1 - - [03/Dec/2023 11:49:45] "[36mGET /static/vendors/js/bootstrap.min.js.map HTTP/1.1[0m" 304 -
127.0.0.1 - - [03/Dec/2023 11:49:45] "[33mGET /static/fonts/Roboto/Roboto-Bold.woff2 HTTP/1.1[0m" 404 -
127.0.0.1 - - [03/Dec/2023 11:49:45] "[33mGET /static/fonts/Roboto/Roboto-Light.woff2 HTTP/1.1[0m" 404 -
127.0.0.1 - - [03/Dec/2023 11:49:45] "[33mGET /static/fonts/Roboto/Roboto-Regular.woff2 HTTP/1.1[0m" 404 -
127.0.0.1 - - [03/Dec/2023 11:49:45] "[36mGET /static/vendors/progressbar.js/progressbar.min.js.map HTTP/1.1[0m" 304 -
127.0.0.1 - - [03/Dec/2023 11:49:46] "[33mGET /static/fonts/Roboto/Roboto-Bold.woff HTTP/1.1[0m" 404 -
127.0.0.1 - - [03/Dec/2023 11:49:46] "[33mGET /static/fonts/Roboto/Roboto-Regular.woff HTTP/1.1[0m" 404 -
127.0.0.1 - - [03/Dec/2023 11:49:46] "[33mGET /static/fonts/Roboto/Roboto-Light.woff HTTP/1.1[0m" 404 -
127.0.0.1 - - [03/Dec/2023 11:49:46] "[33mGET /static/fonts/Roboto/Roboto-Bold.ttf HTTP/1.1[0m" 404 -
127.0.0.1 - - [03/Dec/2023 11:49:46] "[33mGET /static/fonts/Roboto/Roboto-Regular.ttf HTTP/1.1[0m" 404 -
127.0.0.1 - - [03/Dec/2023 11:49:46] "[33mGET /static/fonts/Roboto/Roboto-Light.ttf HTTP/1.1[0m" 404 -
127.0.0.1 - - [03/Dec/2023 11:49:47] "[36mGET /static/images/enia.png HTTP/1.1[0m" 304 -
127.0.0.1 - - [03/Dec/2023 11:51:25] "GET /aggiungiSensore HTTP/1.1" 200 -
127.0.0.1 - - [03/Dec/2023 11:51:26] "[36mGET /static/vendors/typicons.font/font/typicons.css HTTP/1.1[0m" 304 -
127.0.0.1 - - [03/Dec/2023 11:51:26] "[36mGET /static/vendors/css/vendor.bundle.base.css HTTP/1.1[0m" 304 -
127.0.0.1 - - [03/Dec/2023 11:51:26] "[36mGET /static/css/vertical-layout-light/style.css HTTP/1.1[0m" 304 -
127.0.0.1 - - [03/Dec/2023 11:51:26] "[36mGET /static/css/nuovo_sensore.css HTTP/1.1[0m" 304 -
127.0.0.1 - - [03/Dec/2023 11:51:26] "[36mGET /static/images/enia.png HTTP/1.1[0m" 304 -
127.0.0.1 - - [03/Dec/2023 11:51:26] "[36mGET /static/vendors/js/vendor.bundle.base.js HTTP/1.1[0m" 304 -
127.0.0.1 - - [03/Dec/2023 11:51:26] "[36mGET /static/js/todolist.js HTTP/1.1[0m" 304 -
127.0.0.1 - - [03/Dec/2023 11:51:26] "[36mGET /static/js/template.js HTTP/1.1[0m" 304 -
127.0.0.1 - - [03/Dec/2023 11:51:26] "[36mGET /static/js/off-canvas.js HTTP/1.1[0m" 304 -
127.0.0.1 - - [03/Dec/2023 11:51:26] "[36mGET /static/js/hoverable-collapse.js HTTP/1.1[0m" 304 -
127.0.0.1 - - [03/Dec/2023 11:51:26] "[36mGET /static/js/settings.js HTTP/1.1[0m" 304 -
127.0.0.1 - - [03/Dec/2023 11:51:26] "[36mGET /static/vendors/progressbar.js/progressbar.min.js HTTP/1.1[0m" 304 -
127.0.0.1 - - [03/Dec/2023 11:51:27] "[36mGET /static/vendors/chart.js/Chart.min.js HTTP/1.1[0m" 304 -
127.0.0.1 - - [03/Dec/2023 11:51:27] "[36mGET /static/css/maps/vertical-layout-light/style.css.map HTTP/1.1[0m" 304 -
127.0.0.1 - - [03/Dec/2023 11:51:27] "[36mGET /static/vendors/js/bootstrap.min.js.map HTTP/1.1[0m" 304 -
127.0.0.1 - - [03/Dec/2023 11:51:27] "[33mGET /static/fonts/Roboto/Roboto-Bold.woff2 HTTP/1.1[0m" 404 -
127.0.0.1 - - [03/Dec/2023 11:51:27] "[33mGET /static/fonts/Roboto/Roboto-Regular.woff2 HTTP/1.1[0m" 404 -
127.0.0.1 - - [03/Dec/2023 11:51:27] "[33mGET /static/fonts/Roboto/Roboto-Light.woff2 HTTP/1.1[0m" 404 -
127.0.0.1 - - [03/Dec/2023 11:51:27] "[36mGET /static/vendors/progressbar.js/progressbar.min.js.map HTTP/1.1[0m" 304 -
127.0.0.1 - - [03/Dec/2023 11:51:28] "[33mGET /static/fonts/Roboto/Roboto-Bold.woff HTTP/1.1[0m" 404 -
127.0.0.1 - - [03/Dec/2023 11:51:28] "[33mGET /static/fonts/Roboto/Roboto-Regular.woff HTTP/1.1[0m" 404 -
127.0.0.1 - - [03/Dec/2023 11:51:28] "[33mGET /static/fonts/Roboto/Roboto-Light.woff HTTP/1.1[0m" 404 -
127.0.0.1 - - [03/Dec/2023 11:51:28] "[33mGET /static/fonts/Roboto/Roboto-Bold.ttf HTTP/1.1[0m" 404 -
127.0.0.1 - - [03/Dec/2023 11:51:28] "[33mGET /static/fonts/Roboto/Roboto-Regular.ttf HTTP/1.1[0m" 404 -
127.0.0.1 - - [03/Dec/2023 11:51:28] "[33mGET /static/fonts/Roboto/Roboto-Light.ttf HTTP/1.1[0m" 404 -
127.0.0.1 - - [03/Dec/2023 11:51:28] "[36mGET /static/images/enia.png HTTP/1.1[0m" 304 -
127.0.0.1 - - [03/Dec/2023 11:51:34] "[36mGET /static/images/sprinkler.png HTTP/1.1[0m" 304 -
127.0.0.1 - - [03/Dec/2023 11:51:36] "POST /aggiungiSensore HTTP/1.1" 200 -
127.0.0.1 - - [03/Dec/2023 11:52:20] "GET /aggiungiSensore HTTP/1.1" 200 -
127.0.0.1 - - [03/Dec/2023 11:52:20] "[36mGET /static/vendors/typicons.font/font/typicons.css HTTP/1.1[0m" 304 -
127.0.0.1 - - [03/Dec/2023 11:52:21] "[36mGET /static/css/nuovo_sensore.css HTTP/1.1[0m" 304 -
127.0.0.1 - - [03/Dec/2023 11:52:21] "[36mGET /static/vendors/css/vendor.bundle.base.css HTTP/1.1[0m" 304 -
127.0.0.1 - - [03/Dec/2023 11:52:21] "[36mGET /static/css/vertical-layout-light/style.css HTTP/1.1[0m" 304 -
127.0.0.1 - - [03/Dec/2023 11:52:21] "[36mGET /static/vendors/js/vendor.bundle.base.js HTTP/1.1[0m" 304 -
127.0.0.1 - - [03/Dec/2023 11:52:21] "[36mGET /static/images/enia.png HTTP/1.1[0m" 304 -
127.0.0.1 - - [03/Dec/2023 11:52:21] "[36mGET /static/js/off-canvas.js HTTP/1.1[0m" 304 -
127.0.0.1 - - [03/Dec/2023 11:52:21] "[36mGET /static/js/hoverable-collapse.js HTTP/1.1[0m" 304 -
127.0.0.1 - - [03/Dec/2023 11:52:21] "[36mGET /static/js/template.js HTTP/1.1[0m" 304 -
127.0.0.1 - - [03/Dec/2023 11:52:21] "[36mGET /static/js/settings.js HTTP/1.1[0m" 304 -
127.0.0.1 - - [03/Dec/2023 11:52:21] "[36mGET /static/js/todolist.js HTTP/1.1[0m" 304 -
127.0.0.1 - - [03/Dec/2023 11:52:21] "[36mGET /static/vendors/progressbar.js/progressbar.min.js HTTP/1.1[0m" 304 -
127.0.0.1 - - [03/Dec/2023 11:52:21] "[36mGET /static/css/maps/vertical-layout-light/style.css.map HTTP/1.1[0m" 304 -
127.0.0.1 - - [03/Dec/2023 11:52:21] "[36mGET /static/vendors/chart.js/Chart.min.js HTTP/1.1[0m" 304 -
127.0.0.1 - - [03/Dec/2023 11:52:21] "[36mGET /static/vendors/js/bootstrap.min.js.map HTTP/1.1[0m" 304 -
127.0.0.1 - - [03/Dec/2023 11:52:22] "[36mGET /static/vendors/progressbar.js/progressbar.min.js.map HTTP/1.1[0m" 304 -
127.0.0.1 - - [03/Dec/2023 11:52:22] "[33mGET /static/fonts/Roboto/Roboto-Regular.woff2 HTTP/1.1[0m" 404 -
127.0.0.1 - - [03/Dec/2023 11:52:22] "[33mGET /static/fonts/Roboto/Roboto-Light.woff2 HTTP/1.1[0m" 404 -
127.0.0.1 - - [03/Dec/2023 11:52:22] "[33mGET /static/fonts/Roboto/Roboto-Bold.woff2 HTTP/1.1[0m" 404 -
127.0.0.1 - - [03/Dec/2023 11:52:23] "[33mGET /static/fonts/Roboto/Roboto-Regular.woff HTTP/1.1[0m" 404 -
127.0.0.1 - - [03/Dec/2023 11:52:23] "[33mGET /static/fonts/Roboto/Roboto-Bold.woff HTTP/1.1[0m" 404 -
127.0.0.1 - - [03/Dec/2023 11:52:23] "[33mGET /static/fonts/Roboto/Roboto-Light.woff HTTP/1.1[0m" 404 -
127.0.0.1 - - [03/Dec/2023 11:52:23] "[33mGET /static/fonts/Roboto/Roboto-Regular.ttf HTTP/1.1[0m" 404 -
127.0.0.1 - - [03/Dec/2023 11:52:23] "[33mGET /static/fonts/Roboto/Roboto-Bold.ttf HTTP/1.1[0m" 404 -
127.0.0.1 - - [03/Dec/2023 11:52:23] "[33mGET /static/fonts/Roboto/Roboto-Light.ttf HTTP/1.1[0m" 404 -
127.0.0.1 - - [03/Dec/2023 11:52:23] "[36mGET /static/images/enia.png HTTP/1.1[0m" 304 -
127.0.0.1 - - [03/Dec/2023 11:52:26] "[36mGET /static/images/sprinkler.png HTTP/1.1[0m" 304 -
127.0.0.1 - - [03/Dec/2023 11:52:28] "POST /aggiungiSensore HTTP/1.1" 200 -
127.0.0.1 - - [03/Dec/2023 11:56:19] "GET /aggiungiSensore HTTP/1.1" 200 -
127.0.0.1 - - [03/Dec/2023 11:56:19] "[36mGET /static/vendors/css/vendor.bundle.base.css HTTP/1.1[0m" 304 -
127.0.0.1 - - [03/Dec/2023 11:56:19] "[36mGET /static/vendors/typicons.font/font/typicons.css HTTP/1.1[0m" 304 -
127.0.0.1 - - [03/Dec/2023 11:56:20] "[36mGET /static/css/vertical-layout-light/style.css HTTP/1.1[0m" 304 -
127.0.0.1 - - [03/Dec/2023 11:56:20] "[36mGET /static/css/nuovo_sensore.css HTTP/1.1[0m" 304 -
127.0.0.1 - - [03/Dec/2023 11:56:20] "[36mGET /static/images/enia.png HTTP/1.1[0m" 304 -
127.0.0.1 - - [03/Dec/2023 11:56:20] "[36mGET /static/vendors/js/vendor.bundle.base.js HTTP/1.1[0m" 304 -
127.0.0.1 - - [03/Dec/2023 11:56:20] "[36mGET /static/vendors/typicons.font/font/typicons.woff HTTP/1.1[0m" 304 -
127.0.0.1 - - [03/Dec/2023 11:56:20] "[33mGET /static/fonts/Roboto/Roboto-Regular.woff2 HTTP/1.1[0m" 404 -
127.0.0.1 - - [03/Dec/2023 11:56:20] "[36mGET /static/js/off-canvas.js HTTP/1.1[0m" 304 -
127.0.0.1 - - [03/Dec/2023 11:56:20] "[33mGET /static/fonts/Roboto/Roboto-Bold.woff2 HTTP/1.1[0m" 404 -
127.0.0.1 - - [03/Dec/2023 11:56:20] "[33mGET /static/fonts/Roboto/Roboto-Light.woff2 HTTP/1.1[0m" 404 -
127.0.0.1 - - [03/Dec/2023 11:56:20] "[33mGET /static/fonts/Roboto/Roboto-Regular.woff HTTP/1.1[0m" 404 -
127.0.0.1 - - [03/Dec/2023 11:56:20] "[33mGET /static/fonts/Roboto/Roboto-Bold.woff HTTP/1.1[0m" 404 -
127.0.0.1 - - [03/Dec/2023 11:56:20] "[33mGET /static/fonts/Roboto/Roboto-Light.woff HTTP/1.1[0m" 404 -
127.0.0.1 - - [03/Dec/2023 11:56:20] "[33mGET /static/fonts/Roboto/Roboto-Regular.ttf HTTP/1.1[0m" 404 -
127.0.0.1 - - [03/Dec/2023 11:56:20] "[36mGET /static/js/hoverable-collapse.js HTTP/1.1[0m" 304 -
127.0.0.1 - - [03/Dec/2023 11:56:21] "[33mGET /static/fonts/Roboto/Roboto-Bold.ttf HTTP/1.1[0m" 404 -
127.0.0.1 - - [03/Dec/2023 11:56:21] "[33mGET /static/fonts/Roboto/Roboto-Light.ttf HTTP/1.1[0m" 404 -
127.0.0.1 - - [03/Dec/2023 11:56:21] "[36mGET /static/js/template.js HTTP/1.1[0m" 304 -
127.0.0.1 - - [03/Dec/2023 11:56:21] "[36mGET /static/js/settings.js HTTP/1.1[0m" 304 -
127.0.0.1 - - [03/Dec/2023 11:56:21] "[36mGET /static/js/todolist.js HTTP/1.1[0m" 304 -
127.0.0.1 - - [03/Dec/2023 11:56:21] "[36mGET /static/vendors/progressbar.js/progressbar.min.js HTTP/1.1[0m" 304 -
127.0.0.1 - - [03/Dec/2023 11:56:21] "[36mGET /static/vendors/chart.js/Chart.min.js HTTP/1.1[0m" 304 -
127.0.0.1 - - [03/Dec/2023 11:56:21] "[36mGET /static/css/maps/vertical-layout-light/style.css.map HTTP/1.1[0m" 304 -
127.0.0.1 - - [03/Dec/2023 11:56:21] "[36mGET /static/vendors/js/bootstrap.min.js.map HTTP/1.1[0m" 304 -
127.0.0.1 - - [03/Dec/2023 11:56:21] "[36mGET /static/vendors/progressbar.js/progressbar.min.js.map HTTP/1.1[0m" 304 -
127.0.0.1 - - [03/Dec/2023 11:56:22] "[36mGET /static/images/enia.png HTTP/1.1[0m" 304 -
127.0.0.1 - - [03/Dec/2023 11:56:42] "[36mGET /static/images/sprinkler.png HTTP/1.1[0m" 304 -
127.0.0.1 - - [03/Dec/2023 11:56:44] "POST /aggiungiSensore HTTP/1.1" 200 -
127.0.0.1 - - [03/Dec/2023 11:59:00] "GET /aggiungiSensore HTTP/1.1" 200 -
127.0.0.1 - - [03/Dec/2023 11:59:00] "[36mGET /static/vendors/typicons.font/font/typicons.css HTTP/1.1[0m" 304 -
127.0.0.1 - - [03/Dec/2023 11:59:00] "[36mGET /static/vendors/css/vendor.bundle.base.css HTTP/1.1[0m" 304 -
127.0.0.1 - - [03/Dec/2023 11:59:00] "[36mGET /static/css/vertical-layout-light/style.css HTTP/1.1[0m" 304 -
127.0.0.1 - - [03/Dec/2023 11:59:00] "[36mGET /static/css/nuovo_sensore.css HTTP/1.1[0m" 304 -
127.0.0.1 - - [03/Dec/2023 11:59:00] "[36mGET /static/images/enia.png HTTP/1.1[0m" 304 -
127.0.0.1 - - [03/Dec/2023 11:59:00] "[36mGET /static/vendors/js/vendor.bundle.base.js HTTP/1.1[0m" 304 -
127.0.0.1 - - [03/Dec/2023 11:59:01] "[36mGET /static/js/settings.js HTTP/1.1[0m" 304 -
127.0.0.1 - - [03/Dec/2023 11:59:01] "[36mGET /static/js/template.js HTTP/1.1[0m" 304 -
127.0.0.1 - - [03/Dec/2023 11:59:01] "[36mGET /static/js/off-canvas.js HTTP/1.1[0m" 304 -
127.0.0.1 - - [03/Dec/2023 11:59:01] "[36mGET /static/js/hoverable-collapse.js HTTP/1.1[0m" 304 -
127.0.0.1 - - [03/Dec/2023 11:59:01] "[36mGET /static/js/todolist.js HTTP/1.1[0m" 304 -
127.0.0.1 - - [03/Dec/2023 11:59:01] "[36mGET /static/vendors/progressbar.js/progressbar.min.js HTTP/1.1[0m" 304 -
127.0.0.1 - - [03/Dec/2023 11:59:01] "[36mGET /static/vendors/chart.js/Chart.min.js HTTP/1.1[0m" 304 -
127.0.0.1 - - [03/Dec/2023 11:59:01] "[36mGET /static/css/maps/vertical-layout-light/style.css.map HTTP/1.1[0m" 304 -
127.0.0.1 - - [03/Dec/2023 11:59:01] "[36mGET /static/vendors/js/bootstrap.min.js.map HTTP/1.1[0m" 304 -
127.0.0.1 - - [03/Dec/2023 11:59:01] "[36mGET /static/vendors/typicons.font/font/typicons.woff HTTP/1.1[0m" 304 -
127.0.0.1 - - [03/Dec/2023 11:59:01] "[33mGET /static/fonts/Roboto/Roboto-Regular.woff2 HTTP/1.1[0m" 404 -
127.0.0.1 - - [03/Dec/2023 11:59:01] "[33mGET /static/fonts/Roboto/Roboto-Bold.woff2 HTTP/1.1[0m" 404 -
127.0.0.1 - - [03/Dec/2023 11:59:01] "[36mGET /static/vendors/progressbar.js/progressbar.min.js.map HTTP/1.1[0m" 304 -
127.0.0.1 - - [03/Dec/2023 11:59:01] "[33mGET /static/fonts/Roboto/Roboto-Light.woff2 HTTP/1.1[0m" 404 -
127.0.0.1 - - [03/Dec/2023 11:59:02] "[33mGET /static/fonts/Roboto/Roboto-Regular.woff HTTP/1.1[0m" 404 -
127.0.0.1 - - [03/Dec/2023 11:59:02] "[33mGET /static/fonts/Roboto/Roboto-Light.woff HTTP/1.1[0m" 404 -
127.0.0.1 - - [03/Dec/2023 11:59:02] "[33mGET /static/fonts/Roboto/Roboto-Bold.woff HTTP/1.1[0m" 404 -
127.0.0.1 - - [03/Dec/2023 11:59:02] "[33mGET /static/fonts/Roboto/Roboto-Regular.ttf HTTP/1.1[0m" 404 -
127.0.0.1 - - [03/Dec/2023 11:59:03] "[33mGET /static/fonts/Roboto/Roboto-Bold.ttf HTTP/1.1[0m" 404 -
127.0.0.1 - - [03/Dec/2023 11:59:03] "[33mGET /static/fonts/Roboto/Roboto-Light.ttf HTTP/1.1[0m" 404 -
127.0.0.1 - - [03/Dec/2023 11:59:03] "[36mGET /static/images/enia.png HTTP/1.1[0m" 304 -
127.0.0.1 - - [03/Dec/2023 11:59:04] "[36mGET /static/images/sprinkler.png HTTP/1.1[0m" 304 -
127.0.0.1 - - [03/Dec/2023 11:59:06] "POST /aggiungiSensore HTTP/1.1" 200 -
127.0.0.1 - - [03/Dec/2023 11:59:58] "GET /aggiungiSensore HTTP/1.1" 200 -
127.0.0.1 - - [03/Dec/2023 11:59:58] "[36mGET /static/vendors/typicons.font/font/typicons.css HTTP/1.1[0m" 304 -
127.0.0.1 - - [03/Dec/2023 11:59:58] "[36mGET /static/css/vertical-layout-light/style.css HTTP/1.1[0m" 304 -
127.0.0.1 - - [03/Dec/2023 11:59:58] "[36mGET /static/css/nuovo_sensore.css HTTP/1.1[0m" 304 -
127.0.0.1 - - [03/Dec/2023 11:59:58] "[36mGET /static/images/enia.png HTTP/1.1[0m" 304 -
127.0.0.1 - - [03/Dec/2023 11:59:58] "[36mGET /static/vendors/css/vendor.bundle.base.css HTTP/1.1[0m" 304 -
127.0.0.1 - - [03/Dec/2023 11:59:58] "[36mGET /static/vendors/js/vendor.bundle.base.js HTTP/1.1[0m" 304 -
127.0.0.1 - - [03/Dec/2023 11:59:59] "[36mGET /static/vendors/typicons.font/font/typicons.woff HTTP/1.1[0m" 304 -
127.0.0.1 - - [03/Dec/2023 11:59:59] "[36mGET /static/js/hoverable-collapse.js HTTP/1.1[0m" 304 -
127.0.0.1 - - [03/Dec/2023 11:59:59] "[36mGET /static/js/off-canvas.js HTTP/1.1[0m" 304 -
127.0.0.1 - - [03/Dec/2023 11:59:59] "[33mGET /static/fonts/Roboto/Roboto-Bold.woff2 HTTP/1.1[0m" 404 -
127.0.0.1 - - [03/Dec/2023 11:59:59] "[33mGET /static/fonts/Roboto/Roboto-Light.woff2 HTTP/1.1[0m" 404 -
127.0.0.1 - - [03/Dec/2023 11:59:59] "[33mGET /static/fonts/Roboto/Roboto-Regular.woff2 HTTP/1.1[0m" 404 -
127.0.0.1 - - [03/Dec/2023 11:59:59] "[33mGET /static/fonts/Roboto/Roboto-Bold.woff HTTP/1.1[0m" 404 -
127.0.0.1 - - [03/Dec/2023 11:59:59] "[33mGET /static/fonts/Roboto/Roboto-Regular.woff HTTP/1.1[0m" 404 -
127.0.0.1 - - [03/Dec/2023 11:59:59] "[33mGET /static/fonts/Roboto/Roboto-Light.woff HTTP/1.1[0m" 404 -
127.0.0.1 - - [03/Dec/2023 11:59:59] "[36mGET /static/js/template.js HTTP/1.1[0m" 304 -
127.0.0.1 - - [03/Dec/2023 11:59:59] "[36mGET /static/js/settings.js HTTP/1.1[0m" 304 -
127.0.0.1 - - [03/Dec/2023 11:59:59] "[36mGET /static/js/todolist.js HTTP/1.1[0m" 304 -
127.0.0.1 - - [03/Dec/2023 12:00:00] "[33mGET /static/fonts/Roboto/Roboto-Bold.ttf HTTP/1.1[0m" 404 -
127.0.0.1 - - [03/Dec/2023 12:00:00] "[33mGET /static/fonts/Roboto/Roboto-Regular.ttf HTTP/1.1[0m" 404 -
127.0.0.1 - - [03/Dec/2023 12:00:00] "[33mGET /static/fonts/Roboto/Roboto-Light.ttf HTTP/1.1[0m" 404 -
127.0.0.1 - - [03/Dec/2023 12:00:00] "[36mGET /static/vendors/progressbar.js/progressbar.min.js HTTP/1.1[0m" 304 -
127.0.0.1 - - [03/Dec/2023 12:00:00] "[36mGET /static/vendors/chart.js/Chart.min.js HTTP/1.1[0m" 304 -
127.0.0.1 - - [03/Dec/2023 12:00:00] "[36mGET /static/css/maps/vertical-layout-light/style.css.map HTTP/1.1[0m" 304 -
127.0.0.1 - - [03/Dec/2023 12:00:00] "[36mGET /static/vendors/js/bootstrap.min.js.map HTTP/1.1[0m" 304 -
127.0.0.1 - - [03/Dec/2023 12:00:00] "[36mGET /static/vendors/progressbar.js/progressbar.min.js.map HTTP/1.1[0m" 304 -
127.0.0.1 - - [03/Dec/2023 12:00:02] "GET /listaSensori?__debugger__=yes&cmd=resource&f=console.png HTTP/1.1" 200 -
127.0.0.1 - - [03/Dec/2023 12:00:08] "[36mGET /static/images/enia.png HTTP/1.1[0m" 304 -
127.0.0.1 - - [03/Dec/2023 12:00:11] "[36mGET /static/images/sprinkler.png HTTP/1.1[0m" 304 -
127.0.0.1 - - [03/Dec/2023 12:00:16] "POST /aggiungiSensore HTTP/1.1" 200 -
127.0.0.1 - - [03/Dec/2023 12:01:26] "GET /aggiungiSensore HTTP/1.1" 200 -
127.0.0.1 - - [03/Dec/2023 12:01:26] "[36mGET /static/vendors/typicons.font/font/typicons.css HTTP/1.1[0m" 304 -
127.0.0.1 - - [03/Dec/2023 12:01:26] "[36mGET /static/vendors/css/vendor.bundle.base.css HTTP/1.1[0m" 304 -
127.0.0.1 - - [03/Dec/2023 12:01:26] "[36mGET /static/css/vertical-layout-light/style.css HTTP/1.1[0m" 304 -
127.0.0.1 - - [03/Dec/2023 12:01:26] "[36mGET /static/css/nuovo_sensore.css HTTP/1.1[0m" 304 -
127.0.0.1 - - [03/Dec/2023 12:01:26] "[36mGET /static/images/enia.png HTTP/1.1[0m" 304 -
127.0.0.1 - - [03/Dec/2023 12:01:26] "[36mGET /static/vendors/js/vendor.bundle.base.js HTTP/1.1[0m" 304 -
127.0.0.1 - - [03/Dec/2023 12:01:26] "[36mGET /static/js/off-canvas.js HTTP/1.1[0m" 304 -
127.0.0.1 - - [03/Dec/2023 12:01:26] "[36mGET /static/js/template.js HTTP/1.1[0m" 304 -
127.0.0.1 - - [03/Dec/2023 12:01:26] "[36mGET /static/js/hoverable-collapse.js HTTP/1.1[0m" 304 -
127.0.0.1 - - [03/Dec/2023 12:01:26] "[36mGET /static/js/settings.js HTTP/1.1[0m" 304 -
127.0.0.1 - - [03/Dec/2023 12:01:26] "[36mGET /static/js/todolist.js HTTP/1.1[0m" 304 -
127.0.0.1 - - [03/Dec/2023 12:01:27] "[36mGET /static/vendors/progressbar.js/progressbar.min.js HTTP/1.1[0m" 304 -
127.0.0.1 - - [03/Dec/2023 12:01:27] "[36mGET /static/vendors/chart.js/Chart.min.js HTTP/1.1[0m" 304 -
127.0.0.1 - - [03/Dec/2023 12:01:27] "[36mGET /static/css/maps/vertical-layout-light/style.css.map HTTP/1.1[0m" 304 -
127.0.0.1 - - [03/Dec/2023 12:01:27] "[36mGET /static/vendors/js/bootstrap.min.js.map HTTP/1.1[0m" 304 -
127.0.0.1 - - [03/Dec/2023 12:01:27] "[36mGET /static/vendors/typicons.font/font/typicons.woff HTTP/1.1[0m" 304 -
127.0.0.1 - - [03/Dec/2023 12:01:27] "[36mGET /static/vendors/progressbar.js/progressbar.min.js.map HTTP/1.1[0m" 304 -
127.0.0.1 - - [03/Dec/2023 12:01:28] "[33mGET /static/fonts/Roboto/Roboto-Bold.woff2 HTTP/1.1[0m" 404 -
127.0.0.1 - - [03/Dec/2023 12:01:28] "[33mGET /static/fonts/Roboto/Roboto-Regular.woff2 HTTP/1.1[0m" 404 -
127.0.0.1 - - [03/Dec/2023 12:01:28] "[33mGET /static/fonts/Roboto/Roboto-Light.woff2 HTTP/1.1[0m" 404 -
127.0.0.1 - - [03/Dec/2023 12:01:28] "[33mGET /static/fonts/Roboto/Roboto-Light.woff HTTP/1.1[0m" 404 -
127.0.0.1 - - [03/Dec/2023 12:01:28] "[33mGET /static/fonts/Roboto/Roboto-Bold.woff HTTP/1.1[0m" 404 -
127.0.0.1 - - [03/Dec/2023 12:01:28] "[33mGET /static/fonts/Roboto/Roboto-Regular.woff HTTP/1.1[0m" 404 -
127.0.0.1 - - [03/Dec/2023 12:01:28] "[33mGET /static/fonts/Roboto/Roboto-Light.ttf HTTP/1.1[0m" 404 -
127.0.0.1 - - [03/Dec/2023 12:01:28] "[33mGET /static/fonts/Roboto/Roboto-Bold.ttf HTTP/1.1[0m" 404 -
127.0.0.1 - - [03/Dec/2023 12:01:28] "[33mGET /static/fonts/Roboto/Roboto-Regular.ttf HTTP/1.1[0m" 404 -
127.0.0.1 - - [03/Dec/2023 12:01:29] "[36mGET /static/images/enia.png HTTP/1.1[0m" 304 -
127.0.0.1 - - [03/Dec/2023 12:01:31] "[36mGET /static/images/sprinkler.png HTTP/1.1[0m" 304 -
127.0.0.1 - - [03/Dec/2023 12:01:33] "POST /aggiungiSensore HTTP/1.1" 200 -
127.0.0.1 - - [03/Dec/2023 12:13:08] "GET /aggiungiSensore HTTP/1.1" 200 -
127.0.0.1 - - [03/Dec/2023 12:13:08] "[36mGET /static/vendors/typicons.font/font/typicons.css HTTP/1.1[0m" 304 -
127.0.0.1 - - [03/Dec/2023 12:13:08] "[36mGET /static/vendors/css/vendor.bundle.base.css HTTP/1.1[0m" 304 -
127.0.0.1 - - [03/Dec/2023 12:13:09] "[36mGET /static/images/enia.png HTTP/1.1[0m" 304 -
127.0.0.1 - - [03/Dec/2023 12:13:09] "[36mGET /static/css/nuovo_sensore.css HTTP/1.1[0m" 304 -
127.0.0.1 - - [03/Dec/2023 12:13:09] "[36mGET /static/css/vertical-layout-light/style.css HTTP/1.1[0m" 304 -
127.0.0.1 - - [03/Dec/2023 12:13:09] "[36mGET /static/vendors/js/vendor.bundle.base.js HTTP/1.1[0m" 304 -
127.0.0.1 - - [03/Dec/2023 12:13:09] "[36mGET /static/vendors/typicons.font/font/typicons.woff HTTP/1.1[0m" 304 -
127.0.0.1 - - [03/Dec/2023 12:13:09] "[36mGET /static/js/hoverable-collapse.js HTTP/1.1[0m" 304 -
127.0.0.1 - - [03/Dec/2023 12:13:09] "[36mGET /static/js/off-canvas.js HTTP/1.1[0m" 304 -
127.0.0.1 - - [03/Dec/2023 12:13:09] "[36mGET /static/js/template.js HTTP/1.1[0m" 304 -
127.0.0.1 - - [03/Dec/2023 12:13:09] "[36mGET /static/js/todolist.js HTTP/1.1[0m" 304 -
127.0.0.1 - - [03/Dec/2023 12:13:09] "[36mGET /static/js/settings.js HTTP/1.1[0m" 304 -
127.0.0.1 - - [03/Dec/2023 12:13:09] "[33mGET /static/fonts/Roboto/Roboto-Regular.woff2 HTTP/1.1[0m" 404 -
127.0.0.1 - - [03/Dec/2023 12:13:09] "[33mGET /static/fonts/Roboto/Roboto-Bold.woff2 HTTP/1.1[0m" 404 -
127.0.0.1 - - [03/Dec/2023 12:13:09] "[33mGET /static/fonts/Roboto/Roboto-Light.woff2 HTTP/1.1[0m" 404 -
127.0.0.1 - - [03/Dec/2023 12:13:10] "[36mGET /static/vendors/progressbar.js/progressbar.min.js HTTP/1.1[0m" 304 -
127.0.0.1 - - [03/Dec/2023 12:13:10] "[36mGET /static/vendors/chart.js/Chart.min.js HTTP/1.1[0m" 304 -
127.0.0.1 - - [03/Dec/2023 12:13:10] "[36mGET /static/css/maps/vertical-layout-light/style.css.map HTTP/1.1[0m" 304 -
127.0.0.1 - - [03/Dec/2023 12:13:10] "[33mGET /static/fonts/Roboto/Roboto-Regular.woff HTTP/1.1[0m" 404 -
127.0.0.1 - - [03/Dec/2023 12:13:10] "[33mGET /static/fonts/Roboto/Roboto-Light.woff HTTP/1.1[0m" 404 -
127.0.0.1 - - [03/Dec/2023 12:13:10] "[33mGET /static/fonts/Roboto/Roboto-Bold.woff HTTP/1.1[0m" 404 -
127.0.0.1 - - [03/Dec/2023 12:13:10] "[36mGET /static/vendors/js/bootstrap.min.js.map HTTP/1.1[0m" 304 -
127.0.0.1 - - [03/Dec/2023 12:13:10] "[36mGET /static/vendors/progressbar.js/progressbar.min.js.map HTTP/1.1[0m" 304 -
127.0.0.1 - - [03/Dec/2023 12:13:11] "[33mGET /static/fonts/Roboto/Roboto-Regular.ttf HTTP/1.1[0m" 404 -
127.0.0.1 - - [03/Dec/2023 12:13:11] "[33mGET /static/fonts/Roboto/Roboto-Bold.ttf HTTP/1.1[0m" 404 -
127.0.0.1 - - [03/Dec/2023 12:13:11] "[33mGET /static/fonts/Roboto/Roboto-Light.ttf HTTP/1.1[0m" 404 -
127.0.0.1 - - [03/Dec/2023 12:13:11] "[36mGET /static/images/enia.png HTTP/1.1[0m" 304 -
127.0.0.1 - - [03/Dec/2023 12:14:58] "GET /aggiungiSensore HTTP/1.1" 200 -
127.0.0.1 - - [03/Dec/2023 12:14:58] "[36mGET /static/vendors/typicons.font/font/typicons.css HTTP/1.1[0m" 304 -
127.0.0.1 - - [03/Dec/2023 12:14:58] "[36mGET /static/vendors/css/vendor.bundle.base.css HTTP/1.1[0m" 304 -
127.0.0.1 - - [03/Dec/2023 12:14:59] "[36mGET /static/css/vertical-layout-light/style.css HTTP/1.1[0m" 304 -
127.0.0.1 - - [03/Dec/2023 12:14:59] "[36mGET /static/images/enia.png HTTP/1.1[0m" 304 -
127.0.0.1 - - [03/Dec/2023 12:14:59] "[36mGET /static/css/nuovo_sensore.css HTTP/1.1[0m" 304 -
127.0.0.1 - - [03/Dec/2023 12:14:59] "[36mGET /static/vendors/js/vendor.bundle.base.js HTTP/1.1[0m" 304 -
127.0.0.1 - - [03/Dec/2023 12:14:59] "[36mGET /static/js/off-canvas.js HTTP/1.1[0m" 304 -
127.0.0.1 - - [03/Dec/2023 12:14:59] "[36mGET /static/vendors/typicons.font/font/typicons.woff HTTP/1.1[0m" 304 -
127.0.0.1 - - [03/Dec/2023 12:14:59] "[36mGET /static/js/hoverable-collapse.js HTTP/1.1[0m" 304 -
127.0.0.1 - - [03/Dec/2023 12:14:59] "[33mGET /static/fonts/Roboto/Roboto-Light.woff2 HTTP/1.1[0m" 404 -
127.0.0.1 - - [03/Dec/2023 12:14:59] "[33mGET /static/fonts/Roboto/Roboto-Bold.woff2 HTTP/1.1[0m" 404 -
127.0.0.1 - - [03/Dec/2023 12:14:59] "[33mGET /static/fonts/Roboto/Roboto-Regular.woff2 HTTP/1.1[0m" 404 -
127.0.0.1 - - [03/Dec/2023 12:14:59] "[33mGET /static/fonts/Roboto/Roboto-Light.woff HTTP/1.1[0m" 404 -
127.0.0.1 - - [03/Dec/2023 12:14:59] "[33mGET /static/fonts/Roboto/Roboto-Bold.woff HTTP/1.1[0m" 404 -
127.0.0.1 - - [03/Dec/2023 12:14:59] "[33mGET /static/fonts/Roboto/Roboto-Regular.woff HTTP/1.1[0m" 404 -
127.0.0.1 - - [03/Dec/2023 12:14:59] "[36mGET /static/js/template.js HTTP/1.1[0m" 304 -
127.0.0.1 - - [03/Dec/2023 12:14:59] "[33mGET /static/fonts/Roboto/Roboto-Light.ttf HTTP/1.1[0m" 404 -
127.0.0.1 - - [03/Dec/2023 12:14:59] "[33mGET /static/fonts/Roboto/Roboto-Bold.ttf HTTP/1.1[0m" 404 -
127.0.0.1 - - [03/Dec/2023 12:15:00] "[36mGET /static/js/settings.js HTTP/1.1[0m" 304 -
127.0.0.1 - - [03/Dec/2023 12:15:00] "[36mGET /static/js/todolist.js HTTP/1.1[0m" 304 -
127.0.0.1 - - [03/Dec/2023 12:15:00] "[36mGET /static/vendors/progressbar.js/progressbar.min.js HTTP/1.1[0m" 304 -
127.0.0.1 - - [03/Dec/2023 12:15:00] "[36mGET /static/css/maps/vertical-layout-light/style.css.map HTTP/1.1[0m" 304 -
127.0.0.1 - - [03/Dec/2023 12:15:00] "[36mGET /static/vendors/chart.js/Chart.min.js HTTP/1.1[0m" 304 -
127.0.0.1 - - [03/Dec/2023 12:15:00] "[33mGET /static/fonts/Roboto/Roboto-Regular.ttf HTTP/1.1[0m" 404 -
127.0.0.1 - - [03/Dec/2023 12:15:00] "[36mGET /static/vendors/js/bootstrap.min.js.map HTTP/1.1[0m" 304 -
127.0.0.1 - - [03/Dec/2023 12:15:00] "[36mGET /static/vendors/progressbar.js/progressbar.min.js.map HTTP/1.1[0m" 304 -
127.0.0.1 - - [03/Dec/2023 12:15:01] "[36mGET /static/images/enia.png HTTP/1.1[0m" 304 -
127.0.0.1 - - [03/Dec/2023 12:15:10] "[36mGET /static/images/sprinkler.png HTTP/1.1[0m" 304 -
127.0.0.1 - - [03/Dec/2023 12:15:12] "POST /aggiungiSensore HTTP/1.1" 200 -
[31m[1mWARNING: This is a development server. Do not use it in a production deployment. Use a production WSGI server instead.[0m
 * Running on http://localhost:5000
[33mPress CTRL+C to quit[0m
 * Restarting with stat
 * Debugger is active!
 * Debugger PIN: 523-329-823
127.0.0.1 - - [04/Dec/2023 10:36:28] "[32mGET /aggiungiSensore HTTP/1.1[0m" 302 -
127.0.0.1 - - [04/Dec/2023 10:36:28] "GET /login?next=%2FaggiungiSensore HTTP/1.1" 200 -
127.0.0.1 - - [04/Dec/2023 10:36:29] "[36mGET /static/css/auth.css HTTP/1.1[0m" 304 -
127.0.0.1 - - [04/Dec/2023 10:36:29] "[36mGET /static/javascript/auth.js HTTP/1.1[0m" 304 -
127.0.0.1 - - [04/Dec/2023 10:36:29] "[33mGET /static/images/top.ico HTTP/1.1[0m" 404 -
127.0.0.1 - - [04/Dec/2023 10:36:39] "[32mPOST /login?next=%2FaggiungiSensore HTTP/1.1[0m" 302 -
127.0.0.1 - - [04/Dec/2023 10:36:39] "GET /aggiungiSensore HTTP/1.1" 200 -
127.0.0.1 - - [04/Dec/2023 10:36:40] "[36mGET /static/vendors/typicons.font/font/typicons.css HTTP/1.1[0m" 304 -
127.0.0.1 - - [04/Dec/2023 10:36:40] "[36mGET /static/vendors/css/vendor.bundle.base.css HTTP/1.1[0m" 304 -
127.0.0.1 - - [04/Dec/2023 10:36:40] "[36mGET /static/css/vertical-layout-light/style.css HTTP/1.1[0m" 304 -
127.0.0.1 - - [04/Dec/2023 10:36:40] "[36mGET /static/css/nuovo_sensore.css HTTP/1.1[0m" 304 -
127.0.0.1 - - [04/Dec/2023 10:36:40] "[36mGET /static/images/enia.png HTTP/1.1[0m" 304 -
127.0.0.1 - - [04/Dec/2023 10:36:40] "[36mGET /static/vendors/js/vendor.bundle.base.js HTTP/1.1[0m" 304 -
127.0.0.1 - - [04/Dec/2023 10:36:40] "[36mGET /static/vendors/typicons.font/font/typicons.woff HTTP/1.1[0m" 304 -
127.0.0.1 - - [04/Dec/2023 10:36:40] "[36mGET /static/js/off-canvas.js HTTP/1.1[0m" 304 -
127.0.0.1 - - [04/Dec/2023 10:36:40] "[36mGET /static/js/hoverable-collapse.js HTTP/1.1[0m" 304 -
127.0.0.1 - - [04/Dec/2023 10:36:40] "[33mGET /static/fonts/Roboto/Roboto-Regular.woff2 HTTP/1.1[0m" 404 -
127.0.0.1 - - [04/Dec/2023 10:36:40] "[36mGET /static/js/settings.js HTTP/1.1[0m" 304 -
127.0.0.1 - - [04/Dec/2023 10:36:40] "[36mGET /static/js/template.js HTTP/1.1[0m" 304 -
127.0.0.1 - - [04/Dec/2023 10:36:40] "[36mGET /static/vendors/progressbar.js/progressbar.min.js HTTP/1.1[0m" 304 -
127.0.0.1 - - [04/Dec/2023 10:36:40] "[33mGET /static/fonts/Roboto/Roboto-Regular.woff HTTP/1.1[0m" 404 -
127.0.0.1 - - [04/Dec/2023 10:36:40] "[33mGET /static/fonts/Roboto/Roboto-Bold.woff2 HTTP/1.1[0m" 404 -
127.0.0.1 - - [04/Dec/2023 10:36:40] "[33mGET /static/fonts/Roboto/Roboto-Light.woff2 HTTP/1.1[0m" 404 -
127.0.0.1 - - [04/Dec/2023 10:36:41] "[36mGET /static/js/todolist.js HTTP/1.1[0m" 304 -
127.0.0.1 - - [04/Dec/2023 10:36:41] "[33mGET /static/fonts/Roboto/Roboto-Regular.ttf HTTP/1.1[0m" 404 -
127.0.0.1 - - [04/Dec/2023 10:36:41] "[33mGET /static/fonts/Roboto/Roboto-Bold.woff HTTP/1.1[0m" 404 -
127.0.0.1 - - [04/Dec/2023 10:36:41] "[33mGET /static/fonts/Roboto/Roboto-Light.woff HTTP/1.1[0m" 404 -
127.0.0.1 - - [04/Dec/2023 10:36:41] "[33mGET /static/fonts/Roboto/Roboto-Bold.ttf HTTP/1.1[0m" 404 -
127.0.0.1 - - [04/Dec/2023 10:36:41] "[33mGET /static/fonts/Roboto/Roboto-Light.ttf HTTP/1.1[0m" 404 -
127.0.0.1 - - [04/Dec/2023 10:36:41] "[36mGET /static/vendors/chart.js/Chart.min.js HTTP/1.1[0m" 304 -
127.0.0.1 - - [04/Dec/2023 10:39:05] "GET /aggiungiSensore HTTP/1.1" 200 -
127.0.0.1 - - [04/Dec/2023 10:39:05] "[36mGET /static/vendors/typicons.font/font/typicons.css HTTP/1.1[0m" 304 -
127.0.0.1 - - [04/Dec/2023 10:39:05] "[36mGET /static/vendors/css/vendor.bundle.base.css HTTP/1.1[0m" 304 -
127.0.0.1 - - [04/Dec/2023 10:39:05] "[36mGET /static/css/nuovo_sensore.css HTTP/1.1[0m" 304 -
127.0.0.1 - - [04/Dec/2023 10:39:05] "[36mGET /static/css/vertical-layout-light/style.css HTTP/1.1[0m" 304 -
127.0.0.1 - - [04/Dec/2023 10:39:05] "[36mGET /static/images/enia.png HTTP/1.1[0m" 304 -
127.0.0.1 - - [04/Dec/2023 10:39:05] "[36mGET /static/vendors/js/vendor.bundle.base.js HTTP/1.1[0m" 304 -
127.0.0.1 - - [04/Dec/2023 10:39:05] "[36mGET /static/vendors/typicons.font/font/typicons.woff HTTP/1.1[0m" 304 -
127.0.0.1 - - [04/Dec/2023 10:39:05] "[33mGET /static/fonts/Roboto/Roboto-Bold.woff2 HTTP/1.1[0m" 404 -
127.0.0.1 - - [04/Dec/2023 10:39:05] "[36mGET /static/js/off-canvas.js HTTP/1.1[0m" 304 -
127.0.0.1 - - [04/Dec/2023 10:39:05] "[36mGET /static/js/hoverable-collapse.js HTTP/1.1[0m" 304 -
127.0.0.1 - - [04/Dec/2023 10:39:06] "[33mGET /static/fonts/Roboto/Roboto-Regular.woff2 HTTP/1.1[0m" 404 -
127.0.0.1 - - [04/Dec/2023 10:39:06] "[33mGET /static/fonts/Roboto/Roboto-Light.woff2 HTTP/1.1[0m" 404 -
127.0.0.1 - - [04/Dec/2023 10:39:06] "[33mGET /static/fonts/Roboto/Roboto-Bold.woff HTTP/1.1[0m" 404 -
127.0.0.1 - - [04/Dec/2023 10:39:06] "[33mGET /static/fonts/Roboto/Roboto-Regular.woff HTTP/1.1[0m" 404 -
127.0.0.1 - - [04/Dec/2023 10:39:06] "[36mGET /static/js/template.js HTTP/1.1[0m" 304 -
127.0.0.1 - - [04/Dec/2023 10:39:06] "[33mGET /static/fonts/Roboto/Roboto-Light.woff HTTP/1.1[0m" 404 -
127.0.0.1 - - [04/Dec/2023 10:39:06] "[36mGET /static/js/settings.js HTTP/1.1[0m" 304 -
127.0.0.1 - - [04/Dec/2023 10:39:06] "[33mGET /static/fonts/Roboto/Roboto-Bold.ttf HTTP/1.1[0m" 404 -
127.0.0.1 - - [04/Dec/2023 10:39:06] "[33mGET /static/fonts/Roboto/Roboto-Regular.ttf HTTP/1.1[0m" 404 -
127.0.0.1 - - [04/Dec/2023 10:39:06] "[33mGET /static/fonts/Roboto/Roboto-Light.ttf HTTP/1.1[0m" 404 -
127.0.0.1 - - [04/Dec/2023 10:39:06] "[36mGET /static/js/todolist.js HTTP/1.1[0m" 304 -
127.0.0.1 - - [04/Dec/2023 10:39:06] "[36mGET /static/vendors/progressbar.js/progressbar.min.js HTTP/1.1[0m" 304 -
127.0.0.1 - - [04/Dec/2023 10:39:06] "[36mGET /static/vendors/chart.js/Chart.min.js HTTP/1.1[0m" 304 -
127.0.0.1 - - [04/Dec/2023 10:39:07] "[36mGET /static/images/enia.png HTTP/1.1[0m" 304 -
127.0.0.1 - - [04/Dec/2023 10:40:43] "GET /aggiungiSensore HTTP/1.1" 200 -
127.0.0.1 - - [04/Dec/2023 10:40:43] "[36mGET /static/vendors/typicons.font/font/typicons.css HTTP/1.1[0m" 304 -
127.0.0.1 - - [04/Dec/2023 10:40:43] "[36mGET /static/vendors/css/vendor.bundle.base.css HTTP/1.1[0m" 304 -
127.0.0.1 - - [04/Dec/2023 10:40:43] "[36mGET /static/css/vertical-layout-light/style.css HTTP/1.1[0m" 304 -
127.0.0.1 - - [04/Dec/2023 10:40:43] "[36mGET /static/css/nuovo_sensore.css HTTP/1.1[0m" 304 -
127.0.0.1 - - [04/Dec/2023 10:40:43] "[36mGET /static/images/enia.png HTTP/1.1[0m" 304 -
127.0.0.1 - - [04/Dec/2023 10:40:43] "[36mGET /static/vendors/js/vendor.bundle.base.js HTTP/1.1[0m" 304 -
127.0.0.1 - - [04/Dec/2023 10:40:43] "[36mGET /static/vendors/typicons.font/font/typicons.woff HTTP/1.1[0m" 304 -
127.0.0.1 - - [04/Dec/2023 10:40:43] "[33mGET /static/fonts/Roboto/Roboto-Bold.woff2 HTTP/1.1[0m" 404 -
127.0.0.1 - - [04/Dec/2023 10:40:43] "[36mGET /static/js/off-canvas.js HTTP/1.1[0m" 304 -
127.0.0.1 - - [04/Dec/2023 10:40:43] "[36mGET /static/js/hoverable-collapse.js HTTP/1.1[0m" 304 -
127.0.0.1 - - [04/Dec/2023 10:40:44] "[36mGET /static/js/template.js HTTP/1.1[0m" 304 -
127.0.0.1 - - [04/Dec/2023 10:40:44] "[36mGET /static/js/settings.js HTTP/1.1[0m" 304 -
127.0.0.1 - - [04/Dec/2023 10:40:44] "[36mGET /static/js/todolist.js HTTP/1.1[0m" 304 -
127.0.0.1 - - [04/Dec/2023 10:40:44] "[36mGET /static/vendors/progressbar.js/progressbar.min.js HTTP/1.1[0m" 304 -
127.0.0.1 - - [04/Dec/2023 10:40:44] "[36mGET /static/vendors/chart.js/Chart.min.js HTTP/1.1[0m" 304 -
127.0.0.1 - - [04/Dec/2023 10:40:45] "[33mGET /static/fonts/Roboto/Roboto-Regular.woff2 HTTP/1.1[0m" 404 -
127.0.0.1 - - [04/Dec/2023 10:40:45] "[33mGET /static/fonts/Roboto/Roboto-Bold.woff HTTP/1.1[0m" 404 -
127.0.0.1 - - [04/Dec/2023 10:40:45] "[33mGET /static/fonts/Roboto/Roboto-Light.woff2 HTTP/1.1[0m" 404 -
127.0.0.1 - - [04/Dec/2023 10:40:45] "[33mGET /static/fonts/Roboto/Roboto-Regular.woff HTTP/1.1[0m" 404 -
127.0.0.1 - - [04/Dec/2023 10:40:45] "[33mGET /static/fonts/Roboto/Roboto-Bold.ttf HTTP/1.1[0m" 404 -
127.0.0.1 - - [04/Dec/2023 10:40:45] "[33mGET /static/fonts/Roboto/Roboto-Light.woff HTTP/1.1[0m" 404 -
127.0.0.1 - - [04/Dec/2023 10:40:46] "[33mGET /static/fonts/Roboto/Roboto-Regular.ttf HTTP/1.1[0m" 404 -
127.0.0.1 - - [04/Dec/2023 10:40:46] "[33mGET /static/fonts/Roboto/Roboto-Light.ttf HTTP/1.1[0m" 404 -
127.0.0.1 - - [04/Dec/2023 10:40:46] "[36mGET /static/images/enia.png HTTP/1.1[0m" 304 -
127.0.0.1 - - [04/Dec/2023 10:50:44] "GET /aggiungiSensore HTTP/1.1" 200 -
127.0.0.1 - - [04/Dec/2023 10:50:44] "[36mGET /static/vendors/typicons.font/font/typicons.css HTTP/1.1[0m" 304 -
127.0.0.1 - - [04/Dec/2023 10:50:44] "[36mGET /static/vendors/css/vendor.bundle.base.css HTTP/1.1[0m" 304 -
127.0.0.1 - - [04/Dec/2023 10:50:44] "[36mGET /static/css/vertical-layout-light/style.css HTTP/1.1[0m" 304 -
127.0.0.1 - - [04/Dec/2023 10:50:44] "[36mGET /static/css/nuovo_sensore.css HTTP/1.1[0m" 304 -
127.0.0.1 - - [04/Dec/2023 10:50:44] "[36mGET /static/images/enia.png HTTP/1.1[0m" 304 -
127.0.0.1 - - [04/Dec/2023 10:50:44] "[36mGET /static/vendors/js/vendor.bundle.base.js HTTP/1.1[0m" 304 -
127.0.0.1 - - [04/Dec/2023 10:50:44] "[36mGET /static/vendors/typicons.font/font/typicons.woff HTTP/1.1[0m" 304 -
127.0.0.1 - - [04/Dec/2023 10:50:44] "[36mGET /static/js/off-canvas.js HTTP/1.1[0m" 304 -
127.0.0.1 - - [04/Dec/2023 10:50:44] "[36mGET /static/js/hoverable-collapse.js HTTP/1.1[0m" 304 -
127.0.0.1 - - [04/Dec/2023 10:50:44] "[36mGET /static/js/template.js HTTP/1.1[0m" 304 -
127.0.0.1 - - [04/Dec/2023 10:50:45] "[36mGET /static/js/settings.js HTTP/1.1[0m" 304 -
127.0.0.1 - - [04/Dec/2023 10:50:45] "[36mGET /static/js/todolist.js HTTP/1.1[0m" 304 -
127.0.0.1 - - [04/Dec/2023 10:50:45] "[36mGET /static/vendors/progressbar.js/progressbar.min.js HTTP/1.1[0m" 304 -
127.0.0.1 - - [04/Dec/2023 10:50:45] "[33mGET /static/fonts/Roboto/Roboto-Bold.woff2 HTTP/1.1[0m" 404 -
127.0.0.1 - - [04/Dec/2023 10:50:45] "[33mGET /static/fonts/Roboto/Roboto-Light.woff2 HTTP/1.1[0m" 404 -
127.0.0.1 - - [04/Dec/2023 10:50:45] "[33mGET /static/fonts/Roboto/Roboto-Regular.woff2 HTTP/1.1[0m" 404 -
127.0.0.1 - - [04/Dec/2023 10:50:45] "[33mGET /static/fonts/Roboto/Roboto-Bold.woff HTTP/1.1[0m" 404 -
127.0.0.1 - - [04/Dec/2023 10:50:45] "[33mGET /static/fonts/Roboto/Roboto-Regular.woff HTTP/1.1[0m" 404 -
127.0.0.1 - - [04/Dec/2023 10:50:45] "[33mGET /static/fonts/Roboto/Roboto-Light.woff HTTP/1.1[0m" 404 -
127.0.0.1 - - [04/Dec/2023 10:50:45] "[33mGET /static/fonts/Roboto/Roboto-Bold.ttf HTTP/1.1[0m" 404 -
127.0.0.1 - - [04/Dec/2023 10:50:45] "[33mGET /static/fonts/Roboto/Roboto-Regular.ttf HTTP/1.1[0m" 404 -
127.0.0.1 - - [04/Dec/2023 10:50:45] "[36mGET /static/vendors/chart.js/Chart.min.js HTTP/1.1[0m" 304 -
127.0.0.1 - - [04/Dec/2023 10:50:46] "[33mGET /static/fonts/Roboto/Roboto-Light.ttf HTTP/1.1[0m" 404 -
127.0.0.1 - - [04/Dec/2023 10:50:46] "[36mGET /static/images/enia.png HTTP/1.1[0m" 304 -
127.0.0.1 - - [04/Dec/2023 10:51:37] "[36mGET /static/vendors/typicons.font/font/typicons.css HTTP/1.1[0m" 304 -
127.0.0.1 - - [04/Dec/2023 10:51:38] "[36mGET /static/vendors/css/vendor.bundle.base.css HTTP/1.1[0m" 304 -
127.0.0.1 - - [04/Dec/2023 10:51:38] "[36mGET /static/css/vertical-layout-light/style.css HTTP/1.1[0m" 304 -
127.0.0.1 - - [04/Dec/2023 10:51:38] "[36mGET /static/css/nuovo_sensore.css HTTP/1.1[0m" 304 -
127.0.0.1 - - [04/Dec/2023 10:51:38] "[36mGET /static/vendors/js/bootstrap.min.js.map HTTP/1.1[0m" 304 -
127.0.0.1 - - [04/Dec/2023 10:51:38] "[36mGET /static/vendors/progressbar.js/progressbar.min.js.map HTTP/1.1[0m" 304 -
127.0.0.1 - - [04/Dec/2023 10:51:38] "[36mGET /static/css/maps/vertical-layout-light/style.css.map HTTP/1.1[0m" 304 -
127.0.0.1 - - [04/Dec/2023 10:52:26] "GET /aggiungiSensore HTTP/1.1" 200 -
127.0.0.1 - - [04/Dec/2023 10:52:26] "[36mGET /static/vendors/typicons.font/font/typicons.css HTTP/1.1[0m" 304 -
127.0.0.1 - - [04/Dec/2023 10:52:26] "[36mGET /static/vendors/css/vendor.bundle.base.css HTTP/1.1[0m" 304 -
127.0.0.1 - - [04/Dec/2023 10:52:26] "[36mGET /static/css/vertical-layout-light/style.css HTTP/1.1[0m" 304 -
127.0.0.1 - - [04/Dec/2023 10:52:26] "[36mGET /static/images/enia.png HTTP/1.1[0m" 304 -
127.0.0.1 - - [04/Dec/2023 10:52:26] "GET /static/css/nuovo_sensore.css HTTP/1.1" 200 -
127.0.0.1 - - [04/Dec/2023 10:52:26] "[36mGET /static/vendors/js/vendor.bundle.base.js HTTP/1.1[0m" 304 -
127.0.0.1 - - [04/Dec/2023 10:52:26] "[36mGET /static/vendors/typicons.font/font/typicons.woff HTTP/1.1[0m" 304 -
127.0.0.1 - - [04/Dec/2023 10:52:26] "[36mGET /static/js/off-canvas.js HTTP/1.1[0m" 304 -
127.0.0.1 - - [04/Dec/2023 10:52:26] "[36mGET /static/js/hoverable-collapse.js HTTP/1.1[0m" 304 -
127.0.0.1 - - [04/Dec/2023 10:52:26] "[33mGET /static/fonts/Roboto/Roboto-Bold.woff2 HTTP/1.1[0m" 404 -
127.0.0.1 - - [04/Dec/2023 10:52:26] "[33mGET /static/fonts/Roboto/Roboto-Light.woff2 HTTP/1.1[0m" 404 -
127.0.0.1 - - [04/Dec/2023 10:52:26] "[33mGET /static/fonts/Roboto/Roboto-Regular.woff2 HTTP/1.1[0m" 404 -
127.0.0.1 - - [04/Dec/2023 10:52:27] "[33mGET /static/fonts/Roboto/Roboto-Bold.woff HTTP/1.1[0m" 404 -
127.0.0.1 - - [04/Dec/2023 10:52:27] "[33mGET /static/fonts/Roboto/Roboto-Light.woff HTTP/1.1[0m" 404 -
127.0.0.1 - - [04/Dec/2023 10:52:27] "[36mGET /static/js/template.js HTTP/1.1[0m" 304 -
127.0.0.1 - - [04/Dec/2023 10:52:27] "[36mGET /static/js/settings.js HTTP/1.1[0m" 304 -
127.0.0.1 - - [04/Dec/2023 10:52:27] "[33mGET /static/fonts/Roboto/Roboto-Regular.woff HTTP/1.1[0m" 404 -
127.0.0.1 - - [04/Dec/2023 10:52:27] "[33mGET /static/fonts/Roboto/Roboto-Bold.ttf HTTP/1.1[0m" 404 -
127.0.0.1 - - [04/Dec/2023 10:52:27] "[33mGET /static/fonts/Roboto/Roboto-Light.ttf HTTP/1.1[0m" 404 -
127.0.0.1 - - [04/Dec/2023 10:52:27] "[36mGET /static/js/todolist.js HTTP/1.1[0m" 304 -
127.0.0.1 - - [04/Dec/2023 10:52:27] "[36mGET /static/vendors/progressbar.js/progressbar.min.js HTTP/1.1[0m" 304 -
127.0.0.1 - - [04/Dec/2023 10:52:27] "[36mGET /static/vendors/chart.js/Chart.min.js HTTP/1.1[0m" 304 -
127.0.0.1 - - [04/Dec/2023 10:52:27] "[33mGET /static/fonts/Roboto/Roboto-Regular.ttf HTTP/1.1[0m" 404 -
127.0.0.1 - - [04/Dec/2023 10:52:28] "[36mGET /static/images/enia.png HTTP/1.1[0m" 304 -
127.0.0.1 - - [04/Dec/2023 10:52:54] "GET /aggiungiSensore HTTP/1.1" 200 -
127.0.0.1 - - [04/Dec/2023 10:52:54] "[36mGET /static/vendors/typicons.font/font/typicons.css HTTP/1.1[0m" 304 -
127.0.0.1 - - [04/Dec/2023 10:52:54] "[36mGET /static/vendors/css/vendor.bundle.base.css HTTP/1.1[0m" 304 -
127.0.0.1 - - [04/Dec/2023 10:52:54] "[36mGET /static/css/vertical-layout-light/style.css HTTP/1.1[0m" 304 -
127.0.0.1 - - [04/Dec/2023 10:52:54] "[36mGET /static/css/nuovo_sensore.css HTTP/1.1[0m" 304 -
127.0.0.1 - - [04/Dec/2023 10:52:54] "[36mGET /static/vendors/js/vendor.bundle.base.js HTTP/1.1[0m" 304 -
127.0.0.1 - - [04/Dec/2023 10:52:54] "[36mGET /static/images/enia.png HTTP/1.1[0m" 304 -
127.0.0.1 - - [04/Dec/2023 10:52:54] "[36mGET /static/vendors/typicons.font/font/typicons.woff HTTP/1.1[0m" 304 -
127.0.0.1 - - [04/Dec/2023 10:52:54] "[36mGET /static/js/hoverable-collapse.js HTTP/1.1[0m" 304 -
127.0.0.1 - - [04/Dec/2023 10:52:54] "[36mGET /static/js/off-canvas.js HTTP/1.1[0m" 304 -
127.0.0.1 - - [04/Dec/2023 10:52:54] "[33mGET /static/fonts/Roboto/Roboto-Regular.woff2 HTTP/1.1[0m" 404 -
127.0.0.1 - - [04/Dec/2023 10:52:54] "[33mGET /static/fonts/Roboto/Roboto-Bold.woff2 HTTP/1.1[0m" 404 -
127.0.0.1 - - [04/Dec/2023 10:52:54] "[33mGET /static/fonts/Roboto/Roboto-Light.woff2 HTTP/1.1[0m" 404 -
127.0.0.1 - - [04/Dec/2023 10:52:55] "[33mGET /static/fonts/Roboto/Roboto-Regular.woff HTTP/1.1[0m" 404 -
127.0.0.1 - - [04/Dec/2023 10:52:55] "[36mGET /static/js/template.js HTTP/1.1[0m" 304 -
127.0.0.1 - - [04/Dec/2023 10:52:55] "[33mGET /static/fonts/Roboto/Roboto-Bold.woff HTTP/1.1[0m" 404 -
127.0.0.1 - - [04/Dec/2023 10:52:55] "[33mGET /static/fonts/Roboto/Roboto-Light.woff HTTP/1.1[0m" 404 -
127.0.0.1 - - [04/Dec/2023 10:52:55] "[36mGET /static/js/settings.js HTTP/1.1[0m" 304 -
127.0.0.1 - - [04/Dec/2023 10:52:55] "[33mGET /static/fonts/Roboto/Roboto-Regular.ttf HTTP/1.1[0m" 404 -
127.0.0.1 - - [04/Dec/2023 10:52:55] "[33mGET /static/fonts/Roboto/Roboto-Bold.ttf HTTP/1.1[0m" 404 -
127.0.0.1 - - [04/Dec/2023 10:52:55] "[36mGET /static/js/todolist.js HTTP/1.1[0m" 304 -
127.0.0.1 - - [04/Dec/2023 10:52:55] "[36mGET /static/vendors/progressbar.js/progressbar.min.js HTTP/1.1[0m" 304 -
127.0.0.1 - - [04/Dec/2023 10:52:55] "[36mGET /static/vendors/chart.js/Chart.min.js HTTP/1.1[0m" 304 -
127.0.0.1 - - [04/Dec/2023 10:52:55] "[33mGET /static/fonts/Roboto/Roboto-Light.ttf HTTP/1.1[0m" 404 -
127.0.0.1 - - [04/Dec/2023 10:52:56] "[36mGET /static/images/enia.png HTTP/1.1[0m" 304 -
127.0.0.1 - - [04/Dec/2023 10:53:07] "GET /aggiungiSensore HTTP/1.1" 200 -
127.0.0.1 - - [04/Dec/2023 10:53:08] "[36mGET /static/vendors/typicons.font/font/typicons.css HTTP/1.1[0m" 304 -
127.0.0.1 - - [04/Dec/2023 10:53:08] "[36mGET /static/vendors/css/vendor.bundle.base.css HTTP/1.1[0m" 304 -
127.0.0.1 - - [04/Dec/2023 10:53:08] "[36mGET /static/css/vertical-layout-light/style.css HTTP/1.1[0m" 304 -
127.0.0.1 - - [04/Dec/2023 10:53:08] "[36mGET /static/css/nuovo_sensore.css HTTP/1.1[0m" 304 -
127.0.0.1 - - [04/Dec/2023 10:53:08] "[36mGET /static/images/enia.png HTTP/1.1[0m" 304 -
127.0.0.1 - - [04/Dec/2023 10:53:08] "[36mGET /static/vendors/js/vendor.bundle.base.js HTTP/1.1[0m" 304 -
127.0.0.1 - - [04/Dec/2023 10:53:08] "[36mGET /static/vendors/typicons.font/font/typicons.woff HTTP/1.1[0m" 304 -
127.0.0.1 - - [04/Dec/2023 10:53:08] "[36mGET /static/js/hoverable-collapse.js HTTP/1.1[0m" 304 -
127.0.0.1 - - [04/Dec/2023 10:53:08] "[36mGET /static/js/off-canvas.js HTTP/1.1[0m" 304 -
127.0.0.1 - - [04/Dec/2023 10:53:08] "[36mGET /static/js/template.js HTTP/1.1[0m" 304 -
127.0.0.1 - - [04/Dec/2023 10:53:08] "[36mGET /static/js/settings.js HTTP/1.1[0m" 304 -
127.0.0.1 - - [04/Dec/2023 10:53:08] "[36mGET /static/js/todolist.js HTTP/1.1[0m" 304 -
127.0.0.1 - - [04/Dec/2023 10:53:09] "[36mGET /static/vendors/progressbar.js/progressbar.min.js HTTP/1.1[0m" 304 -
127.0.0.1 - - [04/Dec/2023 10:53:09] "[33mGET /static/fonts/Roboto/Roboto-Regular.woff2 HTTP/1.1[0m" 404 -
127.0.0.1 - - [04/Dec/2023 10:53:09] "[33mGET /static/fonts/Roboto/Roboto-Light.woff2 HTTP/1.1[0m" 404 -
127.0.0.1 - - [04/Dec/2023 10:53:09] "[33mGET /static/fonts/Roboto/Roboto-Bold.woff2 HTTP/1.1[0m" 404 -
127.0.0.1 - - [04/Dec/2023 10:53:09] "[33mGET /static/fonts/Roboto/Roboto-Regular.woff HTTP/1.1[0m" 404 -
127.0.0.1 - - [04/Dec/2023 10:53:09] "[33mGET /static/fonts/Roboto/Roboto-Light.woff HTTP/1.1[0m" 404 -
127.0.0.1 - - [04/Dec/2023 10:53:09] "[33mGET /static/fonts/Roboto/Roboto-Bold.woff HTTP/1.1[0m" 404 -
127.0.0.1 - - [04/Dec/2023 10:53:09] "[33mGET /static/fonts/Roboto/Roboto-Regular.ttf HTTP/1.1[0m" 404 -
127.0.0.1 - - [04/Dec/2023 10:53:09] "[33mGET /static/fonts/Roboto/Roboto-Light.ttf HTTP/1.1[0m" 404 -
127.0.0.1 - - [04/Dec/2023 10:53:09] "[36mGET /static/vendors/chart.js/Chart.min.js HTTP/1.1[0m" 304 -
127.0.0.1 - - [04/Dec/2023 10:53:09] "[33mGET /static/fonts/Roboto/Roboto-Bold.ttf HTTP/1.1[0m" 404 -
127.0.0.1 - - [04/Dec/2023 10:53:10] "[36mGET /static/images/enia.png HTTP/1.1[0m" 304 -
127.0.0.1 - - [04/Dec/2023 10:53:13] "[36mGET /static/vendors/typicons.font/font/typicons.css HTTP/1.1[0m" 304 -
127.0.0.1 - - [04/Dec/2023 10:53:13] "[36mGET /static/vendors/css/vendor.bundle.base.css HTTP/1.1[0m" 304 -
127.0.0.1 - - [04/Dec/2023 10:53:13] "[36mGET /static/css/vertical-layout-light/style.css HTTP/1.1[0m" 304 -
127.0.0.1 - - [04/Dec/2023 10:53:13] "[36mGET /static/css/nuovo_sensore.css HTTP/1.1[0m" 304 -
127.0.0.1 - - [04/Dec/2023 10:53:14] "[36mGET /static/vendors/progressbar.js/progressbar.min.js.map HTTP/1.1[0m" 304 -
127.0.0.1 - - [04/Dec/2023 10:53:14] "[36mGET /static/vendors/js/bootstrap.min.js.map HTTP/1.1[0m" 304 -
127.0.0.1 - - [04/Dec/2023 10:53:14] "[36mGET /static/css/maps/vertical-layout-light/style.css.map HTTP/1.1[0m" 304 -
127.0.0.1 - - [04/Dec/2023 10:55:27] "GET /aggiungiSensore HTTP/1.1" 200 -
127.0.0.1 - - [04/Dec/2023 10:55:27] "[36mGET /static/vendors/typicons.font/font/typicons.css HTTP/1.1[0m" 304 -
127.0.0.1 - - [04/Dec/2023 10:55:27] "[36mGET /static/vendors/css/vendor.bundle.base.css HTTP/1.1[0m" 304 -
127.0.0.1 - - [04/Dec/2023 10:55:27] "[36mGET /static/css/vertical-layout-light/style.css HTTP/1.1[0m" 304 -
127.0.0.1 - - [04/Dec/2023 10:55:27] "[36mGET /static/css/nuovo_sensore.css HTTP/1.1[0m" 304 -
127.0.0.1 - - [04/Dec/2023 10:55:27] "[36mGET /static/images/enia.png HTTP/1.1[0m" 304 -
127.0.0.1 - - [04/Dec/2023 10:55:27] "[36mGET /static/vendors/js/vendor.bundle.base.js HTTP/1.1[0m" 304 -
127.0.0.1 - - [04/Dec/2023 10:55:27] "[36mGET /static/vendors/typicons.font/font/typicons.woff HTTP/1.1[0m" 304 -
127.0.0.1 - - [04/Dec/2023 10:55:28] "[33mGET /static/fonts/Roboto/Roboto-Bold.woff2 HTTP/1.1[0m" 404 -
127.0.0.1 - - [04/Dec/2023 10:55:28] "[36mGET /static/js/off-canvas.js HTTP/1.1[0m" 304 -
127.0.0.1 - - [04/Dec/2023 10:55:28] "[33mGET /static/fonts/Roboto/Roboto-Regular.woff2 HTTP/1.1[0m" 404 -
127.0.0.1 - - [04/Dec/2023 10:55:28] "[33mGET /static/fonts/Roboto/Roboto-Light.woff2 HTTP/1.1[0m" 404 -
127.0.0.1 - - [04/Dec/2023 10:55:28] "[33mGET /static/fonts/Roboto/Roboto-Bold.woff HTTP/1.1[0m" 404 -
127.0.0.1 - - [04/Dec/2023 10:55:28] "[33mGET /static/fonts/Roboto/Roboto-Regular.woff HTTP/1.1[0m" 404 -
127.0.0.1 - - [04/Dec/2023 10:55:28] "[33mGET /static/fonts/Roboto/Roboto-Light.woff HTTP/1.1[0m" 404 -
127.0.0.1 - - [04/Dec/2023 10:55:28] "[33mGET /static/fonts/Roboto/Roboto-Bold.ttf HTTP/1.1[0m" 404 -
127.0.0.1 - - [04/Dec/2023 10:55:28] "[36mGET /static/js/hoverable-collapse.js HTTP/1.1[0m" 304 -
127.0.0.1 - - [04/Dec/2023 10:55:28] "[33mGET /static/fonts/Roboto/Roboto-Light.ttf HTTP/1.1[0m" 404 -
127.0.0.1 - - [04/Dec/2023 10:55:28] "[33mGET /static/fonts/Roboto/Roboto-Regular.ttf HTTP/1.1[0m" 404 -
127.0.0.1 - - [04/Dec/2023 10:55:28] "[36mGET /static/js/template.js HTTP/1.1[0m" 304 -
127.0.0.1 - - [04/Dec/2023 10:55:28] "[36mGET /static/js/settings.js HTTP/1.1[0m" 304 -
127.0.0.1 - - [04/Dec/2023 10:55:28] "[36mGET /static/js/todolist.js HTTP/1.1[0m" 304 -
127.0.0.1 - - [04/Dec/2023 10:55:28] "[36mGET /static/vendors/progressbar.js/progressbar.min.js HTTP/1.1[0m" 304 -
127.0.0.1 - - [04/Dec/2023 10:55:28] "[36mGET /static/vendors/chart.js/Chart.min.js HTTP/1.1[0m" 304 -
127.0.0.1 - - [04/Dec/2023 10:55:29] "[36mGET /static/images/enia.png HTTP/1.1[0m" 304 -
 * Detected change in 'c:\\Users\\gerar\\Clone git\\Tirocinio\\Tirocinio\\src\\main_route.py', reloading
 * Restarting with stat
 * Debugger is active!
 * Debugger PIN: 523-329-823
 * Detected change in 'c:\\Users\\gerar\\Clone git\\Tirocinio\\Tirocinio\\src\\main_route.py', reloading
 * Restarting with stat
 * Debugger is active!
 * Debugger PIN: 523-329-823
127.0.0.1 - - [04/Dec/2023 11:00:27] "GET /aggiungiSensore HTTP/1.1" 200 -
127.0.0.1 - - [04/Dec/2023 11:00:27] "[36mGET /static/vendors/css/vendor.bundle.base.css HTTP/1.1[0m" 304 -
127.0.0.1 - - [04/Dec/2023 11:00:27] "[36mGET /static/vendors/typicons.font/font/typicons.css HTTP/1.1[0m" 304 -
127.0.0.1 - - [04/Dec/2023 11:00:27] "[36mGET /static/css/vertical-layout-light/style.css HTTP/1.1[0m" 304 -
127.0.0.1 - - [04/Dec/2023 11:00:27] "[36mGET /static/css/nuovo_sensore.css HTTP/1.1[0m" 304 -
127.0.0.1 - - [04/Dec/2023 11:00:27] "[36mGET /static/images/enia.png HTTP/1.1[0m" 304 -
127.0.0.1 - - [04/Dec/2023 11:00:27] "[36mGET /static/vendors/js/vendor.bundle.base.js HTTP/1.1[0m" 304 -
127.0.0.1 - - [04/Dec/2023 11:00:27] "[36mGET /static/vendors/typicons.font/font/typicons.woff HTTP/1.1[0m" 304 -
127.0.0.1 - - [04/Dec/2023 11:00:27] "[36mGET /static/js/off-canvas.js HTTP/1.1[0m" 304 -
127.0.0.1 - - [04/Dec/2023 11:00:27] "[36mGET /static/js/hoverable-collapse.js HTTP/1.1[0m" 304 -
127.0.0.1 - - [04/Dec/2023 11:00:27] "[33mGET /static/fonts/Roboto/Roboto-Bold.woff2 HTTP/1.1[0m" 404 -
127.0.0.1 - - [04/Dec/2023 11:00:28] "[36mGET /static/js/template.js HTTP/1.1[0m" 304 -
127.0.0.1 - - [04/Dec/2023 11:00:28] "[36mGET /static/js/settings.js HTTP/1.1[0m" 304 -
127.0.0.1 - - [04/Dec/2023 11:00:28] "[36mGET /static/js/todolist.js HTTP/1.1[0m" 304 -
127.0.0.1 - - [04/Dec/2023 11:00:28] "[33mGET /static/fonts/Roboto/Roboto-Bold.woff HTTP/1.1[0m" 404 -
127.0.0.1 - - [04/Dec/2023 11:00:28] "[36mGET /static/vendors/progressbar.js/progressbar.min.js HTTP/1.1[0m" 304 -
127.0.0.1 - - [04/Dec/2023 11:00:28] "[33mGET /static/fonts/Roboto/Roboto-Bold.ttf HTTP/1.1[0m" 404 -
127.0.0.1 - - [04/Dec/2023 11:00:28] "[36mGET /static/vendors/chart.js/Chart.min.js HTTP/1.1[0m" 304 -
127.0.0.1 - - [04/Dec/2023 11:00:28] "[33mGET /static/fonts/Roboto/Roboto-Regular.woff2 HTTP/1.1[0m" 404 -
127.0.0.1 - - [04/Dec/2023 11:00:28] "[33mGET /static/fonts/Roboto/Roboto-Light.woff2 HTTP/1.1[0m" 404 -
127.0.0.1 - - [04/Dec/2023 11:00:29] "[33mGET /static/fonts/Roboto/Roboto-Regular.woff HTTP/1.1[0m" 404 -
127.0.0.1 - - [04/Dec/2023 11:00:29] "[33mGET /static/fonts/Roboto/Roboto-Light.woff HTTP/1.1[0m" 404 -
127.0.0.1 - - [04/Dec/2023 11:00:29] "[33mGET /static/fonts/Roboto/Roboto-Regular.ttf HTTP/1.1[0m" 404 -
127.0.0.1 - - [04/Dec/2023 11:00:29] "[33mGET /static/fonts/Roboto/Roboto-Light.ttf HTTP/1.1[0m" 404 -
127.0.0.1 - - [04/Dec/2023 11:00:29] "[36mGET /static/images/enia.png HTTP/1.1[0m" 304 -
127.0.0.1 - - [04/Dec/2023 11:00:35] "[36mGET /static/images/sprinkler.png HTTP/1.1[0m" 304 -
127.0.0.1 - - [04/Dec/2023 11:00:36] "POST /aggiungiSensore HTTP/1.1" 200 -
 * Detected change in 'c:\\Users\\gerar\\Clone git\\Tirocinio\\Tirocinio\\src\\main_route.py', reloading
 * Restarting with stat
 * Debugger is active!
 * Debugger PIN: 523-329-823
 * Detected change in 'c:\\Users\\gerar\\Clone git\\Tirocinio\\Tirocinio\\src\\main_route.py', reloading
 * Restarting with stat
 * Debugger is active!
 * Debugger PIN: 523-329-823
 * Detected change in 'c:\\Users\\gerar\\Clone git\\Tirocinio\\Tirocinio\\src\\help_functions.py', reloading
 * Restarting with stat
 * Debugger is active!
 * Debugger PIN: 523-329-823
 * Detected change in 'c:\\Users\\gerar\\Clone git\\Tirocinio\\Tirocinio\\src\\help_functions.py', reloading
 * Restarting with stat
 * Debugger is active!
 * Debugger PIN: 523-329-823
 * Detected change in 'c:\\Users\\gerar\\Clone git\\Tirocinio\\Tirocinio\\src\\help_functions.py', reloading
 * Restarting with stat
 * Debugger is active!
 * Debugger PIN: 523-329-823
 * Detected change in 'c:\\Users\\gerar\\Clone git\\Tirocinio\\Tirocinio\\src\\help_functions.py', reloading
 * Restarting with stat
 * Debugger is active!
 * Debugger PIN: 523-329-823
 * Detected change in 'c:\\Users\\gerar\\Clone git\\Tirocinio\\Tirocinio\\src\\help_functions.py', reloading
 * Restarting with stat
 * Debugger is active!
 * Debugger PIN: 523-329-823
 * Detected change in 'c:\\Users\\gerar\\Clone git\\Tirocinio\\Tirocinio\\src\\main_route.py', reloading
 * Restarting with stat
 * Debugger is active!
 * Debugger PIN: 523-329-823
 * Detected change in 'c:\\Users\\gerar\\Clone git\\Tirocinio\\Tirocinio\\src\\main_route.py', reloading
 * Restarting with stat
 * Debugger is active!
 * Debugger PIN: 523-329-823
127.0.0.1 - - [04/Dec/2023 11:33:27] "GET /aggiungiSensore HTTP/1.1" 200 -
127.0.0.1 - - [04/Dec/2023 11:33:27] "[36mGET /static/vendors/css/vendor.bundle.base.css HTTP/1.1[0m" 304 -
127.0.0.1 - - [04/Dec/2023 11:33:27] "[36mGET /static/vendors/typicons.font/font/typicons.css HTTP/1.1[0m" 304 -
127.0.0.1 - - [04/Dec/2023 11:33:27] "[36mGET /static/css/nuovo_sensore.css HTTP/1.1[0m" 304 -
127.0.0.1 - - [04/Dec/2023 11:33:27] "[36mGET /static/css/vertical-layout-light/style.css HTTP/1.1[0m" 304 -
127.0.0.1 - - [04/Dec/2023 11:33:27] "[36mGET /static/images/enia.png HTTP/1.1[0m" 304 -
127.0.0.1 - - [04/Dec/2023 11:33:27] "[36mGET /static/vendors/js/vendor.bundle.base.js HTTP/1.1[0m" 304 -
127.0.0.1 - - [04/Dec/2023 11:33:27] "[36mGET /static/vendors/typicons.font/font/typicons.woff HTTP/1.1[0m" 304 -
127.0.0.1 - - [04/Dec/2023 11:33:27] "[33mGET /static/fonts/Roboto/Roboto-Bold.woff2 HTTP/1.1[0m" 404 -
127.0.0.1 - - [04/Dec/2023 11:33:28] "[36mGET /static/js/off-canvas.js HTTP/1.1[0m" 304 -
127.0.0.1 - - [04/Dec/2023 11:33:28] "[36mGET /static/js/hoverable-collapse.js HTTP/1.1[0m" 304 -
127.0.0.1 - - [04/Dec/2023 11:33:28] "[33mGET /static/fonts/Roboto/Roboto-Regular.woff2 HTTP/1.1[0m" 404 -
127.0.0.1 - - [04/Dec/2023 11:33:28] "[33mGET /static/fonts/Roboto/Roboto-Regular.woff HTTP/1.1[0m" 404 -
127.0.0.1 - - [04/Dec/2023 11:33:28] "[33mGET /static/fonts/Roboto/Roboto-Regular.ttf HTTP/1.1[0m" 404 -
127.0.0.1 - - [04/Dec/2023 11:33:28] "[33mGET /static/fonts/Roboto/Roboto-Light.woff2 HTTP/1.1[0m" 404 -
127.0.0.1 - - [04/Dec/2023 11:33:28] "[33mGET /static/fonts/Roboto/Roboto-Bold.woff HTTP/1.1[0m" 404 -
127.0.0.1 - - [04/Dec/2023 11:33:28] "[36mGET /static/js/template.js HTTP/1.1[0m" 304 -
127.0.0.1 - - [04/Dec/2023 11:33:28] "[33mGET /static/fonts/Roboto/Roboto-Light.woff HTTP/1.1[0m" 404 -
127.0.0.1 - - [04/Dec/2023 11:33:28] "[33mGET /static/fonts/Roboto/Roboto-Bold.ttf HTTP/1.1[0m" 404 -
127.0.0.1 - - [04/Dec/2023 11:33:28] "[36mGET /static/js/settings.js HTTP/1.1[0m" 304 -
127.0.0.1 - - [04/Dec/2023 11:33:28] "[36mGET /static/js/todolist.js HTTP/1.1[0m" 304 -
127.0.0.1 - - [04/Dec/2023 11:33:28] "[36mGET /static/vendors/progressbar.js/progressbar.min.js HTTP/1.1[0m" 304 -
127.0.0.1 - - [04/Dec/2023 11:33:28] "[33mGET /static/fonts/Roboto/Roboto-Light.ttf HTTP/1.1[0m" 404 -
127.0.0.1 - - [04/Dec/2023 11:33:29] "[36mGET /static/vendors/chart.js/Chart.min.js HTTP/1.1[0m" 304 -
127.0.0.1 - - [04/Dec/2023 11:33:29] "[36mGET /static/images/enia.png HTTP/1.1[0m" 304 -
127.0.0.1 - - [04/Dec/2023 11:33:36] "[36mGET /static/images/sprinkler.png HTTP/1.1[0m" 304 -
127.0.0.1 - - [04/Dec/2023 11:33:38] "POST /aggiungiSensore HTTP/1.1" 200 -
 * Detected change in 'c:\\Users\\gerar\\Clone git\\Tirocinio\\Tirocinio\\src\\help_functions.py', reloading
 * Restarting with stat
 * Debugger is active!
 * Debugger PIN: 523-329-823
 * Detected change in 'c:\\Users\\gerar\\Clone git\\Tirocinio\\Tirocinio\\src\\help_functions.py', reloading
 * Restarting with stat
 * Debugger is active!
 * Debugger PIN: 523-329-823
127.0.0.1 - - [04/Dec/2023 11:34:49] "GET /aggiungiSensore HTTP/1.1" 200 -
127.0.0.1 - - [04/Dec/2023 11:34:49] "[36mGET /static/vendors/typicons.font/font/typicons.css HTTP/1.1[0m" 304 -
127.0.0.1 - - [04/Dec/2023 11:34:49] "[36mGET /static/vendors/css/vendor.bundle.base.css HTTP/1.1[0m" 304 -
127.0.0.1 - - [04/Dec/2023 11:34:50] "[36mGET /static/css/vertical-layout-light/style.css HTTP/1.1[0m" 304 -
127.0.0.1 - - [04/Dec/2023 11:34:50] "[36mGET /static/vendors/js/vendor.bundle.base.js HTTP/1.1[0m" 304 -
127.0.0.1 - - [04/Dec/2023 11:34:50] "[36mGET /static/images/enia.png HTTP/1.1[0m" 304 -
127.0.0.1 - - [04/Dec/2023 11:34:50] "[36mGET /static/css/nuovo_sensore.css HTTP/1.1[0m" 304 -
127.0.0.1 - - [04/Dec/2023 11:34:50] "[36mGET /static/vendors/typicons.font/font/typicons.woff HTTP/1.1[0m" 304 -
127.0.0.1 - - [04/Dec/2023 11:34:50] "[33mGET /static/fonts/Roboto/Roboto-Bold.woff2 HTTP/1.1[0m" 404 -
127.0.0.1 - - [04/Dec/2023 11:34:50] "[36mGET /static/js/off-canvas.js HTTP/1.1[0m" 304 -
127.0.0.1 - - [04/Dec/2023 11:34:50] "[36mGET /static/js/hoverable-collapse.js HTTP/1.1[0m" 304 -
127.0.0.1 - - [04/Dec/2023 11:34:50] "[33mGET /static/fonts/Roboto/Roboto-Regular.woff2 HTTP/1.1[0m" 404 -
127.0.0.1 - - [04/Dec/2023 11:34:50] "[33mGET /static/fonts/Roboto/Roboto-Regular.woff HTTP/1.1[0m" 404 -
127.0.0.1 - - [04/Dec/2023 11:34:50] "[33mGET /static/fonts/Roboto/Roboto-Regular.ttf HTTP/1.1[0m" 404 -
127.0.0.1 - - [04/Dec/2023 11:34:50] "[36mGET /static/js/template.js HTTP/1.1[0m" 304 -
127.0.0.1 - - [04/Dec/2023 11:34:50] "[36mGET /static/js/settings.js HTTP/1.1[0m" 304 -
127.0.0.1 - - [04/Dec/2023 11:34:50] "[33mGET /static/fonts/Roboto/Roboto-Bold.woff HTTP/1.1[0m" 404 -
127.0.0.1 - - [04/Dec/2023 11:34:50] "[33mGET /static/fonts/Roboto/Roboto-Light.woff2 HTTP/1.1[0m" 404 -
127.0.0.1 - - [04/Dec/2023 11:34:50] "[33mGET /static/fonts/Roboto/Roboto-Bold.ttf HTTP/1.1[0m" 404 -
127.0.0.1 - - [04/Dec/2023 11:34:51] "[36mGET /static/js/todolist.js HTTP/1.1[0m" 304 -
127.0.0.1 - - [04/Dec/2023 11:34:51] "[33mGET /static/fonts/Roboto/Roboto-Light.woff HTTP/1.1[0m" 404 -
127.0.0.1 - - [04/Dec/2023 11:34:51] "[36mGET /static/vendors/progressbar.js/progressbar.min.js HTTP/1.1[0m" 304 -
127.0.0.1 - - [04/Dec/2023 11:34:51] "[33mGET /static/fonts/Roboto/Roboto-Light.ttf HTTP/1.1[0m" 404 -
127.0.0.1 - - [04/Dec/2023 11:34:51] "[36mGET /static/vendors/chart.js/Chart.min.js HTTP/1.1[0m" 304 -
127.0.0.1 - - [04/Dec/2023 11:34:51] "[36mGET /static/images/enia.png HTTP/1.1[0m" 304 -
127.0.0.1 - - [04/Dec/2023 11:34:58] "[36mGET /static/images/sprinkler.png HTTP/1.1[0m" 304 -
127.0.0.1 - - [04/Dec/2023 11:35:00] "POST /aggiungiSensore HTTP/1.1" 200 -
 * Detected change in 'c:\\Users\\gerar\\Clone git\\Tirocinio\\Tirocinio\\src\\main_route.py', reloading
 * Restarting with stat
 * Debugger is active!
 * Debugger PIN: 523-329-823
 * Detected change in 'c:\\Users\\gerar\\Clone git\\Tirocinio\\Tirocinio\\src\\help_functions.py', reloading
 * Restarting with stat
 * Debugger is active!
 * Debugger PIN: 523-329-823
 * Detected change in 'c:\\Users\\gerar\\Clone git\\Tirocinio\\Tirocinio\\src\\help_functions.py', reloading
 * Restarting with stat
 * Debugger is active!
 * Debugger PIN: 523-329-823
 * Detected change in 'c:\\Users\\gerar\\Clone git\\Tirocinio\\Tirocinio\\src\\help_functions.py', reloading
 * Restarting with stat
 * Debugger is active!
 * Debugger PIN: 523-329-823
127.0.0.1 - - [04/Dec/2023 11:37:42] "GET /aggiungiSensore HTTP/1.1" 200 -
127.0.0.1 - - [04/Dec/2023 11:37:42] "[36mGET /static/vendors/typicons.font/font/typicons.css HTTP/1.1[0m" 304 -
127.0.0.1 - - [04/Dec/2023 11:37:42] "[36mGET /static/vendors/css/vendor.bundle.base.css HTTP/1.1[0m" 304 -
127.0.0.1 - - [04/Dec/2023 11:37:42] "[36mGET /static/vendors/js/vendor.bundle.base.js HTTP/1.1[0m" 304 -
127.0.0.1 - - [04/Dec/2023 11:37:42] "[36mGET /static/css/vertical-layout-light/style.css HTTP/1.1[0m" 304 -
127.0.0.1 - - [04/Dec/2023 11:37:42] "[36mGET /static/css/nuovo_sensore.css HTTP/1.1[0m" 304 -
127.0.0.1 - - [04/Dec/2023 11:37:42] "[36mGET /static/images/enia.png HTTP/1.1[0m" 304 -
127.0.0.1 - - [04/Dec/2023 11:37:42] "[36mGET /static/vendors/typicons.font/font/typicons.woff HTTP/1.1[0m" 304 -
127.0.0.1 - - [04/Dec/2023 11:37:42] "[33mGET /static/fonts/Roboto/Roboto-Bold.woff2 HTTP/1.1[0m" 404 -
127.0.0.1 - - [04/Dec/2023 11:37:42] "[36mGET /static/js/off-canvas.js HTTP/1.1[0m" 304 -
127.0.0.1 - - [04/Dec/2023 11:37:42] "[36mGET /static/js/hoverable-collapse.js HTTP/1.1[0m" 304 -
127.0.0.1 - - [04/Dec/2023 11:37:43] "[36mGET /static/js/template.js HTTP/1.1[0m" 304 -
127.0.0.1 - - [04/Dec/2023 11:37:43] "[33mGET /static/fonts/Roboto/Roboto-Regular.woff2 HTTP/1.1[0m" 404 -
127.0.0.1 - - [04/Dec/2023 11:37:43] "[36mGET /static/js/settings.js HTTP/1.1[0m" 304 -
127.0.0.1 - - [04/Dec/2023 11:37:43] "[36mGET /static/js/todolist.js HTTP/1.1[0m" 304 -
127.0.0.1 - - [04/Dec/2023 11:37:43] "[36mGET /static/vendors/progressbar.js/progressbar.min.js HTTP/1.1[0m" 304 -
127.0.0.1 - - [04/Dec/2023 11:37:43] "[36mGET /static/vendors/chart.js/Chart.min.js HTTP/1.1[0m" 304 -
127.0.0.1 - - [04/Dec/2023 11:37:44] "[33mGET /static/fonts/Roboto/Roboto-Regular.woff HTTP/1.1[0m" 404 -
127.0.0.1 - - [04/Dec/2023 11:37:44] "[33mGET /static/fonts/Roboto/Roboto-Bold.woff HTTP/1.1[0m" 404 -
127.0.0.1 - - [04/Dec/2023 11:37:44] "[33mGET /static/fonts/Roboto/Roboto-Light.woff2 HTTP/1.1[0m" 404 -
127.0.0.1 - - [04/Dec/2023 11:37:44] "[33mGET /static/fonts/Roboto/Roboto-Regular.ttf HTTP/1.1[0m" 404 -
127.0.0.1 - - [04/Dec/2023 11:37:45] "[33mGET /static/fonts/Roboto/Roboto-Bold.ttf HTTP/1.1[0m" 404 -
127.0.0.1 - - [04/Dec/2023 11:37:45] "[33mGET /static/fonts/Roboto/Roboto-Light.woff HTTP/1.1[0m" 404 -
127.0.0.1 - - [04/Dec/2023 11:37:45] "[33mGET /static/fonts/Roboto/Roboto-Light.ttf HTTP/1.1[0m" 404 -
127.0.0.1 - - [04/Dec/2023 11:37:45] "[36mGET /static/images/enia.png HTTP/1.1[0m" 304 -
127.0.0.1 - - [04/Dec/2023 11:37:48] "[36mGET /static/images/sprinkler.png HTTP/1.1[0m" 304 -
127.0.0.1 - - [04/Dec/2023 11:37:49] "POST /aggiungiSensore HTTP/1.1" 200 -
127.0.0.1 - - [04/Dec/2023 11:37:54] "[36mGET /static/vendors/typicons.font/font/typicons.css HTTP/1.1[0m" 304 -
127.0.0.1 - - [04/Dec/2023 11:37:54] "[36mGET /static/css/vertical-layout-light/style.css HTTP/1.1[0m" 304 -
127.0.0.1 - - [04/Dec/2023 11:37:54] "[36mGET /static/css/nuovo_sensore.css HTTP/1.1[0m" 304 -
127.0.0.1 - - [04/Dec/2023 11:37:54] "[36mGET /static/vendors/css/vendor.bundle.base.css HTTP/1.1[0m" 304 -
127.0.0.1 - - [04/Dec/2023 11:37:54] "[36mGET /static/vendors/progressbar.js/progressbar.min.js.map HTTP/1.1[0m" 304 -
127.0.0.1 - - [04/Dec/2023 11:37:54] "[36mGET /static/vendors/js/bootstrap.min.js.map HTTP/1.1[0m" 304 -
127.0.0.1 - - [04/Dec/2023 11:37:54] "[36mGET /static/css/maps/vertical-layout-light/style.css.map HTTP/1.1[0m" 304 -
 * Detected change in 'c:\\Users\\gerar\\Clone git\\Tirocinio\\Tirocinio\\src\\main_route.py', reloading
 * Restarting with stat
 * Debugger is active!
 * Debugger PIN: 523-329-823
 * Detected change in 'c:\\Users\\gerar\\Clone git\\Tirocinio\\Tirocinio\\src\\main_route.py', reloading
 * Restarting with stat
 * Debugger is active!
 * Debugger PIN: 523-329-823
 * Detected change in 'c:\\Users\\gerar\\Clone git\\Tirocinio\\Tirocinio\\src\\main_route.py', reloading
 * Restarting with stat
 * Debugger is active!
 * Debugger PIN: 523-329-823
 * Detected change in 'c:\\Users\\gerar\\Clone git\\Tirocinio\\Tirocinio\\src\\help_functions.py', reloading
 * Restarting with stat
 * Debugger is active!
 * Debugger PIN: 523-329-823
 * Detected change in 'c:\\Users\\gerar\\Clone git\\Tirocinio\\Tirocinio\\src\\main_route.py', reloading
 * Restarting with stat
 * Debugger is active!
 * Debugger PIN: 523-329-823
 * Detected change in 'c:\\Users\\gerar\\Clone git\\Tirocinio\\Tirocinio\\src\\main_route.py', reloading
 * Restarting with stat
 * Debugger is active!
 * Debugger PIN: 523-329-823
127.0.0.1 - - [04/Dec/2023 11:43:11] "GET /aggiungiSensore HTTP/1.1" 200 -
127.0.0.1 - - [04/Dec/2023 11:43:11] "[36mGET /static/vendors/css/vendor.bundle.base.css HTTP/1.1[0m" 304 -
127.0.0.1 - - [04/Dec/2023 11:43:11] "[36mGET /static/vendors/typicons.font/font/typicons.css HTTP/1.1[0m" 304 -
127.0.0.1 - - [04/Dec/2023 11:43:11] "[36mGET /static/css/vertical-layout-light/style.css HTTP/1.1[0m" 304 -
127.0.0.1 - - [04/Dec/2023 11:43:11] "[36mGET /static/css/nuovo_sensore.css HTTP/1.1[0m" 304 -
127.0.0.1 - - [04/Dec/2023 11:43:11] "[36mGET /static/vendors/typicons.font/font/typicons.woff HTTP/1.1[0m" 304 -
127.0.0.1 - - [04/Dec/2023 11:43:11] "[36mGET /static/images/enia.png HTTP/1.1[0m" 304 -
127.0.0.1 - - [04/Dec/2023 11:43:11] "[33mGET /static/fonts/Roboto/Roboto-Regular.woff2 HTTP/1.1[0m" 404 -
127.0.0.1 - - [04/Dec/2023 11:43:11] "[36mGET /static/js/off-canvas.js HTTP/1.1[0m" 304 -
127.0.0.1 - - [04/Dec/2023 11:43:11] "[36mGET /static/vendors/js/vendor.bundle.base.js HTTP/1.1[0m" 304 -
127.0.0.1 - - [04/Dec/2023 11:43:11] "[33mGET /static/fonts/Roboto/Roboto-Light.woff2 HTTP/1.1[0m" 404 -
127.0.0.1 - - [04/Dec/2023 11:43:12] "[36mGET /static/js/template.js HTTP/1.1[0m" 304 -
127.0.0.1 - - [04/Dec/2023 11:43:12] "[36mGET /static/js/hoverable-collapse.js HTTP/1.1[0m" 304 -
127.0.0.1 - - [04/Dec/2023 11:43:12] "[33mGET /static/fonts/Roboto/Roboto-Light.woff HTTP/1.1[0m" 404 -
127.0.0.1 - - [04/Dec/2023 11:43:12] "[36mGET /static/js/settings.js HTTP/1.1[0m" 304 -
127.0.0.1 - - [04/Dec/2023 11:43:12] "[33mGET /static/fonts/Roboto/Roboto-Bold.woff2 HTTP/1.1[0m" 404 -
127.0.0.1 - - [04/Dec/2023 11:43:12] "[33mGET /static/fonts/Roboto/Roboto-Regular.woff HTTP/1.1[0m" 404 -
127.0.0.1 - - [04/Dec/2023 11:43:12] "[36mGET /static/js/todolist.js HTTP/1.1[0m" 304 -
127.0.0.1 - - [04/Dec/2023 11:43:12] "[36mGET /static/vendors/progressbar.js/progressbar.min.js HTTP/1.1[0m" 304 -
127.0.0.1 - - [04/Dec/2023 11:43:12] "[33mGET /static/fonts/Roboto/Roboto-Regular.ttf HTTP/1.1[0m" 404 -
127.0.0.1 - - [04/Dec/2023 11:43:12] "[33mGET /static/fonts/Roboto/Roboto-Bold.woff HTTP/1.1[0m" 404 -
127.0.0.1 - - [04/Dec/2023 11:43:12] "[33mGET /static/fonts/Roboto/Roboto-Light.ttf HTTP/1.1[0m" 404 -
127.0.0.1 - - [04/Dec/2023 11:43:12] "[33mGET /static/fonts/Roboto/Roboto-Bold.ttf HTTP/1.1[0m" 404 -
127.0.0.1 - - [04/Dec/2023 11:43:12] "[36mGET /static/vendors/chart.js/Chart.min.js HTTP/1.1[0m" 304 -
127.0.0.1 - - [04/Dec/2023 11:43:12] "[36mGET /static/css/maps/vertical-layout-light/style.css.map HTTP/1.1[0m" 304 -
127.0.0.1 - - [04/Dec/2023 11:43:12] "[36mGET /static/vendors/js/bootstrap.min.js.map HTTP/1.1[0m" 304 -
127.0.0.1 - - [04/Dec/2023 11:43:12] "[36mGET /static/vendors/progressbar.js/progressbar.min.js.map HTTP/1.1[0m" 304 -
127.0.0.1 - - [04/Dec/2023 11:43:13] "[36mGET /static/images/enia.png HTTP/1.1[0m" 304 -
127.0.0.1 - - [04/Dec/2023 11:43:17] "[36mGET /static/images/sprinkler.png HTTP/1.1[0m" 304 -
127.0.0.1 - - [04/Dec/2023 11:43:18] "POST /aggiungiSensore HTTP/1.1" 200 -
 * Detected change in 'c:\\Users\\gerar\\Clone git\\Tirocinio\\Tirocinio\\src\\main_route.py', reloading
 * Restarting with stat
 * Debugger is active!
 * Debugger PIN: 523-329-823
127.0.0.1 - - [04/Dec/2023 11:43:39] "GET /aggiungiSensore HTTP/1.1" 200 -
127.0.0.1 - - [04/Dec/2023 11:43:40] "[36mGET /static/vendors/typicons.font/font/typicons.css HTTP/1.1[0m" 304 -
127.0.0.1 - - [04/Dec/2023 11:43:40] "[36mGET /static/vendors/css/vendor.bundle.base.css HTTP/1.1[0m" 304 -
127.0.0.1 - - [04/Dec/2023 11:43:40] "[36mGET /static/css/vertical-layout-light/style.css HTTP/1.1[0m" 304 -
127.0.0.1 - - [04/Dec/2023 11:43:40] "[36mGET /static/css/nuovo_sensore.css HTTP/1.1[0m" 304 -
127.0.0.1 - - [04/Dec/2023 11:43:40] "[36mGET /static/images/enia.png HTTP/1.1[0m" 304 -
127.0.0.1 - - [04/Dec/2023 11:43:40] "[36mGET /static/vendors/typicons.font/font/typicons.woff HTTP/1.1[0m" 304 -
127.0.0.1 - - [04/Dec/2023 11:43:40] "[33mGET /static/fonts/Roboto/Roboto-Regular.woff2 HTTP/1.1[0m" 404 -
127.0.0.1 - - [04/Dec/2023 11:43:40] "[36mGET /static/vendors/js/vendor.bundle.base.js HTTP/1.1[0m" 304 -
127.0.0.1 - - [04/Dec/2023 11:43:40] "[36mGET /static/js/off-canvas.js HTTP/1.1[0m" 304 -
127.0.0.1 - - [04/Dec/2023 11:43:40] "[33mGET /static/fonts/Roboto/Roboto-Light.woff2 HTTP/1.1[0m" 404 -
127.0.0.1 - - [04/Dec/2023 11:43:40] "[33mGET /static/fonts/Roboto/Roboto-Light.woff HTTP/1.1[0m" 404 -
127.0.0.1 - - [04/Dec/2023 11:43:40] "[33mGET /static/fonts/Roboto/Roboto-Bold.woff2 HTTP/1.1[0m" 404 -
127.0.0.1 - - [04/Dec/2023 11:43:40] "[36mGET /static/js/hoverable-collapse.js HTTP/1.1[0m" 304 -
127.0.0.1 - - [04/Dec/2023 11:43:41] "[33mGET /static/fonts/Roboto/Roboto-Regular.woff HTTP/1.1[0m" 404 -
127.0.0.1 - - [04/Dec/2023 11:43:41] "[33mGET /static/fonts/Roboto/Roboto-Light.ttf HTTP/1.1[0m" 404 -
127.0.0.1 - - [04/Dec/2023 11:43:41] "[33mGET /static/fonts/Roboto/Roboto-Bold.woff HTTP/1.1[0m" 404 -
127.0.0.1 - - [04/Dec/2023 11:43:41] "[36mGET /static/js/template.js HTTP/1.1[0m" 304 -
127.0.0.1 - - [04/Dec/2023 11:43:41] "[33mGET /static/fonts/Roboto/Roboto-Regular.ttf HTTP/1.1[0m" 404 -
127.0.0.1 - - [04/Dec/2023 11:43:41] "[33mGET /static/fonts/Roboto/Roboto-Bold.ttf HTTP/1.1[0m" 404 -
127.0.0.1 - - [04/Dec/2023 11:43:41] "[36mGET /static/js/settings.js HTTP/1.1[0m" 304 -
127.0.0.1 - - [04/Dec/2023 11:43:41] "[36mGET /static/js/todolist.js HTTP/1.1[0m" 304 -
127.0.0.1 - - [04/Dec/2023 11:43:41] "[36mGET /static/vendors/progressbar.js/progressbar.min.js HTTP/1.1[0m" 304 -
127.0.0.1 - - [04/Dec/2023 11:43:41] "[36mGET /static/vendors/chart.js/Chart.min.js HTTP/1.1[0m" 304 -
127.0.0.1 - - [04/Dec/2023 11:43:41] "[36mGET /static/css/maps/vertical-layout-light/style.css.map HTTP/1.1[0m" 304 -
127.0.0.1 - - [04/Dec/2023 11:43:41] "[36mGET /static/vendors/js/bootstrap.min.js.map HTTP/1.1[0m" 304 -
127.0.0.1 - - [04/Dec/2023 11:43:41] "[36mGET /static/vendors/progressbar.js/progressbar.min.js.map HTTP/1.1[0m" 304 -
127.0.0.1 - - [04/Dec/2023 11:43:42] "[36mGET /static/images/enia.png HTTP/1.1[0m" 304 -
127.0.0.1 - - [04/Dec/2023 11:43:47] "[36mGET /static/images/sprinkler.png HTTP/1.1[0m" 304 -
127.0.0.1 - - [04/Dec/2023 11:43:48] "POST /aggiungiSensore HTTP/1.1" 200 -
 * Detected change in 'c:\\Users\\gerar\\Clone git\\Tirocinio\\Tirocinio\\src\\main_route.py', reloading
 * Restarting with stat
 * Debugger is active!
 * Debugger PIN: 523-329-823
127.0.0.1 - - [04/Dec/2023 11:44:29] "GET /aggiungiSensore HTTP/1.1" 200 -
127.0.0.1 - - [04/Dec/2023 11:44:30] "[36mGET /static/vendors/css/vendor.bundle.base.css HTTP/1.1[0m" 304 -
127.0.0.1 - - [04/Dec/2023 11:44:30] "[36mGET /static/vendors/typicons.font/font/typicons.css HTTP/1.1[0m" 304 -
127.0.0.1 - - [04/Dec/2023 11:44:30] "[36mGET /static/css/vertical-layout-light/style.css HTTP/1.1[0m" 304 -
127.0.0.1 - - [04/Dec/2023 11:44:30] "[36mGET /static/css/nuovo_sensore.css HTTP/1.1[0m" 304 -
127.0.0.1 - - [04/Dec/2023 11:44:30] "[36mGET /static/vendors/typicons.font/font/typicons.woff HTTP/1.1[0m" 304 -
127.0.0.1 - - [04/Dec/2023 11:44:30] "[36mGET /static/images/enia.png HTTP/1.1[0m" 304 -
127.0.0.1 - - [04/Dec/2023 11:44:30] "[33mGET /static/fonts/Roboto/Roboto-Regular.woff2 HTTP/1.1[0m" 404 -
127.0.0.1 - - [04/Dec/2023 11:44:30] "[36mGET /static/vendors/js/vendor.bundle.base.js HTTP/1.1[0m" 304 -
127.0.0.1 - - [04/Dec/2023 11:44:30] "[36mGET /static/js/off-canvas.js HTTP/1.1[0m" 304 -
127.0.0.1 - - [04/Dec/2023 11:44:30] "[36mGET /static/js/hoverable-collapse.js HTTP/1.1[0m" 304 -
127.0.0.1 - - [04/Dec/2023 11:44:30] "[36mGET /static/js/template.js HTTP/1.1[0m" 304 -
127.0.0.1 - - [04/Dec/2023 11:44:30] "[36mGET /static/js/settings.js HTTP/1.1[0m" 304 -
127.0.0.1 - - [04/Dec/2023 11:44:30] "[33mGET /static/fonts/Roboto/Roboto-Light.woff2 HTTP/1.1[0m" 404 -
127.0.0.1 - - [04/Dec/2023 11:44:31] "[36mGET /static/vendors/progressbar.js/progressbar.min.js HTTP/1.1[0m" 304 -
127.0.0.1 - - [04/Dec/2023 11:44:31] "[36mGET /static/js/todolist.js HTTP/1.1[0m" 304 -
127.0.0.1 - - [04/Dec/2023 11:44:31] "[36mGET /static/vendors/chart.js/Chart.min.js HTTP/1.1[0m" 304 -
127.0.0.1 - - [04/Dec/2023 11:44:31] "[36mGET /static/css/maps/vertical-layout-light/style.css.map HTTP/1.1[0m" 304 -
127.0.0.1 - - [04/Dec/2023 11:44:31] "[36mGET /static/vendors/js/bootstrap.min.js.map HTTP/1.1[0m" 304 -
127.0.0.1 - - [04/Dec/2023 11:44:31] "[36mGET /static/vendors/progressbar.js/progressbar.min.js.map HTTP/1.1[0m" 304 -
127.0.0.1 - - [04/Dec/2023 11:44:32] "[33mGET /static/fonts/Roboto/Roboto-Light.woff HTTP/1.1[0m" 404 -
127.0.0.1 - - [04/Dec/2023 11:44:32] "[33mGET /static/fonts/Roboto/Roboto-Bold.woff2 HTTP/1.1[0m" 404 -
127.0.0.1 - - [04/Dec/2023 11:44:32] "[33mGET /static/fonts/Roboto/Roboto-Regular.woff HTTP/1.1[0m" 404 -
127.0.0.1 - - [04/Dec/2023 11:44:32] "[33mGET /static/fonts/Roboto/Roboto-Light.ttf HTTP/1.1[0m" 404 -
127.0.0.1 - - [04/Dec/2023 11:44:32] "[33mGET /static/fonts/Roboto/Roboto-Bold.woff HTTP/1.1[0m" 404 -
127.0.0.1 - - [04/Dec/2023 11:44:32] "[33mGET /static/fonts/Roboto/Roboto-Regular.ttf HTTP/1.1[0m" 404 -
127.0.0.1 - - [04/Dec/2023 11:44:33] "[33mGET /static/fonts/Roboto/Roboto-Bold.ttf HTTP/1.1[0m" 404 -
127.0.0.1 - - [04/Dec/2023 11:44:33] "[36mGET /static/images/enia.png HTTP/1.1[0m" 304 -
127.0.0.1 - - [04/Dec/2023 11:44:39] "[36mGET /static/images/sprinkler.png HTTP/1.1[0m" 304 -
127.0.0.1 - - [04/Dec/2023 11:44:42] "POST /aggiungiSensore HTTP/1.1" 200 -
127.0.0.1 - - [04/Dec/2023 11:44:51] "[35m[1mGET /listaSensori HTTP/1.1[0m" 500 -
127.0.0.1 - - [04/Dec/2023 11:44:51] "[36mGET /listaSensori?__debugger__=yes&cmd=resource&f=style.css HTTP/1.1[0m" 304 -
127.0.0.1 - - [04/Dec/2023 11:44:51] "[36mGET /listaSensori?__debugger__=yes&cmd=resource&f=debugger.js HTTP/1.1[0m" 304 -
127.0.0.1 - - [04/Dec/2023 11:44:52] "[36mGET /listaSensori?__debugger__=yes&cmd=resource&f=console.png HTTP/1.1[0m" 304 -
127.0.0.1 - - [04/Dec/2023 11:44:52] "[36mGET /listaSensori?__debugger__=yes&cmd=resource&f=console.png HTTP/1.1[0m" 304 -
 * Detected change in 'c:\\Users\\gerar\\Clone git\\Tirocinio\\Tirocinio\\src\\help_functions.py', reloading
 * Restarting with stat
 * Debugger is active!
 * Debugger PIN: 523-329-823
127.0.0.1 - - [04/Dec/2023 11:50:21] "GET /listaSensori HTTP/1.1" 200 -
127.0.0.1 - - [04/Dec/2023 11:50:21] "[36mGET /static/vendors/css/vendor.bundle.base.css HTTP/1.1[0m" 304 -
127.0.0.1 - - [04/Dec/2023 11:50:21] "[36mGET /static/vendors/typicons.font/font/typicons.css HTTP/1.1[0m" 304 -
127.0.0.1 - - [04/Dec/2023 11:50:21] "[36mGET /static/css/vertical-layout-light/style.css HTTP/1.1[0m" 304 -
127.0.0.1 - - [04/Dec/2023 11:50:21] "[36mGET /static/images/enia.png HTTP/1.1[0m" 304 -
127.0.0.1 - - [04/Dec/2023 11:50:21] "[36mGET /static/vendors/js/vendor.bundle.base.js HTTP/1.1[0m" 304 -
127.0.0.1 - - [04/Dec/2023 11:50:21] "[36mGET /static/vendors/typicons.font/font/typicons.woff HTTP/1.1[0m" 304 -
127.0.0.1 - - [04/Dec/2023 11:50:21] "[33mGET /static/fonts/Roboto/Roboto-Bold.woff2 HTTP/1.1[0m" 404 -
127.0.0.1 - - [04/Dec/2023 11:50:22] "[36mGET /static/js/off-canvas.js HTTP/1.1[0m" 304 -
127.0.0.1 - - [04/Dec/2023 11:50:22] "[33mGET /static/fonts/Roboto/Roboto-Regular.woff2 HTTP/1.1[0m" 404 -
127.0.0.1 - - [04/Dec/2023 11:50:22] "[33mGET /static/fonts/Roboto/Roboto-Regular.woff HTTP/1.1[0m" 404 -
127.0.0.1 - - [04/Dec/2023 11:50:22] "[33mGET /static/fonts/Roboto/Roboto-Regular.ttf HTTP/1.1[0m" 404 -
127.0.0.1 - - [04/Dec/2023 11:50:22] "[36mGET /static/js/hoverable-collapse.js HTTP/1.1[0m" 304 -
127.0.0.1 - - [04/Dec/2023 11:50:22] "[33mGET /static/fonts/Roboto/Roboto-Light.woff2 HTTP/1.1[0m" 404 -
127.0.0.1 - - [04/Dec/2023 11:50:22] "[33mGET /static/fonts/Roboto/Roboto-Light.woff HTTP/1.1[0m" 404 -
127.0.0.1 - - [04/Dec/2023 11:50:22] "[33mGET /static/fonts/Roboto/Roboto-Bold.woff HTTP/1.1[0m" 404 -
127.0.0.1 - - [04/Dec/2023 11:50:22] "[33mGET /static/fonts/Roboto/Roboto-Light.ttf HTTP/1.1[0m" 404 -
127.0.0.1 - - [04/Dec/2023 11:50:22] "[36mGET /static/js/template.js HTTP/1.1[0m" 304 -
127.0.0.1 - - [04/Dec/2023 11:50:22] "[36mGET /static/js/settings.js HTTP/1.1[0m" 304 -
127.0.0.1 - - [04/Dec/2023 11:50:22] "[33mGET /static/fonts/Roboto/Roboto-Bold.ttf HTTP/1.1[0m" 404 -
127.0.0.1 - - [04/Dec/2023 11:50:22] "[36mGET /static/js/todolist.js HTTP/1.1[0m" 304 -
127.0.0.1 - - [04/Dec/2023 11:50:22] "[36mGET /static/vendors/progressbar.js/progressbar.min.js HTTP/1.1[0m" 304 -
127.0.0.1 - - [04/Dec/2023 11:50:22] "[36mGET /static/vendors/chart.js/Chart.min.js HTTP/1.1[0m" 304 -
127.0.0.1 - - [04/Dec/2023 11:50:23] "[36mGET /static/images/enia.png HTTP/1.1[0m" 304 -
127.0.0.1 - - [04/Dec/2023 11:50:27] "GET /aggiungiSensore HTTP/1.1" 200 -
127.0.0.1 - - [04/Dec/2023 11:50:27] "[36mGET /static/vendors/typicons.font/font/typicons.css HTTP/1.1[0m" 304 -
127.0.0.1 - - [04/Dec/2023 11:50:27] "[36mGET /static/css/vertical-layout-light/style.css HTTP/1.1[0m" 304 -
127.0.0.1 - - [04/Dec/2023 11:50:27] "[36mGET /static/vendors/css/vendor.bundle.base.css HTTP/1.1[0m" 304 -
127.0.0.1 - - [04/Dec/2023 11:50:27] "[36mGET /static/images/enia.png HTTP/1.1[0m" 304 -
127.0.0.1 - - [04/Dec/2023 11:50:27] "[36mGET /static/vendors/js/vendor.bundle.base.js HTTP/1.1[0m" 304 -
127.0.0.1 - - [04/Dec/2023 11:50:27] "[36mGET /static/css/nuovo_sensore.css HTTP/1.1[0m" 304 -
127.0.0.1 - - [04/Dec/2023 11:50:27] "[36mGET /static/vendors/typicons.font/font/typicons.woff HTTP/1.1[0m" 304 -
127.0.0.1 - - [04/Dec/2023 11:50:27] "[36mGET /static/js/hoverable-collapse.js HTTP/1.1[0m" 304 -
127.0.0.1 - - [04/Dec/2023 11:50:27] "[36mGET /static/js/off-canvas.js HTTP/1.1[0m" 304 -
127.0.0.1 - - [04/Dec/2023 11:50:27] "[33mGET /static/fonts/Roboto/Roboto-Bold.woff2 HTTP/1.1[0m" 404 -
127.0.0.1 - - [04/Dec/2023 11:50:27] "[33mGET /static/fonts/Roboto/Roboto-Light.woff2 HTTP/1.1[0m" 404 -
127.0.0.1 - - [04/Dec/2023 11:50:27] "[33mGET /static/fonts/Roboto/Roboto-Regular.woff2 HTTP/1.1[0m" 404 -
127.0.0.1 - - [04/Dec/2023 11:50:27] "[33mGET /static/fonts/Roboto/Roboto-Bold.woff HTTP/1.1[0m" 404 -
127.0.0.1 - - [04/Dec/2023 11:50:28] "[33mGET /static/fonts/Roboto/Roboto-Regular.woff HTTP/1.1[0m" 404 -
127.0.0.1 - - [04/Dec/2023 11:50:28] "[33mGET /static/fonts/Roboto/Roboto-Light.woff HTTP/1.1[0m" 404 -
127.0.0.1 - - [04/Dec/2023 11:50:28] "[33mGET /static/fonts/Roboto/Roboto-Bold.ttf HTTP/1.1[0m" 404 -
127.0.0.1 - - [04/Dec/2023 11:50:28] "[33mGET /static/fonts/Roboto/Roboto-Light.ttf HTTP/1.1[0m" 404 -
127.0.0.1 - - [04/Dec/2023 11:50:28] "[33mGET /static/fonts/Roboto/Roboto-Regular.ttf HTTP/1.1[0m" 404 -
127.0.0.1 - - [04/Dec/2023 11:50:28] "[36mGET /static/js/template.js HTTP/1.1[0m" 304 -
127.0.0.1 - - [04/Dec/2023 11:50:28] "[36mGET /static/js/settings.js HTTP/1.1[0m" 304 -
127.0.0.1 - - [04/Dec/2023 11:50:28] "[36mGET /static/js/todolist.js HTTP/1.1[0m" 304 -
127.0.0.1 - - [04/Dec/2023 11:50:28] "[36mGET /static/vendors/progressbar.js/progressbar.min.js HTTP/1.1[0m" 304 -
127.0.0.1 - - [04/Dec/2023 11:50:28] "[36mGET /static/vendors/chart.js/Chart.min.js HTTP/1.1[0m" 304 -
127.0.0.1 - - [04/Dec/2023 11:50:40] "[36mGET /static/images/sprinkler.png HTTP/1.1[0m" 304 -
127.0.0.1 - - [04/Dec/2023 11:50:44] "POST /aggiungiSensore HTTP/1.1" 200 -
127.0.0.1 - - [04/Dec/2023 11:51:10] "GET /listaSensori HTTP/1.1" 200 -
127.0.0.1 - - [04/Dec/2023 11:51:10] "[36mGET /static/vendors/typicons.font/font/typicons.css HTTP/1.1[0m" 304 -
127.0.0.1 - - [04/Dec/2023 11:51:10] "[36mGET /static/vendors/css/vendor.bundle.base.css HTTP/1.1[0m" 304 -
127.0.0.1 - - [04/Dec/2023 11:51:10] "[36mGET /static/vendors/js/vendor.bundle.base.js HTTP/1.1[0m" 304 -
127.0.0.1 - - [04/Dec/2023 11:51:10] "[36mGET /static/css/vertical-layout-light/style.css HTTP/1.1[0m" 304 -
127.0.0.1 - - [04/Dec/2023 11:51:10] "[36mGET /static/images/enia.png HTTP/1.1[0m" 304 -
127.0.0.1 - - [04/Dec/2023 11:51:10] "[36mGET /static/js/off-canvas.js HTTP/1.1[0m" 304 -
127.0.0.1 - - [04/Dec/2023 11:51:10] "[36mGET /static/js/hoverable-collapse.js HTTP/1.1[0m" 304 -
127.0.0.1 - - [04/Dec/2023 11:51:10] "[36mGET /static/js/template.js HTTP/1.1[0m" 304 -
127.0.0.1 - - [04/Dec/2023 11:51:11] "[36mGET /static/vendors/typicons.font/font/typicons.woff HTTP/1.1[0m" 304 -
127.0.0.1 - - [04/Dec/2023 11:51:11] "[36mGET /static/js/settings.js HTTP/1.1[0m" 304 -
127.0.0.1 - - [04/Dec/2023 11:51:11] "[36mGET /static/js/todolist.js HTTP/1.1[0m" 304 -
127.0.0.1 - - [04/Dec/2023 11:51:11] "[33mGET /static/fonts/Roboto/Roboto-Light.woff2 HTTP/1.1[0m" 404 -
127.0.0.1 - - [04/Dec/2023 11:51:11] "[33mGET /static/fonts/Roboto/Roboto-Bold.woff2 HTTP/1.1[0m" 404 -
127.0.0.1 - - [04/Dec/2023 11:51:11] "[33mGET /static/fonts/Roboto/Roboto-Regular.woff2 HTTP/1.1[0m" 404 -
127.0.0.1 - - [04/Dec/2023 11:51:11] "[36mGET /static/vendors/progressbar.js/progressbar.min.js HTTP/1.1[0m" 304 -
127.0.0.1 - - [04/Dec/2023 11:51:11] "[36mGET /static/vendors/chart.js/Chart.min.js HTTP/1.1[0m" 304 -
127.0.0.1 - - [04/Dec/2023 11:51:11] "[33mGET /static/fonts/Roboto/Roboto-Regular.woff HTTP/1.1[0m" 404 -
127.0.0.1 - - [04/Dec/2023 11:51:11] "[33mGET /static/fonts/Roboto/Roboto-Light.woff HTTP/1.1[0m" 404 -
127.0.0.1 - - [04/Dec/2023 11:51:11] "[33mGET /static/fonts/Roboto/Roboto-Bold.woff HTTP/1.1[0m" 404 -
127.0.0.1 - - [04/Dec/2023 11:51:12] "[33mGET /static/fonts/Roboto/Roboto-Regular.ttf HTTP/1.1[0m" 404 -
127.0.0.1 - - [04/Dec/2023 11:51:12] "[33mGET /static/fonts/Roboto/Roboto-Bold.ttf HTTP/1.1[0m" 404 -
127.0.0.1 - - [04/Dec/2023 11:51:12] "[33mGET /static/fonts/Roboto/Roboto-Light.ttf HTTP/1.1[0m" 404 -
127.0.0.1 - - [04/Dec/2023 11:51:20] "[35m[1mGET /dettagliSensore?idsensore=656daf04b343ef16ef5fc6fe HTTP/1.1[0m" 500 -
127.0.0.1 - - [04/Dec/2023 11:51:20] "GET /dettagliSensore?__debugger__=yes&cmd=resource&f=style.css HTTP/1.1" 200 -
127.0.0.1 - - [04/Dec/2023 11:51:20] "GET /dettagliSensore?__debugger__=yes&cmd=resource&f=debugger.js HTTP/1.1" 200 -
127.0.0.1 - - [04/Dec/2023 11:51:21] "GET /dettagliSensore?__debugger__=yes&cmd=resource&f=console.png HTTP/1.1" 200 -
127.0.0.1 - - [04/Dec/2023 11:51:21] "[36mGET /dettagliSensore?__debugger__=yes&cmd=resource&f=console.png HTTP/1.1[0m" 304 -
 * Detected change in 'c:\\Users\\gerar\\Clone git\\Tirocinio\\Tirocinio\\src\\main_route.py', reloading
 * Restarting with stat
 * Debugger is active!
 * Debugger PIN: 523-329-823
127.0.0.1 - - [04/Dec/2023 12:00:08] "GET /listaSensori HTTP/1.1" 200 -
127.0.0.1 - - [04/Dec/2023 12:00:08] "[36mGET /static/vendors/typicons.font/font/typicons.css HTTP/1.1[0m" 304 -
127.0.0.1 - - [04/Dec/2023 12:00:08] "[36mGET /static/vendors/css/vendor.bundle.base.css HTTP/1.1[0m" 304 -
127.0.0.1 - - [04/Dec/2023 12:00:08] "[36mGET /static/css/vertical-layout-light/style.css HTTP/1.1[0m" 304 -
127.0.0.1 - - [04/Dec/2023 12:00:08] "[36mGET /static/images/enia.png HTTP/1.1[0m" 304 -
127.0.0.1 - - [04/Dec/2023 12:00:08] "[36mGET /static/vendors/js/vendor.bundle.base.js HTTP/1.1[0m" 304 -
127.0.0.1 - - [04/Dec/2023 12:00:09] "[36mGET /static/vendors/typicons.font/font/typicons.woff HTTP/1.1[0m" 304 -
127.0.0.1 - - [04/Dec/2023 12:00:09] "[33mGET /static/fonts/Roboto/Roboto-Bold.woff2 HTTP/1.1[0m" 404 -
127.0.0.1 - - [04/Dec/2023 12:00:09] "[36mGET /static/js/off-canvas.js HTTP/1.1[0m" 304 -
127.0.0.1 - - [04/Dec/2023 12:00:09] "[36mGET /static/js/hoverable-collapse.js HTTP/1.1[0m" 304 -
127.0.0.1 - - [04/Dec/2023 12:00:09] "[33mGET /static/fonts/Roboto/Roboto-Regular.woff2 HTTP/1.1[0m" 404 -
127.0.0.1 - - [04/Dec/2023 12:00:09] "[36mGET /static/js/template.js HTTP/1.1[0m" 304 -
127.0.0.1 - - [04/Dec/2023 12:00:09] "[36mGET /static/js/settings.js HTTP/1.1[0m" 304 -
127.0.0.1 - - [04/Dec/2023 12:00:09] "[33mGET /static/fonts/Roboto/Roboto-Regular.woff HTTP/1.1[0m" 404 -
127.0.0.1 - - [04/Dec/2023 12:00:09] "[33mGET /static/fonts/Roboto/Roboto-Light.woff2 HTTP/1.1[0m" 404 -
127.0.0.1 - - [04/Dec/2023 12:00:09] "[33mGET /static/fonts/Roboto/Roboto-Regular.ttf HTTP/1.1[0m" 404 -
127.0.0.1 - - [04/Dec/2023 12:00:09] "[33mGET /static/fonts/Roboto/Roboto-Bold.woff HTTP/1.1[0m" 404 -
127.0.0.1 - - [04/Dec/2023 12:00:09] "[36mGET /static/js/todolist.js HTTP/1.1[0m" 304 -
127.0.0.1 - - [04/Dec/2023 12:00:10] "[36mGET /static/vendors/progressbar.js/progressbar.min.js HTTP/1.1[0m" 304 -
127.0.0.1 - - [04/Dec/2023 12:00:10] "[33mGET /static/fonts/Roboto/Roboto-Light.woff HTTP/1.1[0m" 404 -
127.0.0.1 - - [04/Dec/2023 12:00:10] "[33mGET /static/fonts/Roboto/Roboto-Bold.ttf HTTP/1.1[0m" 404 -
127.0.0.1 - - [04/Dec/2023 12:00:10] "[36mGET /static/vendors/chart.js/Chart.min.js HTTP/1.1[0m" 304 -
127.0.0.1 - - [04/Dec/2023 12:00:10] "[33mGET /static/fonts/Roboto/Roboto-Light.ttf HTTP/1.1[0m" 404 -
127.0.0.1 - - [04/Dec/2023 12:00:10] "[36mGET /static/images/enia.png HTTP/1.1[0m" 304 -
127.0.0.1 - - [04/Dec/2023 12:00:17] "GET /aggiungiSensore HTTP/1.1" 200 -
127.0.0.1 - - [04/Dec/2023 12:00:17] "[36mGET /static/vendors/css/vendor.bundle.base.css HTTP/1.1[0m" 304 -
127.0.0.1 - - [04/Dec/2023 12:00:17] "[36mGET /static/vendors/typicons.font/font/typicons.css HTTP/1.1[0m" 304 -
127.0.0.1 - - [04/Dec/2023 12:00:17] "[36mGET /static/css/vertical-layout-light/style.css HTTP/1.1[0m" 304 -
127.0.0.1 - - [04/Dec/2023 12:00:17] "[36mGET /static/css/nuovo_sensore.css HTTP/1.1[0m" 304 -
127.0.0.1 - - [04/Dec/2023 12:00:17] "[36mGET /static/vendors/js/vendor.bundle.base.js HTTP/1.1[0m" 304 -
127.0.0.1 - - [04/Dec/2023 12:00:17] "[36mGET /static/images/enia.png HTTP/1.1[0m" 304 -
127.0.0.1 - - [04/Dec/2023 12:00:17] "[36mGET /static/js/hoverable-collapse.js HTTP/1.1[0m" 304 -
127.0.0.1 - - [04/Dec/2023 12:00:17] "[36mGET /static/js/off-canvas.js HTTP/1.1[0m" 304 -
127.0.0.1 - - [04/Dec/2023 12:00:18] "[36mGET /static/js/todolist.js HTTP/1.1[0m" 304 -
127.0.0.1 - - [04/Dec/2023 12:00:18] "[36mGET /static/js/template.js HTTP/1.1[0m" 304 -
127.0.0.1 - - [04/Dec/2023 12:00:18] "[36mGET /static/js/settings.js HTTP/1.1[0m" 304 -
127.0.0.1 - - [04/Dec/2023 12:00:18] "[36mGET /static/vendors/progressbar.js/progressbar.min.js HTTP/1.1[0m" 304 -
127.0.0.1 - - [04/Dec/2023 12:00:18] "[36mGET /static/vendors/chart.js/Chart.min.js HTTP/1.1[0m" 304 -
127.0.0.1 - - [04/Dec/2023 12:00:18] "[36mGET /static/vendors/typicons.font/font/typicons.woff HTTP/1.1[0m" 304 -
127.0.0.1 - - [04/Dec/2023 12:00:18] "[33mGET /static/fonts/Roboto/Roboto-Bold.woff2 HTTP/1.1[0m" 404 -
127.0.0.1 - - [04/Dec/2023 12:00:18] "[33mGET /static/fonts/Roboto/Roboto-Regular.woff2 HTTP/1.1[0m" 404 -
127.0.0.1 - - [04/Dec/2023 12:00:18] "[33mGET /static/fonts/Roboto/Roboto-Light.woff2 HTTP/1.1[0m" 404 -
127.0.0.1 - - [04/Dec/2023 12:00:19] "[33mGET /static/fonts/Roboto/Roboto-Bold.woff HTTP/1.1[0m" 404 -
127.0.0.1 - - [04/Dec/2023 12:00:19] "[33mGET /static/fonts/Roboto/Roboto-Regular.woff HTTP/1.1[0m" 404 -
127.0.0.1 - - [04/Dec/2023 12:00:19] "[33mGET /static/fonts/Roboto/Roboto-Light.woff HTTP/1.1[0m" 404 -
127.0.0.1 - - [04/Dec/2023 12:00:19] "[33mGET /static/fonts/Roboto/Roboto-Bold.ttf HTTP/1.1[0m" 404 -
127.0.0.1 - - [04/Dec/2023 12:00:19] "[33mGET /static/fonts/Roboto/Roboto-Regular.ttf HTTP/1.1[0m" 404 -
127.0.0.1 - - [04/Dec/2023 12:00:19] "[33mGET /static/fonts/Roboto/Roboto-Light.ttf HTTP/1.1[0m" 404 -
127.0.0.1 - - [04/Dec/2023 12:00:27] "[36mGET /static/images/sprinkler.png HTTP/1.1[0m" 304 -
127.0.0.1 - - [04/Dec/2023 12:00:28] "POST /aggiungiSensore HTTP/1.1" 200 -
127.0.0.1 - - [04/Dec/2023 12:00:47] "GET /listaSensori HTTP/1.1" 200 -
127.0.0.1 - - [04/Dec/2023 12:00:47] "[36mGET /static/vendors/typicons.font/font/typicons.css HTTP/1.1[0m" 304 -
127.0.0.1 - - [04/Dec/2023 12:00:47] "[36mGET /static/vendors/css/vendor.bundle.base.css HTTP/1.1[0m" 304 -
127.0.0.1 - - [04/Dec/2023 12:00:48] "[36mGET /static/css/vertical-layout-light/style.css HTTP/1.1[0m" 304 -
127.0.0.1 - - [04/Dec/2023 12:00:48] "[36mGET /static/vendors/js/vendor.bundle.base.js HTTP/1.1[0m" 304 -
127.0.0.1 - - [04/Dec/2023 12:00:48] "[36mGET /static/images/enia.png HTTP/1.1[0m" 304 -
127.0.0.1 - - [04/Dec/2023 12:00:48] "[36mGET /static/js/off-canvas.js HTTP/1.1[0m" 304 -
127.0.0.1 - - [04/Dec/2023 12:00:48] "[36mGET /static/vendors/typicons.font/font/typicons.woff HTTP/1.1[0m" 304 -
127.0.0.1 - - [04/Dec/2023 12:00:48] "[36mGET /static/js/hoverable-collapse.js HTTP/1.1[0m" 304 -
127.0.0.1 - - [04/Dec/2023 12:00:48] "[36mGET /static/js/template.js HTTP/1.1[0m" 304 -
127.0.0.1 - - [04/Dec/2023 12:00:48] "[36mGET /static/js/todolist.js HTTP/1.1[0m" 304 -
127.0.0.1 - - [04/Dec/2023 12:00:48] "[36mGET /static/js/settings.js HTTP/1.1[0m" 304 -
127.0.0.1 - - [04/Dec/2023 12:00:48] "[33mGET /static/fonts/Roboto/Roboto-Light.woff2 HTTP/1.1[0m" 404 -
127.0.0.1 - - [04/Dec/2023 12:00:48] "[33mGET /static/fonts/Roboto/Roboto-Bold.woff2 HTTP/1.1[0m" 404 -
127.0.0.1 - - [04/Dec/2023 12:00:48] "[33mGET /static/fonts/Roboto/Roboto-Regular.woff2 HTTP/1.1[0m" 404 -
127.0.0.1 - - [04/Dec/2023 12:00:48] "[36mGET /static/vendors/progressbar.js/progressbar.min.js HTTP/1.1[0m" 304 -
127.0.0.1 - - [04/Dec/2023 12:00:48] "[36mGET /static/vendors/chart.js/Chart.min.js HTTP/1.1[0m" 304 -
127.0.0.1 - - [04/Dec/2023 12:00:48] "[33mGET /static/fonts/Roboto/Roboto-Bold.woff HTTP/1.1[0m" 404 -
127.0.0.1 - - [04/Dec/2023 12:00:48] "[33mGET /static/fonts/Roboto/Roboto-Light.woff HTTP/1.1[0m" 404 -
127.0.0.1 - - [04/Dec/2023 12:00:49] "[33mGET /static/fonts/Roboto/Roboto-Regular.woff HTTP/1.1[0m" 404 -
127.0.0.1 - - [04/Dec/2023 12:00:49] "[33mGET /static/fonts/Roboto/Roboto-Regular.ttf HTTP/1.1[0m" 404 -
127.0.0.1 - - [04/Dec/2023 12:00:49] "[33mGET /static/fonts/Roboto/Roboto-Bold.ttf HTTP/1.1[0m" 404 -
127.0.0.1 - - [04/Dec/2023 12:00:49] "[33mGET /static/fonts/Roboto/Roboto-Light.ttf HTTP/1.1[0m" 404 -
127.0.0.1 - - [04/Dec/2023 12:00:56] "GET /dettagliSensore?idsensore=656db14c0aaf1e4e5c611360 HTTP/1.1" 200 -
127.0.0.1 - - [04/Dec/2023 12:00:56] "[36mGET /static/vendors/typicons.font/font/typicons.css HTTP/1.1[0m" 304 -
127.0.0.1 - - [04/Dec/2023 12:00:56] "[36mGET /static/vendors/css/vendor.bundle.base.css HTTP/1.1[0m" 304 -
127.0.0.1 - - [04/Dec/2023 12:00:56] "[36mGET /static/css/vertical-layout-light/style.css HTTP/1.1[0m" 304 -
127.0.0.1 - - [04/Dec/2023 12:00:56] "[36mGET /static/images/enia.png HTTP/1.1[0m" 304 -
127.0.0.1 - - [04/Dec/2023 12:00:56] "[36mGET /static/vendors/js/vendor.bundle.base.js HTTP/1.1[0m" 304 -
127.0.0.1 - - [04/Dec/2023 12:00:56] "[36mGET /static/vendors/typicons.font/font/typicons.woff HTTP/1.1[0m" 304 -
127.0.0.1 - - [04/Dec/2023 12:00:56] "[36mGET /static/js/off-canvas.js HTTP/1.1[0m" 304 -
127.0.0.1 - - [04/Dec/2023 12:00:57] "[36mGET /static/js/hoverable-collapse.js HTTP/1.1[0m" 304 -
127.0.0.1 - - [04/Dec/2023 12:00:57] "[36mGET /static/js/template.js HTTP/1.1[0m" 304 -
127.0.0.1 - - [04/Dec/2023 12:00:57] "[36mGET /static/js/settings.js HTTP/1.1[0m" 304 -
127.0.0.1 - - [04/Dec/2023 12:00:57] "[33mGET /static/fonts/Roboto/Roboto-Light.woff2 HTTP/1.1[0m" 404 -
127.0.0.1 - - [04/Dec/2023 12:00:57] "[33mGET /static/fonts/Roboto/Roboto-Bold.woff2 HTTP/1.1[0m" 404 -
127.0.0.1 - - [04/Dec/2023 12:00:57] "[33mGET /static/fonts/Roboto/Roboto-Regular.woff2 HTTP/1.1[0m" 404 -
127.0.0.1 - - [04/Dec/2023 12:00:57] "[33mGET /static/fonts/Roboto/Roboto-Light.woff HTTP/1.1[0m" 404 -
127.0.0.1 - - [04/Dec/2023 12:00:57] "[36mGET /static/js/todolist.js HTTP/1.1[0m" 304 -
127.0.0.1 - - [04/Dec/2023 12:00:57] "[33mGET /static/fonts/Roboto/Roboto-Regular.woff HTTP/1.1[0m" 404 -
127.0.0.1 - - [04/Dec/2023 12:00:57] "[33mGET /static/fonts/Roboto/Roboto-Bold.woff HTTP/1.1[0m" 404 -
127.0.0.1 - - [04/Dec/2023 12:00:57] "[36mGET /static/vendors/progressbar.js/progressbar.min.js HTTP/1.1[0m" 304 -
127.0.0.1 - - [04/Dec/2023 12:00:57] "[33mGET /static/fonts/Roboto/Roboto-Light.ttf HTTP/1.1[0m" 404 -
127.0.0.1 - - [04/Dec/2023 12:00:57] "[33mGET /static/fonts/Roboto/Roboto-Regular.ttf HTTP/1.1[0m" 404 -
127.0.0.1 - - [04/Dec/2023 12:00:57] "[36mGET /static/vendors/chart.js/Chart.min.js HTTP/1.1[0m" 304 -
127.0.0.1 - - [04/Dec/2023 12:00:57] "[33mGET /static/fonts/Roboto/Roboto-Bold.ttf HTTP/1.1[0m" 404 -
127.0.0.1 - - [04/Dec/2023 12:02:36] "GET /aggiungiSensore HTTP/1.1" 200 -
127.0.0.1 - - [04/Dec/2023 12:02:36] "[36mGET /static/vendors/typicons.font/font/typicons.css HTTP/1.1[0m" 304 -
127.0.0.1 - - [04/Dec/2023 12:02:36] "[36mGET /static/css/vertical-layout-light/style.css HTTP/1.1[0m" 304 -
127.0.0.1 - - [04/Dec/2023 12:02:36] "[36mGET /static/css/nuovo_sensore.css HTTP/1.1[0m" 304 -
127.0.0.1 - - [04/Dec/2023 12:02:36] "[36mGET /static/vendors/css/vendor.bundle.base.css HTTP/1.1[0m" 304 -
127.0.0.1 - - [04/Dec/2023 12:02:36] "[36mGET /static/vendors/js/vendor.bundle.base.js HTTP/1.1[0m" 304 -
127.0.0.1 - - [04/Dec/2023 12:02:36] "[36mGET /static/images/enia.png HTTP/1.1[0m" 304 -
127.0.0.1 - - [04/Dec/2023 12:02:36] "[36mGET /static/js/hoverable-collapse.js HTTP/1.1[0m" 304 -
127.0.0.1 - - [04/Dec/2023 12:02:36] "[36mGET /static/js/off-canvas.js HTTP/1.1[0m" 304 -
127.0.0.1 - - [04/Dec/2023 12:02:36] "[36mGET /static/js/template.js HTTP/1.1[0m" 304 -
127.0.0.1 - - [04/Dec/2023 12:02:37] "[36mGET /static/js/settings.js HTTP/1.1[0m" 304 -
127.0.0.1 - - [04/Dec/2023 12:02:37] "[36mGET /static/js/todolist.js HTTP/1.1[0m" 304 -
127.0.0.1 - - [04/Dec/2023 12:02:37] "[36mGET /static/vendors/progressbar.js/progressbar.min.js HTTP/1.1[0m" 304 -
127.0.0.1 - - [04/Dec/2023 12:02:37] "[36mGET /static/vendors/chart.js/Chart.min.js HTTP/1.1[0m" 304 -
127.0.0.1 - - [04/Dec/2023 12:02:37] "[36mGET /static/vendors/typicons.font/font/typicons.woff HTTP/1.1[0m" 304 -
127.0.0.1 - - [04/Dec/2023 12:02:37] "[33mGET /static/fonts/Roboto/Roboto-Bold.woff2 HTTP/1.1[0m" 404 -
127.0.0.1 - - [04/Dec/2023 12:02:37] "[33mGET /static/fonts/Roboto/Roboto-Light.woff2 HTTP/1.1[0m" 404 -
127.0.0.1 - - [04/Dec/2023 12:02:37] "[33mGET /static/fonts/Roboto/Roboto-Regular.woff2 HTTP/1.1[0m" 404 -
127.0.0.1 - - [04/Dec/2023 12:02:38] "[33mGET /static/fonts/Roboto/Roboto-Light.woff HTTP/1.1[0m" 404 -
127.0.0.1 - - [04/Dec/2023 12:02:38] "[33mGET /static/fonts/Roboto/Roboto-Bold.woff HTTP/1.1[0m" 404 -
127.0.0.1 - - [04/Dec/2023 12:02:38] "[33mGET /static/fonts/Roboto/Roboto-Regular.woff HTTP/1.1[0m" 404 -
127.0.0.1 - - [04/Dec/2023 12:02:38] "[33mGET /static/fonts/Roboto/Roboto-Light.ttf HTTP/1.1[0m" 404 -
127.0.0.1 - - [04/Dec/2023 12:02:38] "[33mGET /static/fonts/Roboto/Roboto-Bold.ttf HTTP/1.1[0m" 404 -
127.0.0.1 - - [04/Dec/2023 12:02:38] "[33mGET /static/fonts/Roboto/Roboto-Regular.ttf HTTP/1.1[0m" 404 -
127.0.0.1 - - [04/Dec/2023 12:02:43] "[36mGET /static/images/sprinkler.png HTTP/1.1[0m" 304 -
127.0.0.1 - - [04/Dec/2023 12:02:46] "[36mGET /static/css/nuovo_sensore.css HTTP/1.1[0m" 304 -
127.0.0.1 - - [04/Dec/2023 12:02:46] "[36mGET /static/css/vertical-layout-light/style.css HTTP/1.1[0m" 304 -
127.0.0.1 - - [04/Dec/2023 12:02:46] "[36mGET /static/vendors/typicons.font/font/typicons.css HTTP/1.1[0m" 304 -
127.0.0.1 - - [04/Dec/2023 12:02:46] "[36mGET /static/vendors/css/vendor.bundle.base.css HTTP/1.1[0m" 304 -
127.0.0.1 - - [04/Dec/2023 12:02:46] "[36mGET /static/vendors/js/bootstrap.min.js.map HTTP/1.1[0m" 304 -
127.0.0.1 - - [04/Dec/2023 12:02:46] "[36mGET /static/vendors/progressbar.js/progressbar.min.js.map HTTP/1.1[0m" 304 -
127.0.0.1 - - [04/Dec/2023 12:02:46] "[36mGET /static/css/maps/vertical-layout-light/style.css.map HTTP/1.1[0m" 304 -
127.0.0.1 - - [04/Dec/2023 12:03:01] "POST /aggiungiSensore HTTP/1.1" 200 -
127.0.0.1 - - [04/Dec/2023 12:03:05] "GET /listaSensori HTTP/1.1" 200 -
127.0.0.1 - - [04/Dec/2023 12:03:05] "[36mGET /static/vendors/css/vendor.bundle.base.css HTTP/1.1[0m" 304 -
127.0.0.1 - - [04/Dec/2023 12:03:05] "[36mGET /static/vendors/typicons.font/font/typicons.css HTTP/1.1[0m" 304 -
127.0.0.1 - - [04/Dec/2023 12:03:05] "[36mGET /static/css/vertical-layout-light/style.css HTTP/1.1[0m" 304 -
127.0.0.1 - - [04/Dec/2023 12:03:05] "[36mGET /static/vendors/typicons.font/font/typicons.woff HTTP/1.1[0m" 304 -
127.0.0.1 - - [04/Dec/2023 12:03:05] "[36mGET /static/images/enia.png HTTP/1.1[0m" 304 -
127.0.0.1 - - [04/Dec/2023 12:03:06] "[33mGET /static/fonts/Roboto/Roboto-Bold.woff2 HTTP/1.1[0m" 404 -
127.0.0.1 - - [04/Dec/2023 12:03:06] "[33mGET /static/fonts/Roboto/Roboto-Light.woff2 HTTP/1.1[0m" 404 -
127.0.0.1 - - [04/Dec/2023 12:03:06] "[33mGET /static/fonts/Roboto/Roboto-Regular.woff2 HTTP/1.1[0m" 404 -
127.0.0.1 - - [04/Dec/2023 12:03:06] "[33mGET /static/fonts/Roboto/Roboto-Bold.woff HTTP/1.1[0m" 404 -
127.0.0.1 - - [04/Dec/2023 12:03:06] "[33mGET /static/fonts/Roboto/Roboto-Light.woff HTTP/1.1[0m" 404 -
127.0.0.1 - - [04/Dec/2023 12:03:06] "[33mGET /static/fonts/Roboto/Roboto-Regular.woff HTTP/1.1[0m" 404 -
127.0.0.1 - - [04/Dec/2023 12:03:06] "[33mGET /static/fonts/Roboto/Roboto-Light.ttf HTTP/1.1[0m" 404 -
127.0.0.1 - - [04/Dec/2023 12:03:06] "[33mGET /static/fonts/Roboto/Roboto-Regular.ttf HTTP/1.1[0m" 404 -
127.0.0.1 - - [04/Dec/2023 12:03:06] "[33mGET /static/fonts/Roboto/Roboto-Bold.ttf HTTP/1.1[0m" 404 -
127.0.0.1 - - [04/Dec/2023 12:03:06] "[36mGET /static/vendors/js/vendor.bundle.base.js HTTP/1.1[0m" 304 -
127.0.0.1 - - [04/Dec/2023 12:03:06] "[36mGET /static/js/off-canvas.js HTTP/1.1[0m" 304 -
127.0.0.1 - - [04/Dec/2023 12:03:06] "[36mGET /static/js/hoverable-collapse.js HTTP/1.1[0m" 304 -
127.0.0.1 - - [04/Dec/2023 12:03:06] "[36mGET /static/js/template.js HTTP/1.1[0m" 304 -
127.0.0.1 - - [04/Dec/2023 12:03:06] "[36mGET /static/js/settings.js HTTP/1.1[0m" 304 -
127.0.0.1 - - [04/Dec/2023 12:03:06] "[36mGET /static/js/todolist.js HTTP/1.1[0m" 304 -
127.0.0.1 - - [04/Dec/2023 12:03:06] "[36mGET /static/vendors/progressbar.js/progressbar.min.js HTTP/1.1[0m" 304 -
127.0.0.1 - - [04/Dec/2023 12:03:06] "[36mGET /static/vendors/chart.js/Chart.min.js HTTP/1.1[0m" 304 -
127.0.0.1 - - [04/Dec/2023 12:03:06] "[36mGET /static/css/maps/vertical-layout-light/style.css.map HTTP/1.1[0m" 304 -
127.0.0.1 - - [04/Dec/2023 12:03:07] "[36mGET /static/vendors/js/bootstrap.min.js.map HTTP/1.1[0m" 304 -
127.0.0.1 - - [04/Dec/2023 12:03:07] "[36mGET /static/vendors/progressbar.js/progressbar.min.js.map HTTP/1.1[0m" 304 -
 * Detected change in 'c:\\Users\\gerar\\Clone git\\Tirocinio\\Tirocinio\\src\\main_route.py', reloading
 * Restarting with stat
 * Debugger is active!
 * Debugger PIN: 523-329-823
127.0.0.1 - - [04/Dec/2023 13:01:33] "GET /listaSensori HTTP/1.1" 200 -
127.0.0.1 - - [04/Dec/2023 13:01:33] "[36mGET /static/vendors/css/vendor.bundle.base.css HTTP/1.1[0m" 304 -
127.0.0.1 - - [04/Dec/2023 13:01:33] "[36mGET /static/vendors/typicons.font/font/typicons.css HTTP/1.1[0m" 304 -
127.0.0.1 - - [04/Dec/2023 13:01:34] "[36mGET /static/images/enia.png HTTP/1.1[0m" 304 -
127.0.0.1 - - [04/Dec/2023 13:01:34] "[36mGET /static/css/vertical-layout-light/style.css HTTP/1.1[0m" 304 -
127.0.0.1 - - [04/Dec/2023 13:01:34] "[36mGET /static/vendors/js/vendor.bundle.base.js HTTP/1.1[0m" 304 -
127.0.0.1 - - [04/Dec/2023 13:01:34] "[36mGET /static/vendors/typicons.font/font/typicons.woff HTTP/1.1[0m" 304 -
127.0.0.1 - - [04/Dec/2023 13:01:34] "[36mGET /static/js/off-canvas.js HTTP/1.1[0m" 304 -
127.0.0.1 - - [04/Dec/2023 13:01:34] "[36mGET /static/js/hoverable-collapse.js HTTP/1.1[0m" 304 -
127.0.0.1 - - [04/Dec/2023 13:01:34] "[33mGET /static/fonts/Roboto/Roboto-Regular.woff2 HTTP/1.1[0m" 404 -
127.0.0.1 - - [04/Dec/2023 13:01:34] "[36mGET /static/js/template.js HTTP/1.1[0m" 304 -
127.0.0.1 - - [04/Dec/2023 13:01:34] "[36mGET /static/js/settings.js HTTP/1.1[0m" 304 -
127.0.0.1 - - [04/Dec/2023 13:01:34] "[36mGET /static/js/todolist.js HTTP/1.1[0m" 304 -
127.0.0.1 - - [04/Dec/2023 13:01:34] "[33mGET /static/fonts/Roboto/Roboto-Regular.woff HTTP/1.1[0m" 404 -
127.0.0.1 - - [04/Dec/2023 13:01:35] "[33mGET /static/fonts/Roboto/Roboto-Bold.woff2 HTTP/1.1[0m" 404 -
127.0.0.1 - - [04/Dec/2023 13:01:35] "[33mGET /static/fonts/Roboto/Roboto-Light.woff2 HTTP/1.1[0m" 404 -
127.0.0.1 - - [04/Dec/2023 13:01:35] "[33mGET /static/fonts/Roboto/Roboto-Bold.woff HTTP/1.1[0m" 404 -
127.0.0.1 - - [04/Dec/2023 13:01:35] "[33mGET /static/fonts/Roboto/Roboto-Regular.ttf HTTP/1.1[0m" 404 -
127.0.0.1 - - [04/Dec/2023 13:01:35] "[36mGET /static/vendors/progressbar.js/progressbar.min.js HTTP/1.1[0m" 304 -
127.0.0.1 - - [04/Dec/2023 13:01:35] "[33mGET /static/fonts/Roboto/Roboto-Light.woff HTTP/1.1[0m" 404 -
127.0.0.1 - - [04/Dec/2023 13:01:35] "[36mGET /static/vendors/chart.js/Chart.min.js HTTP/1.1[0m" 304 -
127.0.0.1 - - [04/Dec/2023 13:01:35] "[33mGET /static/fonts/Roboto/Roboto-Bold.ttf HTTP/1.1[0m" 404 -
127.0.0.1 - - [04/Dec/2023 13:01:35] "[36mGET /static/css/maps/vertical-layout-light/style.css.map HTTP/1.1[0m" 304 -
127.0.0.1 - - [04/Dec/2023 13:01:35] "[36mGET /static/vendors/js/bootstrap.min.js.map HTTP/1.1[0m" 304 -
127.0.0.1 - - [04/Dec/2023 13:01:35] "[33mGET /static/fonts/Roboto/Roboto-Light.ttf HTTP/1.1[0m" 404 -
127.0.0.1 - - [04/Dec/2023 13:01:35] "[36mGET /static/vendors/progressbar.js/progressbar.min.js.map HTTP/1.1[0m" 304 -
127.0.0.1 - - [04/Dec/2023 13:01:35] "[36mGET /static/images/enia.png HTTP/1.1[0m" 304 -
127.0.0.1 - - [04/Dec/2023 13:01:49] "GET /aggiungiSensore HTTP/1.1" 200 -
127.0.0.1 - - [04/Dec/2023 13:01:49] "[36mGET /static/vendors/typicons.font/font/typicons.css HTTP/1.1[0m" 304 -
127.0.0.1 - - [04/Dec/2023 13:01:49] "[36mGET /static/vendors/css/vendor.bundle.base.css HTTP/1.1[0m" 304 -
127.0.0.1 - - [04/Dec/2023 13:01:49] "[36mGET /static/css/nuovo_sensore.css HTTP/1.1[0m" 304 -
127.0.0.1 - - [04/Dec/2023 13:01:49] "[36mGET /static/css/vertical-layout-light/style.css HTTP/1.1[0m" 304 -
127.0.0.1 - - [04/Dec/2023 13:01:49] "[36mGET /static/vendors/typicons.font/font/typicons.woff HTTP/1.1[0m" 304 -
127.0.0.1 - - [04/Dec/2023 13:01:49] "[36mGET /static/images/enia.png HTTP/1.1[0m" 304 -
127.0.0.1 - - [04/Dec/2023 13:01:49] "[33mGET /static/fonts/Roboto/Roboto-Regular.woff2 HTTP/1.1[0m" 404 -
127.0.0.1 - - [04/Dec/2023 13:01:49] "[33mGET /static/fonts/Roboto/Roboto-Bold.woff2 HTTP/1.1[0m" 404 -
127.0.0.1 - - [04/Dec/2023 13:01:50] "[36mGET /static/vendors/js/vendor.bundle.base.js HTTP/1.1[0m" 304 -
127.0.0.1 - - [04/Dec/2023 13:01:50] "[33mGET /static/fonts/Roboto/Roboto-Light.woff2 HTTP/1.1[0m" 404 -
127.0.0.1 - - [04/Dec/2023 13:01:50] "[33mGET /static/fonts/Roboto/Roboto-Regular.woff HTTP/1.1[0m" 404 -
127.0.0.1 - - [04/Dec/2023 13:01:50] "[33mGET /static/fonts/Roboto/Roboto-Bold.woff HTTP/1.1[0m" 404 -
127.0.0.1 - - [04/Dec/2023 13:01:50] "[33mGET /static/fonts/Roboto/Roboto-Light.woff HTTP/1.1[0m" 404 -
127.0.0.1 - - [04/Dec/2023 13:01:50] "[33mGET /static/fonts/Roboto/Roboto-Regular.ttf HTTP/1.1[0m" 404 -
127.0.0.1 - - [04/Dec/2023 13:01:50] "[36mGET /static/js/off-canvas.js HTTP/1.1[0m" 304 -
127.0.0.1 - - [04/Dec/2023 13:01:50] "[33mGET /static/fonts/Roboto/Roboto-Bold.ttf HTTP/1.1[0m" 404 -
127.0.0.1 - - [04/Dec/2023 13:01:50] "[36mGET /static/js/hoverable-collapse.js HTTP/1.1[0m" 304 -
127.0.0.1 - - [04/Dec/2023 13:01:50] "[33mGET /static/fonts/Roboto/Roboto-Light.ttf HTTP/1.1[0m" 404 -
127.0.0.1 - - [04/Dec/2023 13:01:50] "[36mGET /static/js/template.js HTTP/1.1[0m" 304 -
127.0.0.1 - - [04/Dec/2023 13:01:50] "[36mGET /static/js/settings.js HTTP/1.1[0m" 304 -
127.0.0.1 - - [04/Dec/2023 13:01:50] "[36mGET /static/js/todolist.js HTTP/1.1[0m" 304 -
127.0.0.1 - - [04/Dec/2023 13:01:50] "[36mGET /static/vendors/progressbar.js/progressbar.min.js HTTP/1.1[0m" 304 -
127.0.0.1 - - [04/Dec/2023 13:01:50] "[36mGET /static/vendors/chart.js/Chart.min.js HTTP/1.1[0m" 304 -
127.0.0.1 - - [04/Dec/2023 13:01:50] "[36mGET /static/css/maps/vertical-layout-light/style.css.map HTTP/1.1[0m" 304 -
127.0.0.1 - - [04/Dec/2023 13:01:50] "[36mGET /static/vendors/js/bootstrap.min.js.map HTTP/1.1[0m" 304 -
127.0.0.1 - - [04/Dec/2023 13:01:51] "[36mGET /static/vendors/progressbar.js/progressbar.min.js.map HTTP/1.1[0m" 304 -
127.0.0.1 - - [04/Dec/2023 13:01:57] "[36mGET /static/images/sprinkler.png HTTP/1.1[0m" 304 -
127.0.0.1 - - [04/Dec/2023 13:02:01] "POST /aggiungiSensore HTTP/1.1" 200 -
 * Detected change in 'c:\\Users\\gerar\\Clone git\\Tirocinio\\Tirocinio\\src\\main_route.py', reloading
 * Restarting with stat
 * Debugger is active!
 * Debugger PIN: 523-329-823
127.0.0.1 - - [04/Dec/2023 13:02:37] "GET /aggiungiSensore HTTP/1.1" 200 -
127.0.0.1 - - [04/Dec/2023 13:02:37] "[36mGET /static/vendors/css/vendor.bundle.base.css HTTP/1.1[0m" 304 -
127.0.0.1 - - [04/Dec/2023 13:02:37] "[36mGET /static/vendors/typicons.font/font/typicons.css HTTP/1.1[0m" 304 -
127.0.0.1 - - [04/Dec/2023 13:02:37] "[36mGET /static/css/vertical-layout-light/style.css HTTP/1.1[0m" 304 -
127.0.0.1 - - [04/Dec/2023 13:02:37] "[36mGET /static/vendors/typicons.font/font/typicons.woff HTTP/1.1[0m" 304 -
127.0.0.1 - - [04/Dec/2023 13:02:37] "[36mGET /static/css/nuovo_sensore.css HTTP/1.1[0m" 304 -
127.0.0.1 - - [04/Dec/2023 13:02:37] "[36mGET /static/images/enia.png HTTP/1.1[0m" 304 -
127.0.0.1 - - [04/Dec/2023 13:02:37] "[33mGET /static/fonts/Roboto/Roboto-Regular.woff2 HTTP/1.1[0m" 404 -
127.0.0.1 - - [04/Dec/2023 13:02:37] "[36mGET /static/vendors/js/vendor.bundle.base.js HTTP/1.1[0m" 304 -
127.0.0.1 - - [04/Dec/2023 13:02:37] "[36mGET /static/js/off-canvas.js HTTP/1.1[0m" 304 -
127.0.0.1 - - [04/Dec/2023 13:02:37] "[33mGET /static/fonts/Roboto/Roboto-Light.woff2 HTTP/1.1[0m" 404 -
127.0.0.1 - - [04/Dec/2023 13:02:38] "[33mGET /static/fonts/Roboto/Roboto-Light.woff HTTP/1.1[0m" 404 -
127.0.0.1 - - [04/Dec/2023 13:02:38] "[33mGET /static/fonts/Roboto/Roboto-Bold.woff2 HTTP/1.1[0m" 404 -
127.0.0.1 - - [04/Dec/2023 13:02:38] "[36mGET /static/js/hoverable-collapse.js HTTP/1.1[0m" 304 -
127.0.0.1 - - [04/Dec/2023 13:02:38] "[33mGET /static/fonts/Roboto/Roboto-Light.ttf HTTP/1.1[0m" 404 -
127.0.0.1 - - [04/Dec/2023 13:02:38] "[33mGET /static/fonts/Roboto/Roboto-Bold.woff HTTP/1.1[0m" 404 -
127.0.0.1 - - [04/Dec/2023 13:02:38] "[33mGET /static/fonts/Roboto/Roboto-Regular.woff HTTP/1.1[0m" 404 -
127.0.0.1 - - [04/Dec/2023 13:02:38] "[36mGET /static/js/template.js HTTP/1.1[0m" 304 -
127.0.0.1 - - [04/Dec/2023 13:02:38] "[36mGET /static/js/settings.js HTTP/1.1[0m" 304 -
127.0.0.1 - - [04/Dec/2023 13:02:38] "[33mGET /static/fonts/Roboto/Roboto-Bold.ttf HTTP/1.1[0m" 404 -
127.0.0.1 - - [04/Dec/2023 13:02:38] "[36mGET /static/js/todolist.js HTTP/1.1[0m" 304 -
127.0.0.1 - - [04/Dec/2023 13:02:38] "[36mGET /static/vendors/progressbar.js/progressbar.min.js HTTP/1.1[0m" 304 -
127.0.0.1 - - [04/Dec/2023 13:02:38] "[33mGET /static/fonts/Roboto/Roboto-Regular.ttf HTTP/1.1[0m" 404 -
127.0.0.1 - - [04/Dec/2023 13:02:38] "[36mGET /static/vendors/chart.js/Chart.min.js HTTP/1.1[0m" 304 -
127.0.0.1 - - [04/Dec/2023 13:02:38] "[36mGET /static/css/maps/vertical-layout-light/style.css.map HTTP/1.1[0m" 304 -
127.0.0.1 - - [04/Dec/2023 13:02:38] "[36mGET /static/vendors/js/bootstrap.min.js.map HTTP/1.1[0m" 304 -
127.0.0.1 - - [04/Dec/2023 13:02:38] "[36mGET /static/vendors/progressbar.js/progressbar.min.js.map HTTP/1.1[0m" 304 -
127.0.0.1 - - [04/Dec/2023 13:02:39] "[36mGET /static/images/enia.png HTTP/1.1[0m" 304 -
127.0.0.1 - - [04/Dec/2023 13:02:44] "[36mGET /static/images/sprinkler.png HTTP/1.1[0m" 304 -
127.0.0.1 - - [04/Dec/2023 13:02:45] "POST /aggiungiSensore HTTP/1.1" 200 -
127.0.0.1 - - [04/Dec/2023 13:02:56] "GET /listaSensori HTTP/1.1" 200 -
127.0.0.1 - - [04/Dec/2023 13:02:57] "[36mGET /static/vendors/typicons.font/font/typicons.css HTTP/1.1[0m" 304 -
127.0.0.1 - - [04/Dec/2023 13:02:57] "[36mGET /static/vendors/css/vendor.bundle.base.css HTTP/1.1[0m" 304 -
127.0.0.1 - - [04/Dec/2023 13:02:57] "[36mGET /static/images/enia.png HTTP/1.1[0m" 304 -
127.0.0.1 - - [04/Dec/2023 13:02:57] "[36mGET /static/css/vertical-layout-light/style.css HTTP/1.1[0m" 304 -
127.0.0.1 - - [04/Dec/2023 13:02:57] "[36mGET /static/vendors/typicons.font/font/typicons.woff HTTP/1.1[0m" 304 -
127.0.0.1 - - [04/Dec/2023 13:02:57] "[33mGET /static/fonts/Roboto/Roboto-Bold.woff2 HTTP/1.1[0m" 404 -
127.0.0.1 - - [04/Dec/2023 13:02:57] "[33mGET /static/fonts/Roboto/Roboto-Regular.woff2 HTTP/1.1[0m" 404 -
127.0.0.1 - - [04/Dec/2023 13:02:57] "[36mGET /static/vendors/js/vendor.bundle.base.js HTTP/1.1[0m" 304 -
127.0.0.1 - - [04/Dec/2023 13:02:57] "[33mGET /static/fonts/Roboto/Roboto-Light.woff2 HTTP/1.1[0m" 404 -
127.0.0.1 - - [04/Dec/2023 13:02:57] "[33mGET /static/fonts/Roboto/Roboto-Regular.woff HTTP/1.1[0m" 404 -
127.0.0.1 - - [04/Dec/2023 13:02:57] "[33mGET /static/fonts/Roboto/Roboto-Bold.woff HTTP/1.1[0m" 404 -
127.0.0.1 - - [04/Dec/2023 13:02:57] "[33mGET /static/fonts/Roboto/Roboto-Light.woff HTTP/1.1[0m" 404 -
127.0.0.1 - - [04/Dec/2023 13:02:57] "[33mGET /static/fonts/Roboto/Roboto-Regular.ttf HTTP/1.1[0m" 404 -
127.0.0.1 - - [04/Dec/2023 13:02:57] "[36mGET /static/js/off-canvas.js HTTP/1.1[0m" 304 -
127.0.0.1 - - [04/Dec/2023 13:02:57] "[36mGET /static/js/hoverable-collapse.js HTTP/1.1[0m" 304 -
127.0.0.1 - - [04/Dec/2023 13:02:57] "[33mGET /static/fonts/Roboto/Roboto-Bold.ttf HTTP/1.1[0m" 404 -
127.0.0.1 - - [04/Dec/2023 13:02:58] "[33mGET /static/fonts/Roboto/Roboto-Light.ttf HTTP/1.1[0m" 404 -
127.0.0.1 - - [04/Dec/2023 13:02:58] "[36mGET /static/js/template.js HTTP/1.1[0m" 304 -
127.0.0.1 - - [04/Dec/2023 13:02:58] "[36mGET /static/js/settings.js HTTP/1.1[0m" 304 -
127.0.0.1 - - [04/Dec/2023 13:02:58] "[36mGET /static/js/todolist.js HTTP/1.1[0m" 304 -
127.0.0.1 - - [04/Dec/2023 13:02:58] "[36mGET /static/vendors/progressbar.js/progressbar.min.js HTTP/1.1[0m" 304 -
127.0.0.1 - - [04/Dec/2023 13:02:58] "[36mGET /static/vendors/chart.js/Chart.min.js HTTP/1.1[0m" 304 -
127.0.0.1 - - [04/Dec/2023 13:02:58] "[36mGET /static/css/maps/vertical-layout-light/style.css.map HTTP/1.1[0m" 304 -
127.0.0.1 - - [04/Dec/2023 13:02:58] "[36mGET /static/vendors/js/bootstrap.min.js.map HTTP/1.1[0m" 304 -
127.0.0.1 - - [04/Dec/2023 13:02:58] "[36mGET /static/vendors/progressbar.js/progressbar.min.js.map HTTP/1.1[0m" 304 -
127.0.0.1 - - [04/Dec/2023 16:59:33] "GET /aggiungiSensore HTTP/1.1" 200 -
127.0.0.1 - - [04/Dec/2023 16:59:33] "[36mGET /static/vendors/typicons.font/font/typicons.css HTTP/1.1[0m" 304 -
127.0.0.1 - - [04/Dec/2023 16:59:33] "[36mGET /static/css/vertical-layout-light/style.css HTTP/1.1[0m" 304 -
127.0.0.1 - - [04/Dec/2023 16:59:33] "[36mGET /static/vendors/css/vendor.bundle.base.css HTTP/1.1[0m" 304 -
127.0.0.1 - - [04/Dec/2023 16:59:33] "[36mGET /static/css/nuovo_sensore.css HTTP/1.1[0m" 304 -
127.0.0.1 - - [04/Dec/2023 16:59:33] "[36mGET /static/vendors/js/vendor.bundle.base.js HTTP/1.1[0m" 304 -
127.0.0.1 - - [04/Dec/2023 16:59:33] "[36mGET /static/images/enia.png HTTP/1.1[0m" 304 -
127.0.0.1 - - [04/Dec/2023 16:59:33] "[36mGET /static/js/off-canvas.js HTTP/1.1[0m" 304 -
127.0.0.1 - - [04/Dec/2023 16:59:34] "[36mGET /static/js/hoverable-collapse.js HTTP/1.1[0m" 304 -
127.0.0.1 - - [04/Dec/2023 16:59:34] "[36mGET /static/js/template.js HTTP/1.1[0m" 304 -
127.0.0.1 - - [04/Dec/2023 16:59:34] "[36mGET /static/js/settings.js HTTP/1.1[0m" 304 -
127.0.0.1 - - [04/Dec/2023 16:59:34] "[36mGET /static/js/todolist.js HTTP/1.1[0m" 304 -
127.0.0.1 - - [04/Dec/2023 16:59:34] "[36mGET /static/vendors/progressbar.js/progressbar.min.js HTTP/1.1[0m" 304 -
127.0.0.1 - - [04/Dec/2023 16:59:34] "[36mGET /static/vendors/chart.js/Chart.min.js HTTP/1.1[0m" 304 -
127.0.0.1 - - [04/Dec/2023 16:59:34] "[36mGET /static/vendors/typicons.font/font/typicons.woff HTTP/1.1[0m" 304 -
127.0.0.1 - - [04/Dec/2023 16:59:34] "[33mGET /static/fonts/Roboto/Roboto-Regular.woff2 HTTP/1.1[0m" 404 -
127.0.0.1 - - [04/Dec/2023 16:59:35] "[33mGET /static/fonts/Roboto/Roboto-Bold.woff2 HTTP/1.1[0m" 404 -
127.0.0.1 - - [04/Dec/2023 16:59:35] "[33mGET /static/fonts/Roboto/Roboto-Light.woff2 HTTP/1.1[0m" 404 -
127.0.0.1 - - [04/Dec/2023 16:59:35] "[33mGET /static/fonts/Roboto/Roboto-Regular.woff HTTP/1.1[0m" 404 -
127.0.0.1 - - [04/Dec/2023 16:59:35] "[33mGET /static/fonts/Roboto/Roboto-Bold.woff HTTP/1.1[0m" 404 -
127.0.0.1 - - [04/Dec/2023 16:59:35] "[33mGET /static/fonts/Roboto/Roboto-Light.woff HTTP/1.1[0m" 404 -
127.0.0.1 - - [04/Dec/2023 16:59:35] "[33mGET /static/fonts/Roboto/Roboto-Regular.ttf HTTP/1.1[0m" 404 -
127.0.0.1 - - [04/Dec/2023 16:59:35] "[33mGET /static/fonts/Roboto/Roboto-Bold.ttf HTTP/1.1[0m" 404 -
127.0.0.1 - - [04/Dec/2023 16:59:36] "[33mGET /static/fonts/Roboto/Roboto-Light.ttf HTTP/1.1[0m" 404 -
127.0.0.1 - - [04/Dec/2023 16:59:50] "GET /aggiungiSensore HTTP/1.1" 200 -
127.0.0.1 - - [04/Dec/2023 16:59:50] "[36mGET /static/vendors/typicons.font/font/typicons.css HTTP/1.1[0m" 304 -
127.0.0.1 - - [04/Dec/2023 16:59:50] "[36mGET /static/vendors/css/vendor.bundle.base.css HTTP/1.1[0m" 304 -
127.0.0.1 - - [04/Dec/2023 16:59:50] "[36mGET /static/css/nuovo_sensore.css HTTP/1.1[0m" 304 -
127.0.0.1 - - [04/Dec/2023 16:59:50] "[36mGET /static/css/vertical-layout-light/style.css HTTP/1.1[0m" 304 -
127.0.0.1 - - [04/Dec/2023 16:59:50] "[36mGET /static/images/enia.png HTTP/1.1[0m" 304 -
127.0.0.1 - - [04/Dec/2023 16:59:50] "[36mGET /static/vendors/js/vendor.bundle.base.js HTTP/1.1[0m" 304 -
127.0.0.1 - - [04/Dec/2023 16:59:50] "[36mGET /static/js/hoverable-collapse.js HTTP/1.1[0m" 304 -
127.0.0.1 - - [04/Dec/2023 16:59:50] "[36mGET /static/js/off-canvas.js HTTP/1.1[0m" 304 -
127.0.0.1 - - [04/Dec/2023 16:59:50] "[36mGET /static/vendors/typicons.font/font/typicons.woff HTTP/1.1[0m" 304 -
127.0.0.1 - - [04/Dec/2023 16:59:50] "[36mGET /static/js/template.js HTTP/1.1[0m" 304 -
127.0.0.1 - - [04/Dec/2023 16:59:50] "[36mGET /static/js/settings.js HTTP/1.1[0m" 304 -
127.0.0.1 - - [04/Dec/2023 16:59:51] "[33mGET /static/fonts/Roboto/Roboto-Bold.woff2 HTTP/1.1[0m" 404 -
127.0.0.1 - - [04/Dec/2023 16:59:51] "[33mGET /static/fonts/Roboto/Roboto-Regular.woff2 HTTP/1.1[0m" 404 -
127.0.0.1 - - [04/Dec/2023 16:59:51] "[33mGET /static/fonts/Roboto/Roboto-Light.woff2 HTTP/1.1[0m" 404 -
127.0.0.1 - - [04/Dec/2023 16:59:51] "[33mGET /static/fonts/Roboto/Roboto-Bold.woff HTTP/1.1[0m" 404 -
127.0.0.1 - - [04/Dec/2023 16:59:51] "[36mGET /static/vendors/progressbar.js/progressbar.min.js HTTP/1.1[0m" 304 -
127.0.0.1 - - [04/Dec/2023 16:59:51] "[36mGET /static/js/todolist.js HTTP/1.1[0m" 304 -
127.0.0.1 - - [04/Dec/2023 16:59:51] "[33mGET /static/fonts/Roboto/Roboto-Light.woff HTTP/1.1[0m" 404 -
127.0.0.1 - - [04/Dec/2023 16:59:51] "[33mGET /static/fonts/Roboto/Roboto-Regular.woff HTTP/1.1[0m" 404 -
127.0.0.1 - - [04/Dec/2023 16:59:51] "[33mGET /static/fonts/Roboto/Roboto-Bold.ttf HTTP/1.1[0m" 404 -
127.0.0.1 - - [04/Dec/2023 16:59:51] "[33mGET /static/fonts/Roboto/Roboto-Light.ttf HTTP/1.1[0m" 404 -
127.0.0.1 - - [04/Dec/2023 16:59:51] "[36mGET /static/vendors/chart.js/Chart.min.js HTTP/1.1[0m" 304 -
127.0.0.1 - - [04/Dec/2023 16:59:52] "[33mGET /static/fonts/Roboto/Roboto-Regular.ttf HTTP/1.1[0m" 404 -
127.0.0.1 - - [04/Dec/2023 16:59:52] "[36mGET /static/images/enia.png HTTP/1.1[0m" 304 -
127.0.0.1 - - [04/Dec/2023 17:00:03] "GET /aggiungiSensore HTTP/1.1" 200 -
127.0.0.1 - - [04/Dec/2023 17:00:04] "[36mGET /static/vendors/typicons.font/font/typicons.css HTTP/1.1[0m" 304 -
127.0.0.1 - - [04/Dec/2023 17:00:04] "[36mGET /static/vendors/css/vendor.bundle.base.css HTTP/1.1[0m" 304 -
127.0.0.1 - - [04/Dec/2023 17:00:04] "[36mGET /static/css/vertical-layout-light/style.css HTTP/1.1[0m" 304 -
127.0.0.1 - - [04/Dec/2023 17:00:04] "[36mGET /static/css/nuovo_sensore.css HTTP/1.1[0m" 304 -
127.0.0.1 - - [04/Dec/2023 17:00:04] "[36mGET /static/images/enia.png HTTP/1.1[0m" 304 -
127.0.0.1 - - [04/Dec/2023 17:00:04] "[36mGET /static/vendors/js/vendor.bundle.base.js HTTP/1.1[0m" 304 -
127.0.0.1 - - [04/Dec/2023 17:00:04] "[36mGET /static/vendors/typicons.font/font/typicons.woff HTTP/1.1[0m" 304 -
127.0.0.1 - - [04/Dec/2023 17:00:04] "[36mGET /static/js/hoverable-collapse.js HTTP/1.1[0m" 304 -
127.0.0.1 - - [04/Dec/2023 17:00:04] "[36mGET /static/js/off-canvas.js HTTP/1.1[0m" 304 -
127.0.0.1 - - [04/Dec/2023 17:00:04] "[36mGET /static/js/template.js HTTP/1.1[0m" 304 -
127.0.0.1 - - [04/Dec/2023 17:00:04] "[33mGET /static/fonts/Roboto/Roboto-Bold.woff2 HTTP/1.1[0m" 404 -
127.0.0.1 - - [04/Dec/2023 17:00:04] "[33mGET /static/fonts/Roboto/Roboto-Light.woff2 HTTP/1.1[0m" 404 -
127.0.0.1 - - [04/Dec/2023 17:00:04] "[33mGET /static/fonts/Roboto/Roboto-Regular.woff2 HTTP/1.1[0m" 404 -
127.0.0.1 - - [04/Dec/2023 17:00:05] "[33mGET /static/fonts/Roboto/Roboto-Bold.woff HTTP/1.1[0m" 404 -
127.0.0.1 - - [04/Dec/2023 17:00:05] "[33mGET /static/fonts/Roboto/Roboto-Light.woff HTTP/1.1[0m" 404 -
127.0.0.1 - - [04/Dec/2023 17:00:05] "[33mGET /static/fonts/Roboto/Roboto-Regular.woff HTTP/1.1[0m" 404 -
127.0.0.1 - - [04/Dec/2023 17:00:05] "[36mGET /static/js/settings.js HTTP/1.1[0m" 304 -
127.0.0.1 - - [04/Dec/2023 17:00:05] "[33mGET /static/fonts/Roboto/Roboto-Bold.ttf HTTP/1.1[0m" 404 -
127.0.0.1 - - [04/Dec/2023 17:00:05] "[33mGET /static/fonts/Roboto/Roboto-Light.ttf HTTP/1.1[0m" 404 -
127.0.0.1 - - [04/Dec/2023 17:00:05] "[36mGET /static/js/todolist.js HTTP/1.1[0m" 304 -
127.0.0.1 - - [04/Dec/2023 17:00:05] "[36mGET /static/vendors/progressbar.js/progressbar.min.js HTTP/1.1[0m" 304 -
127.0.0.1 - - [04/Dec/2023 17:00:05] "[36mGET /static/vendors/chart.js/Chart.min.js HTTP/1.1[0m" 304 -
127.0.0.1 - - [04/Dec/2023 17:00:05] "[33mGET /static/fonts/Roboto/Roboto-Regular.ttf HTTP/1.1[0m" 404 -
127.0.0.1 - - [04/Dec/2023 17:00:06] "[36mGET /static/images/enia.png HTTP/1.1[0m" 304 -
 * Detected change in 'c:\\Users\\gerar\\Clone git\\Tirocinio\\Tirocinio\\src\\main_route.py', reloading
 * Restarting with stat
 * Debugger is active!
 * Debugger PIN: 523-329-823
[31m[1mWARNING: This is a development server. Do not use it in a production deployment. Use a production WSGI server instead.[0m
 * Running on http://localhost:5000
[33mPress CTRL+C to quit[0m
 * Restarting with stat
 * Debugger is active!
 * Debugger PIN: 523-329-823
 * Detected change in 'c:\\Users\\gerar\\Clone git\\Tirocinio\\Tirocinio\\src\\main_route.py', reloading
 * Restarting with stat
 * Debugger is active!
 * Debugger PIN: 523-329-823
127.0.0.1 - - [04/Dec/2023 17:06:06] "GET /aggiungiSensore HTTP/1.1" 200 -
127.0.0.1 - - [04/Dec/2023 17:06:06] "[36mGET /static/vendors/css/vendor.bundle.base.css HTTP/1.1[0m" 304 -
127.0.0.1 - - [04/Dec/2023 17:06:06] "[36mGET /static/vendors/typicons.font/font/typicons.css HTTP/1.1[0m" 304 -
127.0.0.1 - - [04/Dec/2023 17:06:07] "[36mGET /static/css/vertical-layout-light/style.css HTTP/1.1[0m" 304 -
127.0.0.1 - - [04/Dec/2023 17:06:07] "[36mGET /static/css/nuovo_sensore.css HTTP/1.1[0m" 304 -
127.0.0.1 - - [04/Dec/2023 17:06:07] "[36mGET /static/images/enia.png HTTP/1.1[0m" 304 -
127.0.0.1 - - [04/Dec/2023 17:06:07] "[36mGET /static/vendors/js/vendor.bundle.base.js HTTP/1.1[0m" 304 -
127.0.0.1 - - [04/Dec/2023 17:06:07] "[36mGET /static/vendors/typicons.font/font/typicons.woff HTTP/1.1[0m" 304 -
127.0.0.1 - - [04/Dec/2023 17:06:07] "[36mGET /static/js/off-canvas.js HTTP/1.1[0m" 304 -
127.0.0.1 - - [04/Dec/2023 17:06:07] "[36mGET /static/js/hoverable-collapse.js HTTP/1.1[0m" 304 -
127.0.0.1 - - [04/Dec/2023 17:06:07] "[36mGET /static/js/template.js HTTP/1.1[0m" 304 -
127.0.0.1 - - [04/Dec/2023 17:06:07] "[36mGET /static/js/settings.js HTTP/1.1[0m" 304 -
127.0.0.1 - - [04/Dec/2023 17:06:07] "[36mGET /static/js/todolist.js HTTP/1.1[0m" 304 -
127.0.0.1 - - [04/Dec/2023 17:06:07] "[36mGET /static/vendors/progressbar.js/progressbar.min.js HTTP/1.1[0m" 304 -
127.0.0.1 - - [04/Dec/2023 17:06:08] "[36mGET /static/vendors/chart.js/Chart.min.js HTTP/1.1[0m" 304 -
127.0.0.1 - - [04/Dec/2023 17:06:08] "[33mGET /static/fonts/Roboto/Roboto-Bold.woff2 HTTP/1.1[0m" 404 -
127.0.0.1 - - [04/Dec/2023 17:06:08] "[33mGET /static/fonts/Roboto/Roboto-Light.woff2 HTTP/1.1[0m" 404 -
127.0.0.1 - - [04/Dec/2023 17:06:08] "[33mGET /static/fonts/Roboto/Roboto-Bold.woff HTTP/1.1[0m" 404 -
127.0.0.1 - - [04/Dec/2023 17:06:09] "[33mGET /static/fonts/Roboto/Roboto-Regular.woff2 HTTP/1.1[0m" 404 -
127.0.0.1 - - [04/Dec/2023 17:06:09] "[33mGET /static/fonts/Roboto/Roboto-Light.woff HTTP/1.1[0m" 404 -
127.0.0.1 - - [04/Dec/2023 17:06:09] "[33mGET /static/fonts/Roboto/Roboto-Bold.ttf HTTP/1.1[0m" 404 -
127.0.0.1 - - [04/Dec/2023 17:06:09] "[33mGET /static/fonts/Roboto/Roboto-Regular.woff HTTP/1.1[0m" 404 -
127.0.0.1 - - [04/Dec/2023 17:06:09] "[33mGET /static/fonts/Roboto/Roboto-Light.ttf HTTP/1.1[0m" 404 -
127.0.0.1 - - [04/Dec/2023 17:06:09] "[33mGET /static/fonts/Roboto/Roboto-Regular.ttf HTTP/1.1[0m" 404 -
127.0.0.1 - - [04/Dec/2023 17:06:09] "[36mGET /static/images/enia.png HTTP/1.1[0m" 304 -
127.0.0.1 - - [04/Dec/2023 17:06:17] "[36mGET /static/vendors/typicons.font/font/typicons.css HTTP/1.1[0m" 304 -
127.0.0.1 - - [04/Dec/2023 17:06:17] "[36mGET /static/css/vertical-layout-light/style.css HTTP/1.1[0m" 304 -
127.0.0.1 - - [04/Dec/2023 17:06:17] "[36mGET /static/vendors/css/vendor.bundle.base.css HTTP/1.1[0m" 304 -
127.0.0.1 - - [04/Dec/2023 17:06:17] "[36mGET /static/css/nuovo_sensore.css HTTP/1.1[0m" 304 -
127.0.0.1 - - [04/Dec/2023 17:06:17] "[36mGET /static/vendors/js/bootstrap.min.js.map HTTP/1.1[0m" 304 -
127.0.0.1 - - [04/Dec/2023 17:06:18] "[36mGET /static/vendors/progressbar.js/progressbar.min.js.map HTTP/1.1[0m" 304 -
127.0.0.1 - - [04/Dec/2023 17:06:18] "[36mGET /static/css/maps/vertical-layout-light/style.css.map HTTP/1.1[0m" 304 -
127.0.0.1 - - [04/Dec/2023 17:10:40] "GET /aggiungiSensore HTTP/1.1" 200 -
127.0.0.1 - - [04/Dec/2023 17:10:40] "[36mGET /static/vendors/typicons.font/font/typicons.css HTTP/1.1[0m" 304 -
127.0.0.1 - - [04/Dec/2023 17:10:40] "[36mGET /static/vendors/css/vendor.bundle.base.css HTTP/1.1[0m" 304 -
127.0.0.1 - - [04/Dec/2023 17:10:40] "[36mGET /static/css/nuovo_sensore.css HTTP/1.1[0m" 304 -
127.0.0.1 - - [04/Dec/2023 17:10:40] "[36mGET /static/vendors/js/vendor.bundle.base.js HTTP/1.1[0m" 304 -
127.0.0.1 - - [04/Dec/2023 17:10:40] "[36mGET /static/css/vertical-layout-light/style.css HTTP/1.1[0m" 304 -
127.0.0.1 - - [04/Dec/2023 17:10:40] "[36mGET /static/images/enia.png HTTP/1.1[0m" 304 -
127.0.0.1 - - [04/Dec/2023 17:10:41] "[36mGET /static/js/off-canvas.js HTTP/1.1[0m" 304 -
127.0.0.1 - - [04/Dec/2023 17:10:41] "[36mGET /static/js/hoverable-collapse.js HTTP/1.1[0m" 304 -
127.0.0.1 - - [04/Dec/2023 17:10:41] "[36mGET /static/vendors/typicons.font/font/typicons.woff HTTP/1.1[0m" 304 -
127.0.0.1 - - [04/Dec/2023 17:10:41] "[33mGET /static/fonts/Roboto/Roboto-Bold.woff2 HTTP/1.1[0m" 404 -
127.0.0.1 - - [04/Dec/2023 17:10:41] "[33mGET /static/fonts/Roboto/Roboto-Regular.woff2 HTTP/1.1[0m" 404 -
127.0.0.1 - - [04/Dec/2023 17:10:41] "[36mGET /static/js/template.js HTTP/1.1[0m" 304 -
127.0.0.1 - - [04/Dec/2023 17:10:41] "[33mGET /static/fonts/Roboto/Roboto-Light.woff2 HTTP/1.1[0m" 404 -
127.0.0.1 - - [04/Dec/2023 17:10:42] "[33mGET /static/fonts/Roboto/Roboto-Bold.woff HTTP/1.1[0m" 404 -
127.0.0.1 - - [04/Dec/2023 17:10:42] "[33mGET /static/fonts/Roboto/Roboto-Regular.woff HTTP/1.1[0m" 404 -
127.0.0.1 - - [04/Dec/2023 17:10:42] "[36mGET /static/js/settings.js HTTP/1.1[0m" 304 -
127.0.0.1 - - [04/Dec/2023 17:10:42] "[36mGET /static/js/todolist.js HTTP/1.1[0m" 304 -
127.0.0.1 - - [04/Dec/2023 17:10:42] "[33mGET /static/fonts/Roboto/Roboto-Bold.ttf HTTP/1.1[0m" 404 -
127.0.0.1 - - [04/Dec/2023 17:10:42] "[33mGET /static/fonts/Roboto/Roboto-Light.woff HTTP/1.1[0m" 404 -
127.0.0.1 - - [04/Dec/2023 17:10:42] "[33mGET /static/fonts/Roboto/Roboto-Regular.ttf HTTP/1.1[0m" 404 -
127.0.0.1 - - [04/Dec/2023 17:10:42] "[36mGET /static/vendors/progressbar.js/progressbar.min.js HTTP/1.1[0m" 304 -
127.0.0.1 - - [04/Dec/2023 17:10:42] "[36mGET /static/vendors/chart.js/Chart.min.js HTTP/1.1[0m" 304 -
127.0.0.1 - - [04/Dec/2023 17:10:42] "[36mGET /static/css/maps/vertical-layout-light/style.css.map HTTP/1.1[0m" 304 -
127.0.0.1 - - [04/Dec/2023 17:10:42] "[36mGET /static/vendors/js/bootstrap.min.js.map HTTP/1.1[0m" 304 -
127.0.0.1 - - [04/Dec/2023 17:10:42] "[33mGET /static/fonts/Roboto/Roboto-Light.ttf HTTP/1.1[0m" 404 -
127.0.0.1 - - [04/Dec/2023 17:10:42] "[36mGET /static/vendors/progressbar.js/progressbar.min.js.map HTTP/1.1[0m" 304 -
127.0.0.1 - - [04/Dec/2023 17:10:43] "[36mGET /static/images/enia.png HTTP/1.1[0m" 304 -
127.0.0.1 - - [04/Dec/2023 17:10:44] "[36mGET /static/images/sprinkler.png HTTP/1.1[0m" 304 -
127.0.0.1 - - [04/Dec/2023 17:10:50] "POST /aggiungiSensore HTTP/1.1" 200 -
127.0.0.1 - - [04/Dec/2023 17:10:57] "GET /listaSensori HTTP/1.1" 200 -
127.0.0.1 - - [04/Dec/2023 17:10:57] "[36mGET /static/vendors/css/vendor.bundle.base.css HTTP/1.1[0m" 304 -
127.0.0.1 - - [04/Dec/2023 17:10:57] "[36mGET /static/vendors/typicons.font/font/typicons.css HTTP/1.1[0m" 304 -
127.0.0.1 - - [04/Dec/2023 17:10:57] "[36mGET /static/css/vertical-layout-light/style.css HTTP/1.1[0m" 304 -
127.0.0.1 - - [04/Dec/2023 17:10:57] "[36mGET /static/images/enia.png HTTP/1.1[0m" 304 -
127.0.0.1 - - [04/Dec/2023 17:10:57] "[36mGET /static/vendors/js/vendor.bundle.base.js HTTP/1.1[0m" 304 -
127.0.0.1 - - [04/Dec/2023 17:10:58] "[36mGET /static/vendors/typicons.font/font/typicons.woff HTTP/1.1[0m" 304 -
127.0.0.1 - - [04/Dec/2023 17:10:58] "[33mGET /static/fonts/Roboto/Roboto-Bold.woff2 HTTP/1.1[0m" 404 -
127.0.0.1 - - [04/Dec/2023 17:10:58] "[33mGET /static/fonts/Roboto/Roboto-Regular.woff2 HTTP/1.1[0m" 404 -
127.0.0.1 - - [04/Dec/2023 17:10:58] "[36mGET /static/js/off-canvas.js HTTP/1.1[0m" 304 -
127.0.0.1 - - [04/Dec/2023 17:10:58] "[36mGET /static/js/hoverable-collapse.js HTTP/1.1[0m" 304 -
127.0.0.1 - - [04/Dec/2023 17:10:58] "[33mGET /static/fonts/Roboto/Roboto-Light.woff2 HTTP/1.1[0m" 404 -
127.0.0.1 - - [04/Dec/2023 17:10:58] "[33mGET /static/fonts/Roboto/Roboto-Bold.woff HTTP/1.1[0m" 404 -
127.0.0.1 - - [04/Dec/2023 17:10:58] "[36mGET /static/js/template.js HTTP/1.1[0m" 304 -
127.0.0.1 - - [04/Dec/2023 17:10:58] "[33mGET /static/fonts/Roboto/Roboto-Regular.woff HTTP/1.1[0m" 404 -
127.0.0.1 - - [04/Dec/2023 17:10:58] "[33mGET /static/fonts/Roboto/Roboto-Light.woff HTTP/1.1[0m" 404 -
127.0.0.1 - - [04/Dec/2023 17:10:58] "[36mGET /static/js/settings.js HTTP/1.1[0m" 304 -
127.0.0.1 - - [04/Dec/2023 17:10:58] "[33mGET /static/fonts/Roboto/Roboto-Bold.ttf HTTP/1.1[0m" 404 -
127.0.0.1 - - [04/Dec/2023 17:10:58] "[33mGET /static/fonts/Roboto/Roboto-Regular.ttf HTTP/1.1[0m" 404 -
127.0.0.1 - - [04/Dec/2023 17:10:58] "[36mGET /static/vendors/progressbar.js/progressbar.min.js HTTP/1.1[0m" 304 -
127.0.0.1 - - [04/Dec/2023 17:10:58] "[36mGET /static/js/todolist.js HTTP/1.1[0m" 304 -
127.0.0.1 - - [04/Dec/2023 17:10:58] "[36mGET /static/vendors/chart.js/Chart.min.js HTTP/1.1[0m" 304 -
127.0.0.1 - - [04/Dec/2023 17:10:58] "[33mGET /static/fonts/Roboto/Roboto-Light.ttf HTTP/1.1[0m" 404 -
127.0.0.1 - - [04/Dec/2023 17:10:58] "[36mGET /static/css/maps/vertical-layout-light/style.css.map HTTP/1.1[0m" 304 -
127.0.0.1 - - [04/Dec/2023 17:10:59] "[36mGET /static/vendors/js/bootstrap.min.js.map HTTP/1.1[0m" 304 -
127.0.0.1 - - [04/Dec/2023 17:10:59] "[36mGET /static/vendors/progressbar.js/progressbar.min.js.map HTTP/1.1[0m" 304 -
 * Detected change in 'c:\\Users\\gerar\\Clone git\\Tirocinio\\Tirocinio\\src\\main_route.py', reloading
 * Restarting with stat
 * Debugger is active!
 * Debugger PIN: 523-329-823
 * Detected change in 'c:\\Users\\gerar\\Clone git\\Tirocinio\\Tirocinio\\src\\main_route.py', reloading
 * Restarting with stat
 * Debugger is active!
 * Debugger PIN: 523-329-823
127.0.0.1 - - [04/Dec/2023 17:12:33] "GET /listaSensori HTTP/1.1" 200 -
127.0.0.1 - - [04/Dec/2023 17:12:33] "[36mGET /static/vendors/css/vendor.bundle.base.css HTTP/1.1[0m" 304 -
127.0.0.1 - - [04/Dec/2023 17:12:33] "[36mGET /static/vendors/typicons.font/font/typicons.css HTTP/1.1[0m" 304 -
127.0.0.1 - - [04/Dec/2023 17:12:33] "[36mGET /static/images/enia.png HTTP/1.1[0m" 304 -
127.0.0.1 - - [04/Dec/2023 17:12:33] "[36mGET /static/vendors/js/vendor.bundle.base.js HTTP/1.1[0m" 304 -
127.0.0.1 - - [04/Dec/2023 17:12:33] "[36mGET /static/css/vertical-layout-light/style.css HTTP/1.1[0m" 304 -
127.0.0.1 - - [04/Dec/2023 17:12:34] "[36mGET /static/js/off-canvas.js HTTP/1.1[0m" 304 -
127.0.0.1 - - [04/Dec/2023 17:12:34] "[36mGET /static/vendors/typicons.font/font/typicons.woff HTTP/1.1[0m" 304 -
127.0.0.1 - - [04/Dec/2023 17:12:34] "[36mGET /static/js/hoverable-collapse.js HTTP/1.1[0m" 304 -
127.0.0.1 - - [04/Dec/2023 17:12:34] "[36mGET /static/js/template.js HTTP/1.1[0m" 304 -
127.0.0.1 - - [04/Dec/2023 17:12:34] "[36mGET /static/js/settings.js HTTP/1.1[0m" 304 -
127.0.0.1 - - [04/Dec/2023 17:12:34] "[36mGET /static/js/todolist.js HTTP/1.1[0m" 304 -
127.0.0.1 - - [04/Dec/2023 17:12:34] "[36mGET /static/vendors/progressbar.js/progressbar.min.js HTTP/1.1[0m" 304 -
127.0.0.1 - - [04/Dec/2023 17:12:34] "[36mGET /static/vendors/chart.js/Chart.min.js HTTP/1.1[0m" 304 -
127.0.0.1 - - [04/Dec/2023 17:12:34] "[36mGET /static/css/maps/vertical-layout-light/style.css.map HTTP/1.1[0m" 304 -
127.0.0.1 - - [04/Dec/2023 17:12:34] "[33mGET /static/fonts/Roboto/Roboto-Regular.woff2 HTTP/1.1[0m" 404 -
127.0.0.1 - - [04/Dec/2023 17:12:34] "[36mGET /static/vendors/js/bootstrap.min.js.map HTTP/1.1[0m" 304 -
127.0.0.1 - - [04/Dec/2023 17:12:34] "[33mGET /static/fonts/Roboto/Roboto-Regular.woff HTTP/1.1[0m" 404 -
127.0.0.1 - - [04/Dec/2023 17:12:34] "[33mGET /static/fonts/Roboto/Roboto-Bold.woff2 HTTP/1.1[0m" 404 -
127.0.0.1 - - [04/Dec/2023 17:12:34] "[33mGET /static/fonts/Roboto/Roboto-Light.woff2 HTTP/1.1[0m" 404 -
127.0.0.1 - - [04/Dec/2023 17:12:34] "[36mGET /static/vendors/progressbar.js/progressbar.min.js.map HTTP/1.1[0m" 304 -
127.0.0.1 - - [04/Dec/2023 17:12:35] "[33mGET /static/fonts/Roboto/Roboto-Regular.ttf HTTP/1.1[0m" 404 -
127.0.0.1 - - [04/Dec/2023 17:12:35] "[33mGET /static/fonts/Roboto/Roboto-Bold.woff HTTP/1.1[0m" 404 -
127.0.0.1 - - [04/Dec/2023 17:12:35] "[33mGET /static/fonts/Roboto/Roboto-Light.woff HTTP/1.1[0m" 404 -
127.0.0.1 - - [04/Dec/2023 17:12:36] "[33mGET /static/fonts/Roboto/Roboto-Bold.ttf HTTP/1.1[0m" 404 -
127.0.0.1 - - [04/Dec/2023 17:12:36] "[33mGET /static/fonts/Roboto/Roboto-Light.ttf HTTP/1.1[0m" 404 -
127.0.0.1 - - [04/Dec/2023 17:12:36] "[36mGET /static/images/enia.png HTTP/1.1[0m" 304 -
127.0.0.1 - - [04/Dec/2023 17:12:48] "GET /aggiungiSensore HTTP/1.1" 200 -
127.0.0.1 - - [04/Dec/2023 17:12:48] "[36mGET /static/vendors/typicons.font/font/typicons.css HTTP/1.1[0m" 304 -
127.0.0.1 - - [04/Dec/2023 17:12:48] "[36mGET /static/vendors/css/vendor.bundle.base.css HTTP/1.1[0m" 304 -
127.0.0.1 - - [04/Dec/2023 17:12:49] "[36mGET /static/css/vertical-layout-light/style.css HTTP/1.1[0m" 304 -
127.0.0.1 - - [04/Dec/2023 17:12:49] "[36mGET /static/css/nuovo_sensore.css HTTP/1.1[0m" 304 -
127.0.0.1 - - [04/Dec/2023 17:12:49] "[36mGET /static/images/enia.png HTTP/1.1[0m" 304 -
127.0.0.1 - - [04/Dec/2023 17:12:49] "[36mGET /static/vendors/js/vendor.bundle.base.js HTTP/1.1[0m" 304 -
127.0.0.1 - - [04/Dec/2023 17:12:49] "[36mGET /static/vendors/typicons.font/font/typicons.woff HTTP/1.1[0m" 304 -
127.0.0.1 - - [04/Dec/2023 17:12:49] "[33mGET /static/fonts/Roboto/Roboto-Regular.woff2 HTTP/1.1[0m" 404 -
127.0.0.1 - - [04/Dec/2023 17:12:49] "[36mGET /static/js/hoverable-collapse.js HTTP/1.1[0m" 304 -
127.0.0.1 - - [04/Dec/2023 17:12:49] "[36mGET /static/js/off-canvas.js HTTP/1.1[0m" 304 -
127.0.0.1 - - [04/Dec/2023 17:12:49] "[33mGET /static/fonts/Roboto/Roboto-Light.woff2 HTTP/1.1[0m" 404 -
127.0.0.1 - - [04/Dec/2023 17:12:49] "[33mGET /static/fonts/Roboto/Roboto-Bold.woff2 HTTP/1.1[0m" 404 -
127.0.0.1 - - [04/Dec/2023 17:12:49] "[33mGET /static/fonts/Roboto/Roboto-Regular.woff HTTP/1.1[0m" 404 -
127.0.0.1 - - [04/Dec/2023 17:12:49] "[36mGET /static/js/template.js HTTP/1.1[0m" 304 -
127.0.0.1 - - [04/Dec/2023 17:12:49] "[33mGET /static/fonts/Roboto/Roboto-Bold.woff HTTP/1.1[0m" 404 -
127.0.0.1 - - [04/Dec/2023 17:12:49] "[33mGET /static/fonts/Roboto/Roboto-Light.woff HTTP/1.1[0m" 404 -
127.0.0.1 - - [04/Dec/2023 17:12:50] "[33mGET /static/fonts/Roboto/Roboto-Regular.ttf HTTP/1.1[0m" 404 -
127.0.0.1 - - [04/Dec/2023 17:12:50] "[33mGET /static/fonts/Roboto/Roboto-Bold.ttf HTTP/1.1[0m" 404 -
127.0.0.1 - - [04/Dec/2023 17:12:50] "[36mGET /static/js/settings.js HTTP/1.1[0m" 304 -
127.0.0.1 - - [04/Dec/2023 17:12:50] "[36mGET /static/js/todolist.js HTTP/1.1[0m" 304 -
127.0.0.1 - - [04/Dec/2023 17:12:50] "[36mGET /static/vendors/progressbar.js/progressbar.min.js HTTP/1.1[0m" 304 -
127.0.0.1 - - [04/Dec/2023 17:12:50] "[36mGET /static/vendors/chart.js/Chart.min.js HTTP/1.1[0m" 304 -
127.0.0.1 - - [04/Dec/2023 17:12:50] "[33mGET /static/fonts/Roboto/Roboto-Light.ttf HTTP/1.1[0m" 404 -
127.0.0.1 - - [04/Dec/2023 17:12:50] "[36mGET /static/css/maps/vertical-layout-light/style.css.map HTTP/1.1[0m" 304 -
127.0.0.1 - - [04/Dec/2023 17:12:50] "[36mGET /static/vendors/js/bootstrap.min.js.map HTTP/1.1[0m" 304 -
127.0.0.1 - - [04/Dec/2023 17:12:50] "[36mGET /static/vendors/progressbar.js/progressbar.min.js.map HTTP/1.1[0m" 304 -
127.0.0.1 - - [04/Dec/2023 17:12:58] "[36mGET /static/images/sprinkler.png HTTP/1.1[0m" 304 -
127.0.0.1 - - [04/Dec/2023 17:13:02] "POST /aggiungiSensore HTTP/1.1" 200 -
 * Detected change in 'c:\\Users\\gerar\\Clone git\\Tirocinio\\Tirocinio\\src\\main_route.py', reloading
 * Restarting with stat
 * Debugger is active!
 * Debugger PIN: 523-329-823
127.0.0.1 - - [04/Dec/2023 17:21:27] "GET /aggiungiSensore HTTP/1.1" 200 -
127.0.0.1 - - [04/Dec/2023 17:21:27] "[36mGET /static/vendors/css/vendor.bundle.base.css HTTP/1.1[0m" 304 -
127.0.0.1 - - [04/Dec/2023 17:21:27] "[36mGET /static/vendors/typicons.font/font/typicons.css HTTP/1.1[0m" 304 -
127.0.0.1 - - [04/Dec/2023 17:21:28] "[36mGET /static/css/vertical-layout-light/style.css HTTP/1.1[0m" 304 -
127.0.0.1 - - [04/Dec/2023 17:21:28] "[36mGET /static/css/nuovo_sensore.css HTTP/1.1[0m" 304 -
127.0.0.1 - - [04/Dec/2023 17:21:28] "[36mGET /static/images/enia.png HTTP/1.1[0m" 304 -
127.0.0.1 - - [04/Dec/2023 17:21:28] "[36mGET /static/vendors/typicons.font/font/typicons.woff HTTP/1.1[0m" 304 -
127.0.0.1 - - [04/Dec/2023 17:21:28] "[33mGET /static/fonts/Roboto/Roboto-Regular.woff2 HTTP/1.1[0m" 404 -
127.0.0.1 - - [04/Dec/2023 17:21:28] "[36mGET /static/vendors/js/vendor.bundle.base.js HTTP/1.1[0m" 304 -
127.0.0.1 - - [04/Dec/2023 17:21:28] "[36mGET /static/js/off-canvas.js HTTP/1.1[0m" 304 -
127.0.0.1 - - [04/Dec/2023 17:21:28] "[36mGET /static/js/hoverable-collapse.js HTTP/1.1[0m" 304 -
127.0.0.1 - - [04/Dec/2023 17:21:28] "[36mGET /static/js/template.js HTTP/1.1[0m" 304 -
127.0.0.1 - - [04/Dec/2023 17:21:28] "[36mGET /static/js/todolist.js HTTP/1.1[0m" 304 -
127.0.0.1 - - [04/Dec/2023 17:21:28] "[36mGET /static/js/settings.js HTTP/1.1[0m" 304 -
127.0.0.1 - - [04/Dec/2023 17:21:28] "[33mGET /static/fonts/Roboto/Roboto-Light.woff2 HTTP/1.1[0m" 404 -
127.0.0.1 - - [04/Dec/2023 17:21:28] "[33mGET /static/fonts/Roboto/Roboto-Regular.woff HTTP/1.1[0m" 404 -
127.0.0.1 - - [04/Dec/2023 17:21:28] "[33mGET /static/fonts/Roboto/Roboto-Bold.woff2 HTTP/1.1[0m" 404 -
127.0.0.1 - - [04/Dec/2023 17:21:29] "[36mGET /static/vendors/progressbar.js/progressbar.min.js HTTP/1.1[0m" 304 -
127.0.0.1 - - [04/Dec/2023 17:21:29] "[36mGET /static/vendors/chart.js/Chart.min.js HTTP/1.1[0m" 304 -
127.0.0.1 - - [04/Dec/2023 17:21:29] "[36mGET /static/css/maps/vertical-layout-light/style.css.map HTTP/1.1[0m" 304 -
127.0.0.1 - - [04/Dec/2023 17:21:29] "[36mGET /static/vendors/js/bootstrap.min.js.map HTTP/1.1[0m" 304 -
127.0.0.1 - - [04/Dec/2023 17:21:29] "[36mGET /static/vendors/progressbar.js/progressbar.min.js.map HTTP/1.1[0m" 304 -
127.0.0.1 - - [04/Dec/2023 17:21:29] "[33mGET /static/fonts/Roboto/Roboto-Regular.ttf HTTP/1.1[0m" 404 -
127.0.0.1 - - [04/Dec/2023 17:21:29] "[33mGET /static/fonts/Roboto/Roboto-Light.woff HTTP/1.1[0m" 404 -
127.0.0.1 - - [04/Dec/2023 17:21:29] "[33mGET /static/fonts/Roboto/Roboto-Bold.woff HTTP/1.1[0m" 404 -
127.0.0.1 - - [04/Dec/2023 17:21:29] "[33mGET /static/fonts/Roboto/Roboto-Light.ttf HTTP/1.1[0m" 404 -
127.0.0.1 - - [04/Dec/2023 17:21:29] "[33mGET /static/fonts/Roboto/Roboto-Bold.ttf HTTP/1.1[0m" 404 -
127.0.0.1 - - [04/Dec/2023 17:21:30] "[36mGET /static/images/enia.png HTTP/1.1[0m" 304 -
127.0.0.1 - - [04/Dec/2023 17:21:38] "[36mGET /static/vendors/typicons.font/font/typicons.css HTTP/1.1[0m" 304 -
127.0.0.1 - - [04/Dec/2023 17:21:38] "[36mGET /static/css/vertical-layout-light/style.css HTTP/1.1[0m" 304 -
127.0.0.1 - - [04/Dec/2023 17:21:38] "[36mGET /static/vendors/css/vendor.bundle.base.css HTTP/1.1[0m" 304 -
127.0.0.1 - - [04/Dec/2023 17:21:38] "[36mGET /static/css/nuovo_sensore.css HTTP/1.1[0m" 304 -
127.0.0.1 - - [04/Dec/2023 17:21:50] "GET /aggiungiSensore HTTP/1.1" 200 -
127.0.0.1 - - [04/Dec/2023 17:21:50] "[36mGET /static/vendors/typicons.font/font/typicons.css HTTP/1.1[0m" 304 -
127.0.0.1 - - [04/Dec/2023 17:21:50] "[36mGET /static/vendors/css/vendor.bundle.base.css HTTP/1.1[0m" 304 -
127.0.0.1 - - [04/Dec/2023 17:21:50] "[36mGET /static/css/nuovo_sensore.css HTTP/1.1[0m" 304 -
127.0.0.1 - - [04/Dec/2023 17:21:50] "[36mGET /static/vendors/typicons.font/font/typicons.woff HTTP/1.1[0m" 304 -
127.0.0.1 - - [04/Dec/2023 17:21:50] "[36mGET /static/css/vertical-layout-light/style.css HTTP/1.1[0m" 304 -
127.0.0.1 - - [04/Dec/2023 17:21:50] "[36mGET /static/images/enia.png HTTP/1.1[0m" 304 -
127.0.0.1 - - [04/Dec/2023 17:21:51] "[33mGET /static/fonts/Roboto/Roboto-Regular.woff2 HTTP/1.1[0m" 404 -
127.0.0.1 - - [04/Dec/2023 17:21:51] "[36mGET /static/js/off-canvas.js HTTP/1.1[0m" 304 -
127.0.0.1 - - [04/Dec/2023 17:21:51] "[36mGET /static/vendors/js/vendor.bundle.base.js HTTP/1.1[0m" 304 -
127.0.0.1 - - [04/Dec/2023 17:21:51] "[33mGET /static/fonts/Roboto/Roboto-Bold.woff2 HTTP/1.1[0m" 404 -
127.0.0.1 - - [04/Dec/2023 17:21:51] "[33mGET /static/fonts/Roboto/Roboto-Light.woff2 HTTP/1.1[0m" 404 -
127.0.0.1 - - [04/Dec/2023 17:21:51] "[33mGET /static/fonts/Roboto/Roboto-Regular.woff HTTP/1.1[0m" 404 -
127.0.0.1 - - [04/Dec/2023 17:21:51] "[33mGET /static/fonts/Roboto/Roboto-Bold.woff HTTP/1.1[0m" 404 -
127.0.0.1 - - [04/Dec/2023 17:21:51] "[36mGET /static/js/hoverable-collapse.js HTTP/1.1[0m" 304 -
127.0.0.1 - - [04/Dec/2023 17:21:51] "[36mGET /static/js/template.js HTTP/1.1[0m" 304 -
127.0.0.1 - - [04/Dec/2023 17:21:51] "[33mGET /static/fonts/Roboto/Roboto-Regular.ttf HTTP/1.1[0m" 404 -
127.0.0.1 - - [04/Dec/2023 17:21:51] "[33mGET /static/fonts/Roboto/Roboto-Light.woff HTTP/1.1[0m" 404 -
127.0.0.1 - - [04/Dec/2023 17:21:51] "[33mGET /static/fonts/Roboto/Roboto-Bold.ttf HTTP/1.1[0m" 404 -
127.0.0.1 - - [04/Dec/2023 17:21:51] "[36mGET /static/js/settings.js HTTP/1.1[0m" 304 -
127.0.0.1 - - [04/Dec/2023 17:21:51] "[36mGET /static/js/todolist.js HTTP/1.1[0m" 304 -
127.0.0.1 - - [04/Dec/2023 17:21:51] "[36mGET /static/css/maps/vertical-layout-light/style.css.map HTTP/1.1[0m" 304 -
127.0.0.1 - - [04/Dec/2023 17:21:51] "[36mGET /static/vendors/chart.js/Chart.min.js HTTP/1.1[0m" 304 -
127.0.0.1 - - [04/Dec/2023 17:21:51] "[36mGET /static/vendors/progressbar.js/progressbar.min.js HTTP/1.1[0m" 304 -
127.0.0.1 - - [04/Dec/2023 17:21:52] "[33mGET /static/fonts/Roboto/Roboto-Light.ttf HTTP/1.1[0m" 404 -
127.0.0.1 - - [04/Dec/2023 17:21:52] "[36mGET /static/vendors/js/bootstrap.min.js.map HTTP/1.1[0m" 304 -
127.0.0.1 - - [04/Dec/2023 17:21:52] "[36mGET /static/vendors/progressbar.js/progressbar.min.js.map HTTP/1.1[0m" 304 -
127.0.0.1 - - [04/Dec/2023 17:21:52] "[36mGET /static/images/enia.png HTTP/1.1[0m" 304 -
127.0.0.1 - - [04/Dec/2023 17:22:06] "GET /aggiungiSensore HTTP/1.1" 200 -
127.0.0.1 - - [04/Dec/2023 17:22:06] "[36mGET /static/vendors/typicons.font/font/typicons.css HTTP/1.1[0m" 304 -
127.0.0.1 - - [04/Dec/2023 17:22:06] "[36mGET /static/vendors/css/vendor.bundle.base.css HTTP/1.1[0m" 304 -
127.0.0.1 - - [04/Dec/2023 17:22:06] "[36mGET /static/css/nuovo_sensore.css HTTP/1.1[0m" 304 -
127.0.0.1 - - [04/Dec/2023 17:22:06] "[36mGET /static/css/vertical-layout-light/style.css HTTP/1.1[0m" 304 -
127.0.0.1 - - [04/Dec/2023 17:22:06] "[36mGET /static/images/enia.png HTTP/1.1[0m" 304 -
127.0.0.1 - - [04/Dec/2023 17:22:06] "[36mGET /static/vendors/typicons.font/font/typicons.woff HTTP/1.1[0m" 304 -
127.0.0.1 - - [04/Dec/2023 17:22:07] "[36mGET /static/js/off-canvas.js HTTP/1.1[0m" 304 -
127.0.0.1 - - [04/Dec/2023 17:22:07] "[36mGET /static/js/hoverable-collapse.js HTTP/1.1[0m" 304 -
127.0.0.1 - - [04/Dec/2023 17:22:07] "[33mGET /static/fonts/Roboto/Roboto-Regular.woff2 HTTP/1.1[0m" 404 -
127.0.0.1 - - [04/Dec/2023 17:22:07] "[36mGET /static/vendors/js/vendor.bundle.base.js HTTP/1.1[0m" 304 -
127.0.0.1 - - [04/Dec/2023 17:22:07] "[36mGET /static/js/todolist.js HTTP/1.1[0m" 304 -
127.0.0.1 - - [04/Dec/2023 17:22:07] "[36mGET /static/js/template.js HTTP/1.1[0m" 304 -
127.0.0.1 - - [04/Dec/2023 17:22:07] "[36mGET /static/js/settings.js HTTP/1.1[0m" 304 -
127.0.0.1 - - [04/Dec/2023 17:22:07] "[36mGET /static/vendors/progressbar.js/progressbar.min.js HTTP/1.1[0m" 304 -
127.0.0.1 - - [04/Dec/2023 17:22:07] "[36mGET /static/vendors/chart.js/Chart.min.js HTTP/1.1[0m" 304 -
127.0.0.1 - - [04/Dec/2023 17:22:07] "[36mGET /static/css/maps/vertical-layout-light/style.css.map HTTP/1.1[0m" 304 -
127.0.0.1 - - [04/Dec/2023 17:22:08] "[36mGET /static/vendors/js/bootstrap.min.js.map HTTP/1.1[0m" 304 -
127.0.0.1 - - [04/Dec/2023 17:22:08] "[36mGET /static/vendors/progressbar.js/progressbar.min.js.map HTTP/1.1[0m" 304 -
127.0.0.1 - - [04/Dec/2023 17:22:08] "[33mGET /static/fonts/Roboto/Roboto-Bold.woff2 HTTP/1.1[0m" 404 -
127.0.0.1 - - [04/Dec/2023 17:22:08] "[33mGET /static/fonts/Roboto/Roboto-Light.woff2 HTTP/1.1[0m" 404 -
127.0.0.1 - - [04/Dec/2023 17:22:08] "[33mGET /static/fonts/Roboto/Roboto-Regular.woff HTTP/1.1[0m" 404 -
127.0.0.1 - - [04/Dec/2023 17:22:08] "[33mGET /static/fonts/Roboto/Roboto-Bold.woff HTTP/1.1[0m" 404 -
127.0.0.1 - - [04/Dec/2023 17:22:08] "[33mGET /static/fonts/Roboto/Roboto-Light.woff HTTP/1.1[0m" 404 -
127.0.0.1 - - [04/Dec/2023 17:22:08] "[33mGET /static/fonts/Roboto/Roboto-Regular.ttf HTTP/1.1[0m" 404 -
127.0.0.1 - - [04/Dec/2023 17:22:09] "[33mGET /static/fonts/Roboto/Roboto-Bold.ttf HTTP/1.1[0m" 404 -
127.0.0.1 - - [04/Dec/2023 17:22:09] "[33mGET /static/fonts/Roboto/Roboto-Light.ttf HTTP/1.1[0m" 404 -
127.0.0.1 - - [04/Dec/2023 17:22:09] "GET /static/images/Sensor_ico.png HTTP/1.1" 200 -
127.0.0.1 - - [04/Dec/2023 17:22:09] "[36mGET /static/images/enia.png HTTP/1.1[0m" 304 -
127.0.0.1 - - [04/Dec/2023 17:22:13] "[36mGET /static/images/Sensor_ico.png HTTP/1.1[0m" 304 -
127.0.0.1 - - [04/Dec/2023 17:22:20] "GET /listaSensori HTTP/1.1" 200 -
127.0.0.1 - - [04/Dec/2023 17:22:20] "[36mGET /static/vendors/typicons.font/font/typicons.css HTTP/1.1[0m" 304 -
127.0.0.1 - - [04/Dec/2023 17:22:20] "[36mGET /static/vendors/css/vendor.bundle.base.css HTTP/1.1[0m" 304 -
127.0.0.1 - - [04/Dec/2023 17:22:20] "[36mGET /static/css/vertical-layout-light/style.css HTTP/1.1[0m" 304 -
127.0.0.1 - - [04/Dec/2023 17:22:20] "[36mGET /static/images/enia.png HTTP/1.1[0m" 304 -
127.0.0.1 - - [04/Dec/2023 17:22:20] "[36mGET /static/vendors/typicons.font/font/typicons.woff HTTP/1.1[0m" 304 -
127.0.0.1 - - [04/Dec/2023 17:22:21] "[33mGET /static/fonts/Roboto/Roboto-Bold.woff2 HTTP/1.1[0m" 404 -
127.0.0.1 - - [04/Dec/2023 17:22:21] "[33mGET /static/fonts/Roboto/Roboto-Regular.woff2 HTTP/1.1[0m" 404 -
127.0.0.1 - - [04/Dec/2023 17:22:21] "[36mGET /static/vendors/js/vendor.bundle.base.js HTTP/1.1[0m" 304 -
127.0.0.1 - - [04/Dec/2023 17:22:21] "[33mGET /static/fonts/Roboto/Roboto-Light.woff2 HTTP/1.1[0m" 404 -
127.0.0.1 - - [04/Dec/2023 17:22:21] "[33mGET /static/fonts/Roboto/Roboto-Regular.woff HTTP/1.1[0m" 404 -
127.0.0.1 - - [04/Dec/2023 17:22:21] "[33mGET /static/fonts/Roboto/Roboto-Bold.woff HTTP/1.1[0m" 404 -
127.0.0.1 - - [04/Dec/2023 17:22:21] "[33mGET /static/fonts/Roboto/Roboto-Light.woff HTTP/1.1[0m" 404 -
127.0.0.1 - - [04/Dec/2023 17:22:21] "[33mGET /static/fonts/Roboto/Roboto-Regular.ttf HTTP/1.1[0m" 404 -
127.0.0.1 - - [04/Dec/2023 17:22:21] "[36mGET /static/js/off-canvas.js HTTP/1.1[0m" 304 -
127.0.0.1 - - [04/Dec/2023 17:22:21] "[36mGET /static/js/hoverable-collapse.js HTTP/1.1[0m" 304 -
127.0.0.1 - - [04/Dec/2023 17:22:21] "[36mGET /static/js/template.js HTTP/1.1[0m" 304 -
127.0.0.1 - - [04/Dec/2023 17:22:21] "[33mGET /static/fonts/Roboto/Roboto-Bold.ttf HTTP/1.1[0m" 404 -
127.0.0.1 - - [04/Dec/2023 17:22:21] "[36mGET /static/js/settings.js HTTP/1.1[0m" 304 -
127.0.0.1 - - [04/Dec/2023 17:22:21] "[36mGET /static/js/todolist.js HTTP/1.1[0m" 304 -
127.0.0.1 - - [04/Dec/2023 17:22:21] "[33mGET /static/fonts/Roboto/Roboto-Light.ttf HTTP/1.1[0m" 404 -
127.0.0.1 - - [04/Dec/2023 17:22:21] "[36mGET /static/vendors/progressbar.js/progressbar.min.js HTTP/1.1[0m" 304 -
127.0.0.1 - - [04/Dec/2023 17:22:21] "[36mGET /static/vendors/chart.js/Chart.min.js HTTP/1.1[0m" 304 -
127.0.0.1 - - [04/Dec/2023 17:26:54] "GET /listaSensori HTTP/1.1" 200 -
127.0.0.1 - - [04/Dec/2023 17:26:54] "[36mGET /static/vendors/typicons.font/font/typicons.css HTTP/1.1[0m" 304 -
127.0.0.1 - - [04/Dec/2023 17:26:54] "[36mGET /static/vendors/css/vendor.bundle.base.css HTTP/1.1[0m" 304 -
127.0.0.1 - - [04/Dec/2023 17:26:55] "[36mGET /static/images/enia.png HTTP/1.1[0m" 304 -
127.0.0.1 - - [04/Dec/2023 17:26:55] "[36mGET /static/vendors/js/vendor.bundle.base.js HTTP/1.1[0m" 304 -
127.0.0.1 - - [04/Dec/2023 17:26:55] "[36mGET /static/css/vertical-layout-light/style.css HTTP/1.1[0m" 304 -
127.0.0.1 - - [04/Dec/2023 17:26:55] "[36mGET /static/vendors/typicons.font/font/typicons.woff HTTP/1.1[0m" 304 -
127.0.0.1 - - [04/Dec/2023 17:26:55] "[36mGET /static/js/hoverable-collapse.js HTTP/1.1[0m" 304 -
127.0.0.1 - - [04/Dec/2023 17:26:55] "[36mGET /static/js/off-canvas.js HTTP/1.1[0m" 304 -
127.0.0.1 - - [04/Dec/2023 17:26:55] "[36mGET /static/js/template.js HTTP/1.1[0m" 304 -
127.0.0.1 - - [04/Dec/2023 17:26:55] "[36mGET /static/js/settings.js HTTP/1.1[0m" 304 -
127.0.0.1 - - [04/Dec/2023 17:26:55] "[36mGET /static/js/todolist.js HTTP/1.1[0m" 304 -
127.0.0.1 - - [04/Dec/2023 17:26:55] "[36mGET /static/vendors/progressbar.js/progressbar.min.js HTTP/1.1[0m" 304 -
127.0.0.1 - - [04/Dec/2023 17:26:56] "[36mGET /static/vendors/chart.js/Chart.min.js HTTP/1.1[0m" 304 -
127.0.0.1 - - [04/Dec/2023 17:26:56] "[33mGET /static/fonts/Roboto/Roboto-Bold.woff2 HTTP/1.1[0m" 404 -
127.0.0.1 - - [04/Dec/2023 17:26:56] "[33mGET /static/fonts/Roboto/Roboto-Light.woff2 HTTP/1.1[0m" 404 -
127.0.0.1 - - [04/Dec/2023 17:26:56] "[33mGET /static/fonts/Roboto/Roboto-Regular.woff2 HTTP/1.1[0m" 404 -
127.0.0.1 - - [04/Dec/2023 17:26:56] "[33mGET /static/fonts/Roboto/Roboto-Bold.woff HTTP/1.1[0m" 404 -
127.0.0.1 - - [04/Dec/2023 17:26:56] "[33mGET /static/fonts/Roboto/Roboto-Light.woff HTTP/1.1[0m" 404 -
127.0.0.1 - - [04/Dec/2023 17:26:56] "[33mGET /static/fonts/Roboto/Roboto-Regular.woff HTTP/1.1[0m" 404 -
127.0.0.1 - - [04/Dec/2023 17:26:56] "[33mGET /static/fonts/Roboto/Roboto-Bold.ttf HTTP/1.1[0m" 404 -
127.0.0.1 - - [04/Dec/2023 17:26:56] "[33mGET /static/fonts/Roboto/Roboto-Light.ttf HTTP/1.1[0m" 404 -
127.0.0.1 - - [04/Dec/2023 17:26:57] "[36mGET /static/images/Sensor_ico.png HTTP/1.1[0m" 304 -
127.0.0.1 - - [04/Dec/2023 17:26:57] "[33mGET /static/fonts/Roboto/Roboto-Regular.ttf HTTP/1.1[0m" 404 -
127.0.0.1 - - [04/Dec/2023 17:26:57] "[36mGET /static/images/enia.png HTTP/1.1[0m" 304 -
127.0.0.1 - - [04/Dec/2023 17:28:01] "[33mGET /aggiuntaSensori HTTP/1.1[0m" 404 -
127.0.0.1 - - [04/Dec/2023 17:28:01] "GET /static/css/custom_error.css HTTP/1.1" 200 -
127.0.0.1 - - [04/Dec/2023 17:28:01] "GET /static/images/backToTheHomepage.png HTTP/1.1" 200 -
127.0.0.1 - - [04/Dec/2023 17:28:01] "GET /static/images/Delorean.png HTTP/1.1" 200 -
127.0.0.1 - - [04/Dec/2023 17:28:37] "[33mGET /aggiuntaSensori HTTP/1.1[0m" 404 -
127.0.0.1 - - [04/Dec/2023 17:28:37] "[36mGET /static/css/custom_error.css HTTP/1.1[0m" 304 -
127.0.0.1 - - [04/Dec/2023 17:28:37] "[36mGET /static/images/backToTheHomepage.png HTTP/1.1[0m" 304 -
127.0.0.1 - - [04/Dec/2023 17:28:37] "[36mGET /static/images/Delorean.png HTTP/1.1[0m" 304 -
127.0.0.1 - - [04/Dec/2023 17:28:46] "GET / HTTP/1.1" 200 -
127.0.0.1 - - [04/Dec/2023 17:28:46] "[36mGET /static/css/home.css HTTP/1.1[0m" 304 -
127.0.0.1 - - [04/Dec/2023 17:30:12] "[33mGET /aggiuntaSensori HTTP/1.1[0m" 404 -
127.0.0.1 - - [04/Dec/2023 17:30:12] "[36mGET /static/css/custom_error.css HTTP/1.1[0m" 304 -
127.0.0.1 - - [04/Dec/2023 17:30:12] "[36mGET /static/images/backToTheHomepage.png HTTP/1.1[0m" 304 -
127.0.0.1 - - [04/Dec/2023 17:30:12] "[36mGET /static/images/Delorean.png HTTP/1.1[0m" 304 -
127.0.0.1 - - [04/Dec/2023 17:30:14] "GET /listaSensori HTTP/1.1" 200 -
127.0.0.1 - - [04/Dec/2023 17:30:14] "[36mGET /static/vendors/typicons.font/font/typicons.css HTTP/1.1[0m" 304 -
127.0.0.1 - - [04/Dec/2023 17:30:14] "[36mGET /static/vendors/css/vendor.bundle.base.css HTTP/1.1[0m" 304 -
127.0.0.1 - - [04/Dec/2023 17:30:14] "[36mGET /static/css/vertical-layout-light/style.css HTTP/1.1[0m" 304 -
127.0.0.1 - - [04/Dec/2023 17:30:14] "[36mGET /static/images/enia.png HTTP/1.1[0m" 304 -
127.0.0.1 - - [04/Dec/2023 17:30:14] "[36mGET /static/vendors/js/vendor.bundle.base.js HTTP/1.1[0m" 304 -
127.0.0.1 - - [04/Dec/2023 17:30:14] "[36mGET /static/js/off-canvas.js HTTP/1.1[0m" 304 -
127.0.0.1 - - [04/Dec/2023 17:30:14] "[36mGET /static/js/template.js HTTP/1.1[0m" 304 -
127.0.0.1 - - [04/Dec/2023 17:30:14] "[36mGET /static/js/hoverable-collapse.js HTTP/1.1[0m" 304 -
127.0.0.1 - - [04/Dec/2023 17:30:14] "[36mGET /static/vendors/typicons.font/font/typicons.woff HTTP/1.1[0m" 304 -
127.0.0.1 - - [04/Dec/2023 17:30:14] "[33mGET /static/fonts/Roboto/Roboto-Bold.woff2 HTTP/1.1[0m" 404 -
127.0.0.1 - - [04/Dec/2023 17:30:14] "[33mGET /static/fonts/Roboto/Roboto-Light.woff2 HTTP/1.1[0m" 404 -
127.0.0.1 - - [04/Dec/2023 17:30:14] "[36mGET /static/js/settings.js HTTP/1.1[0m" 304 -
127.0.0.1 - - [04/Dec/2023 17:30:14] "[36mGET /static/js/todolist.js HTTP/1.1[0m" 304 -
127.0.0.1 - - [04/Dec/2023 17:30:14] "[33mGET /static/fonts/Roboto/Roboto-Regular.woff2 HTTP/1.1[0m" 404 -
127.0.0.1 - - [04/Dec/2023 17:30:15] "[33mGET /static/fonts/Roboto/Roboto-Bold.woff HTTP/1.1[0m" 404 -
127.0.0.1 - - [04/Dec/2023 17:30:15] "[36mGET /static/vendors/progressbar.js/progressbar.min.js HTTP/1.1[0m" 304 -
127.0.0.1 - - [04/Dec/2023 17:30:15] "[33mGET /static/fonts/Roboto/Roboto-Light.woff HTTP/1.1[0m" 404 -
127.0.0.1 - - [04/Dec/2023 17:30:15] "[33mGET /static/fonts/Roboto/Roboto-Regular.woff HTTP/1.1[0m" 404 -
127.0.0.1 - - [04/Dec/2023 17:30:15] "[33mGET /static/fonts/Roboto/Roboto-Bold.ttf HTTP/1.1[0m" 404 -
127.0.0.1 - - [04/Dec/2023 17:30:15] "[33mGET /static/fonts/Roboto/Roboto-Light.ttf HTTP/1.1[0m" 404 -
127.0.0.1 - - [04/Dec/2023 17:30:15] "[36mGET /static/vendors/chart.js/Chart.min.js HTTP/1.1[0m" 304 -
127.0.0.1 - - [04/Dec/2023 17:30:15] "[33mGET /static/fonts/Roboto/Roboto-Regular.ttf HTTP/1.1[0m" 404 -
127.0.0.1 - - [04/Dec/2023 17:30:16] "[36mGET /static/images/Sensor_ico.png HTTP/1.1[0m" 304 -
127.0.0.1 - - [04/Dec/2023 17:30:34] "GET /aggiungiSensore HTTP/1.1" 200 -
127.0.0.1 - - [04/Dec/2023 17:30:34] "[36mGET /static/vendors/typicons.font/font/typicons.css HTTP/1.1[0m" 304 -
127.0.0.1 - - [04/Dec/2023 17:30:34] "[36mGET /static/vendors/css/vendor.bundle.base.css HTTP/1.1[0m" 304 -
127.0.0.1 - - [04/Dec/2023 17:30:34] "[36mGET /static/vendors/js/vendor.bundle.base.js HTTP/1.1[0m" 304 -
127.0.0.1 - - [04/Dec/2023 17:30:34] "[36mGET /static/images/enia.png HTTP/1.1[0m" 304 -
127.0.0.1 - - [04/Dec/2023 17:30:34] "[36mGET /static/css/vertical-layout-light/style.css HTTP/1.1[0m" 304 -
127.0.0.1 - - [04/Dec/2023 17:30:34] "[36mGET /static/css/nuovo_sensore.css HTTP/1.1[0m" 304 -
127.0.0.1 - - [04/Dec/2023 17:30:34] "[36mGET /static/vendors/typicons.font/font/typicons.woff HTTP/1.1[0m" 304 -
127.0.0.1 - - [04/Dec/2023 17:30:34] "[36mGET /static/js/hoverable-collapse.js HTTP/1.1[0m" 304 -
127.0.0.1 - - [04/Dec/2023 17:30:34] "[36mGET /static/js/off-canvas.js HTTP/1.1[0m" 304 -
127.0.0.1 - - [04/Dec/2023 17:30:34] "[33mGET /static/fonts/Roboto/Roboto-Bold.woff2 HTTP/1.1[0m" 404 -
127.0.0.1 - - [04/Dec/2023 17:30:34] "[33mGET /static/fonts/Roboto/Roboto-Light.woff2 HTTP/1.1[0m" 404 -
127.0.0.1 - - [04/Dec/2023 17:30:34] "[33mGET /static/fonts/Roboto/Roboto-Regular.woff2 HTTP/1.1[0m" 404 -
127.0.0.1 - - [04/Dec/2023 17:30:35] "[33mGET /static/fonts/Roboto/Roboto-Bold.woff HTTP/1.1[0m" 404 -
127.0.0.1 - - [04/Dec/2023 17:30:35] "[33mGET /static/fonts/Roboto/Roboto-Light.woff HTTP/1.1[0m" 404 -
127.0.0.1 - - [04/Dec/2023 17:30:35] "[33mGET /static/fonts/Roboto/Roboto-Regular.woff HTTP/1.1[0m" 404 -
127.0.0.1 - - [04/Dec/2023 17:30:35] "[36mGET /static/js/template.js HTTP/1.1[0m" 304 -
127.0.0.1 - - [04/Dec/2023 17:30:35] "[36mGET /static/js/settings.js HTTP/1.1[0m" 304 -
127.0.0.1 - - [04/Dec/2023 17:30:35] "[33mGET /static/fonts/Roboto/Roboto-Bold.ttf HTTP/1.1[0m" 404 -
127.0.0.1 - - [04/Dec/2023 17:30:35] "[33mGET /static/fonts/Roboto/Roboto-Light.ttf HTTP/1.1[0m" 404 -
127.0.0.1 - - [04/Dec/2023 17:30:35] "[36mGET /static/js/todolist.js HTTP/1.1[0m" 304 -
127.0.0.1 - - [04/Dec/2023 17:30:35] "[36mGET /static/vendors/progressbar.js/progressbar.min.js HTTP/1.1[0m" 304 -
127.0.0.1 - - [04/Dec/2023 17:30:35] "[36mGET /static/vendors/chart.js/Chart.min.js HTTP/1.1[0m" 304 -
127.0.0.1 - - [04/Dec/2023 17:30:35] "[33mGET /static/fonts/Roboto/Roboto-Regular.ttf HTTP/1.1[0m" 404 -
 * Detected change in 'c:\\Users\\gerar\\Clone git\\Tirocinio\\Tirocinio\\src\\main_route.py', reloading
 * Restarting with stat
 * Debugger is active!
 * Debugger PIN: 523-329-823
[31m[1mWARNING: This is a development server. Do not use it in a production deployment. Use a production WSGI server instead.[0m
 * Running on http://localhost:5000
[33mPress CTRL+C to quit[0m
 * Restarting with watchdog (windowsapi)
 * Debugger is active!
 * Debugger PIN: 973-937-000
127.0.0.1 - - [17/Jun/2024 10:54:55] "GET / HTTP/1.1" 200 -
127.0.0.1 - - [17/Jun/2024 10:54:55] "GET /static/images/Inte_sito.png HTTP/1.1" 200 -
127.0.0.1 - - [17/Jun/2024 10:54:56] "GET /static/images/demo.png HTTP/1.1" 200 -
127.0.0.1 - - [17/Jun/2024 10:54:56] "[33mGET /cdn-cgi/scripts/5c5dd728/cloudflare-static/email-decode.min.js HTTP/1.1[0m" 404 -
127.0.0.1 - - [17/Jun/2024 10:54:59] "GET /static/images/Logo_32.png HTTP/1.1" 200 -
127.0.0.1 - - [17/Jun/2024 10:55:15] "GET /login HTTP/1.1" 200 -
127.0.0.1 - - [17/Jun/2024 10:55:15] "GET /static/css/auth.css HTTP/1.1" 200 -
127.0.0.1 - - [17/Jun/2024 10:55:15] "GET /static/javascript/auth.js HTTP/1.1" 200 -
127.0.0.1 - - [17/Jun/2024 10:55:15] "[33mGET /static/images/top.ico HTTP/1.1[0m" 404 -
127.0.0.1 - - [17/Jun/2024 10:55:59] "[35m[1mPOST /login HTTP/1.1[0m" 500 -
127.0.0.1 - - [17/Jun/2024 10:55:59] "GET /login?__debugger__=yes&cmd=resource&f=style.css HTTP/1.1" 200 -
127.0.0.1 - - [17/Jun/2024 10:55:59] "GET /login?__debugger__=yes&cmd=resource&f=debugger.js HTTP/1.1" 200 -
127.0.0.1 - - [17/Jun/2024 10:55:59] "GET /login?__debugger__=yes&cmd=resource&f=console.png HTTP/1.1" 200 -
127.0.0.1 - - [17/Jun/2024 10:55:59] "[36mGET /login?__debugger__=yes&cmd=resource&f=console.png HTTP/1.1[0m" 304 -
 * Detected change in 'c:\\Users\\Gerardo\\Documents\\GitHub\\MeteoAnalytics\\Tirocinio\\src\\dbConnection.py', reloading
 * Detected change in 'c:\\Users\\Gerardo\\Documents\\GitHub\\MeteoAnalytics\\Tirocinio\\src\\dbConnection.py', reloading
 * Restarting with watchdog (windowsapi)
 * Debugger is active!
 * Debugger PIN: 973-937-000
 * Detected change in 'c:\\Users\\Gerardo\\Documents\\GitHub\\MeteoAnalytics\\Tirocinio\\src\\load_DB\\main_load.py', reloading
 * Detected change in 'c:\\Users\\Gerardo\\Documents\\GitHub\\MeteoAnalytics\\Tirocinio\\src\\load_DB\\main_load.py', reloading
 * Restarting with watchdog (windowsapi)
 * Debugger is active!
 * Debugger PIN: 973-937-000
 * Detected change in 'c:\\Users\\Gerardo\\Documents\\GitHub\\MeteoAnalytics\\Tirocinio\\load_data.py', reloading
 * Detected change in 'c:\\Users\\Gerardo\\Documents\\GitHub\\MeteoAnalytics\\Tirocinio\\load_data.py', reloading
 * Restarting with watchdog (windowsapi)
 * Debugger is active!
 * Debugger PIN: 973-937-000
 * Detected change in 'C:\\Python311\\Lib\\json\\__init__.py', reloading
 * Restarting with watchdog (windowsapi)
 * Debugger is active!
 * Debugger PIN: 973-937-000
 * Detected change in 'c:\\Users\\Gerardo\\Documents\\GitHub\\MeteoAnalytics\\Tirocinio\\load_data.py', reloading
 * Detected change in 'c:\\Users\\Gerardo\\Documents\\GitHub\\MeteoAnalytics\\Tirocinio\\load_data.py', reloading
 * Detected change in 'c:\\Users\\Gerardo\\Documents\\GitHub\\MeteoAnalytics\\Tirocinio\\load_data.py', reloading
 * Restarting with watchdog (windowsapi)
 * Debugger is active!
 * Debugger PIN: 973-937-000
 * Detected change in 'c:\\Users\\Gerardo\\Documents\\GitHub\\MeteoAnalytics\\Tirocinio\\load_data.py', reloading
 * Detected change in 'c:\\Users\\Gerardo\\Documents\\GitHub\\MeteoAnalytics\\Tirocinio\\load_data.py', reloading
 * Detected change in 'c:\\Users\\Gerardo\\Documents\\GitHub\\MeteoAnalytics\\Tirocinio\\load_data.py', reloading
 * Restarting with watchdog (windowsapi)
 * Debugger is active!
 * Debugger PIN: 973-937-000
 * Detected change in 'c:\\Users\\Gerardo\\Documents\\GitHub\\MeteoAnalytics\\Tirocinio\\load_data.py', reloading
 * Detected change in 'c:\\Users\\Gerardo\\Documents\\GitHub\\MeteoAnalytics\\Tirocinio\\load_data.py', reloading
 * Detected change in 'c:\\Users\\Gerardo\\Documents\\GitHub\\MeteoAnalytics\\Tirocinio\\load_data.py', reloading
 * Restarting with watchdog (windowsapi)
 * Debugger is active!
 * Debugger PIN: 973-937-000
[31m[1mWARNING: This is a development server. Do not use it in a production deployment. Use a production WSGI server instead.[0m
 * Running on http://localhost:5000
[33mPress CTRL+C to quit[0m
 * Restarting with watchdog (windowsapi)
 * Debugger is active!
 * Debugger PIN: 973-937-000
127.0.0.1 - - [25/Jun/2024 16:38:41] "GET / HTTP/1.1" 200 -
127.0.0.1 - - [25/Jun/2024 16:38:41] "GET /static/images/Inte_sito.png HTTP/1.1" 200 -
127.0.0.1 - - [25/Jun/2024 16:38:41] "GET /static/images/demo.png HTTP/1.1" 200 -
127.0.0.1 - - [25/Jun/2024 16:38:41] "[33mGET /cdn-cgi/scripts/5c5dd728/cloudflare-static/email-decode.min.js HTTP/1.1[0m" 404 -
127.0.0.1 - - [25/Jun/2024 16:38:44] "GET /static/images/Logo_32.png HTTP/1.1" 200 -
 * Detected change in 'c:\\Users\\Gerardo\\Documents\\GitHub\\MeteoAnalytics\\Tirocinio\\src\\__init__.py', reloading
 * Detected change in 'c:\\Users\\Gerardo\\Documents\\GitHub\\MeteoAnalytics\\Tirocinio\\src\\__init__.py', reloading
 * Detected change in 'c:\\Users\\Gerardo\\Documents\\GitHub\\MeteoAnalytics\\Tirocinio\\src\\__init__.py', reloading
 * Restarting with watchdog (windowsapi)
[31m[1mWARNING: This is a development server. Do not use it in a production deployment. Use a production WSGI server instead.[0m
 * Running on http://localhost:5000
[33mPress CTRL+C to quit[0m
 * Restarting with watchdog (windowsapi)
 * Debugger is active!
 * Debugger PIN: 973-937-000
127.0.0.1 - - [25/Jun/2024 16:57:32] "GET / HTTP/1.1" 200 -
127.0.0.1 - - [25/Jun/2024 16:57:33] "[36mGET /static/images/Inte_sito.png HTTP/1.1[0m" 304 -
127.0.0.1 - - [25/Jun/2024 16:57:33] "[36mGET /static/images/demo.png HTTP/1.1[0m" 304 -
127.0.0.1 - - [25/Jun/2024 16:57:33] "[33mGET /cdn-cgi/scripts/5c5dd728/cloudflare-static/email-decode.min.js HTTP/1.1[0m" 404 -
 * Detected change in 'C:\\Python311\\Lib\\functools.py', reloading
 * Restarting with watchdog (windowsapi)
 * Debugger is active!
 * Debugger PIN: 973-937-000
 * Detected change in 'c:\\Users\\Gerardo\\Documents\\GitHub\\MeteoAnalytics\\Tirocinio\\src\\__init__.py', reloading
 * Detected change in 'c:\\Users\\Gerardo\\Documents\\GitHub\\MeteoAnalytics\\Tirocinio\\src\\__init__.py', reloading
 * Detected change in 'c:\\Users\\Gerardo\\Documents\\GitHub\\MeteoAnalytics\\Tirocinio\\src\\__init__.py', reloading
 * Restarting with watchdog (windowsapi)
 * Debugger is active!
 * Debugger PIN: 973-937-000
